Component: ARM Compiler 5.06 update 7 (build 960) Tool: armlink [4d3601]

==============================================================================

Section Cross References

    startup_hc32f40_41xxx.o(RESET) refers to startup_hc32f40_41xxx.o(STACK) for __initial_sp
    startup_hc32f40_41xxx.o(RESET) refers to startup_hc32f40_41xxx.o(.text) for Reset_Handler
    startup_hc32f40_41xxx.o(RESET) refers to hc32f4xx_it.o(i.NMI_Handler) for NMI_Handler
    startup_hc32f40_41xxx.o(RESET) refers to hc32f4xx_it.o(i.HardFault_Handler) for HardFault_Handler
    startup_hc32f40_41xxx.o(RESET) refers to hc32f4xx_it.o(i.MemManage_Handler) for MemManage_Handler
    startup_hc32f40_41xxx.o(RESET) refers to hc32f4xx_it.o(i.BusFault_Handler) for BusFault_Handler
    startup_hc32f40_41xxx.o(RESET) refers to hc32f4xx_it.o(i.UsageFault_Handler) for UsageFault_Handler
    startup_hc32f40_41xxx.o(RESET) refers to hc32f4xx_it.o(i.SVC_Handler) for SVC_Handler
    startup_hc32f40_41xxx.o(RESET) refers to hc32f4xx_it.o(i.DebugMon_Handler) for DebugMon_Handler
    startup_hc32f40_41xxx.o(RESET) refers to hc32f4xx_it.o(i.PendSV_Handler) for PendSV_Handler
    startup_hc32f40_41xxx.o(RESET) refers to hc32f4xx_it.o(i.SysTick_Handler) for SysTick_Handler
    startup_hc32f40_41xxx.o(RESET) refers to bsp_exti.o(i.EXTI1_IRQHandler) for EXTI1_IRQHandler
    startup_hc32f40_41xxx.o(RESET) refers to bsp_adc.o(i.ADC_IRQHandler) for ADC_IRQHandler
    startup_hc32f40_41xxx.o(RESET) refers to bsp_timer.o(i.TIM2_IRQHandler) for TIM2_IRQHandler
    startup_hc32f40_41xxx.o(.text) refers to system_hc32f4xx.o(i.SystemInit) for SystemInit
    startup_hc32f40_41xxx.o(.text) refers to entry.o(.ARM.Collect$$$$00000000) for __main
    hc32f4xx_adc.o(i.ADC_DeInit) refers to hc32f4xx_rcc.o(i.RCC_APB2PeriphResetCmd) for RCC_APB2PeriphResetCmd
    hc32f4xx_canfd.o(i.CAN_CopyRAMToRxMessage) refers to memcpya.o(.text) for __aeabi_memcpy
    hc32f4xx_canfd.o(i.CAN_CopyTxMessageToRAM) refers to memcpya.o(.text) for __aeabi_memcpy4
    hc32f4xx_canfd.o(i.CAN_DeInit) refers to hc32f4xx_rcc.o(i.RCC_APB1PeriphResetCmd) for RCC_APB1PeriphResetCmd
    hc32f4xx_dac.o(i.DAC_DeInit) refers to hc32f4xx_rcc.o(i.RCC_APB1PeriphResetCmd) for RCC_APB1PeriphResetCmd
    hc32f4xx_fda.o(i.FDA_DeInit) refers to hc32f4xx_rcc.o(i.RCC_APB2PeriphClockCmd) for RCC_APB2PeriphClockCmd
    hc32f4xx_fda.o(i.FDA_GetCalibrateCompleteStatus) refers to hc32f4xx_fda.o(.data) for .data
    hc32f4xx_flash.o(i.FLASH_EraseAllSectors) refers to hc32f4xx_flash.o(i.FLASH_WaitForLastOperation) for FLASH_WaitForLastOperation
    hc32f4xx_flash.o(i.FLASH_EraseSector) refers to hc32f4xx_flash.o(i.FLASH_WaitForLastOperation) for FLASH_WaitForLastOperation
    hc32f4xx_flash.o(i.FLASH_OB_EOPBConfig) refers to hc32f4xx_flash.o(i.FLASH_WaitForLastOperation) for FLASH_WaitForLastOperation
    hc32f4xx_flash.o(i.FLASH_OB_Launch) refers to hc32f4xx_flash.o(i.FLASH_WaitForLastOperation) for FLASH_WaitForLastOperation
    hc32f4xx_flash.o(i.FLASH_OB_RDPConfig) refers to hc32f4xx_flash.o(i.FLASH_WaitForLastOperation) for FLASH_WaitForLastOperation
    hc32f4xx_flash.o(i.FLASH_OB_UserConfig) refers to hc32f4xx_flash.o(i.FLASH_WaitForLastOperation) for FLASH_WaitForLastOperation
    hc32f4xx_flash.o(i.FLASH_OB_WRP1_AddressConfig) refers to hc32f4xx_flash.o(i.FLASH_WaitForLastOperation) for FLASH_WaitForLastOperation
    hc32f4xx_flash.o(i.FLASH_OB_WRP2_AddressConfig) refers to hc32f4xx_flash.o(i.FLASH_WaitForLastOperation) for FLASH_WaitForLastOperation
    hc32f4xx_flash.o(i.FLASH_OB_WRPConfig) refers to hc32f4xx_flash.o(i.FLASH_WaitForLastOperation) for FLASH_WaitForLastOperation
    hc32f4xx_flash.o(i.FLASH_ProgramByte) refers to hc32f4xx_flash.o(i.FLASH_WaitForLastOperation) for FLASH_WaitForLastOperation
    hc32f4xx_flash.o(i.FLASH_ProgramHalfWord) refers to hc32f4xx_flash.o(i.FLASH_WaitForLastOperation) for FLASH_WaitForLastOperation
    hc32f4xx_flash.o(i.FLASH_ProgramWord) refers to hc32f4xx_flash.o(i.FLASH_WaitForLastOperation) for FLASH_WaitForLastOperation
    hc32f4xx_flash.o(i.FLASH_WaitForLastOperation) refers to hc32f4xx_flash.o(i.FLASH_GetStatus) for FLASH_GetStatus
    hc32f4xx_gpio.o(i.GPIO_DeInit) refers to hc32f4xx_rcc.o(i.RCC_AHB1PeriphResetCmd) for RCC_AHB1PeriphResetCmd
    hc32f4xx_i2c.o(i.I2C_DeInit) refers to hc32f4xx_rcc.o(i.RCC_APB1PeriphResetCmd) for RCC_APB1PeriphResetCmd
    hc32f4xx_i2s.o(i.I2S_DeInit) refers to hc32f4xx_rcc.o(i.RCC_APB1PeriphResetCmd) for RCC_APB1PeriphResetCmd
    hc32f4xx_mou.o(i.Clear_Matrix) refers to memseta.o(.text) for __aeabi_memclr4
    hc32f4xx_mou.o(i.MOU_DeInit) refers to hc32f4xx_rcc.o(i.RCC_AHB2PeriphResetCmd) for RCC_AHB2PeriphResetCmd
    hc32f4xx_mou.o(i.MOU_DeInit) refers to hc32f4xx_rcc.o(i.RCC_AHB2PeriphClockCmd) for RCC_AHB2PeriphClockCmd
    hc32f4xx_pwr.o(i.PWR_DeInit) refers to hc32f4xx_rcc.o(i.RCC_APB1PeriphResetCmd) for RCC_APB1PeriphResetCmd
    hc32f4xx_rcc.o(i.RCC_GetClocksFreq) refers to hc32f4xx_rcc.o(.data) for .data
[...]
    printfa.o(i.__0vprintf) refers (Special) to iusefp.o(.text) for __I$use$fp
    printfa.o(i.__0vprintf) refers to printfa.o(i._printf_core) for _printf_core
    printfa.o(i.__0vprintf) refers to bsp_printf.o(i.fputc) for fputc
    printfa.o(i.__0vprintf) refers to stdout.o(.data) for __stdout
    printfa.o(i.__0vsnprintf) refers (Special) to iusefp.o(.text) for __I$use$fp
    printfa.o(i.__0vsnprintf) refers to printfa.o(i._printf_core) for _printf_core
    printfa.o(i.__0vsnprintf) refers to printfa.o(i._snputc) for _snputc
    printfa.o(i.__0vsprintf) refers (Special) to iusefp.o(.text) for __I$use$fp
    printfa.o(i.__0vsprintf) refers to printfa.o(i._printf_core) for _printf_core
    printfa.o(i.__0vsprintf) refers to printfa.o(i._sputc) for _sputc
    printfa.o(i._fp_digits) refers (Special) to iusefp.o(.text) for __I$use$fp
    printfa.o(i._fp_digits) refers to dmul.o(.text) for __aeabi_dmul
    printfa.o(i._fp_digits) refers to ddiv.o(.text) for __aeabi_ddiv
    printfa.o(i._fp_digits) refers to cdrcmple.o(.text) for __aeabi_cdrcmple
    printfa.o(i._fp_digits) refers to dadd.o(.text) for __aeabi_dadd
    printfa.o(i._fp_digits) refers to dfixul.o(.text) for __aeabi_d2ulz
    printfa.o(i._fp_digits) refers to uldiv.o(.text) for __aeabi_uldivmod
    printfa.o(i._printf_core) refers (Special) to iusefp.o(.text) for __I$use$fp
    printfa.o(i._printf_core) refers to printfa.o(i._printf_pre_padding) for _printf_pre_padding
    printfa.o(i._printf_core) refers to uldiv.o(.text) for __aeabi_uldivmod
    printfa.o(i._printf_core) refers to printfa.o(i._printf_post_padding) for _printf_post_padding
    printfa.o(i._printf_core) refers to printfa.o(i._fp_digits) for _fp_digits
    printfa.o(i._printf_core) refers to uidiv.o(.text) for __aeabi_uidivmod
    printfa.o(i._printf_post_padding) refers (Special) to iusefp.o(.text) for __I$use$fp
    printfa.o(i._printf_pre_padding) refers (Special) to iusefp.o(.text) for __I$use$fp
    printfa.o(i._snputc) refers (Special) to iusefp.o(.text) for __I$use$fp
    printfa.o(i._sputc) refers (Special) to iusefp.o(.text) for __I$use$fp
    entry2.o(.ARM.Collect$$$$00000001) refers to entry2.o(.ARM.Collect$$$$00002712) for __lit__00000000
    entry2.o(.ARM.Collect$$$$00002712) refers to startup_hc32f40_41xxx.o(STACK) for __initial_sp
    entry2.o(__vectab_stack_and_reset_area) refers to startup_hc32f40_41xxx.o(STACK) for __initial_sp
    entry2.o(__vectab_stack_and_reset_area) refers to entry.o(.ARM.Collect$$$$00000000) for __main
    entry5.o(.ARM.Collect$$$$00000004) refers to init.o(.text) for __scatterload
    entry9a.o(.ARM.Collect$$$$0000000B) refers to main.o(i.main) for main
    entry9b.o(.ARM.Collect$$$$0000000C) refers to main.o(i.main) for main
    uldiv.o(.text) refers to llushr.o(.text) for __aeabi_llsr
    uldiv.o(.text) refers to llshl.o(.text) for __aeabi_llsl
    dadd.o(.text) refers to llshl.o(.text) for __aeabi_llsl
    dadd.o(.text) refers to llsshr.o(.text) for __aeabi_lasr
    dadd.o(.text) refers to depilogue.o(.text) for _double_epilogue
    dmul.o(.text) refers to depilogue.o(.text) for _double_epilogue
    ddiv.o(.text) refers to depilogue.o(.text) for _double_round
    dfixul.o(.text) refers to llushr.o(.text) for __aeabi_llsr
    dfixul.o(.text) refers to llshl.o(.text) for __aeabi_llsl
    init.o(.text) refers to entry5.o(.ARM.Collect$$$$00000004) for __main_after_scatterload
    depilogue.o(.text) refers to llshl.o(.text) for __aeabi_llsl
    depilogue.o(.text) refers to llushr.o(.text) for __aeabi_llsr


==============================================================================

Removing Unused input sections from the image.

    Removing startup_hc32f40_41xxx.o(HEAP), (1024 bytes).
    Removing system_hc32f4xx.o(.rev16_text), (4 bytes).
    Removing system_hc32f4xx.o(.revsh_text), (4 bytes).
    Removing system_hc32f4xx.o(.rrx_text), (6 bytes).
    Removing system_hc32f4xx.o(.data), (4 bytes).
    Removing hc32f4xx_adc.o(.rev16_text), (4 bytes).
    Removing hc32f4xx_adc.o(.revsh_text), (4 bytes).
    Removing hc32f4xx_adc.o(.rrx_text), (6 bytes).
    Removing hc32f4xx_adc.o(i.ADC_AnalogWatchdog0Cmd), (20 bytes).
    Removing hc32f4xx_adc.o(i.ADC_AnalogWatchdog1Cmd), (24 bytes).
    Removing hc32f4xx_adc.o(i.ADC_AnalogWatchdogThresholdsConfig), (6 bytes).
    Removing hc32f4xx_adc.o(i.ADC_Cmd), (24 bytes).
    Removing hc32f4xx_adc.o(i.ADC_DMACmd), (24 bytes).
    Removing hc32f4xx_adc.o(i.ADC_DMAConfig), (26 bytes).
    Removing hc32f4xx_adc.o(i.ADC_DeInit), (68 bytes).
    Removing hc32f4xx_adc.o(i.ADC_GetFlagStatus), (16 bytes).
    Removing hc32f4xx_adc.o(i.ADC_ITConfig), (24 bytes).
    Removing hc32f4xx_adc.o(i.ADC_Init), (92 bytes).
    Removing hc32f4xx_adc.o(i.ADC_SQRInit), (16 bytes).
    Removing hc32f4xx_adc.o(i.ADC_SQRSampleConfig), (160 bytes).
    Removing hc32f4xx_adc.o(i.ADC_SoftwareStartConv), (6 bytes).
    Removing hc32f4xx_adc.o(i.ADC_TempSensorCmd), (24 bytes).
    Removing hc32f4xx_canfd.o(.rev16_text), (4 bytes).
    Removing hc32f4xx_canfd.o(.revsh_text), (4 bytes).
    Removing hc32f4xx_canfd.o(.rrx_text), (6 bytes).
    Removing hc32f4xx_canfd.o(i.CAN_ClearITPendingBit), (8 bytes).
    Removing hc32f4xx_canfd.o(i.CAN_CopyRAMToRxMessage), (118 bytes).
    Removing hc32f4xx_canfd.o(i.CAN_CopySIDFilterMessageToRAM), (24 bytes).
    Removing hc32f4xx_canfd.o(i.CAN_CopyTxMessageToRAM), (122 bytes).
    Removing hc32f4xx_canfd.o(i.CAN_DeInit), (36 bytes).
    Removing hc32f4xx_canfd.o(i.CAN_EnterInitMode), (60 bytes).
    Removing hc32f4xx_canfd.o(i.CAN_ExitInitMode), (42 bytes).
    Removing hc32f4xx_canfd.o(i.CAN_FilterConfig), (18 bytes).
    Removing hc32f4xx_canfd.o(i.CAN_GetITStatus), (14 bytes).
    Removing hc32f4xx_canfd.o(i.CAN_GlobalFilterInit), (26 bytes).
    Removing hc32f4xx_canfd.o(i.CAN_ITConfig), (50 bytes).
    Removing hc32f4xx_canfd.o(i.CAN_Init), (294 bytes).
    Removing hc32f4xx_canfd.o(i.CAN_RamWatchdogConfig), (14 bytes).
    Removing hc32f4xx_canfd.o(i.CAN_ReceiveBufferConfig), (24 bytes).
    Removing hc32f4xx_canfd.o(i.CAN_ReceiveFIFOConfig), (96 bytes).
    Removing hc32f4xx_canfd.o(i.CAN_RequestConfig), (14 bytes).
    Removing hc32f4xx_canfd.o(i.CAN_SendBufferConfig), (42 bytes).
    Removing hc32f4xx_canfd.o(i.CAN_SendSequenceConfig), (36 bytes).
    Removing hc32f4xx_canfd.o(i.CAN_TimeOutConfig), (20 bytes).
    Removing hc32f4xx_canfd.o(i.CAN_TimestampConfig), (16 bytes).
    Removing hc32f4xx_crc.o(.rev16_text), (4 bytes).
    Removing hc32f4xx_crc.o(.revsh_text), (4 bytes).
    Removing hc32f4xx_crc.o(.rrx_text), (6 bytes).
    Removing hc32f4xx_crc.o(i.CRC_CalcBlockCRC), (28 bytes).
    Removing hc32f4xx_crc.o(i.CRC_CalcCRC), (12 bytes).
    Removing hc32f4xx_crc.o(i.CRC_GetCRC), (12 bytes).
    Removing hc32f4xx_crc.o(i.CRC_GetIDRegister), (12 bytes).
    Removing hc32f4xx_crc.o(i.CRC_ResetDR), (12 bytes).
    Removing hc32f4xx_crc.o(i.CRC_SetIDRegister), (12 bytes).
    Removing hc32f4xx_dac.o(.rev16_text), (4 bytes).
    Removing hc32f4xx_dac.o(.revsh_text), (4 bytes).
    Removing hc32f4xx_dac.o(.rrx_text), (6 bytes).
    Removing hc32f4xx_dac.o(i.DAC_Cmd), (32 bytes).
    Removing hc32f4xx_dac.o(i.DAC_DMACmd), (32 bytes).
    Removing hc32f4xx_dac.o(i.DAC_DMATriggerConfig), (24 bytes).
    Removing hc32f4xx_dac.o(i.DAC_DeInit), (24 bytes).
    Removing hc32f4xx_dac.o(i.DAC_Init), (20 bytes).
    Removing hc32f4xx_dac.o(i.DAC_SetDACData), (12 bytes).
    Removing hc32f4xx_dbgmcu.o(.rev16_text), (4 bytes).
    Removing hc32f4xx_dbgmcu.o(.revsh_text), (4 bytes).
    Removing hc32f4xx_dbgmcu.o(.rrx_text), (6 bytes).
    Removing hc32f4xx_dbgmcu.o(i.DBGMCU_APB1PeriphConfig), (28 bytes).
    Removing hc32f4xx_dbgmcu.o(i.DBGMCU_APB2PeriphConfig), (28 bytes).
    Removing hc32f4xx_dbgmcu.o(i.DBGMCU_Config), (28 bytes).
    Removing hc32f4xx_dbgmcu.o(i.DBGMCU_GetDEVID), (16 bytes).
    Removing hc32f4xx_dbgmcu.o(i.DBGMCU_GetREVID), (12 bytes).
    Removing hc32f4xx_dma.o(.rev16_text), (4 bytes).
    Removing hc32f4xx_dma.o(.revsh_text), (4 bytes).
    Removing hc32f4xx_dma.o(.rrx_text), (6 bytes).
    Removing hc32f4xx_dma.o(i.DMA_ClearFlag), (28 bytes).
    Removing hc32f4xx_dma.o(i.DMA_ClearITPendingBit), (28 bytes).
    Removing hc32f4xx_dma.o(i.DMA_Cmd), (24 bytes).
    Removing hc32f4xx_dma.o(i.DMA_DeInit), (164 bytes).
    Removing hc32f4xx_dma.o(i.DMA_DoubleBufferModeCmd), (24 bytes).
    Removing hc32f4xx_dma.o(i.DMA_DoubleBufferModeConfig), (26 bytes).
    Removing hc32f4xx_dma.o(i.DMA_FlowControllerConfig), (24 bytes).
    Removing hc32f4xx_dma.o(i.DMA_GetCmdStatus), (14 bytes).
    Removing hc32f4xx_dma.o(i.DMA_GetCurrDataCounter), (6 bytes).
    Removing hc32f4xx_dma.o(i.DMA_GetCurrentMemoryTarget), (14 bytes).
    Removing hc32f4xx_dma.o(i.DMA_GetFIFOStatus), (8 bytes).
    Removing hc32f4xx_dma.o(i.DMA_GetFlagStatus), (36 bytes).
    Removing hc32f4xx_dma.o(i.DMA_GetITStatus), (72 bytes).
    Removing hc32f4xx_dma.o(i.DMA_ITConfig), (50 bytes).
    Removing hc32f4xx_dma.o(i.DMA_Init), (84 bytes).
    Removing hc32f4xx_dma.o(i.DMA_MemoryTargetConfig), (12 bytes).
    Removing hc32f4xx_dma.o(i.DMA_PeriphIncOffsetSizeConfig), (24 bytes).
    Removing hc32f4xx_dma.o(i.DMA_SetCurrDataCounter), (4 bytes).
    Removing hc32f4xx_dma.o(i.DMA_StructInit), (34 bytes).
    Removing hc32f4xx_exti.o(.rev16_text), (4 bytes).
    Removing hc32f4xx_exti.o(.revsh_text), (4 bytes).
    Removing hc32f4xx_exti.o(.rrx_text), (6 bytes).
    Removing hc32f4xx_exti.o(i.EXTI_ClearFlag), (12 bytes).
    Removing hc32f4xx_exti.o(i.EXTI_DeInit), (36 bytes).
    Removing hc32f4xx_exti.o(i.EXTI_GenerateSWInterrupt), (16 bytes).
    Removing hc32f4xx_exti.o(i.EXTI_GetFlagStatus), (20 bytes).
    Removing hc32f4xx_exti.o(i.EXTI_Init), (116 bytes).
    Removing hc32f4xx_exti.o(i.EXTI_StructInit), (14 bytes).
    Removing hc32f4xx_fda.o(.rev16_text), (4 bytes).
    Removing hc32f4xx_fda.o(.revsh_text), (4 bytes).
    Removing hc32f4xx_fda.o(.rrx_text), (6 bytes).
    Removing hc32f4xx_fda.o(i.FDA_CalibrateCmd), (24 bytes).
    Removing hc32f4xx_fda.o(i.FDA_CalibrateSet), (18 bytes).
    Removing hc32f4xx_fda.o(i.FDA_Cmd), (24 bytes).
    Removing hc32f4xx_fda.o(i.FDA_DeInit), (68 bytes).
    Removing hc32f4xx_fda.o(i.FDA_FloatingInputCmd), (24 bytes).
    Removing hc32f4xx_fda.o(i.FDA_GetCalibrateCompleteStatus), (24 bytes).
    Removing hc32f4xx_fda.o(i.FDA_Init), (14 bytes).
    Removing hc32f4xx_fda.o(.data), (4 bytes).
    Removing hc32f4xx_flash.o(.rev16_text), (4 bytes).
    Removing hc32f4xx_flash.o(.revsh_text), (4 bytes).
    Removing hc32f4xx_flash.o(.rrx_text), (6 bytes).
    Removing hc32f4xx_flash.o(i.FLASH_ClearFlag), (12 bytes).
    Removing hc32f4xx_flash.o(i.FLASH_EraseAllSectors), (56 bytes).
    Removing hc32f4xx_flash.o(i.FLASH_EraseSector), (64 bytes).
    Removing hc32f4xx_flash.o(i.FLASH_GetFlagStatus), (20 bytes).
    Removing hc32f4xx_flash.o(i.FLASH_GetStatus), (60 bytes).
    Removing hc32f4xx_flash.o(i.FLASH_ITConfig), (28 bytes).
    Removing hc32f4xx_flash.o(i.FLASH_InstructionCacheCmd), (32 bytes).
    Removing hc32f4xx_flash.o(i.FLASH_InstructionCacheReset), (16 bytes).
    Removing hc32f4xx_flash.o(i.FLASH_Lock), (16 bytes).
    Removing hc32f4xx_flash.o(i.FLASH_OB_EOPBConfig), (24 bytes).
    Removing hc32f4xx_flash.o(i.FLASH_OB_GetRDP), (20 bytes).
    Removing hc32f4xx_flash.o(i.FLASH_OB_GetUser), (16 bytes).
    Removing hc32f4xx_flash.o(i.FLASH_OB_GetWRP), (12 bytes).
    Removing hc32f4xx_flash.o(i.FLASH_OB_Launch), (20 bytes).
    Removing hc32f4xx_flash.o(i.FLASH_OB_Lock), (16 bytes).
    Removing hc32f4xx_flash.o(i.FLASH_OB_RDPConfig), (24 bytes).
    Removing hc32f4xx_flash.o(i.FLASH_OB_Unlock), (36 bytes).
    Removing hc32f4xx_flash.o(i.FLASH_OB_UserConfig), (40 bytes).
    Removing hc32f4xx_flash.o(i.FLASH_OB_WRP1_AddressConfig), (28 bytes).
    Removing hc32f4xx_flash.o(i.FLASH_OB_WRP2_AddressConfig), (28 bytes).
    Removing hc32f4xx_flash.o(i.FLASH_OB_WRPConfig), (28 bytes).
    Removing hc32f4xx_flash.o(i.FLASH_PrefetchBufferCmd), (32 bytes).
    Removing hc32f4xx_flash.o(i.FLASH_ProgramByte), (56 bytes).
    Removing hc32f4xx_flash.o(i.FLASH_ProgramHalfWord), (60 bytes).
    Removing hc32f4xx_flash.o(i.FLASH_ProgramWord), (60 bytes).
    Removing hc32f4xx_flash.o(i.FLASH_Unlock), (36 bytes).
    Removing hc32f4xx_flash.o(i.FLASH_WaitForLastOperation), (34 bytes).
    Removing hc32f4xx_gpio.o(.rev16_text), (4 bytes).
    Removing hc32f4xx_gpio.o(.revsh_text), (4 bytes).
    Removing hc32f4xx_gpio.o(.rrx_text), (6 bytes).
    Removing hc32f4xx_gpio.o(i.GPIO_DeInit), (124 bytes).
    Removing hc32f4xx_gpio.o(i.GPIO_PinLockConfig), (26 bytes).
    Removing hc32f4xx_gpio.o(i.GPIO_ReadInputData), (6 bytes).
    Removing hc32f4xx_gpio.o(i.GPIO_ReadInputDataBit), (14 bytes).
    Removing hc32f4xx_gpio.o(i.GPIO_ReadOutputData), (6 bytes).
    Removing hc32f4xx_gpio.o(i.GPIO_ReadOutputDataBit), (14 bytes).
    Removing hc32f4xx_gpio.o(i.GPIO_SetBits), (4 bytes).
    Removing hc32f4xx_gpio.o(i.GPIO_ToggleBits), (8 bytes).
    Removing hc32f4xx_gpio.o(i.GPIO_Write), (4 bytes).
    Removing hc32f4xx_gpio.o(i.GPIO_WriteBit), (12 bytes).
    Removing hc32f4xx_i2c.o(.rev16_text), (4 bytes).
    Removing hc32f4xx_i2c.o(.revsh_text), (4 bytes).
    Removing hc32f4xx_i2c.o(.rrx_text), (6 bytes).
    Removing hc32f4xx_i2c.o(i.I2C_AcknowledgeConfig), (24 bytes).
    Removing hc32f4xx_i2c.o(i.I2C_ClearFlag), (6 bytes).
    Removing hc32f4xx_i2c.o(i.I2C_Cmd), (24 bytes).
    Removing hc32f4xx_i2c.o(i.I2C_DMACmd), (24 bytes).
    Removing hc32f4xx_i2c.o(i.I2C_DMALastTransferCmd), (24 bytes).
    Removing hc32f4xx_i2c.o(i.I2C_DeInit), (68 bytes).
    Removing hc32f4xx_i2c.o(i.I2C_GCAddressCmd), (6 bytes).
    Removing hc32f4xx_i2c.o(i.I2C_GenerateSTART), (24 bytes).
    Removing hc32f4xx_i2c.o(i.I2C_GenerateSTOP), (24 bytes).
    Removing hc32f4xx_i2c.o(i.I2C_GetITStatus), (6 bytes).
    Removing hc32f4xx_i2c.o(i.I2C_Init), (20 bytes).
    Removing hc32f4xx_i2c.o(i.I2C_OwnAddress0Config), (6 bytes).
    Removing hc32f4xx_i2c.o(i.I2C_OwnAddress1Config), (6 bytes).
    Removing hc32f4xx_i2c.o(i.I2C_OwnAddress2Config), (6 bytes).
    Removing hc32f4xx_i2c.o(i.I2C_ReceiveData), (6 bytes).
    Removing hc32f4xx_i2c.o(i.I2C_SendData), (4 bytes).
    Removing hc32f4xx_i2s.o(.rev16_text), (4 bytes).
    Removing hc32f4xx_i2s.o(.revsh_text), (4 bytes).
    Removing hc32f4xx_i2s.o(.rrx_text), (6 bytes).
    Removing hc32f4xx_i2s.o(i.I2S_BlockCmd), (20 bytes).
    Removing hc32f4xx_i2s.o(i.I2S_ClearFlag), (8 bytes).
    Removing hc32f4xx_i2s.o(i.I2S_Cmd), (24 bytes).
    Removing hc32f4xx_i2s.o(i.I2S_DMACmd), (6 bytes).
    Removing hc32f4xx_i2s.o(i.I2S_DeInit), (68 bytes).
    Removing hc32f4xx_i2s.o(i.I2S_GetITStatus), (14 bytes).
    Removing hc32f4xx_i2s.o(i.I2S_ITConfig), (20 bytes).
    Removing hc32f4xx_i2s.o(i.I2S_Init), (86 bytes).
    Removing hc32f4xx_i2s.o(i.I2S_ReceiveLeftData), (4 bytes).
    Removing hc32f4xx_i2s.o(i.I2S_ReceiveRightData), (4 bytes).
    Removing hc32f4xx_i2s.o(i.I2S_SendLeftData), (4 bytes).
    Removing hc32f4xx_i2s.o(i.I2S_SendRightData), (4 bytes).
    Removing hc32f4xx_i2s.o(i.I2S_Threshold_Config), (8 bytes).
    Removing hc32f4xx_iwdg.o(.rev16_text), (4 bytes).
    Removing hc32f4xx_iwdg.o(.revsh_text), (4 bytes).
    Removing hc32f4xx_iwdg.o(.rrx_text), (6 bytes).
    Removing hc32f4xx_iwdg.o(i.IWDG_GetFlagStatus), (20 bytes).
    Removing hc32f4xx_mou.o(.rev16_text), (4 bytes).
    Removing hc32f4xx_mou.o(.revsh_text), (4 bytes).
    Removing hc32f4xx_mou.o(.rrx_text), (6 bytes).
    Removing hc32f4xx_mou.o(i.Clear_Matrix), (48 bytes).
    Removing hc32f4xx_mou.o(i.MOU_ClearFlag), (16 bytes).
    Removing hc32f4xx_mou.o(i.MOU_ConvConfig), (28 bytes).
    Removing hc32f4xx_mou.o(i.MOU_DeInit), (22 bytes).
    Removing hc32f4xx_mou.o(i.MOU_GetFlagStatus), (20 bytes).
    Removing hc32f4xx_mou.o(i.MOU_ITConfig), (28 bytes).
    Removing hc32f4xx_mou.o(i.MOU_Init), (28 bytes).
    Removing hc32f4xx_mou.o(i.MOU_MatrixConfig), (28 bytes).
    Removing hc32f4xx_mou.o(i.MOU_PauseCmd), (32 bytes).
    Removing hc32f4xx_mou.o(i.MOU_SoftwareStartConv), (16 bytes).
    Removing hc32f4xx_pwr.o(.rev16_text), (4 bytes).
    Removing hc32f4xx_pwr.o(.revsh_text), (4 bytes).
    Removing hc32f4xx_pwr.o(.rrx_text), (6 bytes).
    Removing hc32f4xx_pwr.o(i.PWR_ClearFlag), (16 bytes).
    Removing hc32f4xx_pwr.o(i.PWR_DeInit), (24 bytes).
    Removing hc32f4xx_pwr.o(i.PWR_EnterSTANDBYMode), (32 bytes).
    Removing hc32f4xx_pwr.o(i.PWR_EnterSTOPMode), (56 bytes).
    Removing hc32f4xx_pwr.o(i.PWR_GetFlagStatus), (20 bytes).
    Removing hc32f4xx_pwr.o(i.PWR_MainRegulatorModeConfig), (20 bytes).
    Removing hc32f4xx_pwr.o(i.PWR_PVDCmd), (12 bytes).
    Removing hc32f4xx_pwr.o(i.PWR_PVDLevelConfig), (20 bytes).
    Removing hc32f4xx_pwr.o(i.PWR_WakeUpPinCmd), (12 bytes).
    Removing hc32f4xx_rcc.o(.rev16_text), (4 bytes).
    Removing hc32f4xx_rcc.o(.revsh_text), (4 bytes).
    Removing hc32f4xx_rcc.o(.rrx_text), (6 bytes).
    Removing hc32f4xx_rcc.o(i.RCC_AHB1PeriphClockLPModeCmd), (28 bytes).
    Removing hc32f4xx_rcc.o(i.RCC_AHB1PeriphResetCmd), (28 bytes).
    Removing hc32f4xx_rcc.o(i.RCC_AHB2PeriphClockCmd), (28 bytes).
    Removing hc32f4xx_rcc.o(i.RCC_AHB2PeriphResetCmd), (28 bytes).
    Removing hc32f4xx_rcc.o(i.RCC_APB1PeriphClockCmd), (28 bytes).
    Removing hc32f4xx_rcc.o(i.RCC_APB1PeriphClockLPModeCmd), (28 bytes).
    Removing hc32f4xx_rcc.o(i.RCC_APB1PeriphResetCmd), (28 bytes).
    Removing hc32f4xx_rcc.o(i.RCC_APB2PeriphClockLPModeCmd), (28 bytes).
    Removing hc32f4xx_rcc.o(i.RCC_APB2PeriphResetCmd), (28 bytes).
    Removing hc32f4xx_rcc.o(i.RCC_AdjustHSICalibrationValue), (20 bytes).
    Removing hc32f4xx_rcc.o(i.RCC_BackupResetCmd), (12 bytes).
    Removing hc32f4xx_rcc.o(i.RCC_ClearITPendingBit), (12 bytes).
    Removing hc32f4xx_rcc.o(i.RCC_ClockSecuritySystemCmd), (12 bytes).
    Removing hc32f4xx_rcc.o(i.RCC_DeInit), (72 bytes).
    Removing hc32f4xx_rcc.o(i.RCC_GetITStatus), (20 bytes).
    Removing hc32f4xx_rcc.o(i.RCC_HSICmd), (12 bytes).
    Removing hc32f4xx_rcc.o(i.RCC_ITConfig), (28 bytes).
    Removing hc32f4xx_rcc.o(i.RCC_LSEConfig), (28 bytes).
    Removing hc32f4xx_rcc.o(i.RCC_LSICmd), (12 bytes).
    Removing hc32f4xx_rcc.o(i.RCC_MCO1Config), (20 bytes).
    Removing hc32f4xx_rcc.o(i.RCC_MCO2Config), (20 bytes).
    Removing hc32f4xx_rcc.o(i.RCC_PLLI2SCmd), (12 bytes).
    Removing hc32f4xx_rcc.o(i.RCC_PLLSAICmd), (12 bytes).
    Removing hc32f4xx_rcc.o(i.RCC_PLLSAIConfig), (2 bytes).
    Removing hc32f4xx_rcc.o(i.RCC_RTCCLKCmd), (12 bytes).
    Removing hc32f4xx_rcc.o(i.RCC_RTCCLKConfig), (36 bytes).
    Removing hc32f4xx_rcc.o(i.RCC_TIMCLKPresConfig), (12 bytes).
    Removing hc32f4xx_rcc.o(i.RCC_WaitForHSEStartUp), (48 bytes).
    Removing hc32f4xx_rtc.o(.rev16_text), (4 bytes).
    Removing hc32f4xx_rtc.o(.revsh_text), (4 bytes).
    Removing hc32f4xx_rtc.o(.rrx_text), (6 bytes).
    Removing hc32f4xx_rtc.o(i.RTC_ClearFlag), (20 bytes).
    Removing hc32f4xx_rtc.o(i.RTC_ClearITPendingBit), (20 bytes).
    Removing hc32f4xx_rtc.o(i.RTC_EnterConfigMode), (16 bytes).
    Removing hc32f4xx_rtc.o(i.RTC_ExitConfigMode), (20 bytes).
    Removing hc32f4xx_rtc.o(i.RTC_GetCounter), (24 bytes).
    Removing hc32f4xx_rtc.o(i.RTC_GetDivider), (24 bytes).
    Removing hc32f4xx_rtc.o(i.RTC_GetFlagStatus), (20 bytes).
    Removing hc32f4xx_rtc.o(i.RTC_GetITStatus), (32 bytes).
    Removing hc32f4xx_rtc.o(i.RTC_ITConfig), (32 bytes).
    Removing hc32f4xx_rtc.o(i.RTC_SetAlarm), (32 bytes).
    Removing hc32f4xx_rtc.o(i.RTC_SetCounter), (32 bytes).
    Removing hc32f4xx_rtc.o(i.RTC_SetPrescaler), (36 bytes).
    Removing hc32f4xx_rtc.o(i.RTC_WaitForLastTask), (16 bytes).
    Removing hc32f4xx_rtc.o(i.RTC_WaitForSynchro), (24 bytes).
    Removing hc32f4xx_spi.o(.rev16_text), (4 bytes).
    Removing hc32f4xx_spi.o(.revsh_text), (4 bytes).
    Removing hc32f4xx_spi.o(.rrx_text), (6 bytes).
    Removing hc32f4xx_spi.o(i.QSPI_Init), (36 bytes).
    Removing hc32f4xx_spi.o(i.SPI_AssertSSCmd), (24 bytes).
    Removing hc32f4xx_spi.o(i.SPI_ClearFlag), (4 bytes).
    Removing hc32f4xx_spi.o(i.SPI_Cmd), (24 bytes).
    Removing hc32f4xx_spi.o(i.SPI_DMACmd), (24 bytes).
    Removing hc32f4xx_spi.o(i.SPI_DeInit), (100 bytes).
    Removing hc32f4xx_spi.o(i.SPI_GetFlagStatus), (14 bytes).
    Removing hc32f4xx_spi.o(i.SPI_GetITStatus), (14 bytes).
    Removing hc32f4xx_spi.o(i.SPI_ITConfig), (20 bytes).
    Removing hc32f4xx_spi.o(i.SPI_Init), (100 bytes).
    Removing hc32f4xx_spi.o(i.SPI_MicrowireConfig), (8 bytes).
    Removing hc32f4xx_spi.o(i.SPI_RXCapacityConfig), (4 bytes).
    Removing hc32f4xx_spi.o(i.SPI_RXDMAConfig), (4 bytes).
    Removing hc32f4xx_spi.o(i.SPI_RXFIFOConfig), (4 bytes).
    Removing hc32f4xx_spi.o(i.SPI_ReceiveFIFO), (4 bytes).
    Removing hc32f4xx_spi.o(i.SPI_SendByteFIFO), (4 bytes).
    Removing hc32f4xx_spi.o(i.SPI_SendHalfWordFIFO), (4 bytes).
    Removing hc32f4xx_spi.o(i.SPI_SendWordFIFO), (4 bytes).
    Removing hc32f4xx_spi.o(i.SPI_StructInit), (20 bytes).
    Removing hc32f4xx_spi.o(i.SPI_TXDMAConfig), (4 bytes).
    Removing hc32f4xx_spi.o(i.SPI_TXFIFOConfig), (4 bytes).
    Removing hc32f4xx_spi.o(i.SPI_TestConfig), (24 bytes).
    Removing hc32f4xx_syscfg.o(.rev16_text), (4 bytes).
    Removing hc32f4xx_syscfg.o(.revsh_text), (4 bytes).
    Removing hc32f4xx_syscfg.o(.rrx_text), (6 bytes).
    Removing hc32f4xx_syscfg.o(i.SYSCFG_DeInit), (24 bytes).
    Removing hc32f4xx_syscfg.o(i.SYSCFG_EXTILineConfig), (44 bytes).
    Removing hc32f4xx_syscfg.o(i.SYSCFG_MemoryRemapConfig), (12 bytes).
    Removing hc32f4xx_tim.o(.rev16_text), (4 bytes).
    Removing hc32f4xx_tim.o(.revsh_text), (4 bytes).
    Removing hc32f4xx_tim.o(.rrx_text), (6 bytes).
    Removing hc32f4xx_tim.o(i.TI1_Config), (52 bytes).
    Removing hc32f4xx_tim.o(i.TI2_Config), (60 bytes).
    Removing hc32f4xx_tim.o(i.TI3_Config), (56 bytes).
    Removing hc32f4xx_tim.o(i.TI4_Config), (60 bytes).
    Removing hc32f4xx_tim.o(i.TIM_ARRPreloadConfig), (26 bytes).
    Removing hc32f4xx_tim.o(i.TIM_BDTRConfig), (32 bytes).
    Removing hc32f4xx_tim.o(i.TIM_BDTRStructInit), (18 bytes).
    Removing hc32f4xx_tim.o(i.TIM_CCPreloadControl), (26 bytes).
    Removing hc32f4xx_tim.o(i.TIM_CCxCmd), (28 bytes).
    Removing hc32f4xx_tim.o(i.TIM_CCxNCmd), (28 bytes).
    Removing hc32f4xx_tim.o(i.TIM_ClearFlag), (8 bytes).
    Removing hc32f4xx_tim.o(i.TIM_ClearOC1Ref), (12 bytes).
    Removing hc32f4xx_tim.o(i.TIM_ClearOC2Ref), (14 bytes).
    Removing hc32f4xx_tim.o(i.TIM_ClearOC3Ref), (12 bytes).
    Removing hc32f4xx_tim.o(i.TIM_ClearOC4Ref), (14 bytes).
    Removing hc32f4xx_tim.o(i.TIM_Cmd), (26 bytes).
    Removing hc32f4xx_tim.o(i.TIM_CounterModeConfig), (14 bytes).
    Removing hc32f4xx_tim.o(i.TIM_CtrlPWMOutputs), (24 bytes).
    Removing hc32f4xx_tim.o(i.TIM_DMACmd), (24 bytes).
    Removing hc32f4xx_tim.o(i.TIM_DMAConfig), (6 bytes).
    Removing hc32f4xx_tim.o(i.TIM_DeInit), (272 bytes).
    Removing hc32f4xx_tim.o(i.TIM_ETRClockMode1Config), (34 bytes).
    Removing hc32f4xx_tim.o(i.TIM_ETRClockMode2Config), (20 bytes).
    Removing hc32f4xx_tim.o(i.TIM_ETRConfig), (24 bytes).
    Removing hc32f4xx_tim.o(i.TIM_EncoderInterfaceConfig), (56 bytes).
    Removing hc32f4xx_tim.o(i.TIM_ForcedOC1Config), (4 bytes).
    Removing hc32f4xx_tim.o(i.TIM_ForcedOC2Config), (14 bytes).
    Removing hc32f4xx_tim.o(i.TIM_ForcedOC3Config), (12 bytes).
    Removing hc32f4xx_tim.o(i.TIM_ForcedOC4Config), (14 bytes).
    Removing hc32f4xx_tim.o(i.TIM_GenerateEvent), (4 bytes).
    Removing hc32f4xx_tim.o(i.TIM_GetCapture1), (4 bytes).
    Removing hc32f4xx_tim.o(i.TIM_GetCapture2), (4 bytes).
    Removing hc32f4xx_tim.o(i.TIM_GetCapture3), (4 bytes).
    Removing hc32f4xx_tim.o(i.TIM_GetCapture4), (4 bytes).
    Removing hc32f4xx_tim.o(i.TIM_GetCounter), (4 bytes).
    Removing hc32f4xx_tim.o(i.TIM_GetFlagStatus), (14 bytes).
    Removing hc32f4xx_tim.o(i.TIM_GetPrescaler), (6 bytes).
    Removing hc32f4xx_tim.o(i.TIM_ICInit), (98 bytes).
    Removing hc32f4xx_tim.o(i.TIM_ICStructInit), (16 bytes).
    Removing hc32f4xx_tim.o(i.TIM_ITConfig), (24 bytes).
    Removing hc32f4xx_tim.o(i.TIM_ITRxExternalClockConfig), (20 bytes).
    Removing hc32f4xx_tim.o(i.TIM_InternalClockConfig), (12 bytes).
    Removing hc32f4xx_tim.o(i.TIM_OC1FastConfig), (12 bytes).
    Removing hc32f4xx_tim.o(i.TIM_OC1Init), (108 bytes).
    Removing hc32f4xx_tim.o(i.TIM_OC1NPolarityConfig), (14 bytes).
    Removing hc32f4xx_tim.o(i.TIM_OC1PolarityConfig), (14 bytes).
    Removing hc32f4xx_tim.o(i.TIM_OC1PreloadConfig), (12 bytes).
    Removing hc32f4xx_tim.o(i.TIM_OC2FastConfig), (14 bytes).
    Removing hc32f4xx_tim.o(i.TIM_OC2Init), (124 bytes).
    Removing hc32f4xx_tim.o(i.TIM_OC2NPolarityConfig), (22 bytes).
    Removing hc32f4xx_tim.o(i.TIM_OC2PolarityConfig), (22 bytes).
    Removing hc32f4xx_tim.o(i.TIM_OC2PreloadConfig), (14 bytes).
    Removing hc32f4xx_tim.o(i.TIM_OC3FastConfig), (12 bytes).
    Removing hc32f4xx_tim.o(i.TIM_OC3Init), (120 bytes).
    Removing hc32f4xx_tim.o(i.TIM_OC3NPolarityConfig), (22 bytes).
    Removing hc32f4xx_tim.o(i.TIM_OC3PolarityConfig), (22 bytes).
    Removing hc32f4xx_tim.o(i.TIM_OC3PreloadConfig), (12 bytes).
    Removing hc32f4xx_tim.o(i.TIM_OC4FastConfig), (14 bytes).
    Removing hc32f4xx_tim.o(i.TIM_OC4Init), (92 bytes).
    Removing hc32f4xx_tim.o(i.TIM_OC4PolarityConfig), (22 bytes).
    Removing hc32f4xx_tim.o(i.TIM_OC4PreloadConfig), (14 bytes).
    Removing hc32f4xx_tim.o(i.TIM_OCStructInit), (20 bytes).
    Removing hc32f4xx_tim.o(i.TIM_PWMIConfig), (110 bytes).
    Removing hc32f4xx_tim.o(i.TIM_PrescalerConfig), (6 bytes).
    Removing hc32f4xx_tim.o(i.TIM_SelectCCDMA), (26 bytes).
    Removing hc32f4xx_tim.o(i.TIM_SelectCOM), (26 bytes).
    Removing hc32f4xx_tim.o(i.TIM_SelectHallSensor), (26 bytes).
    Removing hc32f4xx_tim.o(i.TIM_SelectInputTrigger), (14 bytes).
    Removing hc32f4xx_tim.o(i.TIM_SelectMasterSlaveMode), (18 bytes).
    Removing hc32f4xx_tim.o(i.TIM_SelectOCxM), (84 bytes).
    Removing hc32f4xx_tim.o(i.TIM_SelectOnePulseMode), (18 bytes).
    Removing hc32f4xx_tim.o(i.TIM_SelectOutputTrigger), (18 bytes).
    Removing hc32f4xx_tim.o(i.TIM_SelectSlaveMode), (18 bytes).
    Removing hc32f4xx_tim.o(i.TIM_SetAutoreload), (4 bytes).
    Removing hc32f4xx_tim.o(i.TIM_SetClockDivision), (18 bytes).
    Removing hc32f4xx_tim.o(i.TIM_SetCompare1), (4 bytes).
    Removing hc32f4xx_tim.o(i.TIM_SetCompare2), (4 bytes).
    Removing hc32f4xx_tim.o(i.TIM_SetCompare3), (4 bytes).
    Removing hc32f4xx_tim.o(i.TIM_SetCompare4), (4 bytes).
    Removing hc32f4xx_tim.o(i.TIM_SetCounter), (4 bytes).
    Removing hc32f4xx_tim.o(i.TIM_SetIC1Prescaler), (18 bytes).
    Removing hc32f4xx_tim.o(i.TIM_SetIC2Prescaler), (26 bytes).
    Removing hc32f4xx_tim.o(i.TIM_SetIC3Prescaler), (18 bytes).
    Removing hc32f4xx_tim.o(i.TIM_SetIC4Prescaler), (26 bytes).
    Removing hc32f4xx_tim.o(i.TIM_TIxExternalClockConfig), (48 bytes).
    Removing hc32f4xx_tim.o(i.TIM_TimeBaseInit), (60 bytes).
    Removing hc32f4xx_tim.o(i.TIM_TimeBaseStructInit), (18 bytes).
    Removing hc32f4xx_tim.o(i.TIM_UpdateDisableConfig), (26 bytes).
    Removing hc32f4xx_tim.o(i.TIM_UpdateRequestConfig), (26 bytes).
    Removing hc32f4xx_tim10.o(.rev16_text), (4 bytes).
    Removing hc32f4xx_tim10.o(.revsh_text), (4 bytes).
    Removing hc32f4xx_tim10.o(.rrx_text), (6 bytes).
    Removing hc32f4xx_tim10.o(i.BTIM_ClearITPendingBit), (8 bytes).
    Removing hc32f4xx_tim10.o(i.BTIM_Cmd), (26 bytes).
    Removing hc32f4xx_tim10.o(i.BTIM_DeInit), (24 bytes).
    Removing hc32f4xx_tim10.o(i.BTIM_ETRClockModeConfig), (28 bytes).
    Removing hc32f4xx_tim10.o(i.BTIM_ETRConfig), (20 bytes).
    Removing hc32f4xx_tim10.o(i.BTIM_ETRResetConfig), (16 bytes).
    Removing hc32f4xx_tim10.o(i.BTIM_GetITStatus), (24 bytes).
    Removing hc32f4xx_tim10.o(i.BTIM_ITConfig), (24 bytes).
    Removing hc32f4xx_tim10.o(i.BTIM_ITRxExternalClockConfig), (20 bytes).
    Removing hc32f4xx_tim10.o(i.BTIM_SelectInputResetConfig), (24 bytes).
    Removing hc32f4xx_tim10.o(i.BTIM_SelectInputTrigger), (14 bytes).
    Removing hc32f4xx_tim10.o(i.BTIM_SelectOnePulseMode), (18 bytes).
    Removing hc32f4xx_tim10.o(i.BTIM_SelectOutputTrigger), (18 bytes).
    Removing hc32f4xx_tim10.o(i.BTIM_TOGMutexConfig), (24 bytes).
    Removing hc32f4xx_tim10.o(i.BTIM_TimeBaseInit), (14 bytes).
    Removing hc32f4xx_tim10.o(i.BTIM_UpdateDisableConfig), (26 bytes).
    Removing hc32f4xx_usart.o(.rev16_text), (4 bytes).
    Removing hc32f4xx_usart.o(.revsh_text), (4 bytes).
    Removing hc32f4xx_usart.o(.rrx_text), (6 bytes).
    Removing hc32f4xx_usart.o(i.USART_AddressCmd), (24 bytes).
    Removing hc32f4xx_usart.o(i.USART_ClearRCNT), (6 bytes).
    Removing hc32f4xx_usart.o(i.USART_ClockInit), (34 bytes).
    Removing hc32f4xx_usart.o(i.USART_DMACmd), (20 bytes).
    Removing hc32f4xx_usart.o(i.USART_DeInit), (164 bytes).
    Removing hc32f4xx_usart.o(i.USART_ITConfig), (20 bytes).
    Removing hc32f4xx_usart.o(i.USART_LINBreakDetectLengthConfig), (12 bytes).
    Removing hc32f4xx_usart.o(i.USART_LINCmd), (24 bytes).
    Removing hc32f4xx_usart.o(i.USART_RCNT_Config), (4 bytes).
    Removing hc32f4xx_usart.o(i.USART_RX_INVConfig), (24 bytes).
    Removing hc32f4xx_usart.o(i.USART_ReceiveData), (80 bytes).
    Removing hc32f4xx_usart.o(i.USART_SYNCCmd), (24 bytes).
    Removing hc32f4xx_usart.o(i.USART_SendBreak), (8 bytes).
    Removing hc32f4xx_usart.o(i.USART_SendIdle), (8 bytes).
    Removing hc32f4xx_usart.o(i.USART_SetAddress), (4 bytes).
    Removing hc32f4xx_usart.o(i.USART_SetAddressMASK), (4 bytes).
    Removing hc32f4xx_usart.o(i.USART_TX_INVConfig), (24 bytes).
    Removing hc32f4xx_vc.o(.rev16_text), (4 bytes).
    Removing hc32f4xx_vc.o(.revsh_text), (4 bytes).
    Removing hc32f4xx_vc.o(.rrx_text), (6 bytes).
    Removing hc32f4xx_vc.o(i.VC_BlankConfig), (32 bytes).
    Removing hc32f4xx_vc.o(i.VC_ClearFlag), (6 bytes).
    Removing hc32f4xx_vc.o(i.VC_Cmd), (24 bytes).
    Removing hc32f4xx_vc.o(i.VC_DeInit), (100 bytes).
    Removing hc32f4xx_vc.o(i.VC_GetFlagStatus), (14 bytes).
    Removing hc32f4xx_vc.o(i.VC_ITConfig), (36 bytes).
    Removing hc32f4xx_vc.o(i.VC_Init), (42 bytes).
    Removing hc32f4xx_vc.o(i.VC_WindowCmd), (24 bytes).
    Removing hc32f4xx_wwdg.o(.rev16_text), (4 bytes).
    Removing hc32f4xx_wwdg.o(.revsh_text), (4 bytes).
    Removing hc32f4xx_wwdg.o(.rrx_text), (6 bytes).
    Removing hc32f4xx_wwdg.o(i.WWDG_ClearFlag), (12 bytes).
    Removing hc32f4xx_wwdg.o(i.WWDG_DeInit), (24 bytes).
    Removing hc32f4xx_wwdg.o(i.WWDG_Enable), (16 bytes).
    Removing hc32f4xx_wwdg.o(i.WWDG_EnableIT), (12 bytes).
    Removing hc32f4xx_wwdg.o(i.WWDG_GetFlagStatus), (20 bytes).
    Removing hc32f4xx_wwdg.o(i.WWDG_SetCounter), (16 bytes).
    Removing hc32f4xx_wwdg.o(i.WWDG_SetPrescaler), (20 bytes).
    Removing hc32f4xx_wwdg.o(i.WWDG_SetWindowValue), (32 bytes).
    Removing misc.o(.rev16_text), (4 bytes).
    Removing misc.o(.revsh_text), (4 bytes).
    Removing misc.o(.rrx_text), (6 bytes).
    Removing misc.o(i.NVIC_Init), (104 bytes).
    Removing misc.o(i.NVIC_SetVectorTable), (20 bytes).
    Removing misc.o(i.NVIC_SystemLPConfig), (28 bytes).
    Removing misc.o(i.SysTick_CLKSourceConfig), (28 bytes).
    Removing hc32f4xx_it.o(.rev16_text), (4 bytes).
    Removing hc32f4xx_it.o(.revsh_text), (4 bytes).
    Removing hc32f4xx_it.o(.rrx_text), (6 bytes).
    Removing main.o(.rev16_text), (4 bytes).
    Removing main.o(.revsh_text), (4 bytes).
    Removing main.o(.rrx_text), (6 bytes).
    Removing bsp.o(.rev16_text), (4 bytes).
    Removing bsp.o(.revsh_text), (4 bytes).
    Removing bsp.o(.rrx_text), (6 bytes).
    Removing bsp.o(i.bsp_Idle), (2 bytes).
    Removing bsp.o(i.bsp_RunPer10ms), (2 bytes).
    Removing bsp.o(i.bsp_RunPer1ms), (2 bytes).
    Removing bsp_led.o(.rev16_text), (4 bytes).
    Removing bsp_led.o(.revsh_text), (4 bytes).
    Removing bsp_led.o(.rrx_text), (6 bytes).
    Removing bsp_led.o(i.bsp_LedToggle), (16 bytes).
    Removing bsp_key.o(.rev16_text), (4 bytes).
    Removing bsp_key.o(.revsh_text), (4 bytes).
    Removing bsp_key.o(.rrx_text), (6 bytes).
    Removing bsp_key.o(i.Key_Hland), (36 bytes).
    Removing bsp_key.o(i.Key_Scan), (56 bytes).
    Removing bsp_key.o(i.bsp_InitKey), (48 bytes).
    Removing bsp_key.o(.data), (2 bytes).
    Removing bsp_uart.o(.rev16_text), (4 bytes).
    Removing bsp_uart.o(.revsh_text), (4 bytes).
    Removing bsp_uart.o(.rrx_text), (6 bytes).
    Removing bsp_printf.o(.rev16_text), (4 bytes).
    Removing bsp_printf.o(.revsh_text), (4 bytes).
    Removing bsp_printf.o(.rrx_text), (6 bytes).
    Removing bsp_printf.o(i.fgetc), (32 bytes).
    Removing bsp_adc.o(.rev16_text), (4 bytes).
    Removing bsp_adc.o(.revsh_text), (4 bytes).
    Removing bsp_adc.o(.rrx_text), (6 bytes).
    Removing bsp_adc.o(i.bsp_InitADC), (172 bytes).
    Removing bsp_systick.o(.rev16_text), (4 bytes).
    Removing bsp_systick.o(.revsh_text), (4 bytes).
    Removing bsp_systick.o(.rrx_text), (6 bytes).
    Removing bsp_systick.o(i.Delay_us), (20 bytes).
    Removing bsp_systick.o(i.SysTick_Init), (64 bytes).
    Removing bsp_timer.o(.rev16_text), (4 bytes).
    Removing bsp_timer.o(.revsh_text), (4 bytes).
    Removing bsp_timer.o(.rrx_text), (6 bytes).
    Removing bsp_timer.o(i.TIM_Mode_Config), (88 bytes).
    Removing bsp_timer.o(i.TIMx_Configuration), (14 bytes).
    Removing bsp_timer.o(i.TIMx_NVIC_Configuration), (34 bytes).
    Removing bsp_exti.o(.rev16_text), (4 bytes).
    Removing bsp_exti.o(.revsh_text), (4 bytes).
    Removing bsp_exti.o(.rrx_text), (6 bytes).
    Removing bsp_exti.o(i.EXTI_Key_Config), (84 bytes).
    Removing bsp_exti.o(i.NVIC_Configuration), (30 bytes).
    Removing bsp_iwdg.o(.rev16_text), (4 bytes).
    Removing bsp_iwdg.o(.revsh_text), (4 bytes).
    Removing bsp_iwdg.o(.rrx_text), (6 bytes).
    Removing dadd.o(.text), (334 bytes).
    Removing dmul.o(.text), (228 bytes).
    Removing ddiv.o(.text), (222 bytes).
    Removing dfixul.o(.text), (48 bytes).
    Removing cdrcmple.o(.text), (48 bytes).
    Removing depilogue.o(.text), (186 bytes).

518 unused section(s) (total 14038 bytes) removed from the image.

==============================================================================

Image Symbol Table

    Local Symbols

    Symbol Name                              Value     Ov Type        Size  Object(Section)

    ../clib/microlib/division.c              0x00000000   Number         0  uidiv.o ABSOLUTE
    ../clib/microlib/division.c              0x00000000   Number         0  uldiv.o ABSOLUTE
    ../clib/microlib/init/entry.s            0x00000000   Number         0  entry9a.o ABSOLUTE
    ../clib/microlib/init/entry.s            0x00000000   Number         0  entry12b.o ABSOLUTE
    ../clib/microlib/init/entry.s            0x00000000   Number         0  entry2.o ABSOLUTE
    ../clib/microlib/init/entry.s            0x00000000   Number         0  entry.o ABSOLUTE
    ../clib/microlib/init/entry.s            0x00000000   Number         0  entry11b.o ABSOLUTE
    ../clib/microlib/init/entry.s            0x00000000   Number         0  entry9b.o ABSOLUTE
    ../clib/microlib/init/entry.s            0x00000000   Number         0  entry12a.o ABSOLUTE
    ../clib/microlib/init/entry.s            0x00000000   Number         0  entry10a.o ABSOLUTE
    ../clib/microlib/init/entry.s            0x00000000   Number         0  entry8b.o ABSOLUTE
    ../clib/microlib/init/entry.s            0x00000000   Number         0  entry10b.o ABSOLUTE
    ../clib/microlib/init/entry.s            0x00000000   Number         0  entry11a.o ABSOLUTE
    ../clib/microlib/init/entry.s            0x00000000   Number         0  entry8a.o ABSOLUTE
    ../clib/microlib/init/entry.s            0x00000000   Number         0  entry7b.o ABSOLUTE
    ../clib/microlib/init/entry.s            0x00000000   Number         0  entry7a.o ABSOLUTE
    ../clib/microlib/init/entry.s            0x00000000   Number         0  entry5.o ABSOLUTE
    ../clib/microlib/longlong.c              0x00000000   Number         0  llushr.o ABSOLUTE
    ../clib/microlib/longlong.c              0x00000000   Number         0  llshl.o ABSOLUTE
    ../clib/microlib/longlong.c              0x00000000   Number         0  llsshr.o ABSOLUTE
    ../clib/microlib/printf/printf.c         0x00000000   Number         0  printfa.o ABSOLUTE
    ../clib/microlib/printf/printf.c         0x00000000   Number         0  printf8.o ABSOLUTE
    ../clib/microlib/printf/printf.c         0x00000000   Number         0  printf7.o ABSOLUTE
    ../clib/microlib/printf/printf.c         0x00000000   Number         0  printf6.o ABSOLUTE
    ../clib/microlib/printf/printf.c         0x00000000   Number         0  printf1.o ABSOLUTE
    ../clib/microlib/printf/printf.c         0x00000000   Number         0  printf2.o ABSOLUTE
    ../clib/microlib/printf/printf.c         0x00000000   Number         0  printf0.o ABSOLUTE
    ../clib/microlib/printf/printf.c         0x00000000   Number         0  printfb.o ABSOLUTE
    ../clib/microlib/printf/printf.c         0x00000000   Number         0  printf3.o ABSOLUTE
    ../clib/microlib/printf/printf.c         0x00000000   Number         0  printf4.o ABSOLUTE
    ../clib/microlib/printf/printf.c         0x00000000   Number         0  printf5.o ABSOLUTE
    ../clib/microlib/printf/stubs.s          0x00000000   Number         0  stubs.o ABSOLUTE
    ../clib/microlib/stdio/streams.c         0x00000000   Number         0  stdout.o ABSOLUTE
    ../clib/microlib/string/memcpy.c         0x00000000   Number         0  memcpya.o ABSOLUTE
    ../clib/microlib/string/memcpy.c         0x00000000   Number         0  memcpyb.o ABSOLUTE
    ../clib/microlib/string/memset.c         0x00000000   Number         0  memseta.o ABSOLUTE
    ../clib/microlib/stubs.s                 0x00000000   Number         0  iusefp.o ABSOLUTE
    ../fplib/microlib/fpadd.c                0x00000000   Number         0  dadd.o ABSOLUTE
    ../fplib/microlib/fpdiv.c                0x00000000   Number         0  ddiv.o ABSOLUTE
    ../fplib/microlib/fpepilogue.c           0x00000000   Number         0  depilogue.o ABSOLUTE
    ../fplib/microlib/fpfix.c                0x00000000   Number         0  dfixul.o ABSOLUTE
    ../fplib/microlib/fpmul.c                0x00000000   Number         0  dmul.o ABSOLUTE
    ..\..\Libraries\CMSIS\startup\startup_hc32f40_41xxx.s 0x00000000   Number         0  startup_hc32f40_41xxx.o ABSOLUTE
    ..\..\Libraries\CMSIS\system_hc32f4xx.c  0x00000000   Number         0  system_hc32f4xx.o ABSOLUTE
    ..\..\Libraries\FWlib\src\hc32f4xx_adc.c 0x00000000   Number         0  hc32f4xx_adc.o ABSOLUTE
    ..\..\Libraries\FWlib\src\hc32f4xx_canfd.c 0x00000000   Number         0  hc32f4xx_canfd.o ABSOLUTE
    ..\..\Libraries\FWlib\src\hc32f4xx_crc.c 0x00000000   Number         0  hc32f4xx_crc.o ABSOLUTE
    ..\..\Libraries\FWlib\src\hc32f4xx_dac.c 0x00000000   Number         0  hc32f4xx_dac.o ABSOLUTE
    ..\..\Libraries\FWlib\src\hc32f4xx_dbgmcu.c 0x00000000   Number         0  hc32f4xx_dbgmcu.o ABSOLUTE
    ..\..\Libraries\FWlib\src\hc32f4xx_dma.c 0x00000000   Number         0  hc32f4xx_dma.o ABSOLUTE
    ..\..\Libraries\FWlib\src\hc32f4xx_exti.c 0x00000000   Number         0  hc32f4xx_exti.o ABSOLUTE
    ..\..\Libraries\FWlib\src\hc32f4xx_fda.c 0x00000000   Number         0  hc32f4xx_fda.o ABSOLUTE
    ..\..\Libraries\FWlib\src\hc32f4xx_flash.c 0x00000000   Number         0  hc32f4xx_flash.o ABSOLUTE
    ..\..\Libraries\FWlib\src\hc32f4xx_gpio.c 0x00000000   Number         0  hc32f4xx_gpio.o ABSOLUTE
    ..\..\Libraries\FWlib\src\hc32f4xx_i2c.c 0x00000000   Number         0  hc32f4xx_i2c.o ABSOLUTE
    ..\..\Libraries\FWlib\src\hc32f4xx_i2s.c 0x00000000   Number         0  hc32f4xx_i2s.o ABSOLUTE
    ..\..\Libraries\FWlib\src\hc32f4xx_iwdg.c 0x00000000   Number         0  hc32f4xx_iwdg.o ABSOLUTE
    ..\..\Libraries\FWlib\src\hc32f4xx_mou.c 0x00000000   Number         0  hc32f4xx_mou.o ABSOLUTE
    ..\..\Libraries\FWlib\src\hc32f4xx_pwr.c 0x00000000   Number         0  hc32f4xx_pwr.o ABSOLUTE
    ..\..\Libraries\FWlib\src\hc32f4xx_rcc.c 0x00000000   Number         0  hc32f4xx_rcc.o ABSOLUTE
    ..\..\Libraries\FWlib\src\hc32f4xx_rtc.c 0x00000000   Number         0  hc32f4xx_rtc.o ABSOLUTE
    ..\..\Libraries\FWlib\src\hc32f4xx_spi.c 0x00000000   Number         0  hc32f4xx_spi.o ABSOLUTE
    ..\..\Libraries\FWlib\src\hc32f4xx_syscfg.c 0x00000000   Number         0  hc32f4xx_syscfg.o ABSOLUTE
    ..\..\Libraries\FWlib\src\hc32f4xx_tim.c 0x00000000   Number         0  hc32f4xx_tim.o ABSOLUTE
    ..\..\Libraries\FWlib\src\hc32f4xx_tim10.c 0x00000000   Number         0  hc32f4xx_tim10.o ABSOLUTE
    ..\..\Libraries\FWlib\src\hc32f4xx_usart.c 0x00000000   Number         0  hc32f4xx_usart.o ABSOLUTE
    ..\..\Libraries\FWlib\src\hc32f4xx_vc.c  0x00000000   Number         0  hc32f4xx_vc.o ABSOLUTE
    ..\..\Libraries\FWlib\src\hc32f4xx_wwdg.c 0x00000000   Number         0  hc32f4xx_wwdg.o ABSOLUTE
    ..\..\Libraries\FWlib\src\misc.c         0x00000000   Number         0  misc.o ABSOLUTE
    ..\..\User\bsp.c                         0x00000000   Number         0  bsp.o ABSOLUTE
    ..\..\User\hc32f4xx_it.c                 0x00000000   Number         0  hc32f4xx_it.o ABSOLUTE
    ..\..\User\main.c                        0x00000000   Number         0  main.o ABSOLUTE
    ..\..\User\src\bsp_SysTick.c             0x00000000   Number         0  bsp_systick.o ABSOLUTE
    ..\..\User\src\bsp_adc.c                 0x00000000   Number         0  bsp_adc.o ABSOLUTE
    ..\..\User\src\bsp_exti.c                0x00000000   Number         0  bsp_exti.o ABSOLUTE
    ..\..\User\src\bsp_iwdg.c                0x00000000   Number         0  bsp_iwdg.o ABSOLUTE
    ..\..\User\src\bsp_key.c                 0x00000000   Number         0  bsp_key.o ABSOLUTE
    ..\..\User\src\bsp_led.c                 0x00000000   Number         0  bsp_led.o ABSOLUTE
    ..\..\User\src\bsp_printf.c              0x00000000   Number         0  bsp_printf.o ABSOLUTE
    ..\..\User\src\bsp_timer.c               0x00000000   Number         0  bsp_timer.o ABSOLUTE
    ..\..\User\src\bsp_uart.c                0x00000000   Number         0  bsp_uart.o ABSOLUTE
    ..\\..\\Libraries\\CMSIS\\system_hc32f4xx.c 0x00000000   Number         0  system_hc32f4xx.o ABSOLUTE
    ..\\..\\Libraries\\FWlib\\src\\hc32f4xx_adc.c 0x00000000   Number         0  hc32f4xx_adc.o ABSOLUTE
    ..\\..\\Libraries\\FWlib\\src\\hc32f4xx_canfd.c 0x00000000   Number         0  hc32f4xx_canfd.o ABSOLUTE
    ..\\..\\Libraries\\FWlib\\src\\hc32f4xx_crc.c 0x00000000   Number         0  hc32f4xx_crc.o ABSOLUTE
    ..\\..\\Libraries\\FWlib\\src\\hc32f4xx_dac.c 0x00000000   Number         0  hc32f4xx_dac.o ABSOLUTE
    ..\\..\\Libraries\\FWlib\\src\\hc32f4xx_dbgmcu.c 0x00000000   Number         0  hc32f4xx_dbgmcu.o ABSOLUTE
    ..\\..\\Libraries\\FWlib\\src\\hc32f4xx_dma.c 0x00000000   Number         0  hc32f4xx_dma.o ABSOLUTE
    ..\\..\\Libraries\\FWlib\\src\\hc32f4xx_exti.c 0x00000000   Number         0  hc32f4xx_exti.o ABSOLUTE
    ..\\..\\Libraries\\FWlib\\src\\hc32f4xx_fda.c 0x00000000   Number         0  hc32f4xx_fda.o ABSOLUTE
    ..\\..\\Libraries\\FWlib\\src\\hc32f4xx_flash.c 0x00000000   Number         0  hc32f4xx_flash.o ABSOLUTE
    ..\\..\\Libraries\\FWlib\\src\\hc32f4xx_gpio.c 0x00000000   Number         0  hc32f4xx_gpio.o ABSOLUTE
    ..\\..\\Libraries\\FWlib\\src\\hc32f4xx_i2c.c 0x00000000   Number         0  hc32f4xx_i2c.o ABSOLUTE
    ..\\..\\Libraries\\FWlib\\src\\hc32f4xx_i2s.c 0x00000000   Number         0  hc32f4xx_i2s.o ABSOLUTE
    ..\\..\\Libraries\\FWlib\\src\\hc32f4xx_iwdg.c 0x00000000   Number         0  hc32f4xx_iwdg.o ABSOLUTE
    ..\\..\\Libraries\\FWlib\\src\\hc32f4xx_mou.c 0x00000000   Number         0  hc32f4xx_mou.o ABSOLUTE
    ..\\..\\Libraries\\FWlib\\src\\hc32f4xx_pwr.c 0x00000000   Number         0  hc32f4xx_pwr.o ABSOLUTE
    ..\\..\\Libraries\\FWlib\\src\\hc32f4xx_rcc.c 0x00000000   Number         0  hc32f4xx_rcc.o ABSOLUTE
    ..\\..\\Libraries\\FWlib\\src\\hc32f4xx_rtc.c 0x00000000   Number         0  hc32f4xx_rtc.o ABSOLUTE
    ..\\..\\Libraries\\FWlib\\src\\hc32f4xx_spi.c 0x00000000   Number         0  hc32f4xx_spi.o ABSOLUTE
    ..\\..\\Libraries\\FWlib\\src\\hc32f4xx_syscfg.c 0x00000000   Number         0  hc32f4xx_syscfg.o ABSOLUTE
    ..\\..\\Libraries\\FWlib\\src\\hc32f4xx_tim.c 0x00000000   Number         0  hc32f4xx_tim.o ABSOLUTE
    ..\\..\\Libraries\\FWlib\\src\\hc32f4xx_tim10.c 0x00000000   Number         0  hc32f4xx_tim10.o ABSOLUTE
    ..\\..\\Libraries\\FWlib\\src\\hc32f4xx_usart.c 0x00000000   Number         0  hc32f4xx_usart.o ABSOLUTE
    ..\\..\\Libraries\\FWlib\\src\\hc32f4xx_vc.c 0x00000000   Number         0  hc32f4xx_vc.o ABSOLUTE
    ..\\..\\Libraries\\FWlib\\src\\hc32f4xx_wwdg.c 0x00000000   Number         0  hc32f4xx_wwdg.o ABSOLUTE
    ..\\..\\Libraries\\FWlib\\src\\misc.c    0x00000000   Number         0  misc.o ABSOLUTE
    ..\\..\\User\\bsp.c                      0x00000000   Number         0  bsp.o ABSOLUTE
    ..\\..\\User\\hc32f4xx_it.c              0x00000000   Number         0  hc32f4xx_it.o ABSOLUTE
    ..\\..\\User\\main.c                     0x00000000   Number         0  main.o ABSOLUTE
    ..\\..\\User\\src\\bsp_SysTick.c         0x00000000   Number         0  bsp_systick.o ABSOLUTE
    ..\\..\\User\\src\\bsp_adc.c             0x00000000   Number         0  bsp_adc.o ABSOLUTE
    ..\\..\\User\\src\\bsp_exti.c            0x00000000   Number         0  bsp_exti.o ABSOLUTE
    ..\\..\\User\\src\\bsp_iwdg.c            0x00000000   Number         0  bsp_iwdg.o ABSOLUTE
    ..\\..\\User\\src\\bsp_key.c             0x00000000   Number         0  bsp_key.o ABSOLUTE
    ..\\..\\User\\src\\bsp_led.c             0x00000000   Number         0  bsp_led.o ABSOLUTE
    ..\\..\\User\\src\\bsp_printf.c          0x00000000   Number         0  bsp_printf.o ABSOLUTE
    ..\\..\\User\\src\\bsp_timer.c           0x00000000   Number         0  bsp_timer.o ABSOLUTE
    ..\\..\\User\\src\\bsp_uart.c            0x00000000   Number         0  bsp_uart.o ABSOLUTE
    cdrcmple.s                               0x00000000   Number         0  cdrcmple.o ABSOLUTE
    dc.s                                     0x00000000   Number         0  dc.o ABSOLUTE
    handlers.s                               0x00000000   Number         0  handlers.o ABSOLUTE
    init.s                                   0x00000000   Number         0  init.o ABSOLUTE
    RESET                                    0x08000000   Section      392  startup_hc32f40_41xxx.o(RESET)
    .ARM.Collect$$$$00000000                 0x08000188   Section        0  entry.o(.ARM.Collect$$$$00000000)
    .ARM.Collect$$$$00000001                 0x08000188   Section        4  entry2.o(.ARM.Collect$$$$00000001)
    .ARM.Collect$$$$00000004                 0x0800018c   Section        4  entry5.o(.ARM.Collect$$$$00000004)
    .ARM.Collect$$$$00000008                 0x08000190   Section        0  entry7b.o(.ARM.Collect$$$$00000008)
    .ARM.Collect$$$$0000000A                 0x08000190   Section        0  entry8b.o(.ARM.Collect$$$$0000000A)
    .ARM.Collect$$$$0000000B                 0x08000190   Section        8  entry9a.o(.ARM.Collect$$$$0000000B)
    .ARM.Collect$$$$0000000E                 0x08000198   Section        4  entry12b.o(.ARM.Collect$$$$0000000E)
    .ARM.Collect$$$$0000000F                 0x0800019c   Section        0  entry10a.o(.ARM.Collect$$$$0000000F)
    .ARM.Collect$$$$00000011                 0x0800019c   Section        0  entry11a.o(.ARM.Collect$$$$00000011)
    .ARM.Collect$$$$00002712                 0x0800019c   Section        4  entry2.o(.ARM.Collect$$$$00002712)
    __lit__00000000                          0x0800019c   Data           4  entry2.o(.ARM.Collect$$$$00002712)
    .text                                    0x080001a0   Section       36  startup_hc32f40_41xxx.o(.text)
    $v0                                      0x080001a0   Number         0  startup_hc32f40_41xxx.o(.text)
    .text                                    0x080001c4   Section        0  uldiv.o(.text)
    .text                                    0x08000228   Section       36  init.o(.text)
    .text                                    0x0800024c   Section        0  llshl.o(.text)
    .text                                    0x0800026a   Section        0  llushr.o(.text)
    i.ADC_ClearFlag                          0x0800028a   Section        0  hc32f4xx_adc.o(i.ADC_ClearFlag)
    i.ADC_GetConversionValue                 0x08000294   Section        0  hc32f4xx_adc.o(i.ADC_GetConversionValue)
    i.ADC_IRQHandler                         0x080002c8   Section        0  bsp_adc.o(i.ADC_IRQHandler)
    i.BusFault_Handler                       0x0800030c   Section        0  hc32f4xx_it.o(i.BusFault_Handler)
    i.DebugMon_Handler                       0x0800030e   Section        0  hc32f4xx_it.o(i.DebugMon_Handler)
    i.Delay                                  0x08000310   Section        0  main.o(i.Delay)
    i.EXTI1_IRQHandler                       0x08000324   Section        0  bsp_exti.o(i.EXTI1_IRQHandler)
    i.EXTI_ClearITPendingBit                 0x0800034c   Section        0  hc32f4xx_exti.o(i.EXTI_ClearITPendingBit)
    i.EXTI_GetITStatus                       0x08000358   Section        0  hc32f4xx_exti.o(i.EXTI_GetITStatus)
    i.GPIO_Init                              0x0800036c   Section        0  hc32f4xx_gpio.o(i.GPIO_Init)
    i.GPIO_PinAFConfig                       0x080003e8   Section        0  hc32f4xx_gpio.o(i.GPIO_PinAFConfig)
    i.GPIO_ResetBits                         0x08000408   Section        0  hc32f4xx_gpio.o(i.GPIO_ResetBits)
    i.GPIO_StructInit                        0x0800040c   Section        0  hc32f4xx_gpio.o(i.GPIO_StructInit)
    i.HardFault_Handler                      0x0800041e   Section        0  hc32f4xx_it.o(i.HardFault_Handler)
    i.IWDG_Config                            0x08000420   Section        0  bsp_iwdg.o(i.IWDG_Config)
    i.IWDG_Enable                            0x08000448   Section        0  hc32f4xx_iwdg.o(i.IWDG_Enable)
    i.IWDG_Feed                              0x08000458   Section        0  bsp_iwdg.o(i.IWDG_Feed)
    i.IWDG_ReloadCounter                     0x0800045c   Section        0  hc32f4xx_iwdg.o(i.IWDG_ReloadCounter)
    i.IWDG_SetPrescaler                      0x0800046c   Section        0  hc32f4xx_iwdg.o(i.IWDG_SetPrescaler)
    i.IWDG_SetReload                         0x08000478   Section        0  hc32f4xx_iwdg.o(i.IWDG_SetReload)
    i.IWDG_WriteAccessCmd                    0x08000484   Section        0  hc32f4xx_iwdg.o(i.IWDG_WriteAccessCmd)
    i.MemManage_Handler                      0x08000490   Section        0  hc32f4xx_it.o(i.MemManage_Handler)
    i.NMI_Handler                            0x08000492   Section        0  hc32f4xx_it.o(i.NMI_Handler)
    i.NVIC_PriorityGroupConfig               0x08000494   Section        0  misc.o(i.NVIC_PriorityGroupConfig)
    i.PendSV_Handler                         0x080004a8   Section        0  hc32f4xx_it.o(i.PendSV_Handler)
    i.PrintfLogo                             0x080004ac   Section        0  main.o(i.PrintfLogo)
    PrintfLogo                               0x080004ad   Thumb Code    36  main.o(i.PrintfLogo)
    i.RCC_AHB1PeriphClockCmd                 0x0800054c   Section        0  hc32f4xx_rcc.o(i.RCC_AHB1PeriphClockCmd)
    i.RCC_APB2PeriphClockCmd                 0x08000568   Section        0  hc32f4xx_rcc.o(i.RCC_APB2PeriphClockCmd)
    i.RCC_ClearFlag                          0x08000584   Section        0  hc32f4xx_rcc.o(i.RCC_ClearFlag)
    i.RCC_GetClocksFreq                      0x08000594   Section        0  hc32f4xx_rcc.o(i.RCC_GetClocksFreq)
    i.RCC_GetFlagStatus                      0x08000634   Section        0  hc32f4xx_rcc.o(i.RCC_GetFlagStatus)
    i.RCC_GetSYSCLKSource                    0x0800066c   Section        0  hc32f4xx_rcc.o(i.RCC_GetSYSCLKSource)
    i.RCC_HCLKConfig                         0x0800067c   Section        0  hc32f4xx_rcc.o(i.RCC_HCLKConfig)
    i.RCC_HSEConfig                          0x08000690   Section        0  hc32f4xx_rcc.o(i.RCC_HSEConfig)
    i.RCC_PCLK1Config                        0x080006a0   Section        0  hc32f4xx_rcc.o(i.RCC_PCLK1Config)
    i.RCC_PCLK2Config                        0x080006b4   Section        0  hc32f4xx_rcc.o(i.RCC_PCLK2Config)
    i.RCC_PLLCmd                             0x080006c8   Section        0  hc32f4xx_rcc.o(i.RCC_PLLCmd)
    i.RCC_PLLConfig                          0x080006d4   Section        0  hc32f4xx_rcc.o(i.RCC_PLLConfig)
    i.RCC_SYSCLKConfig                       0x080006f8   Section        0  hc32f4xx_rcc.o(i.RCC_SYSCLKConfig)
    i.SVC_Handler                            0x0800070c   Section        0  hc32f4xx_it.o(i.SVC_Handler)
    i.SYS_Configuration                      0x0800070e   Section        0  main.o(i.SYS_Configuration)
    i.SysTick_Handler                        0x0800076e   Section        0  hc32f4xx_it.o(i.SysTick_Handler)
    i.SystemInit                             0x08000772   Section        0  system_hc32f4xx.o(i.SystemInit)
    i.TIM2_IRQHandler                        0x08000774   Section        0  bsp_timer.o(i.TIM2_IRQHandler)
    i.TIM_ClearITPendingBit                  0x080007a0   Section        0  hc32f4xx_tim.o(i.TIM_ClearITPendingBit)
    i.TIM_GetITStatus                        0x080007a8   Section        0  hc32f4xx_tim.o(i.TIM_GetITStatus)
    i.TimingDelay_Decrement                  0x080007c0   Section        0  bsp_systick.o(i.TimingDelay_Decrement)
    i.USART_ClearFlag                        0x080007d4   Section        0  hc32f4xx_usart.o(i.USART_ClearFlag)
    i.USART_Cmd                              0x080007dc   Section        0  hc32f4xx_usart.o(i.USART_Cmd)
    i.USART_GetITStatus                      0x080007f0   Section        0  hc32f4xx_usart.o(i.USART_GetITStatus)
    i.USART_Init                             0x080007fe   Section        0  hc32f4xx_usart.o(i.USART_Init)
    i.USART_SendData                         0x08000824   Section        0  hc32f4xx_usart.o(i.USART_SendData)
    i.UsageFault_Handler                     0x0800082c   Section        0  hc32f4xx_it.o(i.UsageFault_Handler)
    i.__0printf$8                            0x08000830   Section        0  printf8.o(i.__0printf$8)
    i.__scatterload_copy                     0x08000850   Section       14  handlers.o(i.__scatterload_copy)
    i.__scatterload_null                     0x0800085e   Section        2  handlers.o(i.__scatterload_null)
    i.__scatterload_zeroinit                 0x08000860   Section       14  handlers.o(i.__scatterload_zeroinit)
    i._printf_core                           0x08000870   Section        0  printf8.o(i._printf_core)
    _printf_core                             0x08000871   Thumb Code   984  printf8.o(i._printf_core)
    i._printf_post_padding                   0x08000c74   Section        0  printf8.o(i._printf_post_padding)
    _printf_post_padding                     0x08000c75   Thumb Code    36  printf8.o(i._printf_post_padding)
    i._printf_pre_padding                    0x08000c98   Section        0  printf8.o(i._printf_pre_padding)
    _printf_pre_padding                      0x08000c99   Thumb Code    46  printf8.o(i._printf_pre_padding)
    i.bsp_Init                               0x08000cc6   Section        0  bsp.o(i.bsp_Init)
    i.bsp_InitLed                            0x08000cdc   Section        0  bsp_led.o(i.bsp_InitLed)
    i.bsp_InitUart                           0x08000d20   Section        0  bsp_uart.o(i.bsp_InitUart)
    i.fputc                                  0x08000dfc   Section        0  bsp_printf.o(i.fputc)
    i.main                                   0x08000e28   Section        0  main.o(i.main)
    .data                                    0x20000000   Section       16  hc32f4xx_rcc.o(.data)
    APBAHBPrescTable                         0x20000000   Data          16  hc32f4xx_rcc.o(.data)
    .data                                    0x20000010   Section        4  bsp_adc.o(.data)
    .data                                    0x20000014   Section        4  bsp_systick.o(.data)
    TimingDelay                              0x20000014   Data           4  bsp_systick.o(.data)
    .data                                    0x20000018   Section        4  stdout.o(.data)
    .bss                                     0x2000001c   Section       32  bsp_adc.o(.bss)
    STACK                                    0x20000040   Section    16384  startup_hc32f40_41xxx.o(STACK)

    Global Symbols

    Symbol Name                              Value     Ov Type        Size  Object(Section)

    BuildAttributes$$THM_ISAv4$E$P$D$K$B$S$7EM$VFPi3$EXTD16$VFPS$VFMA$PE$A:L22UL41UL21$X:L11$S22US41US21$IEEE1$IW$USESV6$~STKCKD$USESV7$~SHL$OSPACE$ROPI$EBA8$MICROLIB$REQ8$PRES8$EABIv2 0x00000000   Number         0  anon$$obj.o ABSOLUTE
    __ARM_use_no_argv                        0x00000000   Number         0  main.o ABSOLUTE
    _printf_a                                0x00000000   Number         0  stubs.o ABSOLUTE
    _printf_c                                0x00000000   Number         0  stubs.o ABSOLUTE
    _printf_charcount                        0x00000000   Number         0  stubs.o ABSOLUTE
    _printf_d                                0x00000000   Number         0  stubs.o ABSOLUTE
    _printf_e                                0x00000000   Number         0  stubs.o ABSOLUTE
    _printf_f                                0x00000000   Number         0  stubs.o ABSOLUTE
    _printf_flags                            0x00000000   Number         0  stubs.o ABSOLUTE
    _printf_fp_dec                           0x00000000   Number         0  stubs.o ABSOLUTE
    _printf_fp_hex                           0x00000000   Number         0  stubs.o ABSOLUTE
    _printf_g                                0x00000000   Number         0  stubs.o ABSOLUTE
    _printf_i                                0x00000000   Number         0  stubs.o ABSOLUTE
    _printf_int_dec                          0x00000000   Number         0  stubs.o ABSOLUTE
    _printf_l                                0x00000000   Number         0  stubs.o ABSOLUTE
    _printf_lc                               0x00000000   Number         0  stubs.o ABSOLUTE
    _printf_ll                               0x00000000   Number         0  stubs.o ABSOLUTE
    _printf_lld                              0x00000000   Number         0  stubs.o ABSOLUTE
    _printf_lli                              0x00000000   Number         0  stubs.o ABSOLUTE
    _printf_llo                              0x00000000   Number         0  stubs.o ABSOLUTE
    _printf_llu                              0x00000000   Number         0  stubs.o ABSOLUTE
    _printf_llx                              0x00000000   Number         0  stubs.o ABSOLUTE
    _printf_longlong_dec                     0x00000000   Number         0  stubs.o ABSOLUTE
    _printf_longlong_hex                     0x00000000   Number         0  stubs.o ABSOLUTE
    _printf_longlong_oct                     0x00000000   Number         0  stubs.o ABSOLUTE
    _printf_ls                               0x00000000   Number         0  stubs.o ABSOLUTE
    _printf_mbtowc                           0x00000000   Number         0  stubs.o ABSOLUTE
    _printf_n                                0x00000000   Number         0  stubs.o ABSOLUTE
    _printf_o                                0x00000000   Number         0  stubs.o ABSOLUTE
    _printf_p                                0x00000000   Number         0  stubs.o ABSOLUTE
    _printf_percent                          0x00000000   Number         0  stubs.o ABSOLUTE
    _printf_pre_padding                      0x00000000   Number         0  stubs.o ABSOLUTE
    _printf_return_value                     0x00000000   Number         0  stubs.o ABSOLUTE
    _printf_s                                0x00000000   Number         0  stubs.o ABSOLUTE
    _printf_sizespec                         0x00000000   Number         0  stubs.o ABSOLUTE
    _printf_str                              0x00000000   Number         0  stubs.o ABSOLUTE
    _printf_truncate_signed                  0x00000000   Number         0  stubs.o ABSOLUTE
    _printf_truncate_unsigned                0x00000000   Number         0  stubs.o ABSOLUTE
    _printf_u                                0x00000000   Number         0  stubs.o ABSOLUTE
    _printf_wc                               0x00000000   Number         0  stubs.o ABSOLUTE
    _printf_wctomb                           0x00000000   Number         0  stubs.o ABSOLUTE
    _printf_widthprec                        0x00000000   Number         0  stubs.o ABSOLUTE
    _printf_x                                0x00000000   Number         0  stubs.o ABSOLUTE
    __arm_fini_                               - Undefined Weak Reference
    __cpp_initialize__aeabi_                  - Undefined Weak Reference
    __cxa_finalize                            - Undefined Weak Reference
    __decompress                              - Undefined Weak Reference
    _clock_init                               - Undefined Weak Reference
    _microlib_exit                            - Undefined Weak Reference
    __Vectors_Size                           0x00000188   Number         0  startup_hc32f40_41xxx.o ABSOLUTE
    __Vectors                                0x08000000   Data           4  startup_hc32f40_41xxx.o(RESET)
    __Vectors_End                            0x08000188   Data           0  startup_hc32f40_41xxx.o(RESET)
    __main                                   0x08000189   Thumb Code     0  entry.o(.ARM.Collect$$$$00000000)
    _main_stk                                0x08000189   Thumb Code     0  entry2.o(.ARM.Collect$$$$00000001)
    _main_scatterload                        0x0800018d   Thumb Code     0  entry5.o(.ARM.Collect$$$$00000004)
    __main_after_scatterload                 0x08000191   Thumb Code     0  entry5.o(.ARM.Collect$$$$00000004)
    _main_clock                              0x08000191   Thumb Code     0  entry7b.o(.ARM.Collect$$$$00000008)
    _main_cpp_init                           0x08000191   Thumb Code     0  entry8b.o(.ARM.Collect$$$$0000000A)
    _main_init                               0x08000191   Thumb Code     0  entry9a.o(.ARM.Collect$$$$0000000B)
    __rt_lib_shutdown_fini                   0x08000199   Thumb Code     0  entry12b.o(.ARM.Collect$$$$0000000E)
    __rt_final_cpp                           0x0800019d   Thumb Code     0  entry10a.o(.ARM.Collect$$$$0000000F)
    __rt_final_exit                          0x0800019d   Thumb Code     0  entry11a.o(.ARM.Collect$$$$00000011)
    Reset_Handler                            0x080001a1   Thumb Code     8  startup_hc32f40_41xxx.o(.text)
    CAN1_INT0_IRQHandler                     0x080001bb   Thumb Code     0  startup_hc32f40_41xxx.o(.text)
    CAN1_INT1_IRQHandler                     0x080001bb   Thumb Code     0  startup_hc32f40_41xxx.o(.text)
    DMA1_Stream0_IRQHandler                  0x080001bb   Thumb Code     0  startup_hc32f40_41xxx.o(.text)
    DMA1_Stream1_IRQHandler                  0x080001bb   Thumb Code     0  startup_hc32f40_41xxx.o(.text)
    DMA1_Stream2_IRQHandler                  0x080001bb   Thumb Code     0  startup_hc32f40_41xxx.o(.text)
    DMA1_Stream3_IRQHandler                  0x080001bb   Thumb Code     0  startup_hc32f40_41xxx.o(.text)
    DMA1_Stream4_IRQHandler                  0x080001bb   Thumb Code     0  startup_hc32f40_41xxx.o(.text)
    DMA1_Stream5_IRQHandler                  0x080001bb   Thumb Code     0  startup_hc32f40_41xxx.o(.text)
    DMA1_Stream6_IRQHandler                  0x080001bb   Thumb Code     0  startup_hc32f40_41xxx.o(.text)
    DMA1_Stream7_IRQHandler                  0x080001bb   Thumb Code     0  startup_hc32f40_41xxx.o(.text)
    EXTI0_IRQHandler                         0x080001bb   Thumb Code     0  startup_hc32f40_41xxx.o(.text)
    EXTI15_10_IRQHandler                     0x080001bb   Thumb Code     0  startup_hc32f40_41xxx.o(.text)
    EXTI2_IRQHandler                         0x080001bb   Thumb Code     0  startup_hc32f40_41xxx.o(.text)
    EXTI3_IRQHandler                         0x080001bb   Thumb Code     0  startup_hc32f40_41xxx.o(.text)
    EXTI4_IRQHandler                         0x080001bb   Thumb Code     0  startup_hc32f40_41xxx.o(.text)
    EXTI9_5_IRQHandler                       0x080001bb   Thumb Code     0  startup_hc32f40_41xxx.o(.text)
    FLASH_IRQHandler                         0x080001bb   Thumb Code     0  startup_hc32f40_41xxx.o(.text)
    FPU_IRQHandler                           0x080001bb   Thumb Code     0  startup_hc32f40_41xxx.o(.text)
    FSMC_IRQHandler                          0x080001bb   Thumb Code     0  startup_hc32f40_41xxx.o(.text)
    I2C1_EV_IRQHandler                       0x080001bb   Thumb Code     0  startup_hc32f40_41xxx.o(.text)
    I2C2_EV_IRQHandler                       0x080001bb   Thumb Code     0  startup_hc32f40_41xxx.o(.text)
    MOU_IRQHandler                           0x080001bb   Thumb Code     0  startup_hc32f40_41xxx.o(.text)
    PVD_IRQHandler                           0x080001bb   Thumb Code     0  startup_hc32f40_41xxx.o(.text)
    RCC_IRQHandler                           0x080001bb   Thumb Code     0  startup_hc32f40_41xxx.o(.text)
    RFU10_IRQHandler                         0x080001bb   Thumb Code     0  startup_hc32f40_41xxx.o(.text)
    RFU11_IRQHandler                         0x080001bb   Thumb Code     0  startup_hc32f40_41xxx.o(.text)
    RFU12_IRQHandler                         0x080001bb   Thumb Code     0  startup_hc32f40_41xxx.o(.text)
    RFU13_IRQHandler                         0x080001bb   Thumb Code     0  startup_hc32f40_41xxx.o(.text)
    RFU14_IRQHandler                         0x080001bb   Thumb Code     0  startup_hc32f40_41xxx.o(.text)
    RFU15_IRQHandler                         0x080001bb   Thumb Code     0  startup_hc32f40_41xxx.o(.text)
    RFU16_IRQHandler                         0x080001bb   Thumb Code     0  startup_hc32f40_41xxx.o(.text)
    RFU17_IRQHandler                         0x080001bb   Thumb Code     0  startup_hc32f40_41xxx.o(.text)
    RFU18_IRQHandler                         0x080001bb   Thumb Code     0  startup_hc32f40_41xxx.o(.text)
    RFU19_IRQHandler                         0x080001bb   Thumb Code     0  startup_hc32f40_41xxx.o(.text)
    RFU1_IRQHandler                          0x080001bb   Thumb Code     0  startup_hc32f40_41xxx.o(.text)
    RFU20_IRQHandler                         0x080001bb   Thumb Code     0  startup_hc32f40_41xxx.o(.text)
    RFU2_IRQHandler                          0x080001bb   Thumb Code     0  startup_hc32f40_41xxx.o(.text)
    RFU3_IRQHandler                          0x080001bb   Thumb Code     0  startup_hc32f40_41xxx.o(.text)
    RFU4_IRQHandler                          0x080001bb   Thumb Code     0  startup_hc32f40_41xxx.o(.text)
    RFU5_IRQHandler                          0x080001bb   Thumb Code     0  startup_hc32f40_41xxx.o(.text)
    RFU6_IRQHandler                          0x080001bb   Thumb Code     0  startup_hc32f40_41xxx.o(.text)
    RFU7_IRQHandler                          0x080001bb   Thumb Code     0  startup_hc32f40_41xxx.o(.text)
    RFU8_IRQHandler                          0x080001bb   Thumb Code     0  startup_hc32f40_41xxx.o(.text)
    RFU9_IRQHandler                          0x080001bb   Thumb Code     0  startup_hc32f40_41xxx.o(.text)
    RTC_Alarm_IRQHandler                     0x080001bb   Thumb Code     0  startup_hc32f40_41xxx.o(.text)
    RTC_WKUP_IRQHandler                      0x080001bb   Thumb Code     0  startup_hc32f40_41xxx.o(.text)
    SDIO_IRQHandler                          0x080001bb   Thumb Code     0  startup_hc32f40_41xxx.o(.text)
    SPI1_IRQHandler                          0x080001bb   Thumb Code     0  startup_hc32f40_41xxx.o(.text)
    SPI2_IRQHandler                          0x080001bb   Thumb Code     0  startup_hc32f40_41xxx.o(.text)
    SPI3_IRQHandler                          0x080001bb   Thumb Code     0  startup_hc32f40_41xxx.o(.text)
    TAMP_STAMP_IRQHandler                    0x080001bb   Thumb Code     0  startup_hc32f40_41xxx.o(.text)
    TIM10_IRQHandler                         0x080001bb   Thumb Code     0  startup_hc32f40_41xxx.o(.text)
    TIM1_BRK_IRQHandler                      0x080001bb   Thumb Code     0  startup_hc32f40_41xxx.o(.text)
    TIM1_CC_IRQHandler                       0x080001bb   Thumb Code     0  startup_hc32f40_41xxx.o(.text)
    TIM1_TRG_COM_IRQHandler                  0x080001bb   Thumb Code     0  startup_hc32f40_41xxx.o(.text)
    TIM1_UP_IRQHandler                       0x080001bb   Thumb Code     0  startup_hc32f40_41xxx.o(.text)
    TIM3_IRQHandler                          0x080001bb   Thumb Code     0  startup_hc32f40_41xxx.o(.text)
    TIM4_IRQHandler                          0x080001bb   Thumb Code     0  startup_hc32f40_41xxx.o(.text)
    TIM5_IRQHandler                          0x080001bb   Thumb Code     0  startup_hc32f40_41xxx.o(.text)
    TIM6_IRQHandler                          0x080001bb   Thumb Code     0  startup_hc32f40_41xxx.o(.text)
    TIM7_IRQHandler                          0x080001bb   Thumb Code     0  startup_hc32f40_41xxx.o(.text)
    TIM8_BRK_IRQHandler                      0x080001bb   Thumb Code     0  startup_hc32f40_41xxx.o(.text)
    TIM8_CC_IRQHandler                       0x080001bb   Thumb Code     0  startup_hc32f40_41xxx.o(.text)
    TIM8_TRG_COM_IRQHandler                  0x080001bb   Thumb Code     0  startup_hc32f40_41xxx.o(.text)
    TIM8_UP_IRQHandler                       0x080001bb   Thumb Code     0  startup_hc32f40_41xxx.o(.text)
    TIM9_IRQHandler                          0x080001bb   Thumb Code     0  startup_hc32f40_41xxx.o(.text)
    UART4_IRQHandler                         0x080001bb   Thumb Code     0  startup_hc32f40_41xxx.o(.text)
    UART5_IRQHandler                         0x080001bb   Thumb Code     0  startup_hc32f40_41xxx.o(.text)
    USART1_IRQHandler                        0x080001bb   Thumb Code     0  startup_hc32f40_41xxx.o(.text)
    USART2_IRQHandler                        0x080001bb   Thumb Code     0  startup_hc32f40_41xxx.o(.text)
    USART3_IRQHandler                        0x080001bb   Thumb Code     0  startup_hc32f40_41xxx.o(.text)
    USBWakeUp_IRQHandler                     0x080001bb   Thumb Code     0  startup_hc32f40_41xxx.o(.text)
    USB_HP_IRQHandler                        0x080001bb   Thumb Code     0  startup_hc32f40_41xxx.o(.text)
    USB_LP_IRQHandler                        0x080001bb   Thumb Code     0  startup_hc32f40_41xxx.o(.text)
    VC0_IRQHandler                           0x080001bb   Thumb Code     0  startup_hc32f40_41xxx.o(.text)
    VC1_IRQHandler                           0x080001bb   Thumb Code     0  startup_hc32f40_41xxx.o(.text)
    VC2_IRQHandler                           0x080001bb   Thumb Code     0  startup_hc32f40_41xxx.o(.text)
    VC_Wakeup_IRQHandler                     0x080001bb   Thumb Code     0  startup_hc32f40_41xxx.o(.text)
    WWDG_IRQHandler                          0x080001bb   Thumb Code     0  startup_hc32f40_41xxx.o(.text)
    __aeabi_uldivmod                         0x080001c5   Thumb Code    98  uldiv.o(.text)
    __scatterload                            0x08000229   Thumb Code    28  init.o(.text)
    __scatterload_rt2                        0x08000229   Thumb Code     0  init.o(.text)
    __aeabi_llsl                             0x0800024d   Thumb Code    30  llshl.o(.text)
    _ll_shift_l                              0x0800024d   Thumb Code     0  llshl.o(.text)
    __aeabi_llsr                             0x0800026b   Thumb Code    32  llushr.o(.text)
    _ll_ushift_r                             0x0800026b   Thumb Code     0  llushr.o(.text)
    ADC_ClearFlag                            0x0800028b   Thumb Code    10  hc32f4xx_adc.o(i.ADC_ClearFlag)
    ADC_GetConversionValue                   0x08000295   Thumb Code    52  hc32f4xx_adc.o(i.ADC_GetConversionValue)
    ADC_IRQHandler                           0x080002c9   Thumb Code    54  bsp_adc.o(i.ADC_IRQHandler)
    BusFault_Handler                         0x0800030d   Thumb Code     2  hc32f4xx_it.o(i.BusFault_Handler)
    DebugMon_Handler                         0x0800030f   Thumb Code     2  hc32f4xx_it.o(i.DebugMon_Handler)
    Delay                                    0x08000311   Thumb Code    18  main.o(i.Delay)
    EXTI1_IRQHandler                         0x08000325   Thumb Code    34  bsp_exti.o(i.EXTI1_IRQHandler)
    EXTI_ClearITPendingBit                   0x0800034d   Thumb Code     6  hc32f4xx_exti.o(i.EXTI_ClearITPendingBit)
    EXTI_GetITStatus                         0x08000359   Thumb Code    16  hc32f4xx_exti.o(i.EXTI_GetITStatus)
    GPIO_Init                                0x0800036d   Thumb Code   124  hc32f4xx_gpio.o(i.GPIO_Init)
    GPIO_PinAFConfig                         0x080003e9   Thumb Code    32  hc32f4xx_gpio.o(i.GPIO_PinAFConfig)
    GPIO_ResetBits                           0x08000409   Thumb Code     4  hc32f4xx_gpio.o(i.GPIO_ResetBits)
    GPIO_StructInit                          0x0800040d   Thumb Code    18  hc32f4xx_gpio.o(i.GPIO_StructInit)
    HardFault_Handler                        0x0800041f   Thumb Code     2  hc32f4xx_it.o(i.HardFault_Handler)
    IWDG_Config                              0x08000421   Thumb Code    38  bsp_iwdg.o(i.IWDG_Config)
    IWDG_Enable                              0x08000449   Thumb Code    10  hc32f4xx_iwdg.o(i.IWDG_Enable)
    IWDG_Feed                                0x08000459   Thumb Code     4  bsp_iwdg.o(i.IWDG_Feed)
    IWDG_ReloadCounter                       0x0800045d   Thumb Code    10  hc32f4xx_iwdg.o(i.IWDG_ReloadCounter)
    IWDG_SetPrescaler                        0x0800046d   Thumb Code     6  hc32f4xx_iwdg.o(i.IWDG_SetPrescaler)
    IWDG_SetReload                           0x08000479   Thumb Code     6  hc32f4xx_iwdg.o(i.IWDG_SetReload)
    IWDG_WriteAccessCmd                      0x08000485   Thumb Code     6  hc32f4xx_iwdg.o(i.IWDG_WriteAccessCmd)
    MemManage_Handler                        0x08000491   Thumb Code     2  hc32f4xx_it.o(i.MemManage_Handler)
    NMI_Handler                              0x08000493   Thumb Code     2  hc32f4xx_it.o(i.NMI_Handler)
    NVIC_PriorityGroupConfig                 0x08000495   Thumb Code    10  misc.o(i.NVIC_PriorityGroupConfig)
    PendSV_Handler                           0x080004a9   Thumb Code     2  hc32f4xx_it.o(i.PendSV_Handler)
    RCC_AHB1PeriphClockCmd                   0x0800054d   Thumb Code    22  hc32f4xx_rcc.o(i.RCC_AHB1PeriphClockCmd)
    RCC_APB2PeriphClockCmd                   0x08000569   Thumb Code    22  hc32f4xx_rcc.o(i.RCC_APB2PeriphClockCmd)
    RCC_ClearFlag                            0x08000585   Thumb Code    12  hc32f4xx_rcc.o(i.RCC_ClearFlag)
    RCC_GetClocksFreq                        0x08000595   Thumb Code   148  hc32f4xx_rcc.o(i.RCC_GetClocksFreq)
    RCC_GetFlagStatus                        0x08000635   Thumb Code    50  hc32f4xx_rcc.o(i.RCC_GetFlagStatus)
    RCC_GetSYSCLKSource                      0x0800066d   Thumb Code    10  hc32f4xx_rcc.o(i.RCC_GetSYSCLKSource)
    RCC_HCLKConfig                           0x0800067d   Thumb Code    14  hc32f4xx_rcc.o(i.RCC_HCLKConfig)
    RCC_HSEConfig                            0x08000691   Thumb Code    10  hc32f4xx_rcc.o(i.RCC_HSEConfig)
    RCC_PCLK1Config                          0x080006a1   Thumb Code    14  hc32f4xx_rcc.o(i.RCC_PCLK1Config)
    RCC_PCLK2Config                          0x080006b5   Thumb Code    16  hc32f4xx_rcc.o(i.RCC_PCLK2Config)
    RCC_PLLCmd                               0x080006c9   Thumb Code     6  hc32f4xx_rcc.o(i.RCC_PLLCmd)
    RCC_PLLConfig                            0x080006d5   Thumb Code    32  hc32f4xx_rcc.o(i.RCC_PLLConfig)
    RCC_SYSCLKConfig                         0x080006f9   Thumb Code    14  hc32f4xx_rcc.o(i.RCC_SYSCLKConfig)
    SVC_Handler                              0x0800070d   Thumb Code     2  hc32f4xx_it.o(i.SVC_Handler)
    SYS_Configuration                        0x0800070f   Thumb Code    96  main.o(i.SYS_Configuration)
    SysTick_Handler                          0x0800076f   Thumb Code     4  hc32f4xx_it.o(i.SysTick_Handler)
    SystemInit                               0x08000773   Thumb Code     2  system_hc32f4xx.o(i.SystemInit)
    TIM2_IRQHandler                          0x08000775   Thumb Code    40  bsp_timer.o(i.TIM2_IRQHandler)
    TIM_ClearITPendingBit                    0x080007a1   Thumb Code     8  hc32f4xx_tim.o(i.TIM_ClearITPendingBit)
    TIM_GetITStatus                          0x080007a9   Thumb Code    24  hc32f4xx_tim.o(i.TIM_GetITStatus)
    TimingDelay_Decrement                    0x080007c1   Thumb Code    16  bsp_systick.o(i.TimingDelay_Decrement)
    USART_ClearFlag                          0x080007d5   Thumb Code     8  hc32f4xx_usart.o(i.USART_ClearFlag)
    USART_Cmd                                0x080007dd   Thumb Code    20  hc32f4xx_usart.o(i.USART_Cmd)
    USART_GetITStatus                        0x080007f1   Thumb Code    14  hc32f4xx_usart.o(i.USART_GetITStatus)
    USART_Init                               0x080007ff   Thumb Code    38  hc32f4xx_usart.o(i.USART_Init)
    USART_SendData                           0x08000825   Thumb Code     8  hc32f4xx_usart.o(i.USART_SendData)
    UsageFault_Handler                       0x0800082d   Thumb Code     2  hc32f4xx_it.o(i.UsageFault_Handler)
    __0printf$8                              0x08000831   Thumb Code    22  printf8.o(i.__0printf$8)
    __1printf$8                              0x08000831   Thumb Code     0  printf8.o(i.__0printf$8)
    __2printf                                0x08000831   Thumb Code     0  printf8.o(i.__0printf$8)
    __scatterload_copy                       0x08000851   Thumb Code    14  handlers.o(i.__scatterload_copy)
    __scatterload_null                       0x0800085f   Thumb Code     2  handlers.o(i.__scatterload_null)
    __scatterload_zeroinit                   0x08000861   Thumb Code    14  handlers.o(i.__scatterload_zeroinit)
    bsp_Init                                 0x08000cc7   Thumb Code    22  bsp.o(i.bsp_Init)
    bsp_InitLed                              0x08000cdd   Thumb Code    64  bsp_led.o(i.bsp_InitLed)
    bsp_InitUart                             0x08000d21   Thumb Code   212  bsp_uart.o(i.bsp_InitUart)
    fputc                                    0x08000dfd   Thumb Code    38  bsp_printf.o(i.fputc)
    main                                     0x08000e29   Thumb Code    56  main.o(i.main)
    Region$$Table$$Base                      0x08000e64   Number         0  anon$$obj.o(Region$$Table)
    Region$$Table$$Limit                     0x08000e84   Number         0  anon$$obj.o(Region$$Table)
    Flag                                     0x20000010   Data           4  bsp_adc.o(.data)
    __stdout                                 0x20000018   Data           4  stdout.o(.data)
    ADC_DAT                                  0x2000001c   Data          16  bsp_adc.o(.bss)
    ADC_Value                                0x2000002c   Data          16  bsp_adc.o(.bss)
    __initial_sp                             0x20004040   Data           0  startup_hc32f40_41xxx.o(STACK)



==============================================================================

Memory Map of the image

  Image Entry point : 0x08000189

  Load Region LR_IROM1 (Base: 0x08000000, Size: 0x00000ea0, Max: 0x00010000, ABSOLUTE)

    Execution Region ER_IROM1 (Exec base: 0x08000000, Load base: 0x08000000, Size: 0x00000e84, Max: 0x00010000, ABSOLUTE)

    Exec Addr    Load Addr    Size         Type   Attr      Idx    E Section Name        Object

    0x08000000   0x08000000   0x00000188   Data   RO            3    RESET               startup_hc32f40_41xxx.o
    0x08000188   0x08000188   0x00000000   Code   RO         3594  * .ARM.Collect$$$$00000000  mc_w.l(entry.o)
    0x08000188   0x08000188   0x00000004   Code   RO         3864    .ARM.Collect$$$$00000001  mc_w.l(entry2.o)
    0x0800018c   0x0800018c   0x00000004   Code   RO         3867    .ARM.Collect$$$$00000004  mc_w.l(entry5.o)
    0x08000190   0x08000190   0x00000000   Code   RO         3869    .ARM.Collect$$$$00000008  mc_w.l(entry7b.o)
    0x08000190   0x08000190   0x00000000   Code   RO         3871    .ARM.Collect$$$$0000000A  mc_w.l(entry8b.o)
    0x08000190   0x08000190   0x00000008   Code   RO         3872    .ARM.Collect$$$$0000000B  mc_w.l(entry9a.o)
    0x08000198   0x08000198   0x00000004   Code   RO         3879    .ARM.Collect$$$$0000000E  mc_w.l(entry12b.o)
    0x0800019c   0x0800019c   0x00000000   Code   RO         3874    .ARM.Collect$$$$0000000F  mc_w.l(entry10a.o)
    0x0800019c   0x0800019c   0x00000000   Code   RO         3876    .ARM.Collect$$$$00000011  mc_w.l(entry11a.o)
    0x0800019c   0x0800019c   0x00000004   Code   RO         3865    .ARM.Collect$$$$00002712  mc_w.l(entry2.o)
    0x080001a0   0x080001a0   0x00000024   Code   RO            4    .text               startup_hc32f40_41xxx.o
    0x080001c4   0x080001c4   0x00000062   Code   RO         3883    .text               mc_w.l(uldiv.o)
    0x08000226   0x08000226   0x00000002   PAD
    0x08000228   0x08000228   0x00000024   Code   RO         3896    .text               mc_w.l(init.o)
    0x0800024c   0x0800024c   0x0000001e   Code   RO         3898    .text               mc_w.l(llshl.o)
    0x0800026a   0x0800026a   0x00000020   Code   RO         3900    .text               mc_w.l(llushr.o)
    0x0800028a   0x0800028a   0x0000000a   Code   RO          144    i.ADC_ClearFlag     hc32f4xx_adc.o
    0x08000294   0x08000294   0x00000034   Code   RO          149    i.ADC_GetConversionValue  hc32f4xx_adc.o
    0x080002c8   0x080002c8   0x00000044   Code   RO         3413    i.ADC_IRQHandler    bsp_adc.o
    0x0800030c   0x0800030c   0x00000002   Code   RO         3094    i.BusFault_Handler  hc32f4xx_it.o
    0x0800030e   0x0800030e   0x00000002   Code   RO         3095    i.DebugMon_Handler  hc32f4xx_it.o
    0x08000310   0x08000310   0x00000012   Code   RO         3207    i.Delay             main.o
    0x08000322   0x08000322   0x00000002   PAD
    0x08000324   0x08000324   0x00000028   Code   RO         3532    i.EXTI1_IRQHandler  bsp_exti.o
    0x0800034c   0x0800034c   0x0000000c   Code   RO          696    i.EXTI_ClearITPendingBit  hc32f4xx_exti.o
    0x08000358   0x08000358   0x00000014   Code   RO          700    i.EXTI_GetITStatus  hc32f4xx_exti.o
    0x0800036c   0x0800036c   0x0000007c   Code   RO         1005    i.GPIO_Init         hc32f4xx_gpio.o
    0x080003e8   0x080003e8   0x00000020   Code   RO         1006    i.GPIO_PinAFConfig  hc32f4xx_gpio.o
    0x08000408   0x08000408   0x00000004   Code   RO         1012    i.GPIO_ResetBits    hc32f4xx_gpio.o
    0x0800040c   0x0800040c   0x00000012   Code   RO         1014    i.GPIO_StructInit   hc32f4xx_gpio.o
    0x0800041e   0x0800041e   0x00000002   Code   RO         3096    i.HardFault_Handler  hc32f4xx_it.o
    0x08000420   0x08000420   0x00000026   Code   RO         3567    i.IWDG_Config       bsp_iwdg.o
    0x08000446   0x08000446   0x00000002   PAD
    0x08000448   0x08000448   0x00000010   Code   RO         1316    i.IWDG_Enable       hc32f4xx_iwdg.o
    0x08000458   0x08000458   0x00000004   Code   RO         3568    i.IWDG_Feed         bsp_iwdg.o
    0x0800045c   0x0800045c   0x00000010   Code   RO         1318    i.IWDG_ReloadCounter  hc32f4xx_iwdg.o
    0x0800046c   0x0800046c   0x0000000c   Code   RO         1319    i.IWDG_SetPrescaler  hc32f4xx_iwdg.o
    0x08000478   0x08000478   0x0000000c   Code   RO         1320    i.IWDG_SetReload    hc32f4xx_iwdg.o
    0x08000484   0x08000484   0x0000000c   Code   RO         1321    i.IWDG_WriteAccessCmd  hc32f4xx_iwdg.o
    0x08000490   0x08000490   0x00000002   Code   RO         3097    i.MemManage_Handler  hc32f4xx_it.o
    0x08000492   0x08000492   0x00000002   Code   RO         3098    i.NMI_Handler       hc32f4xx_it.o
    0x08000494   0x08000494   0x00000014   Code   RO         3047    i.NVIC_PriorityGroupConfig  misc.o
    0x080004a8   0x080004a8   0x00000002   Code   RO         3099    i.PendSV_Handler    hc32f4xx_it.o
    0x080004aa   0x080004aa   0x00000002   PAD
    0x080004ac   0x080004ac   0x000000a0   Code   RO         3208    i.PrintfLogo        main.o
    0x0800054c   0x0800054c   0x0000001c   Code   RO         1520    i.RCC_AHB1PeriphClockCmd  hc32f4xx_rcc.o
    0x08000568   0x08000568   0x0000001c   Code   RO         1528    i.RCC_APB2PeriphClockCmd  hc32f4xx_rcc.o
    0x08000584   0x08000584   0x00000010   Code   RO         1533    i.RCC_ClearFlag     hc32f4xx_rcc.o
    0x08000594   0x08000594   0x000000a0   Code   RO         1537    i.RCC_GetClocksFreq  hc32f4xx_rcc.o
    0x08000634   0x08000634   0x00000038   Code   RO         1538    i.RCC_GetFlagStatus  hc32f4xx_rcc.o
    0x0800066c   0x0800066c   0x00000010   Code   RO         1540    i.RCC_GetSYSCLKSource  hc32f4xx_rcc.o
    0x0800067c   0x0800067c   0x00000014   Code   RO         1541    i.RCC_HCLKConfig    hc32f4xx_rcc.o
    0x08000690   0x08000690   0x00000010   Code   RO         1542    i.RCC_HSEConfig     hc32f4xx_rcc.o
    0x080006a0   0x080006a0   0x00000014   Code   RO         1549    i.RCC_PCLK1Config   hc32f4xx_rcc.o
    0x080006b4   0x080006b4   0x00000014   Code   RO         1550    i.RCC_PCLK2Config   hc32f4xx_rcc.o
    0x080006c8   0x080006c8   0x0000000c   Code   RO         1551    i.RCC_PLLCmd        hc32f4xx_rcc.o
    0x080006d4   0x080006d4   0x00000024   Code   RO         1552    i.RCC_PLLConfig     hc32f4xx_rcc.o
    0x080006f8   0x080006f8   0x00000014   Code   RO         1558    i.RCC_SYSCLKConfig  hc32f4xx_rcc.o
    0x0800070c   0x0800070c   0x00000002   Code   RO         3100    i.SVC_Handler       hc32f4xx_it.o
    0x0800070e   0x0800070e   0x00000060   Code   RO         3209    i.SYS_Configuration  main.o
    0x0800076e   0x0800076e   0x00000004   Code   RO         3101    i.SysTick_Handler   hc32f4xx_it.o
    0x08000772   0x08000772   0x00000002   Code   RO           13    i.SystemInit        system_hc32f4xx.o
    0x08000774   0x08000774   0x0000002c   Code   RO         3492    i.TIM2_IRQHandler   bsp_timer.o
    0x080007a0   0x080007a0   0x00000008   Code   RO         2085    i.TIM_ClearITPendingBit  hc32f4xx_tim.o
    0x080007a8   0x080007a8   0x00000018   Code   RO         2111    i.TIM_GetITStatus   hc32f4xx_tim.o
    0x080007c0   0x080007c0   0x00000014   Code   RO         3452    i.TimingDelay_Decrement  bsp_systick.o
    0x080007d4   0x080007d4   0x00000008   Code   RO         2749    i.USART_ClearFlag   hc32f4xx_usart.o
    0x080007dc   0x080007dc   0x00000014   Code   RO         2752    i.USART_Cmd         hc32f4xx_usart.o
    0x080007f0   0x080007f0   0x0000000e   Code   RO         2755    i.USART_GetITStatus  hc32f4xx_usart.o
    0x080007fe   0x080007fe   0x00000026   Code   RO         2757    i.USART_Init        hc32f4xx_usart.o
    0x08000824   0x08000824   0x00000008   Code   RO         2765    i.USART_SendData    hc32f4xx_usart.o
    0x0800082c   0x0800082c   0x00000002   Code   RO         3102    i.UsageFault_Handler  hc32f4xx_it.o
    0x0800082e   0x0800082e   0x00000002   PAD
    0x08000830   0x08000830   0x00000020   Code   RO         3810    i.__0printf$8       mc_w.l(printf8.o)
    0x08000850   0x08000850   0x0000000e   Code   RO         3908    i.__scatterload_copy  mc_w.l(handlers.o)
    0x0800085e   0x0800085e   0x00000002   Code   RO         3909    i.__scatterload_null  mc_w.l(handlers.o)
    0x08000860   0x08000860   0x0000000e   Code   RO         3910    i.__scatterload_zeroinit  mc_w.l(handlers.o)
    0x0800086e   0x0800086e   0x00000002   PAD
    0x08000870   0x08000870   0x00000404   Code   RO         3817    i._printf_core      mc_w.l(printf8.o)
    0x08000c74   0x08000c74   0x00000024   Code   RO         3818    i._printf_post_padding  mc_w.l(printf8.o)
    0x08000c98   0x08000c98   0x0000002e   Code   RO         3819    i._printf_pre_padding  mc_w.l(printf8.o)
    0x08000cc6   0x08000cc6   0x00000016   Code   RO         3249    i.bsp_Init          bsp.o
    0x08000cdc   0x08000cdc   0x00000044   Code   RO         3290    i.bsp_InitLed       bsp_led.o
    0x08000d20   0x08000d20   0x000000dc   Code   RO         3359    i.bsp_InitUart      bsp_uart.o
    0x08000dfc   0x08000dfc   0x0000002c   Code   RO         3384    i.fputc             bsp_printf.o
    0x08000e28   0x08000e28   0x0000003c   Code   RO         3210    i.main              main.o
    0x08000e64   0x08000e64   0x00000020   Data   RO         3906    Region$$Table       anon$$obj.o


    Execution Region RW_IRAM1 (Exec base: 0x20000000, Load base: 0x08000e84, Size: 0x00004040, Max: 0x00010000, ABSOLUTE)

    Exec Addr    Load Addr    Size         Type   Attr      Idx    E Section Name        Object

    0x20000000   0x08000e84   0x00000010   Data   RW         1561    .data               hc32f4xx_rcc.o
    0x20000010   0x08000e94   0x00000004   Data   RW         3416    .data               bsp_adc.o
    0x20000014   0x08000e98   0x00000004   Data   RW         3453    .data               bsp_systick.o
    0x20000018   0x08000e9c   0x00000004   Data   RW         3880    .data               mc_w.l(stdout.o)
    0x2000001c        -       0x00000020   Zero   RW         3415    .bss                bsp_adc.o
    0x2000003c   0x08000ea0   0x00000004   PAD
    0x20000040        -       0x00004000   Zero   RW            1    STACK               startup_hc32f40_41xxx.o


==============================================================================

Image component sizes


      Code (inc. data)   RO Data    RW Data    ZI Data      Debug   Object Name

        22          0          0          0          0        483   bsp.o
        68         14          0          4         32       1058   bsp_adc.o
        40          6          0          0          0        535   bsp_exti.o
        42          0          0          0          0       1054   bsp_iwdg.o
        68          4          0          0          0        546   bsp_led.o
        44          6          0          0          0        596   bsp_printf.o
        20          4          0          4          0        960   bsp_systick.o
        44          4          0          0          0        534   bsp_timer.o
       220          8          0          0          0        979   bsp_uart.o
        62          0          0          0          0       2097   hc32f4xx_adc.o
        32         10          0          0          0       1184   hc32f4xx_exti.o
       178          0          0          0          0       2934   hc32f4xx_gpio.o
        20          0          0          0          0       5390   hc32f4xx_it.o
        68         30          0          0          0       2630   hc32f4xx_iwdg.o
       448         78          0         16          0      25169   hc32f4xx_rcc.o
        32          0          0          0          0       1906   hc32f4xx_tim.o
        88          0          0          0          0       3412   hc32f4xx_usart.o
       334        128          0          0          0       2403   main.o
        20         10          0          0          0        547   misc.o
        36          8        392          0      16384        904   startup_hc32f40_41xxx.o
         2          0          0          0          0     154469   system_hc32f4xx.o

    ----------------------------------------------------------------------
      1896        310        424         24      16420     209790   Object Totals
         0          0         32          0          0          0   (incl. Generated)
         8          0          0          0          4          0   (incl. Padding)

    ----------------------------------------------------------------------

      Code (inc. data)   RO Data    RW Data    ZI Data      Debug   Library Member Name

         0          0          0          0          0          0   entry.o
         0          0          0          0          0          0   entry10a.o
         0          0          0          0          0          0   entry11a.o
         4          0          0          0          0          0   entry12b.o
         8          4          0          0          0          0   entry2.o
         4          0          0          0          0          0   entry5.o
         0          0          0          0          0          0   entry7b.o
         0          0          0          0          0          0   entry8b.o
         8          4          0          0          0          0   entry9a.o
        30          0          0          0          0          0   handlers.o
        36          8          0          0          0         68   init.o
        30          0          0          0          0         68   llshl.o
        32          0          0          0          0         68   llushr.o
      1142         54          0          0          0        352   printf8.o
         0          0          0          4          0          0   stdout.o
        98          0          0          0          0         92   uldiv.o

    ----------------------------------------------------------------------
      1396         70          0          4          0        648   Library Totals
         4          0          0          0          0          0   (incl. Padding)

    ----------------------------------------------------------------------

      Code (inc. data)   RO Data    RW Data    ZI Data      Debug   Library Name

      1392         70          0          4          0        648   mc_w.l

    ----------------------------------------------------------------------
      1396         70          0          4          0        648   Library Totals

    ----------------------------------------------------------------------

==============================================================================


      Code (inc. data)   RO Data    RW Data    ZI Data      Debug   

      3292        380        424         28      16420     205282   Grand Totals
      3292        380        424         28      16420     205282   ELF Image Totals
      3292        380        424         28          0          0   ROM Totals

==============================================================================

    Total RO  Size (Code + RO Data)                 3716 (   3.63kB)
    Total RW  Size (RW Data + ZI Data)             16448 (  16.06kB)
    Total ROM Size (Code + RO Data + RW Data)       3744 (   3.66kB)

==============================================================================

