Component: ARM Compiler 5.06 update 7 (build 960) Tool: armlink [4d3601]

==============================================================================

Section Cross References

    startup_hc32f40_41xxx.o(RESET) refers to startup_hc32f40_41xxx.o(STACK) for __initial_sp
    startup_hc32f40_41xxx.o(RESET) refers to startup_hc32f40_41xxx.o(.text) for Reset_Handler
    startup_hc32f40_41xxx.o(RESET) refers to hc32f4xx_it.o(i.NMI_Handler) for NMI_Handler
    startup_hc32f40_41xxx.o(RESET) refers to hc32f4xx_it.o(i.HardFault_Handler) for HardFault_Handler
    startup_hc32f40_41xxx.o(RESET) refers to hc32f4xx_it.o(i.MemManage_Handler) for MemManage_Handler
    startup_hc32f40_41xxx.o(RESET) refers to hc32f4xx_it.o(i.BusFault_Handler) for BusFault_Handler
    startup_hc32f40_41xxx.o(RESET) refers to hc32f4xx_it.o(i.UsageFault_Handler) for UsageFault_Handler
    startup_hc32f40_41xxx.o(RESET) refers to hc32f4xx_it.o(i.SVC_Handler) for SVC_Handler
    startup_hc32f40_41xxx.o(RESET) refers to hc32f4xx_it.o(i.DebugMon_Handler) for DebugMon_Handler
    startup_hc32f40_41xxx.o(RESET) refers to hc32f4xx_it.o(i.PendSV_Handler) for PendSV_Handler
    startup_hc32f40_41xxx.o(RESET) refers to hc32f4xx_it.o(i.SysTick_Handler) for SysTick_Handler
    startup_hc32f40_41xxx.o(.text) refers to system_hc32f4xx.o(i.SystemInit) for SystemInit
    startup_hc32f40_41xxx.o(.text) refers to entry.o(.ARM.Collect$$$$00000000) for __main
    hc32f4xx_adc.o(i.ADC_DeInit) refers to hc32f4xx_rcc.o(i.RCC_APB2PeriphResetCmd) for RCC_APB2PeriphResetCmd
    hc32f4xx_canfd.o(i.CAN_CopyRAMToRxMessage) refers to memcpya.o(.text) for __aeabi_memcpy
    hc32f4xx_canfd.o(i.CAN_CopyTxMessageToRAM) refers to memcpya.o(.text) for __aeabi_memcpy4
    hc32f4xx_canfd.o(i.CAN_DeInit) refers to hc32f4xx_rcc.o(i.RCC_APB1PeriphResetCmd) for RCC_APB1PeriphResetCmd
    hc32f4xx_dac.o(i.DAC_DeInit) refers to hc32f4xx_rcc.o(i.RCC_APB1PeriphResetCmd) for RCC_APB1PeriphResetCmd
    hc32f4xx_fda.o(i.FDA_DeInit) refers to hc32f4xx_rcc.o(i.RCC_APB2PeriphClockCmd) for RCC_APB2PeriphClockCmd
    hc32f4xx_fda.o(i.FDA_GetCalibrateCompleteStatus) refers to hc32f4xx_fda.o(.data) for FLAG
    hc32f4xx_flash.o(i.FLASH_EraseAllSectors) refers to hc32f4xx_flash.o(i.FLASH_WaitForLastOperation) for FLASH_WaitForLastOperation
    hc32f4xx_flash.o(i.FLASH_EraseSector) refers to hc32f4xx_flash.o(i.FLASH_WaitForLastOperation) for FLASH_WaitForLastOperation
    hc32f4xx_flash.o(i.FLASH_OB_EOPBConfig) refers to hc32f4xx_flash.o(i.FLASH_WaitForLastOperation) for FLASH_WaitForLastOperation
    hc32f4xx_flash.o(i.FLASH_OB_Launch) refers to hc32f4xx_flash.o(i.FLASH_WaitForLastOperation) for FLASH_WaitForLastOperation
    hc32f4xx_flash.o(i.FLASH_OB_RDPConfig) refers to hc32f4xx_flash.o(i.FLASH_WaitForLastOperation) for FLASH_WaitForLastOperation
    hc32f4xx_flash.o(i.FLASH_OB_UserConfig) refers to hc32f4xx_flash.o(i.FLASH_WaitForLastOperation) for FLASH_WaitForLastOperation
    hc32f4xx_flash.o(i.FLASH_OB_WRP1_AddressConfig) refers to hc32f4xx_flash.o(i.FLASH_WaitForLastOperation) for FLASH_WaitForLastOperation
    hc32f4xx_flash.o(i.FLASH_OB_WRP2_AddressConfig) refers to hc32f4xx_flash.o(i.FLASH_WaitForLastOperation) for FLASH_WaitForLastOperation
    hc32f4xx_flash.o(i.FLASH_OB_WRPConfig) refers to hc32f4xx_flash.o(i.FLASH_WaitForLastOperation) for FLASH_WaitForLastOperation
    hc32f4xx_flash.o(i.FLASH_ProgramByte) refers to hc32f4xx_flash.o(i.FLASH_WaitForLastOperation) for FLASH_WaitForLastOperation
    hc32f4xx_flash.o(i.FLASH_ProgramHalfWord) refers to hc32f4xx_flash.o(i.FLASH_WaitForLastOperation) for FLASH_WaitForLastOperation
    hc32f4xx_flash.o(i.FLASH_ProgramWord) refers to hc32f4xx_flash.o(i.FLASH_WaitForLastOperation) for FLASH_WaitForLastOperation
    hc32f4xx_flash.o(i.FLASH_WaitForLastOperation) refers to hc32f4xx_flash.o(i.FLASH_GetStatus) for FLASH_GetStatus
    hc32f4xx_gpio.o(i.GPIO_DeInit) refers to hc32f4xx_rcc.o(i.RCC_AHB1PeriphResetCmd) for RCC_AHB1PeriphResetCmd
    hc32f4xx_i2c.o(i.I2C_DeInit) refers to hc32f4xx_rcc.o(i.RCC_APB1PeriphResetCmd) for RCC_APB1PeriphResetCmd
    hc32f4xx_i2s.o(i.I2S_DeInit) refers to hc32f4xx_rcc.o(i.RCC_APB1PeriphResetCmd) for RCC_APB1PeriphResetCmd
    hc32f4xx_mou.o(i.Clear_Matrix) refers to memseta.o(.text) for __aeabi_memclr4
    hc32f4xx_mou.o(i.MOU_DeInit) refers to hc32f4xx_rcc.o(i.RCC_AHB2PeriphResetCmd) for RCC_AHB2PeriphResetCmd
    hc32f4xx_mou.o(i.MOU_DeInit) refers to hc32f4xx_rcc.o(i.RCC_AHB2PeriphClockCmd) for RCC_AHB2PeriphClockCmd
    hc32f4xx_pwr.o(i.PWR_DeInit) refers to hc32f4xx_rcc.o(i.RCC_APB1PeriphResetCmd) for RCC_APB1PeriphResetCmd
    hc32f4xx_rcc.o(i.RCC_GetClocksFreq) refers to hc32f4xx_rcc.o(.data) for APBAHBPrescTable
    hc32f4xx_rcc.o(i.RCC_WaitForHSEStartUp) refers to hc32f4xx_rcc.o(i.RCC_GetFlagStatus) for RCC_GetFlagStatus
    hc32f4xx_rtc.o(i.RTC_SetAlarm) refers to hc32f4xx_rtc.o(i.RTC_EnterConfigMode) for RTC_EnterConfigMode
    hc32f4xx_rtc.o(i.RTC_SetAlarm) refers to hc32f4xx_rtc.o(i.RTC_ExitConfigMode) for RTC_ExitConfigMode
    hc32f4xx_rtc.o(i.RTC_SetCounter) refers to hc32f4xx_rtc.o(i.RTC_EnterConfigMode) for RTC_EnterConfigMode
    hc32f4xx_rtc.o(i.RTC_SetCounter) refers to hc32f4xx_rtc.o(i.RTC_ExitConfigMode) for RTC_ExitConfigMode
    hc32f4xx_rtc.o(i.RTC_SetPrescaler) refers to hc32f4xx_rtc.o(i.RTC_EnterConfigMode) for RTC_EnterConfigMode
    hc32f4xx_rtc.o(i.RTC_SetPrescaler) refers to hc32f4xx_rtc.o(i.RTC_ExitConfigMode) for RTC_ExitConfigMode
    hc32f4xx_spi.o(i.SPI_DeInit) refers to hc32f4xx_rcc.o(i.RCC_APB2PeriphResetCmd) for RCC_APB2PeriphResetCmd
    hc32f4xx_spi.o(i.SPI_DeInit) refers to hc32f4xx_rcc.o(i.RCC_APB1PeriphResetCmd) for RCC_APB1PeriphResetCmd
    hc32f4xx_syscfg.o(i.SYSCFG_DeInit) refers to hc32f4xx_rcc.o(i.RCC_APB2PeriphResetCmd) for RCC_APB2PeriphResetCmd
    hc32f4xx_tim.o(i.TIM_DeInit) refers to hc32f4xx_rcc.o(i.RCC_APB2PeriphResetCmd) for RCC_APB2PeriphResetCmd
    hc32f4xx_tim.o(i.TIM_DeInit) refers to hc32f4xx_rcc.o(i.RCC_APB1PeriphResetCmd) for RCC_APB1PeriphResetCmd
    hc32f4xx_tim.o(i.TIM_ETRClockMode1Config) refers to hc32f4xx_tim.o(i.TIM_ETRConfig) for TIM_ETRConfig
    hc32f4xx_tim.o(i.TIM_ETRClockMode2Config) refers to hc32f4xx_tim.o(i.TIM_ETRConfig) for TIM_ETRConfig
    hc32f4xx_tim.o(i.TIM_ICInit) refers to hc32f4xx_tim.o(i.TI1_Config) for TI1_Config
    hc32f4xx_tim.o(i.TIM_ICInit) refers to hc32f4xx_tim.o(i.TIM_SetIC1Prescaler) for TIM_SetIC1Prescaler
    hc32f4xx_tim.o(i.TIM_ICInit) refers to hc32f4xx_tim.o(i.TI2_Config) for TI2_Config
    hc32f4xx_tim.o(i.TIM_ICInit) refers to hc32f4xx_tim.o(i.TIM_SetIC2Prescaler) for TIM_SetIC2Prescaler
    hc32f4xx_tim.o(i.TIM_ICInit) refers to hc32f4xx_tim.o(i.TI3_Config) for TI3_Config
    hc32f4xx_tim.o(i.TIM_ICInit) refers to hc32f4xx_tim.o(i.TIM_SetIC3Prescaler) for TIM_SetIC3Prescaler
    hc32f4xx_tim.o(i.TIM_ICInit) refers to hc32f4xx_tim.o(i.TI4_Config) for TI4_Config
    hc32f4xx_tim.o(i.TIM_ICInit) refers to hc32f4xx_tim.o(i.TIM_SetIC4Prescaler) for TIM_SetIC4Prescaler
    hc32f4xx_tim.o(i.TIM_ITRxExternalClockConfig) refers to hc32f4xx_tim.o(i.TIM_SelectInputTrigger) for TIM_SelectInputTrigger
    hc32f4xx_tim.o(i.TIM_PWMIConfig) refers to hc32f4xx_tim.o(i.TI1_Config) for TI1_Config
    hc32f4xx_tim.o(i.TIM_PWMIConfig) refers to hc32f4xx_tim.o(i.TIM_SetIC1Prescaler) for TIM_SetIC1Prescaler
    hc32f4xx_tim.o(i.TIM_PWMIConfig) refers to hc32f4xx_tim.o(i.TI2_Config) for TI2_Config
    hc32f4xx_tim.o(i.TIM_PWMIConfig) refers to hc32f4xx_tim.o(i.TIM_SetIC2Prescaler) for TIM_SetIC2Prescaler
    hc32f4xx_tim.o(i.TIM_TIxExternalClockConfig) refers to hc32f4xx_tim.o(i.TI2_Config) for TI2_Config
    hc32f4xx_tim.o(i.TIM_TIxExternalClockConfig) refers to hc32f4xx_tim.o(i.TI1_Config) for TI1_Config
    hc32f4xx_tim.o(i.TIM_TIxExternalClockConfig) refers to hc32f4xx_tim.o(i.TIM_SelectInputTrigger) for TIM_SelectInputTrigger
    hc32f4xx_tim10.o(i.BTIM_DeInit) refers to hc32f4xx_rcc.o(i.RCC_APB2PeriphResetCmd) for RCC_APB2PeriphResetCmd
    hc32f4xx_tim10.o(i.BTIM_ETRClockModeConfig) refers to hc32f4xx_tim10.o(i.BTIM_ETRConfig) for BTIM_ETRConfig
    hc32f4xx_tim10.o(i.BTIM_ETRResetConfig) refers to hc32f4xx_tim10.o(i.BTIM_ETRConfig) for BTIM_ETRConfig
    hc32f4xx_tim10.o(i.BTIM_ITRxExternalClockConfig) refers to hc32f4xx_tim10.o(i.BTIM_SelectInputTrigger) for BTIM_SelectInputTrigger
    hc32f4xx_usart.o(i.USART_DeInit) refers to hc32f4xx_rcc.o(i.RCC_APB2PeriphResetCmd) for RCC_APB2PeriphResetCmd
    hc32f4xx_usart.o(i.USART_DeInit) refers to hc32f4xx_rcc.o(i.RCC_APB1PeriphResetCmd) for RCC_APB1PeriphResetCmd
    hc32f4xx_vc.o(i.VC_DeInit) refers to hc32f4xx_rcc.o(i.RCC_APB2PeriphResetCmd) for RCC_APB2PeriphResetCmd
    hc32f4xx_vc.o(i.VC_DeInit) refers to hc32f4xx_rcc.o(i.RCC_APB2PeriphClockCmd) for RCC_APB2PeriphClockCmd
    hc32f4xx_wwdg.o(i.WWDG_DeInit) refers to hc32f4xx_rcc.o(i.RCC_APB1PeriphClockCmd) for RCC_APB1PeriphClockCmd
    main.o(i.RCC_Configuration) refers to hc32f4xx_rcc.o(i.RCC_AHB1PeriphClockCmd) for RCC_AHB1PeriphClockCmd
    main.o(i.RCC_Configuration) refers to hc32f4xx_rcc.o(i.RCC_APB1PeriphClockCmd) for RCC_APB1PeriphClockCmd
    main.o(i.RCC_Configuration) refers to hc32f4xx_rcc.o(i.RCC_APB2PeriphClockCmd) for RCC_APB2PeriphClockCmd
    main.o(i.SYS_Configuration) refers to hc32f4xx_rcc.o(i.RCC_HSEConfig) for RCC_HSEConfig
    main.o(i.SYS_Configuration) refers to hc32f4xx_rcc.o(i.RCC_GetFlagStatus) for RCC_GetFlagStatus
    main.o(i.SYS_Configuration) refers to hc32f4xx_rcc.o(i.RCC_PLLCmd) for RCC_PLLCmd
    main.o(i.SYS_Configuration) refers to hc32f4xx_rcc.o(i.RCC_HCLKConfig) for RCC_HCLKConfig
    main.o(i.SYS_Configuration) refers to hc32f4xx_rcc.o(i.RCC_PCLK1Config) for RCC_PCLK1Config
    main.o(i.SYS_Configuration) refers to hc32f4xx_rcc.o(i.RCC_PCLK2Config) for RCC_PCLK2Config
    main.o(i.SYS_Configuration) refers to hc32f4xx_rcc.o(i.RCC_PLLConfig) for RCC_PLLConfig
    main.o(i.SYS_Configuration) refers to hc32f4xx_rcc.o(i.RCC_SYSCLKConfig) for RCC_SYSCLKConfig
    main.o(i.SYS_Configuration) refers to hc32f4xx_rcc.o(i.RCC_GetSYSCLKSource) for RCC_GetSYSCLKSource
    main.o(i.main) refers to main.o(i.Delay) for Delay
    main.o(i.main) refers to hc32f4xx_pwr.o(i.PWR_EnterSTOPMode) for PWR_EnterSTOPMode
    entry.o(.ARM.Collect$$$$00000000) refers (Special) to entry10a.o(.ARM.Collect$$$$0000000F) for __rt_final_cpp
    entry.o(.ARM.Collect$$$$00000000) refers (Special) to entry11a.o(.ARM.Collect$$$$00000011) for __rt_final_exit
    entry.o(.ARM.Collect$$$$00000000) refers (Special) to entry12b.o(.ARM.Collect$$$$0000000E) for __rt_lib_shutdown_fini
    entry.o(.ARM.Collect$$$$00000000) refers (Special) to entry7b.o(.ARM.Collect$$$$00000008) for _main_clock
    entry.o(.ARM.Collect$$$$00000000) refers (Special) to entry8b.o(.ARM.Collect$$$$0000000A) for _main_cpp_init
    entry.o(.ARM.Collect$$$$00000000) refers (Special) to entry9a.o(.ARM.Collect$$$$0000000B) for _main_init
    entry.o(.ARM.Collect$$$$00000000) refers (Special) to entry5.o(.ARM.Collect$$$$00000004) for _main_scatterload
    entry.o(.ARM.Collect$$$$00000000) refers (Special) to entry2.o(.ARM.Collect$$$$00000001) for _main_stk
    entry2.o(.ARM.Collect$$$$00000001) refers to entry2.o(.ARM.Collect$$$$00002712) for __lit__00000000
    entry2.o(.ARM.Collect$$$$00002712) refers to startup_hc32f40_41xxx.o(STACK) for __initial_sp
    entry2.o(__vectab_stack_and_reset_area) refers to startup_hc32f40_41xxx.o(STACK) for __initial_sp
    entry2.o(__vectab_stack_and_reset_area) refers to entry.o(.ARM.Collect$$$$00000000) for __main
    entry5.o(.ARM.Collect$$$$00000004) refers to init.o(.text) for __scatterload
    entry9a.o(.ARM.Collect$$$$0000000B) refers to main.o(i.main) for main
    entry9b.o(.ARM.Collect$$$$0000000C) refers to main.o(i.main) for main
    init.o(.text) refers to entry5.o(.ARM.Collect$$$$00000004) for __main_after_scatterload


==============================================================================

Removing Unused input sections from the image.

    Removing startup_hc32f40_41xxx.o(HEAP), (512 bytes).
    Removing system_hc32f4xx.o(.rev16_text), (4 bytes).
    Removing system_hc32f4xx.o(.revsh_text), (4 bytes).
    Removing system_hc32f4xx.o(.rrx_text), (6 bytes).
    Removing system_hc32f4xx.o(.data), (4 bytes).
    Removing hc32f4xx_adc.o(.rev16_text), (4 bytes).
    Removing hc32f4xx_adc.o(.revsh_text), (4 bytes).
    Removing hc32f4xx_adc.o(.rrx_text), (6 bytes).
    Removing hc32f4xx_adc.o(i.ADC_AnalogWatchdog0Cmd), (18 bytes).
    Removing hc32f4xx_adc.o(i.ADC_AnalogWatchdog1Cmd), (26 bytes).
    Removing hc32f4xx_adc.o(i.ADC_AnalogWatchdogThresholdsConfig), (6 bytes).
    Removing hc32f4xx_adc.o(i.ADC_ClearFlag), (12 bytes).
    Removing hc32f4xx_adc.o(i.ADC_Cmd), (22 bytes).
    Removing hc32f4xx_adc.o(i.ADC_DMACmd), (22 bytes).
    Removing hc32f4xx_adc.o(i.ADC_DMAConfig), (26 bytes).
    Removing hc32f4xx_adc.o(i.ADC_DeInit), (60 bytes).
    Removing hc32f4xx_adc.o(i.ADC_GetConversionValue), (100 bytes).
    Removing hc32f4xx_adc.o(i.ADC_GetFlagStatus), (20 bytes).
    Removing hc32f4xx_adc.o(i.ADC_ITConfig), (26 bytes).
    Removing hc32f4xx_adc.o(i.ADC_Init), (36 bytes).
    Removing hc32f4xx_adc.o(i.ADC_SQRInit), (28 bytes).
    Removing hc32f4xx_adc.o(i.ADC_SQRSampleConfig), (548 bytes).
    Removing hc32f4xx_adc.o(i.ADC_SoftwareStartConv), (6 bytes).
    Removing hc32f4xx_adc.o(i.ADC_TempSensorCmd), (22 bytes).
    Removing hc32f4xx_canfd.o(.rev16_text), (4 bytes).
    Removing hc32f4xx_canfd.o(.revsh_text), (4 bytes).
    Removing hc32f4xx_canfd.o(.rrx_text), (6 bytes).
    Removing hc32f4xx_canfd.o(i.CAN_ClearITPendingBit), (8 bytes).
    Removing hc32f4xx_canfd.o(i.CAN_CopyRAMToRxMessage), (132 bytes).
    Removing hc32f4xx_canfd.o(i.CAN_CopySIDFilterMessageToRAM), (30 bytes).
    Removing hc32f4xx_canfd.o(i.CAN_CopyTxMessageToRAM), (138 bytes).
    Removing hc32f4xx_canfd.o(i.CAN_DeInit), (36 bytes).
    Removing hc32f4xx_canfd.o(i.CAN_EnterInitMode), (66 bytes).
    Removing hc32f4xx_canfd.o(i.CAN_ExitInitMode), (52 bytes).
    Removing hc32f4xx_canfd.o(i.CAN_FilterConfig), (22 bytes).
    Removing hc32f4xx_canfd.o(i.CAN_GetITStatus), (18 bytes).
    Removing hc32f4xx_canfd.o(i.CAN_GlobalFilterInit), (26 bytes).
    Removing hc32f4xx_canfd.o(i.CAN_ITConfig), (50 bytes).
    Removing hc32f4xx_canfd.o(i.CAN_Init), (292 bytes).
    Removing hc32f4xx_canfd.o(i.CAN_RamWatchdogConfig), (12 bytes).
    Removing hc32f4xx_canfd.o(i.CAN_ReceiveBufferConfig), (26 bytes).
    Removing hc32f4xx_canfd.o(i.CAN_ReceiveFIFOConfig), (98 bytes).
    Removing hc32f4xx_canfd.o(i.CAN_RequestConfig), (18 bytes).
    Removing hc32f4xx_canfd.o(i.CAN_SendBufferConfig), (44 bytes).
    Removing hc32f4xx_canfd.o(i.CAN_SendSequenceConfig), (40 bytes).
    Removing hc32f4xx_canfd.o(i.CAN_TimeOutConfig), (26 bytes).
    Removing hc32f4xx_canfd.o(i.CAN_TimestampConfig), (14 bytes).
    Removing hc32f4xx_crc.o(.rev16_text), (4 bytes).
    Removing hc32f4xx_crc.o(.revsh_text), (4 bytes).
    Removing hc32f4xx_crc.o(.rrx_text), (6 bytes).
    Removing hc32f4xx_crc.o(i.CRC_CalcBlockCRC), (36 bytes).
    Removing hc32f4xx_crc.o(i.CRC_CalcCRC), (16 bytes).
    Removing hc32f4xx_crc.o(i.CRC_GetCRC), (12 bytes).
    Removing hc32f4xx_crc.o(i.CRC_GetIDRegister), (12 bytes).
    Removing hc32f4xx_crc.o(i.CRC_ResetDR), (12 bytes).
    Removing hc32f4xx_crc.o(i.CRC_SetIDRegister), (12 bytes).
    Removing hc32f4xx_dac.o(.rev16_text), (4 bytes).
    Removing hc32f4xx_dac.o(.revsh_text), (4 bytes).
    Removing hc32f4xx_dac.o(.rrx_text), (6 bytes).
    Removing hc32f4xx_dac.o(i.DAC_Cmd), (36 bytes).
    Removing hc32f4xx_dac.o(i.DAC_DMACmd), (36 bytes).
    Removing hc32f4xx_dac.o(i.DAC_DMATriggerConfig), (28 bytes).
    Removing hc32f4xx_dac.o(i.DAC_DeInit), (22 bytes).
    Removing hc32f4xx_dac.o(i.DAC_Init), (20 bytes).
    Removing hc32f4xx_dac.o(i.DAC_SetDACData), (12 bytes).
    Removing hc32f4xx_dbgmcu.o(.rev16_text), (4 bytes).
    Removing hc32f4xx_dbgmcu.o(.revsh_text), (4 bytes).
    Removing hc32f4xx_dbgmcu.o(.rrx_text), (6 bytes).
    Removing hc32f4xx_dbgmcu.o(i.DBGMCU_APB1PeriphConfig), (32 bytes).
    Removing hc32f4xx_dbgmcu.o(i.DBGMCU_APB2PeriphConfig), (32 bytes).
    Removing hc32f4xx_dbgmcu.o(i.DBGMCU_Config), (32 bytes).
    Removing hc32f4xx_dbgmcu.o(i.DBGMCU_GetDEVID), (16 bytes).
    Removing hc32f4xx_dbgmcu.o(i.DBGMCU_GetREVID), (12 bytes).
    Removing hc32f4xx_dma.o(.rev16_text), (4 bytes).
    Removing hc32f4xx_dma.o(.revsh_text), (4 bytes).
    Removing hc32f4xx_dma.o(.rrx_text), (6 bytes).
    Removing hc32f4xx_dma.o(i.DMA_ClearFlag), (36 bytes).
    Removing hc32f4xx_dma.o(i.DMA_ClearITPendingBit), (36 bytes).
    Removing hc32f4xx_dma.o(i.DMA_Cmd), (22 bytes).
    Removing hc32f4xx_dma.o(i.DMA_DeInit), (192 bytes).
    Removing hc32f4xx_dma.o(i.DMA_DoubleBufferModeCmd), (22 bytes).
    Removing hc32f4xx_dma.o(i.DMA_DoubleBufferModeConfig), (24 bytes).
    Removing hc32f4xx_dma.o(i.DMA_FlowControllerConfig), (22 bytes).
    Removing hc32f4xx_dma.o(i.DMA_GetCmdStatus), (20 bytes).
    Removing hc32f4xx_dma.o(i.DMA_GetCurrDataCounter), (8 bytes).
    Removing hc32f4xx_dma.o(i.DMA_GetCurrentMemoryTarget), (20 bytes).
    Removing hc32f4xx_dma.o(i.DMA_GetFIFOStatus), (12 bytes).
    Removing hc32f4xx_dma.o(i.DMA_GetFlagStatus), (52 bytes).
    Removing hc32f4xx_dma.o(i.DMA_GetITStatus), (84 bytes).
    Removing hc32f4xx_dma.o(i.DMA_ITConfig), (58 bytes).
    Removing hc32f4xx_dma.o(i.DMA_Init), (88 bytes).
    Removing hc32f4xx_dma.o(i.DMA_MemoryTargetConfig), (10 bytes).
    Removing hc32f4xx_dma.o(i.DMA_PeriphIncOffsetSizeConfig), (22 bytes).
    Removing hc32f4xx_dma.o(i.DMA_SetCurrDataCounter), (4 bytes).
    Removing hc32f4xx_dma.o(i.DMA_StructInit), (34 bytes).
    Removing hc32f4xx_exti.o(.rev16_text), (4 bytes).
    Removing hc32f4xx_exti.o(.revsh_text), (4 bytes).
    Removing hc32f4xx_exti.o(.rrx_text), (6 bytes).
    Removing hc32f4xx_exti.o(i.EXTI_ClearFlag), (12 bytes).
    Removing hc32f4xx_exti.o(i.EXTI_ClearITPendingBit), (12 bytes).
    Removing hc32f4xx_exti.o(i.EXTI_DeInit), (36 bytes).
    Removing hc32f4xx_exti.o(i.EXTI_GenerateSWInterrupt), (16 bytes).
    Removing hc32f4xx_exti.o(i.EXTI_GetFlagStatus), (24 bytes).
    Removing hc32f4xx_exti.o(i.EXTI_GetITStatus), (24 bytes).
    Removing hc32f4xx_exti.o(i.EXTI_Init), (148 bytes).
    Removing hc32f4xx_exti.o(i.EXTI_StructInit), (16 bytes).
    Removing hc32f4xx_fda.o(.rev16_text), (4 bytes).
    Removing hc32f4xx_fda.o(.revsh_text), (4 bytes).
    Removing hc32f4xx_fda.o(.rrx_text), (6 bytes).
    Removing hc32f4xx_fda.o(i.FDA_CalibrateCmd), (22 bytes).
    Removing hc32f4xx_fda.o(i.FDA_CalibrateSet), (18 bytes).
    Removing hc32f4xx_fda.o(i.FDA_Cmd), (22 bytes).
    Removing hc32f4xx_fda.o(i.FDA_DeInit), (64 bytes).
    Removing hc32f4xx_fda.o(i.FDA_FloatingInputCmd), (22 bytes).
    Removing hc32f4xx_fda.o(i.FDA_GetCalibrateCompleteStatus), (32 bytes).
    Removing hc32f4xx_fda.o(i.FDA_Init), (14 bytes).
    Removing hc32f4xx_fda.o(.data), (4 bytes).
    Removing hc32f4xx_flash.o(.rev16_text), (4 bytes).
    Removing hc32f4xx_flash.o(.revsh_text), (4 bytes).
    Removing hc32f4xx_flash.o(.rrx_text), (6 bytes).
    Removing hc32f4xx_flash.o(i.FLASH_ClearFlag), (12 bytes).
    Removing hc32f4xx_flash.o(i.FLASH_EraseAllSectors), (72 bytes).
    Removing hc32f4xx_flash.o(i.FLASH_EraseSector), (88 bytes).
    Removing hc32f4xx_flash.o(i.FLASH_GetFlagStatus), (24 bytes).
    Removing hc32f4xx_flash.o(i.FLASH_GetStatus), (84 bytes).
    Removing hc32f4xx_flash.o(i.FLASH_ITConfig), (32 bytes).
    Removing hc32f4xx_flash.o(i.FLASH_InstructionCacheCmd), (36 bytes).
    Removing hc32f4xx_flash.o(i.FLASH_InstructionCacheReset), (20 bytes).
    Removing hc32f4xx_flash.o(i.FLASH_Lock), (20 bytes).
    Removing hc32f4xx_flash.o(i.FLASH_OB_EOPBConfig), (28 bytes).
    Removing hc32f4xx_flash.o(i.FLASH_OB_GetRDP), (24 bytes).
    Removing hc32f4xx_flash.o(i.FLASH_OB_GetUser), (16 bytes).
    Removing hc32f4xx_flash.o(i.FLASH_OB_GetWRP), (12 bytes).
    Removing hc32f4xx_flash.o(i.FLASH_OB_Launch), (32 bytes).
    Removing hc32f4xx_flash.o(i.FLASH_OB_Lock), (20 bytes).
    Removing hc32f4xx_flash.o(i.FLASH_OB_RDPConfig), (28 bytes).
    Removing hc32f4xx_flash.o(i.FLASH_OB_Unlock), (36 bytes).
    Removing hc32f4xx_flash.o(i.FLASH_OB_UserConfig), (48 bytes).
    Removing hc32f4xx_flash.o(i.FLASH_OB_WRP1_AddressConfig), (32 bytes).
    Removing hc32f4xx_flash.o(i.FLASH_OB_WRP2_AddressConfig), (32 bytes).
    Removing hc32f4xx_flash.o(i.FLASH_OB_WRPConfig), (32 bytes).
    Removing hc32f4xx_flash.o(i.FLASH_PrefetchBufferCmd), (36 bytes).
    Removing hc32f4xx_flash.o(i.FLASH_ProgramByte), (76 bytes).
    Removing hc32f4xx_flash.o(i.FLASH_ProgramHalfWord), (80 bytes).
    Removing hc32f4xx_flash.o(i.FLASH_ProgramWord), (80 bytes).
    Removing hc32f4xx_flash.o(i.FLASH_Unlock), (36 bytes).
    Removing hc32f4xx_flash.o(i.FLASH_WaitForLastOperation), (34 bytes).
    Removing hc32f4xx_gpio.o(.rev16_text), (4 bytes).
    Removing hc32f4xx_gpio.o(.revsh_text), (4 bytes).
    Removing hc32f4xx_gpio.o(.rrx_text), (6 bytes).
    Removing hc32f4xx_gpio.o(i.GPIO_DeInit), (116 bytes).
    Removing hc32f4xx_gpio.o(i.GPIO_Init), (144 bytes).
    Removing hc32f4xx_gpio.o(i.GPIO_PinAFConfig), (70 bytes).
    Removing hc32f4xx_gpio.o(i.GPIO_PinLockConfig), (34 bytes).
    Removing hc32f4xx_gpio.o(i.GPIO_ReadInputData), (8 bytes).
    Removing hc32f4xx_gpio.o(i.GPIO_ReadInputDataBit), (18 bytes).
    Removing hc32f4xx_gpio.o(i.GPIO_ReadOutputData), (8 bytes).
    Removing hc32f4xx_gpio.o(i.GPIO_ReadOutputDataBit), (18 bytes).
    Removing hc32f4xx_gpio.o(i.GPIO_ResetBits), (4 bytes).
    Removing hc32f4xx_gpio.o(i.GPIO_SetBits), (4 bytes).
    Removing hc32f4xx_gpio.o(i.GPIO_StructInit), (18 bytes).
    Removing hc32f4xx_gpio.o(i.GPIO_ToggleBits), (8 bytes).
    Removing hc32f4xx_gpio.o(i.GPIO_Write), (4 bytes).
    Removing hc32f4xx_gpio.o(i.GPIO_WriteBit), (10 bytes).
    Removing hc32f4xx_i2c.o(.rev16_text), (4 bytes).
    Removing hc32f4xx_i2c.o(.revsh_text), (4 bytes).
    Removing hc32f4xx_i2c.o(.rrx_text), (6 bytes).
    Removing hc32f4xx_i2c.o(i.I2C_AcknowledgeConfig), (22 bytes).
    Removing hc32f4xx_i2c.o(i.I2C_ClearFlag), (6 bytes).
    Removing hc32f4xx_i2c.o(i.I2C_Cmd), (22 bytes).
    Removing hc32f4xx_i2c.o(i.I2C_DMACmd), (22 bytes).
    Removing hc32f4xx_i2c.o(i.I2C_DMALastTransferCmd), (22 bytes).
    Removing hc32f4xx_i2c.o(i.I2C_DeInit), (64 bytes).
    Removing hc32f4xx_i2c.o(i.I2C_GCAddressCmd), (6 bytes).
    Removing hc32f4xx_i2c.o(i.I2C_GenerateSTART), (22 bytes).
    Removing hc32f4xx_i2c.o(i.I2C_GenerateSTOP), (22 bytes).
    Removing hc32f4xx_i2c.o(i.I2C_GetITStatus), (8 bytes).
    Removing hc32f4xx_i2c.o(i.I2C_Init), (20 bytes).
    Removing hc32f4xx_i2c.o(i.I2C_OwnAddress0Config), (6 bytes).
    Removing hc32f4xx_i2c.o(i.I2C_OwnAddress1Config), (6 bytes).
    Removing hc32f4xx_i2c.o(i.I2C_OwnAddress2Config), (6 bytes).
    Removing hc32f4xx_i2c.o(i.I2C_ReceiveData), (8 bytes).
    Removing hc32f4xx_i2c.o(i.I2C_SendData), (4 bytes).
    Removing hc32f4xx_i2s.o(.rev16_text), (4 bytes).
    Removing hc32f4xx_i2s.o(.revsh_text), (4 bytes).
    Removing hc32f4xx_i2s.o(.rrx_text), (6 bytes).
    Removing hc32f4xx_i2s.o(i.I2S_BlockCmd), (20 bytes).
    Removing hc32f4xx_i2s.o(i.I2S_ClearFlag), (18 bytes).
    Removing hc32f4xx_i2s.o(i.I2S_Cmd), (22 bytes).
    Removing hc32f4xx_i2s.o(i.I2S_DMACmd), (6 bytes).
    Removing hc32f4xx_i2s.o(i.I2S_DeInit), (60 bytes).
    Removing hc32f4xx_i2s.o(i.I2S_GetITStatus), (18 bytes).
    Removing hc32f4xx_i2s.o(i.I2S_ITConfig), (18 bytes).
    Removing hc32f4xx_i2s.o(i.I2S_Init), (96 bytes).
    Removing hc32f4xx_i2s.o(i.I2S_ReceiveLeftData), (6 bytes).
    Removing hc32f4xx_i2s.o(i.I2S_ReceiveRightData), (6 bytes).
    Removing hc32f4xx_i2s.o(i.I2S_SendLeftData), (4 bytes).
    Removing hc32f4xx_i2s.o(i.I2S_SendRightData), (4 bytes).
    Removing hc32f4xx_i2s.o(i.I2S_Threshold_Config), (10 bytes).
    Removing hc32f4xx_iwdg.o(.rev16_text), (4 bytes).
    Removing hc32f4xx_iwdg.o(.revsh_text), (4 bytes).
    Removing hc32f4xx_iwdg.o(.rrx_text), (6 bytes).
    Removing hc32f4xx_iwdg.o(i.IWDG_Enable), (16 bytes).
    Removing hc32f4xx_iwdg.o(i.IWDG_GetFlagStatus), (24 bytes).
    Removing hc32f4xx_iwdg.o(i.IWDG_ReloadCounter), (16 bytes).
    Removing hc32f4xx_iwdg.o(i.IWDG_SetPrescaler), (12 bytes).
    Removing hc32f4xx_iwdg.o(i.IWDG_SetReload), (12 bytes).
    Removing hc32f4xx_iwdg.o(i.IWDG_WriteAccessCmd), (12 bytes).
    Removing hc32f4xx_mou.o(.rev16_text), (4 bytes).
    Removing hc32f4xx_mou.o(.revsh_text), (4 bytes).
    Removing hc32f4xx_mou.o(.rrx_text), (6 bytes).
    Removing hc32f4xx_mou.o(i.Clear_Matrix), (48 bytes).
    Removing hc32f4xx_mou.o(i.MOU_ClearFlag), (16 bytes).
    Removing hc32f4xx_mou.o(i.MOU_DeInit), (20 bytes).
    Removing hc32f4xx_mou.o(i.MOU_GetFlagStatus), (24 bytes).
    Removing hc32f4xx_mou.o(i.MOU_ITConfig), (32 bytes).
    Removing hc32f4xx_mou.o(i.MOU_Init), (28 bytes).
    Removing hc32f4xx_mou.o(i.MOU_MatrixConfig), (28 bytes).
    Removing hc32f4xx_mou.o(i.MOU_PauseCmd), (36 bytes).
    Removing hc32f4xx_mou.o(i.MOU_SoftwareStartConv), (20 bytes).
    Removing hc32f4xx_pwr.o(.rev16_text), (4 bytes).
    Removing hc32f4xx_pwr.o(.revsh_text), (4 bytes).
    Removing hc32f4xx_pwr.o(.rrx_text), (6 bytes).
    Removing hc32f4xx_pwr.o(i.PWR_ClearFlag), (20 bytes).
    Removing hc32f4xx_pwr.o(i.PWR_DeInit), (22 bytes).
    Removing hc32f4xx_pwr.o(i.PWR_EnterSTANDBYMode), (40 bytes).
    Removing hc32f4xx_pwr.o(i.PWR_GetFlagStatus), (24 bytes).
    Removing hc32f4xx_pwr.o(i.PWR_MainRegulatorModeConfig), (24 bytes).
    Removing hc32f4xx_pwr.o(i.PWR_PVDCmd), (12 bytes).
    Removing hc32f4xx_pwr.o(i.PWR_PVDLevelConfig), (24 bytes).
    Removing hc32f4xx_pwr.o(i.PWR_WakeUpPinCmd), (12 bytes).
    Removing hc32f4xx_rcc.o(.rev16_text), (4 bytes).
    Removing hc32f4xx_rcc.o(.revsh_text), (4 bytes).
    Removing hc32f4xx_rcc.o(.rrx_text), (6 bytes).
    Removing hc32f4xx_rcc.o(i.RCC_AHB1PeriphClockCmd), (32 bytes).
    Removing hc32f4xx_rcc.o(i.RCC_AHB1PeriphClockLPModeCmd), (32 bytes).
    Removing hc32f4xx_rcc.o(i.RCC_AHB1PeriphResetCmd), (32 bytes).
    Removing hc32f4xx_rcc.o(i.RCC_AHB2PeriphClockCmd), (32 bytes).
    Removing hc32f4xx_rcc.o(i.RCC_AHB2PeriphResetCmd), (32 bytes).
    Removing hc32f4xx_rcc.o(i.RCC_APB1PeriphClockCmd), (32 bytes).
    Removing hc32f4xx_rcc.o(i.RCC_APB1PeriphClockLPModeCmd), (32 bytes).
    Removing hc32f4xx_rcc.o(i.RCC_APB1PeriphResetCmd), (32 bytes).
    Removing hc32f4xx_rcc.o(i.RCC_APB2PeriphClockCmd), (32 bytes).
    Removing hc32f4xx_rcc.o(i.RCC_APB2PeriphClockLPModeCmd), (32 bytes).
    Removing hc32f4xx_rcc.o(i.RCC_APB2PeriphResetCmd), (32 bytes).
    Removing hc32f4xx_rcc.o(i.RCC_AdjustHSICalibrationValue), (24 bytes).
    Removing hc32f4xx_rcc.o(i.RCC_BackupResetCmd), (12 bytes).
    Removing hc32f4xx_rcc.o(i.RCC_ClearFlag), (20 bytes).
    Removing hc32f4xx_rcc.o(i.RCC_ClearITPendingBit), (12 bytes).
    Removing hc32f4xx_rcc.o(i.RCC_ClockSecuritySystemCmd), (12 bytes).
    Removing hc32f4xx_rcc.o(i.RCC_DeInit), (84 bytes).
    Removing hc32f4xx_rcc.o(i.RCC_GetClocksFreq), (232 bytes).
    Removing hc32f4xx_rcc.o(i.RCC_GetFlagStatus), (64 bytes).
    Removing hc32f4xx_rcc.o(i.RCC_GetITStatus), (24 bytes).
    Removing hc32f4xx_rcc.o(i.RCC_GetSYSCLKSource), (16 bytes).
    Removing hc32f4xx_rcc.o(i.RCC_HCLKConfig), (24 bytes).
    Removing hc32f4xx_rcc.o(i.RCC_HSEConfig), (16 bytes).
    Removing hc32f4xx_rcc.o(i.RCC_HSICmd), (12 bytes).
    Removing hc32f4xx_rcc.o(i.RCC_ITConfig), (32 bytes).
    Removing hc32f4xx_rcc.o(i.RCC_LSEConfig), (36 bytes).
    Removing hc32f4xx_rcc.o(i.RCC_LSICmd), (12 bytes).
    Removing hc32f4xx_rcc.o(i.RCC_MCO1Config), (28 bytes).
    Removing hc32f4xx_rcc.o(i.RCC_MCO2Config), (28 bytes).
    Removing hc32f4xx_rcc.o(i.RCC_PCLK1Config), (24 bytes).
    Removing hc32f4xx_rcc.o(i.RCC_PCLK2Config), (24 bytes).
    Removing hc32f4xx_rcc.o(i.RCC_PLLCmd), (12 bytes).
    Removing hc32f4xx_rcc.o(i.RCC_PLLConfig), (36 bytes).
    Removing hc32f4xx_rcc.o(i.RCC_PLLI2SCmd), (12 bytes).
    Removing hc32f4xx_rcc.o(i.RCC_PLLSAICmd), (12 bytes).
    Removing hc32f4xx_rcc.o(i.RCC_PLLSAIConfig), (2 bytes).
    Removing hc32f4xx_rcc.o(i.RCC_RTCCLKCmd), (12 bytes).
    Removing hc32f4xx_rcc.o(i.RCC_RTCCLKConfig), (40 bytes).
    Removing hc32f4xx_rcc.o(i.RCC_SYSCLKConfig), (24 bytes).
    Removing hc32f4xx_rcc.o(i.RCC_TIMCLKPresConfig), (12 bytes).
    Removing hc32f4xx_rcc.o(i.RCC_WaitForHSEStartUp), (56 bytes).
    Removing hc32f4xx_rcc.o(.data), (16 bytes).
    Removing hc32f4xx_rtc.o(.rev16_text), (4 bytes).
    Removing hc32f4xx_rtc.o(.revsh_text), (4 bytes).
    Removing hc32f4xx_rtc.o(.rrx_text), (6 bytes).
    Removing hc32f4xx_rtc.o(i.RTC_ClearFlag), (20 bytes).
    Removing hc32f4xx_rtc.o(i.RTC_ClearITPendingBit), (20 bytes).
    Removing hc32f4xx_rtc.o(i.RTC_EnterConfigMode), (20 bytes).
    Removing hc32f4xx_rtc.o(i.RTC_ExitConfigMode), (20 bytes).
    Removing hc32f4xx_rtc.o(i.RTC_GetCounter), (24 bytes).
    Removing hc32f4xx_rtc.o(i.RTC_GetDivider), (24 bytes).
    Removing hc32f4xx_rtc.o(i.RTC_GetFlagStatus), (24 bytes).
    Removing hc32f4xx_rtc.o(i.RTC_GetITStatus), (36 bytes).
    Removing hc32f4xx_rtc.o(i.RTC_ITConfig), (36 bytes).
    Removing hc32f4xx_rtc.o(i.RTC_SetAlarm), (32 bytes).
    Removing hc32f4xx_rtc.o(i.RTC_SetCounter), (32 bytes).
    Removing hc32f4xx_rtc.o(i.RTC_SetPrescaler), (32 bytes).
    Removing hc32f4xx_rtc.o(i.RTC_WaitForLastTask), (20 bytes).
    Removing hc32f4xx_rtc.o(i.RTC_WaitForSynchro), (36 bytes).
    Removing hc32f4xx_spi.o(.rev16_text), (4 bytes).
    Removing hc32f4xx_spi.o(.revsh_text), (4 bytes).
    Removing hc32f4xx_spi.o(.rrx_text), (6 bytes).
    Removing hc32f4xx_spi.o(i.QSPI_Init), (40 bytes).
    Removing hc32f4xx_spi.o(i.SPI_AssertSSCmd), (22 bytes).
    Removing hc32f4xx_spi.o(i.SPI_ClearFlag), (6 bytes).
    Removing hc32f4xx_spi.o(i.SPI_Cmd), (22 bytes).
    Removing hc32f4xx_spi.o(i.SPI_DMACmd), (24 bytes).
    Removing hc32f4xx_spi.o(i.SPI_DeInit), (88 bytes).
    Removing hc32f4xx_spi.o(i.SPI_GetFlagStatus), (18 bytes).
    Removing hc32f4xx_spi.o(i.SPI_GetITStatus), (18 bytes).
    Removing hc32f4xx_spi.o(i.SPI_ITConfig), (18 bytes).
    Removing hc32f4xx_spi.o(i.SPI_Init), (112 bytes).
    Removing hc32f4xx_spi.o(i.SPI_MicrowireConfig), (12 bytes).
    Removing hc32f4xx_spi.o(i.SPI_RXCapacityConfig), (4 bytes).
    Removing hc32f4xx_spi.o(i.SPI_RXDMAConfig), (4 bytes).
    Removing hc32f4xx_spi.o(i.SPI_RXFIFOConfig), (4 bytes).
    Removing hc32f4xx_spi.o(i.SPI_ReceiveFIFO), (6 bytes).
    Removing hc32f4xx_spi.o(i.SPI_SendByteFIFO), (4 bytes).
    Removing hc32f4xx_spi.o(i.SPI_SendHalfWordFIFO), (4 bytes).
    Removing hc32f4xx_spi.o(i.SPI_SendWordFIFO), (4 bytes).
    Removing hc32f4xx_spi.o(i.SPI_StructInit), (22 bytes).
    Removing hc32f4xx_spi.o(i.SPI_TXDMAConfig), (4 bytes).
    Removing hc32f4xx_spi.o(i.SPI_TXFIFOConfig), (4 bytes).
    Removing hc32f4xx_spi.o(i.SPI_TestConfig), (22 bytes).
    Removing hc32f4xx_syscfg.o(.rev16_text), (4 bytes).
    Removing hc32f4xx_syscfg.o(.revsh_text), (4 bytes).
    Removing hc32f4xx_syscfg.o(.rrx_text), (6 bytes).
    Removing hc32f4xx_syscfg.o(i.SYSCFG_DeInit), (22 bytes).
    Removing hc32f4xx_syscfg.o(i.SYSCFG_EXTILineConfig), (64 bytes).
    Removing hc32f4xx_syscfg.o(i.SYSCFG_MemoryRemapConfig), (12 bytes).
    Removing hc32f4xx_tim.o(.rev16_text), (4 bytes).
    Removing hc32f4xx_tim.o(.revsh_text), (4 bytes).
    Removing hc32f4xx_tim.o(.rrx_text), (6 bytes).
    Removing hc32f4xx_tim.o(i.TI1_Config), (62 bytes).
    Removing hc32f4xx_tim.o(i.TI2_Config), (84 bytes).
    Removing hc32f4xx_tim.o(i.TI3_Config), (76 bytes).
    Removing hc32f4xx_tim.o(i.TI4_Config), (84 bytes).
    Removing hc32f4xx_tim.o(i.TIM_ARRPreloadConfig), (24 bytes).
    Removing hc32f4xx_tim.o(i.TIM_BDTRConfig), (30 bytes).
    Removing hc32f4xx_tim.o(i.TIM_BDTRStructInit), (18 bytes).
    Removing hc32f4xx_tim.o(i.TIM_CCPreloadControl), (24 bytes).
    Removing hc32f4xx_tim.o(i.TIM_CCxCmd), (34 bytes).
    Removing hc32f4xx_tim.o(i.TIM_CCxNCmd), (34 bytes).
    Removing hc32f4xx_tim.o(i.TIM_ClearFlag), (8 bytes).
    Removing hc32f4xx_tim.o(i.TIM_ClearITPendingBit), (8 bytes).
    Removing hc32f4xx_tim.o(i.TIM_ClearOC1Ref), (16 bytes).
    Removing hc32f4xx_tim.o(i.TIM_ClearOC2Ref), (18 bytes).
    Removing hc32f4xx_tim.o(i.TIM_ClearOC3Ref), (16 bytes).
    Removing hc32f4xx_tim.o(i.TIM_ClearOC4Ref), (18 bytes).
    Removing hc32f4xx_tim.o(i.TIM_Cmd), (24 bytes).
    Removing hc32f4xx_tim.o(i.TIM_CounterModeConfig), (20 bytes).
    Removing hc32f4xx_tim.o(i.TIM_CtrlPWMOutputs), (22 bytes).
    Removing hc32f4xx_tim.o(i.TIM_DMACmd), (24 bytes).
    Removing hc32f4xx_tim.o(i.TIM_DMAConfig), (8 bytes).
    Removing hc32f4xx_tim.o(i.TIM_DeInit), (256 bytes).
    Removing hc32f4xx_tim.o(i.TIM_ETRClockMode1Config), (56 bytes).
    Removing hc32f4xx_tim.o(i.TIM_ETRClockMode2Config), (32 bytes).
    Removing hc32f4xx_tim.o(i.TIM_ETRConfig), (30 bytes).
    Removing hc32f4xx_tim.o(i.TIM_EncoderInterfaceConfig), (72 bytes).
    Removing hc32f4xx_tim.o(i.TIM_ForcedOC1Config), (12 bytes).
    Removing hc32f4xx_tim.o(i.TIM_ForcedOC2Config), (18 bytes).
    Removing hc32f4xx_tim.o(i.TIM_ForcedOC3Config), (16 bytes).
    Removing hc32f4xx_tim.o(i.TIM_ForcedOC4Config), (18 bytes).
    Removing hc32f4xx_tim.o(i.TIM_GenerateEvent), (4 bytes).
    Removing hc32f4xx_tim.o(i.TIM_GetCapture1), (6 bytes).
    Removing hc32f4xx_tim.o(i.TIM_GetCapture2), (6 bytes).
    Removing hc32f4xx_tim.o(i.TIM_GetCapture3), (6 bytes).
    Removing hc32f4xx_tim.o(i.TIM_GetCapture4), (6 bytes).
    Removing hc32f4xx_tim.o(i.TIM_GetCounter), (6 bytes).
    Removing hc32f4xx_tim.o(i.TIM_GetFlagStatus), (18 bytes).
    Removing hc32f4xx_tim.o(i.TIM_GetITStatus), (34 bytes).
    Removing hc32f4xx_tim.o(i.TIM_GetPrescaler), (8 bytes).
    Removing hc32f4xx_tim.o(i.TIM_ICInit), (110 bytes).
    Removing hc32f4xx_tim.o(i.TIM_ICStructInit), (18 bytes).
    Removing hc32f4xx_tim.o(i.TIM_ITConfig), (24 bytes).
    Removing hc32f4xx_tim.o(i.TIM_ITRxExternalClockConfig), (24 bytes).
    Removing hc32f4xx_tim.o(i.TIM_InternalClockConfig), (12 bytes).
    Removing hc32f4xx_tim.o(i.TIM_OC1FastConfig), (16 bytes).
    Removing hc32f4xx_tim.o(i.TIM_OC1Init), (116 bytes).
    Removing hc32f4xx_tim.o(i.TIM_OC1NPolarityConfig), (20 bytes).
    Removing hc32f4xx_tim.o(i.TIM_OC1PolarityConfig), (20 bytes).
    Removing hc32f4xx_tim.o(i.TIM_OC1PreloadConfig), (16 bytes).
    Removing hc32f4xx_tim.o(i.TIM_OC2FastConfig), (18 bytes).
    Removing hc32f4xx_tim.o(i.TIM_OC2Init), (128 bytes).
    Removing hc32f4xx_tim.o(i.TIM_OC2NPolarityConfig), (28 bytes).
    Removing hc32f4xx_tim.o(i.TIM_OC2PolarityConfig), (28 bytes).
    Removing hc32f4xx_tim.o(i.TIM_OC2PreloadConfig), (18 bytes).
    Removing hc32f4xx_tim.o(i.TIM_OC3FastConfig), (16 bytes).
    Removing hc32f4xx_tim.o(i.TIM_OC3Init), (128 bytes).
    Removing hc32f4xx_tim.o(i.TIM_OC3NPolarityConfig), (28 bytes).
    Removing hc32f4xx_tim.o(i.TIM_OC3PolarityConfig), (28 bytes).
    Removing hc32f4xx_tim.o(i.TIM_OC3PreloadConfig), (16 bytes).
    Removing hc32f4xx_tim.o(i.TIM_OC4FastConfig), (18 bytes).
    Removing hc32f4xx_tim.o(i.TIM_OC4Init), (100 bytes).
    Removing hc32f4xx_tim.o(i.TIM_OC4PolarityConfig), (28 bytes).
    Removing hc32f4xx_tim.o(i.TIM_OC4PreloadConfig), (18 bytes).
    Removing hc32f4xx_tim.o(i.TIM_OCStructInit), (20 bytes).
    Removing hc32f4xx_tim.o(i.TIM_PWMIConfig), (124 bytes).
    Removing hc32f4xx_tim.o(i.TIM_PrescalerConfig), (6 bytes).
    Removing hc32f4xx_tim.o(i.TIM_SelectCCDMA), (24 bytes).
    Removing hc32f4xx_tim.o(i.TIM_SelectCOM), (24 bytes).
    Removing hc32f4xx_tim.o(i.TIM_SelectHallSensor), (24 bytes).
    Removing hc32f4xx_tim.o(i.TIM_SelectInputTrigger), (20 bytes).
    Removing hc32f4xx_tim.o(i.TIM_SelectMasterSlaveMode), (18 bytes).
    Removing hc32f4xx_tim.o(i.TIM_SelectOCxM), (90 bytes).
    Removing hc32f4xx_tim.o(i.TIM_SelectOnePulseMode), (18 bytes).
    Removing hc32f4xx_tim.o(i.TIM_SelectOutputTrigger), (18 bytes).
    Removing hc32f4xx_tim.o(i.TIM_SelectSlaveMode), (18 bytes).
    Removing hc32f4xx_tim.o(i.TIM_SetAutoreload), (4 bytes).
    Removing hc32f4xx_tim.o(i.TIM_SetClockDivision), (18 bytes).
    Removing hc32f4xx_tim.o(i.TIM_SetCompare1), (4 bytes).
    Removing hc32f4xx_tim.o(i.TIM_SetCompare2), (4 bytes).
    Removing hc32f4xx_tim.o(i.TIM_SetCompare3), (4 bytes).
    Removing hc32f4xx_tim.o(i.TIM_SetCompare4), (4 bytes).
    Removing hc32f4xx_tim.o(i.TIM_SetCounter), (4 bytes).
    Removing hc32f4xx_tim.o(i.TIM_SetIC1Prescaler), (18 bytes).
    Removing hc32f4xx_tim.o(i.TIM_SetIC2Prescaler), (26 bytes).
    Removing hc32f4xx_tim.o(i.TIM_SetIC3Prescaler), (18 bytes).
    Removing hc32f4xx_tim.o(i.TIM_SetIC4Prescaler), (26 bytes).
    Removing hc32f4xx_tim.o(i.TIM_TIxExternalClockConfig), (62 bytes).
    Removing hc32f4xx_tim.o(i.TIM_TimeBaseInit), (68 bytes).
    Removing hc32f4xx_tim.o(i.TIM_TimeBaseStructInit), (18 bytes).
    Removing hc32f4xx_tim.o(i.TIM_UpdateDisableConfig), (24 bytes).
    Removing hc32f4xx_tim.o(i.TIM_UpdateRequestConfig), (24 bytes).
    Removing hc32f4xx_tim10.o(.rev16_text), (4 bytes).
    Removing hc32f4xx_tim10.o(.revsh_text), (4 bytes).
    Removing hc32f4xx_tim10.o(.rrx_text), (6 bytes).
    Removing hc32f4xx_tim10.o(i.BTIM_ClearITPendingBit), (8 bytes).
    Removing hc32f4xx_tim10.o(i.BTIM_Cmd), (24 bytes).
    Removing hc32f4xx_tim10.o(i.BTIM_DeInit), (22 bytes).
    Removing hc32f4xx_tim10.o(i.BTIM_ETRClockModeConfig), (38 bytes).
    Removing hc32f4xx_tim10.o(i.BTIM_ETRConfig), (24 bytes).
    Removing hc32f4xx_tim10.o(i.BTIM_ETRResetConfig), (28 bytes).
    Removing hc32f4xx_tim10.o(i.BTIM_GetITStatus), (34 bytes).
    Removing hc32f4xx_tim10.o(i.BTIM_ITConfig), (24 bytes).
    Removing hc32f4xx_tim10.o(i.BTIM_ITRxExternalClockConfig), (24 bytes).
    Removing hc32f4xx_tim10.o(i.BTIM_SelectInputResetConfig), (28 bytes).
    Removing hc32f4xx_tim10.o(i.BTIM_SelectInputTrigger), (18 bytes).
    Removing hc32f4xx_tim10.o(i.BTIM_SelectOnePulseMode), (18 bytes).
    Removing hc32f4xx_tim10.o(i.BTIM_SelectOutputTrigger), (18 bytes).
    Removing hc32f4xx_tim10.o(i.BTIM_TOGMutexConfig), (22 bytes).
    Removing hc32f4xx_tim10.o(i.BTIM_TimeBaseInit), (14 bytes).
    Removing hc32f4xx_tim10.o(i.BTIM_UpdateDisableConfig), (24 bytes).
    Removing hc32f4xx_usart.o(.rev16_text), (4 bytes).
    Removing hc32f4xx_usart.o(.revsh_text), (4 bytes).
    Removing hc32f4xx_usart.o(.rrx_text), (6 bytes).
    Removing hc32f4xx_usart.o(i.USART_AddressCmd), (22 bytes).
    Removing hc32f4xx_usart.o(i.USART_ClearFlag), (8 bytes).
    Removing hc32f4xx_usart.o(i.USART_ClearRCNT), (6 bytes).
    Removing hc32f4xx_usart.o(i.USART_ClockInit), (34 bytes).
    Removing hc32f4xx_usart.o(i.USART_Cmd), (18 bytes).
    Removing hc32f4xx_usart.o(i.USART_DMACmd), (18 bytes).
    Removing hc32f4xx_usart.o(i.USART_DeInit), (152 bytes).
    Removing hc32f4xx_usart.o(i.USART_GetITStatus), (18 bytes).
    Removing hc32f4xx_usart.o(i.USART_ITConfig), (18 bytes).
    Removing hc32f4xx_usart.o(i.USART_Init), (36 bytes).
    Removing hc32f4xx_usart.o(i.USART_LINBreakDetectLengthConfig), (12 bytes).
    Removing hc32f4xx_usart.o(i.USART_LINCmd), (22 bytes).
    Removing hc32f4xx_usart.o(i.USART_RCNT_Config), (4 bytes).
    Removing hc32f4xx_usart.o(i.USART_RX_INVConfig), (22 bytes).
    Removing hc32f4xx_usart.o(i.USART_ReceiveData), (88 bytes).
    Removing hc32f4xx_usart.o(i.USART_SYNCCmd), (22 bytes).
    Removing hc32f4xx_usart.o(i.USART_SendBreak), (8 bytes).
    Removing hc32f4xx_usart.o(i.USART_SendData), (8 bytes).
    Removing hc32f4xx_usart.o(i.USART_SendIdle), (8 bytes).
    Removing hc32f4xx_usart.o(i.USART_SetAddress), (4 bytes).
    Removing hc32f4xx_usart.o(i.USART_SetAddressMASK), (4 bytes).
    Removing hc32f4xx_usart.o(i.USART_TX_INVConfig), (22 bytes).
    Removing hc32f4xx_vc.o(.rev16_text), (4 bytes).
    Removing hc32f4xx_vc.o(.revsh_text), (4 bytes).
    Removing hc32f4xx_vc.o(.rrx_text), (6 bytes).
    Removing hc32f4xx_vc.o(i.VC_BlankConfig), (32 bytes).
    Removing hc32f4xx_vc.o(i.VC_ClearFlag), (6 bytes).
    Removing hc32f4xx_vc.o(i.VC_Cmd), (22 bytes).
    Removing hc32f4xx_vc.o(i.VC_DeInit), (96 bytes).
    Removing hc32f4xx_vc.o(i.VC_GetFlagStatus), (18 bytes).
    Removing hc32f4xx_vc.o(i.VC_ITConfig), (34 bytes).
    Removing hc32f4xx_vc.o(i.VC_Init), (42 bytes).
    Removing hc32f4xx_vc.o(i.VC_WindowCmd), (22 bytes).
    Removing hc32f4xx_wwdg.o(.rev16_text), (4 bytes).
    Removing hc32f4xx_wwdg.o(.revsh_text), (4 bytes).
    Removing hc32f4xx_wwdg.o(.rrx_text), (6 bytes).
    Removing hc32f4xx_wwdg.o(i.WWDG_ClearFlag), (12 bytes).
    Removing hc32f4xx_wwdg.o(i.WWDG_DeInit), (22 bytes).
    Removing hc32f4xx_wwdg.o(i.WWDG_Enable), (16 bytes).
    Removing hc32f4xx_wwdg.o(i.WWDG_EnableIT), (12 bytes).
    Removing hc32f4xx_wwdg.o(i.WWDG_GetFlagStatus), (20 bytes).
    Removing hc32f4xx_wwdg.o(i.WWDG_SetCounter), (16 bytes).
    Removing hc32f4xx_wwdg.o(i.WWDG_SetPrescaler), (24 bytes).
    Removing hc32f4xx_wwdg.o(i.WWDG_SetWindowValue), (40 bytes).
    Removing misc.o(.rev16_text), (4 bytes).
    Removing misc.o(.revsh_text), (4 bytes).
    Removing misc.o(.rrx_text), (6 bytes).
    Removing misc.o(i.NVIC_Init), (120 bytes).
    Removing misc.o(i.NVIC_PriorityGroupConfig), (20 bytes).
    Removing misc.o(i.NVIC_SetVectorTable), (20 bytes).
    Removing misc.o(i.NVIC_SystemLPConfig), (32 bytes).
    Removing misc.o(i.SysTick_CLKSourceConfig), (40 bytes).
    Removing hc32f4xx_it.o(.rev16_text), (4 bytes).
    Removing hc32f4xx_it.o(.revsh_text), (4 bytes).
    Removing hc32f4xx_it.o(.rrx_text), (6 bytes).
    Removing main.o(.rev16_text), (4 bytes).
    Removing main.o(.revsh_text), (4 bytes).
    Removing main.o(.rrx_text), (6 bytes).
    Removing main.o(i.RCC_Configuration), (28 bytes).
    Removing main.o(i.SYS_Configuration), (98 bytes).

500 unused section(s) (total 14208 bytes) removed from the image.

==============================================================================

Image Symbol Table

    Local Symbols

    Symbol Name                              Value     Ov Type        Size  Object(Section)

    ../clib/microlib/init/entry.s            0x00000000   Number         0  entry9b.o ABSOLUTE
    ../clib/microlib/init/entry.s            0x00000000   Number         0  entry.o ABSOLUTE
    ../clib/microlib/init/entry.s            0x00000000   Number         0  entry2.o ABSOLUTE
    ../clib/microlib/init/entry.s            0x00000000   Number         0  entry8b.o ABSOLUTE
    ../clib/microlib/init/entry.s            0x00000000   Number         0  entry12a.o ABSOLUTE
    ../clib/microlib/init/entry.s            0x00000000   Number         0  entry5.o ABSOLUTE
    ../clib/microlib/init/entry.s            0x00000000   Number         0  entry11b.o ABSOLUTE
    ../clib/microlib/init/entry.s            0x00000000   Number         0  entry12b.o ABSOLUTE
    ../clib/microlib/init/entry.s            0x00000000   Number         0  entry7a.o ABSOLUTE
    ../clib/microlib/init/entry.s            0x00000000   Number         0  entry11a.o ABSOLUTE
    ../clib/microlib/init/entry.s            0x00000000   Number         0  entry7b.o ABSOLUTE
    ../clib/microlib/init/entry.s            0x00000000   Number         0  entry10b.o ABSOLUTE
    ../clib/microlib/init/entry.s            0x00000000   Number         0  entry8a.o ABSOLUTE
    ../clib/microlib/init/entry.s            0x00000000   Number         0  entry10a.o ABSOLUTE
    ../clib/microlib/init/entry.s            0x00000000   Number         0  entry9a.o ABSOLUTE
    ../clib/microlib/string/memcpy.c         0x00000000   Number         0  memcpya.o ABSOLUTE
    ../clib/microlib/string/memcpy.c         0x00000000   Number         0  memcpyb.o ABSOLUTE
    ../clib/microlib/string/memset.c         0x00000000   Number         0  memseta.o ABSOLUTE
    ..\..\Libraries\CMSIS\startup\startup_hc32f40_41xxx.s 0x00000000   Number         0  startup_hc32f40_41xxx.o ABSOLUTE
    ..\..\Libraries\CMSIS\system_hc32f4xx.c  0x00000000   Number         0  system_hc32f4xx.o ABSOLUTE
    ..\..\Libraries\FWlib\src\hc32f4xx_adc.c 0x00000000   Number         0  hc32f4xx_adc.o ABSOLUTE
    ..\..\Libraries\FWlib\src\hc32f4xx_canfd.c 0x00000000   Number         0  hc32f4xx_canfd.o ABSOLUTE
    ..\..\Libraries\FWlib\src\hc32f4xx_crc.c 0x00000000   Number         0  hc32f4xx_crc.o ABSOLUTE
    ..\..\Libraries\FWlib\src\hc32f4xx_dac.c 0x00000000   Number         0  hc32f4xx_dac.o ABSOLUTE
    ..\..\Libraries\FWlib\src\hc32f4xx_dbgmcu.c 0x00000000   Number         0  hc32f4xx_dbgmcu.o ABSOLUTE
    ..\..\Libraries\FWlib\src\hc32f4xx_dma.c 0x00000000   Number         0  hc32f4xx_dma.o ABSOLUTE
    ..\..\Libraries\FWlib\src\hc32f4xx_exti.c 0x00000000   Number         0  hc32f4xx_exti.o ABSOLUTE
    ..\..\Libraries\FWlib\src\hc32f4xx_fda.c 0x00000000   Number         0  hc32f4xx_fda.o ABSOLUTE
    ..\..\Libraries\FWlib\src\hc32f4xx_flash.c 0x00000000   Number         0  hc32f4xx_flash.o ABSOLUTE
    ..\..\Libraries\FWlib\src\hc32f4xx_gpio.c 0x00000000   Number         0  hc32f4xx_gpio.o ABSOLUTE
    ..\..\Libraries\FWlib\src\hc32f4xx_i2c.c 0x00000000   Number         0  hc32f4xx_i2c.o ABSOLUTE
    ..\..\Libraries\FWlib\src\hc32f4xx_i2s.c 0x00000000   Number         0  hc32f4xx_i2s.o ABSOLUTE
    ..\..\Libraries\FWlib\src\hc32f4xx_iwdg.c 0x00000000   Number         0  hc32f4xx_iwdg.o ABSOLUTE
    ..\..\Libraries\FWlib\src\hc32f4xx_mou.c 0x00000000   Number         0  hc32f4xx_mou.o ABSOLUTE
    ..\..\Libraries\FWlib\src\hc32f4xx_pwr.c 0x00000000   Number         0  hc32f4xx_pwr.o ABSOLUTE
    ..\..\Libraries\FWlib\src\hc32f4xx_rcc.c 0x00000000   Number         0  hc32f4xx_rcc.o ABSOLUTE
    ..\..\Libraries\FWlib\src\hc32f4xx_rtc.c 0x00000000   Number         0  hc32f4xx_rtc.o ABSOLUTE
    ..\..\Libraries\FWlib\src\hc32f4xx_spi.c 0x00000000   Number         0  hc32f4xx_spi.o ABSOLUTE
    ..\..\Libraries\FWlib\src\hc32f4xx_syscfg.c 0x00000000   Number         0  hc32f4xx_syscfg.o ABSOLUTE
    ..\..\Libraries\FWlib\src\hc32f4xx_tim.c 0x00000000   Number         0  hc32f4xx_tim.o ABSOLUTE
    ..\..\Libraries\FWlib\src\hc32f4xx_tim10.c 0x00000000   Number         0  hc32f4xx_tim10.o ABSOLUTE
    ..\..\Libraries\FWlib\src\hc32f4xx_usart.c 0x00000000   Number         0  hc32f4xx_usart.o ABSOLUTE
    ..\..\Libraries\FWlib\src\hc32f4xx_vc.c  0x00000000   Number         0  hc32f4xx_vc.o ABSOLUTE
    ..\..\Libraries\FWlib\src\hc32f4xx_wwdg.c 0x00000000   Number         0  hc32f4xx_wwdg.o ABSOLUTE
    ..\..\Libraries\FWlib\src\misc.c         0x00000000   Number         0  misc.o ABSOLUTE
    ..\..\User\hc32f4xx_it.c                 0x00000000   Number         0  hc32f4xx_it.o ABSOLUTE
    ..\..\User\main.c                        0x00000000   Number         0  main.o ABSOLUTE
    ..\\..\\Libraries\\CMSIS\\system_hc32f4xx.c 0x00000000   Number         0  system_hc32f4xx.o ABSOLUTE
    ..\\..\\Libraries\\FWlib\\src\\hc32f4xx_adc.c 0x00000000   Number         0  hc32f4xx_adc.o ABSOLUTE
    ..\\..\\Libraries\\FWlib\\src\\hc32f4xx_canfd.c 0x00000000   Number         0  hc32f4xx_canfd.o ABSOLUTE
    ..\\..\\Libraries\\FWlib\\src\\hc32f4xx_crc.c 0x00000000   Number         0  hc32f4xx_crc.o ABSOLUTE
    ..\\..\\Libraries\\FWlib\\src\\hc32f4xx_dac.c 0x00000000   Number         0  hc32f4xx_dac.o ABSOLUTE
    ..\\..\\Libraries\\FWlib\\src\\hc32f4xx_dbgmcu.c 0x00000000   Number         0  hc32f4xx_dbgmcu.o ABSOLUTE
    ..\\..\\Libraries\\FWlib\\src\\hc32f4xx_dma.c 0x00000000   Number         0  hc32f4xx_dma.o ABSOLUTE
    ..\\..\\Libraries\\FWlib\\src\\hc32f4xx_exti.c 0x00000000   Number         0  hc32f4xx_exti.o ABSOLUTE
    ..\\..\\Libraries\\FWlib\\src\\hc32f4xx_fda.c 0x00000000   Number         0  hc32f4xx_fda.o ABSOLUTE
    ..\\..\\Libraries\\FWlib\\src\\hc32f4xx_flash.c 0x00000000   Number         0  hc32f4xx_flash.o ABSOLUTE
    ..\\..\\Libraries\\FWlib\\src\\hc32f4xx_gpio.c 0x00000000   Number         0  hc32f4xx_gpio.o ABSOLUTE
    ..\\..\\Libraries\\FWlib\\src\\hc32f4xx_i2c.c 0x00000000   Number         0  hc32f4xx_i2c.o ABSOLUTE
    ..\\..\\Libraries\\FWlib\\src\\hc32f4xx_i2s.c 0x00000000   Number         0  hc32f4xx_i2s.o ABSOLUTE
    ..\\..\\Libraries\\FWlib\\src\\hc32f4xx_iwdg.c 0x00000000   Number         0  hc32f4xx_iwdg.o ABSOLUTE
    ..\\..\\Libraries\\FWlib\\src\\hc32f4xx_mou.c 0x00000000   Number         0  hc32f4xx_mou.o ABSOLUTE
    ..\\..\\Libraries\\FWlib\\src\\hc32f4xx_pwr.c 0x00000000   Number         0  hc32f4xx_pwr.o ABSOLUTE
    ..\\..\\Libraries\\FWlib\\src\\hc32f4xx_rcc.c 0x00000000   Number         0  hc32f4xx_rcc.o ABSOLUTE
    ..\\..\\Libraries\\FWlib\\src\\hc32f4xx_rtc.c 0x00000000   Number         0  hc32f4xx_rtc.o ABSOLUTE
    ..\\..\\Libraries\\FWlib\\src\\hc32f4xx_spi.c 0x00000000   Number         0  hc32f4xx_spi.o ABSOLUTE
    ..\\..\\Libraries\\FWlib\\src\\hc32f4xx_syscfg.c 0x00000000   Number         0  hc32f4xx_syscfg.o ABSOLUTE
    ..\\..\\Libraries\\FWlib\\src\\hc32f4xx_tim.c 0x00000000   Number         0  hc32f4xx_tim.o ABSOLUTE
    ..\\..\\Libraries\\FWlib\\src\\hc32f4xx_tim10.c 0x00000000   Number         0  hc32f4xx_tim10.o ABSOLUTE
    ..\\..\\Libraries\\FWlib\\src\\hc32f4xx_usart.c 0x00000000   Number         0  hc32f4xx_usart.o ABSOLUTE
    ..\\..\\Libraries\\FWlib\\src\\hc32f4xx_vc.c 0x00000000   Number         0  hc32f4xx_vc.o ABSOLUTE
    ..\\..\\Libraries\\FWlib\\src\\hc32f4xx_wwdg.c 0x00000000   Number         0  hc32f4xx_wwdg.o ABSOLUTE
    ..\\..\\Libraries\\FWlib\\src\\misc.c    0x00000000   Number         0  misc.o ABSOLUTE
    ..\\..\\User\\hc32f4xx_it.c              0x00000000   Number         0  hc32f4xx_it.o ABSOLUTE
    ..\\..\\User\\main.c                     0x00000000   Number         0  main.o ABSOLUTE
    dc.s                                     0x00000000   Number         0  dc.o ABSOLUTE
    handlers.s                               0x00000000   Number         0  handlers.o ABSOLUTE
    init.s                                   0x00000000   Number         0  init.o ABSOLUTE
    RESET                                    0x08000000   Section      392  startup_hc32f40_41xxx.o(RESET)
    .ARM.Collect$$$$00000000                 0x08000188   Section        0  entry.o(.ARM.Collect$$$$00000000)
    .ARM.Collect$$$$00000001                 0x08000188   Section        4  entry2.o(.ARM.Collect$$$$00000001)
    .ARM.Collect$$$$00000004                 0x0800018c   Section        4  entry5.o(.ARM.Collect$$$$00000004)
    .ARM.Collect$$$$00000008                 0x08000190   Section        0  entry7b.o(.ARM.Collect$$$$00000008)
    .ARM.Collect$$$$0000000A                 0x08000190   Section        0  entry8b.o(.ARM.Collect$$$$0000000A)
    .ARM.Collect$$$$0000000B                 0x08000190   Section        8  entry9a.o(.ARM.Collect$$$$0000000B)
    .ARM.Collect$$$$0000000E                 0x08000198   Section        4  entry12b.o(.ARM.Collect$$$$0000000E)
    .ARM.Collect$$$$0000000F                 0x0800019c   Section        0  entry10a.o(.ARM.Collect$$$$0000000F)
    .ARM.Collect$$$$00000011                 0x0800019c   Section        0  entry11a.o(.ARM.Collect$$$$00000011)
    .ARM.Collect$$$$00002712                 0x0800019c   Section        4  entry2.o(.ARM.Collect$$$$00002712)
    __lit__00000000                          0x0800019c   Data           4  entry2.o(.ARM.Collect$$$$00002712)
    .text                                    0x080001a0   Section       36  startup_hc32f40_41xxx.o(.text)
    $v0                                      0x080001a0   Number         0  startup_hc32f40_41xxx.o(.text)
    .text                                    0x080001c4   Section       36  init.o(.text)
    i.BusFault_Handler                       0x080001e8   Section        0  hc32f4xx_it.o(i.BusFault_Handler)
    i.DebugMon_Handler                       0x080001ec   Section        0  hc32f4xx_it.o(i.DebugMon_Handler)
    i.Delay                                  0x080001ee   Section        0  main.o(i.Delay)
    i.HardFault_Handler                      0x08000200   Section        0  hc32f4xx_it.o(i.HardFault_Handler)
    i.MemManage_Handler                      0x08000204   Section        0  hc32f4xx_it.o(i.MemManage_Handler)
    i.NMI_Handler                            0x08000208   Section        0  hc32f4xx_it.o(i.NMI_Handler)
    i.PWR_EnterSTOPMode                      0x0800020c   Section        0  hc32f4xx_pwr.o(i.PWR_EnterSTOPMode)
    i.PendSV_Handler                         0x08000250   Section        0  hc32f4xx_it.o(i.PendSV_Handler)
    i.SVC_Handler                            0x08000252   Section        0  hc32f4xx_it.o(i.SVC_Handler)
    i.SysTick_Handler                        0x08000254   Section        0  hc32f4xx_it.o(i.SysTick_Handler)
    i.SystemInit                             0x08000256   Section        0  system_hc32f4xx.o(i.SystemInit)
    i.UsageFault_Handler                     0x08000258   Section        0  hc32f4xx_it.o(i.UsageFault_Handler)
    i.__scatterload_copy                     0x0800025c   Section       14  handlers.o(i.__scatterload_copy)
    i.__scatterload_null                     0x0800026a   Section        2  handlers.o(i.__scatterload_null)
    i.__scatterload_zeroinit                 0x0800026c   Section       14  handlers.o(i.__scatterload_zeroinit)
    i.main                                   0x0800027a   Section        0  main.o(i.main)
    STACK                                    0x20000000   Section     1024  startup_hc32f40_41xxx.o(STACK)

    Global Symbols

    Symbol Name                              Value     Ov Type        Size  Object(Section)

    BuildAttributes$$THM_ISAv4$E$P$D$K$B$S$7EM$VFPi3$EXTD16$VFPS$VFMA$PE$A:L22UL41UL21$X:L11$S22US41US21$IEEE1$IW$USESV6$~STKCKD$USESV7$~SHL$OSPACE$EBA8$MICROLIB$REQ8$PRES8$EABIv2 0x00000000   Number         0  anon$$obj.o ABSOLUTE
    __ARM_use_no_argv                        0x00000000   Number         0  main.o ABSOLUTE
    __arm_fini_                               - Undefined Weak Reference
    __cpp_initialize__aeabi_                  - Undefined Weak Reference
    __cxa_finalize                            - Undefined Weak Reference
    __decompress                              - Undefined Weak Reference
    _clock_init                               - Undefined Weak Reference
    _microlib_exit                            - Undefined Weak Reference
    __Vectors_Size                           0x00000188   Number         0  startup_hc32f40_41xxx.o ABSOLUTE
    __Vectors                                0x08000000   Data           4  startup_hc32f40_41xxx.o(RESET)
    __Vectors_End                            0x08000188   Data           0  startup_hc32f40_41xxx.o(RESET)
    __main                                   0x08000189   Thumb Code     0  entry.o(.ARM.Collect$$$$00000000)
    _main_stk                                0x08000189   Thumb Code     0  entry2.o(.ARM.Collect$$$$00000001)
    _main_scatterload                        0x0800018d   Thumb Code     0  entry5.o(.ARM.Collect$$$$00000004)
    __main_after_scatterload                 0x08000191   Thumb Code     0  entry5.o(.ARM.Collect$$$$00000004)
    _main_clock                              0x08000191   Thumb Code     0  entry7b.o(.ARM.Collect$$$$00000008)
    _main_cpp_init                           0x08000191   Thumb Code     0  entry8b.o(.ARM.Collect$$$$0000000A)
    _main_init                               0x08000191   Thumb Code     0  entry9a.o(.ARM.Collect$$$$0000000B)
    __rt_lib_shutdown_fini                   0x08000199   Thumb Code     0  entry12b.o(.ARM.Collect$$$$0000000E)
    __rt_final_cpp                           0x0800019d   Thumb Code     0  entry10a.o(.ARM.Collect$$$$0000000F)
    __rt_final_exit                          0x0800019d   Thumb Code     0  entry11a.o(.ARM.Collect$$$$00000011)
    Reset_Handler                            0x080001a1   Thumb Code     8  startup_hc32f40_41xxx.o(.text)
    ADC_IRQHandler                           0x080001bb   Thumb Code     0  startup_hc32f40_41xxx.o(.text)
    CAN1_INT0_IRQHandler                     0x080001bb   Thumb Code     0  startup_hc32f40_41xxx.o(.text)
    CAN1_INT1_IRQHandler                     0x080001bb   Thumb Code     0  startup_hc32f40_41xxx.o(.text)
    DMA1_Stream0_IRQHandler                  0x080001bb   Thumb Code     0  startup_hc32f40_41xxx.o(.text)
    DMA1_Stream1_IRQHandler                  0x080001bb   Thumb Code     0  startup_hc32f40_41xxx.o(.text)
    DMA1_Stream2_IRQHandler                  0x080001bb   Thumb Code     0  startup_hc32f40_41xxx.o(.text)
    DMA1_Stream3_IRQHandler                  0x080001bb   Thumb Code     0  startup_hc32f40_41xxx.o(.text)
    DMA1_Stream4_IRQHandler                  0x080001bb   Thumb Code     0  startup_hc32f40_41xxx.o(.text)
    DMA1_Stream5_IRQHandler                  0x080001bb   Thumb Code     0  startup_hc32f40_41xxx.o(.text)
    DMA1_Stream6_IRQHandler                  0x080001bb   Thumb Code     0  startup_hc32f40_41xxx.o(.text)
    DMA1_Stream7_IRQHandler                  0x080001bb   Thumb Code     0  startup_hc32f40_41xxx.o(.text)
    EXTI0_IRQHandler                         0x080001bb   Thumb Code     0  startup_hc32f40_41xxx.o(.text)
    EXTI15_10_IRQHandler                     0x080001bb   Thumb Code     0  startup_hc32f40_41xxx.o(.text)
    EXTI1_IRQHandler                         0x080001bb   Thumb Code     0  startup_hc32f40_41xxx.o(.text)
    EXTI2_IRQHandler                         0x080001bb   Thumb Code     0  startup_hc32f40_41xxx.o(.text)
    EXTI3_IRQHandler                         0x080001bb   Thumb Code     0  startup_hc32f40_41xxx.o(.text)
    EXTI4_IRQHandler                         0x080001bb   Thumb Code     0  startup_hc32f40_41xxx.o(.text)
    EXTI9_5_IRQHandler                       0x080001bb   Thumb Code     0  startup_hc32f40_41xxx.o(.text)
    FLASH_IRQHandler                         0x080001bb   Thumb Code     0  startup_hc32f40_41xxx.o(.text)
    FPU_IRQHandler                           0x080001bb   Thumb Code     0  startup_hc32f40_41xxx.o(.text)
    FSMC_IRQHandler                          0x080001bb   Thumb Code     0  startup_hc32f40_41xxx.o(.text)
    I2C1_EV_IRQHandler                       0x080001bb   Thumb Code     0  startup_hc32f40_41xxx.o(.text)
    I2C2_EV_IRQHandler                       0x080001bb   Thumb Code     0  startup_hc32f40_41xxx.o(.text)
    MOU_IRQHandler                           0x080001bb   Thumb Code     0  startup_hc32f40_41xxx.o(.text)
    PVD_IRQHandler                           0x080001bb   Thumb Code     0  startup_hc32f40_41xxx.o(.text)
    RCC_IRQHandler                           0x080001bb   Thumb Code     0  startup_hc32f40_41xxx.o(.text)
    RFU10_IRQHandler                         0x080001bb   Thumb Code     0  startup_hc32f40_41xxx.o(.text)
    RFU11_IRQHandler                         0x080001bb   Thumb Code     0  startup_hc32f40_41xxx.o(.text)
    RFU12_IRQHandler                         0x080001bb   Thumb Code     0  startup_hc32f40_41xxx.o(.text)
    RFU13_IRQHandler                         0x080001bb   Thumb Code     0  startup_hc32f40_41xxx.o(.text)
    RFU14_IRQHandler                         0x080001bb   Thumb Code     0  startup_hc32f40_41xxx.o(.text)
    RFU15_IRQHandler                         0x080001bb   Thumb Code     0  startup_hc32f40_41xxx.o(.text)
    RFU16_IRQHandler                         0x080001bb   Thumb Code     0  startup_hc32f40_41xxx.o(.text)
    RFU17_IRQHandler                         0x080001bb   Thumb Code     0  startup_hc32f40_41xxx.o(.text)
    RFU18_IRQHandler                         0x080001bb   Thumb Code     0  startup_hc32f40_41xxx.o(.text)
    RFU19_IRQHandler                         0x080001bb   Thumb Code     0  startup_hc32f40_41xxx.o(.text)
    RFU1_IRQHandler                          0x080001bb   Thumb Code     0  startup_hc32f40_41xxx.o(.text)
    RFU20_IRQHandler                         0x080001bb   Thumb Code     0  startup_hc32f40_41xxx.o(.text)
    RFU2_IRQHandler                          0x080001bb   Thumb Code     0  startup_hc32f40_41xxx.o(.text)
    RFU3_IRQHandler                          0x080001bb   Thumb Code     0  startup_hc32f40_41xxx.o(.text)
    RFU4_IRQHandler                          0x080001bb   Thumb Code     0  startup_hc32f40_41xxx.o(.text)
    RFU5_IRQHandler                          0x080001bb   Thumb Code     0  startup_hc32f40_41xxx.o(.text)
    RFU6_IRQHandler                          0x080001bb   Thumb Code     0  startup_hc32f40_41xxx.o(.text)
    RFU7_IRQHandler                          0x080001bb   Thumb Code     0  startup_hc32f40_41xxx.o(.text)
    RFU8_IRQHandler                          0x080001bb   Thumb Code     0  startup_hc32f40_41xxx.o(.text)
    RFU9_IRQHandler                          0x080001bb   Thumb Code     0  startup_hc32f40_41xxx.o(.text)
    RTC_Alarm_IRQHandler                     0x080001bb   Thumb Code     0  startup_hc32f40_41xxx.o(.text)
    RTC_WKUP_IRQHandler                      0x080001bb   Thumb Code     0  startup_hc32f40_41xxx.o(.text)
    SDIO_IRQHandler                          0x080001bb   Thumb Code     0  startup_hc32f40_41xxx.o(.text)
    SPI1_IRQHandler                          0x080001bb   Thumb Code     0  startup_hc32f40_41xxx.o(.text)
    SPI2_IRQHandler                          0x080001bb   Thumb Code     0  startup_hc32f40_41xxx.o(.text)
    SPI3_IRQHandler                          0x080001bb   Thumb Code     0  startup_hc32f40_41xxx.o(.text)
    TAMP_STAMP_IRQHandler                    0x080001bb   Thumb Code     0  startup_hc32f40_41xxx.o(.text)
    TIM10_IRQHandler                         0x080001bb   Thumb Code     0  startup_hc32f40_41xxx.o(.text)
    TIM1_BRK_IRQHandler                      0x080001bb   Thumb Code     0  startup_hc32f40_41xxx.o(.text)
    TIM1_CC_IRQHandler                       0x080001bb   Thumb Code     0  startup_hc32f40_41xxx.o(.text)
    TIM1_TRG_COM_IRQHandler                  0x080001bb   Thumb Code     0  startup_hc32f40_41xxx.o(.text)
    TIM1_UP_IRQHandler                       0x080001bb   Thumb Code     0  startup_hc32f40_41xxx.o(.text)
    TIM2_IRQHandler                          0x080001bb   Thumb Code     0  startup_hc32f40_41xxx.o(.text)
    TIM3_IRQHandler                          0x080001bb   Thumb Code     0  startup_hc32f40_41xxx.o(.text)
    TIM4_IRQHandler                          0x080001bb   Thumb Code     0  startup_hc32f40_41xxx.o(.text)
    TIM5_IRQHandler                          0x080001bb   Thumb Code     0  startup_hc32f40_41xxx.o(.text)
    TIM6_IRQHandler                          0x080001bb   Thumb Code     0  startup_hc32f40_41xxx.o(.text)
    TIM7_IRQHandler                          0x080001bb   Thumb Code     0  startup_hc32f40_41xxx.o(.text)
    TIM8_BRK_IRQHandler                      0x080001bb   Thumb Code     0  startup_hc32f40_41xxx.o(.text)
    TIM8_CC_IRQHandler                       0x080001bb   Thumb Code     0  startup_hc32f40_41xxx.o(.text)
    TIM8_TRG_COM_IRQHandler                  0x080001bb   Thumb Code     0  startup_hc32f40_41xxx.o(.text)
    TIM8_UP_IRQHandler                       0x080001bb   Thumb Code     0  startup_hc32f40_41xxx.o(.text)
    TIM9_IRQHandler                          0x080001bb   Thumb Code     0  startup_hc32f40_41xxx.o(.text)
    UART4_IRQHandler                         0x080001bb   Thumb Code     0  startup_hc32f40_41xxx.o(.text)
    UART5_IRQHandler                         0x080001bb   Thumb Code     0  startup_hc32f40_41xxx.o(.text)
    USART1_IRQHandler                        0x080001bb   Thumb Code     0  startup_hc32f40_41xxx.o(.text)
    USART2_IRQHandler                        0x080001bb   Thumb Code     0  startup_hc32f40_41xxx.o(.text)
    USART3_IRQHandler                        0x080001bb   Thumb Code     0  startup_hc32f40_41xxx.o(.text)
    USBWakeUp_IRQHandler                     0x080001bb   Thumb Code     0  startup_hc32f40_41xxx.o(.text)
    USB_HP_IRQHandler                        0x080001bb   Thumb Code     0  startup_hc32f40_41xxx.o(.text)
    USB_LP_IRQHandler                        0x080001bb   Thumb Code     0  startup_hc32f40_41xxx.o(.text)
    VC0_IRQHandler                           0x080001bb   Thumb Code     0  startup_hc32f40_41xxx.o(.text)
    VC1_IRQHandler                           0x080001bb   Thumb Code     0  startup_hc32f40_41xxx.o(.text)
    VC2_IRQHandler                           0x080001bb   Thumb Code     0  startup_hc32f40_41xxx.o(.text)
    VC_Wakeup_IRQHandler                     0x080001bb   Thumb Code     0  startup_hc32f40_41xxx.o(.text)
    WWDG_IRQHandler                          0x080001bb   Thumb Code     0  startup_hc32f40_41xxx.o(.text)
    __scatterload                            0x080001c5   Thumb Code    28  init.o(.text)
    __scatterload_rt2                        0x080001c5   Thumb Code     0  init.o(.text)
    BusFault_Handler                         0x080001e9   Thumb Code     4  hc32f4xx_it.o(i.BusFault_Handler)
    DebugMon_Handler                         0x080001ed   Thumb Code     2  hc32f4xx_it.o(i.DebugMon_Handler)
    Delay                                    0x080001ef   Thumb Code    18  main.o(i.Delay)
    HardFault_Handler                        0x08000201   Thumb Code     4  hc32f4xx_it.o(i.HardFault_Handler)
    MemManage_Handler                        0x08000205   Thumb Code     4  hc32f4xx_it.o(i.MemManage_Handler)
    NMI_Handler                              0x08000209   Thumb Code     2  hc32f4xx_it.o(i.NMI_Handler)
    PWR_EnterSTOPMode                        0x0800020d   Thumb Code    58  hc32f4xx_pwr.o(i.PWR_EnterSTOPMode)
    PendSV_Handler                           0x08000251   Thumb Code     2  hc32f4xx_it.o(i.PendSV_Handler)
    SVC_Handler                              0x08000253   Thumb Code     2  hc32f4xx_it.o(i.SVC_Handler)
    SysTick_Handler                          0x08000255   Thumb Code     2  hc32f4xx_it.o(i.SysTick_Handler)
    SystemInit                               0x08000257   Thumb Code     2  system_hc32f4xx.o(i.SystemInit)
    UsageFault_Handler                       0x08000259   Thumb Code     4  hc32f4xx_it.o(i.UsageFault_Handler)
    __scatterload_copy                       0x0800025d   Thumb Code    14  handlers.o(i.__scatterload_copy)
    __scatterload_null                       0x0800026b   Thumb Code     2  handlers.o(i.__scatterload_null)
    __scatterload_zeroinit                   0x0800026d   Thumb Code    14  handlers.o(i.__scatterload_zeroinit)
    main                                     0x0800027b   Thumb Code    20  main.o(i.main)
    Region$$Table$$Base                      0x08000290   Number         0  anon$$obj.o(Region$$Table)
    Region$$Table$$Limit                     0x080002a0   Number         0  anon$$obj.o(Region$$Table)
    __initial_sp                             0x20000400   Data           0  startup_hc32f40_41xxx.o(STACK)



==============================================================================

Memory Map of the image

  Image Entry point : 0x08000189

  Load Region LR_IROM1 (Base: 0x08000000, Size: 0x000002a0, Max: 0x00010000, ABSOLUTE)

    Execution Region ER_IROM1 (Exec base: 0x08000000, Load base: 0x08000000, Size: 0x000002a0, Max: 0x00010000, ABSOLUTE)

    Exec Addr    Load Addr    Size         Type   Attr      Idx    E Section Name        Object

    0x08000000   0x08000000   0x00000188   Data   RO            3    RESET               startup_hc32f40_41xxx.o
    0x08000188   0x08000188   0x00000000   Code   RO         3205  * .ARM.Collect$$$$00000000  mc_w.l(entry.o)
    0x08000188   0x08000188   0x00000004   Code   RO         3214    .ARM.Collect$$$$00000001  mc_w.l(entry2.o)
    0x0800018c   0x0800018c   0x00000004   Code   RO         3217    .ARM.Collect$$$$00000004  mc_w.l(entry5.o)
    0x08000190   0x08000190   0x00000000   Code   RO         3219    .ARM.Collect$$$$00000008  mc_w.l(entry7b.o)
    0x08000190   0x08000190   0x00000000   Code   RO         3221    .ARM.Collect$$$$0000000A  mc_w.l(entry8b.o)
    0x08000190   0x08000190   0x00000008   Code   RO         3222    .ARM.Collect$$$$0000000B  mc_w.l(entry9a.o)
    0x08000198   0x08000198   0x00000004   Code   RO         3229    .ARM.Collect$$$$0000000E  mc_w.l(entry12b.o)
    0x0800019c   0x0800019c   0x00000000   Code   RO         3224    .ARM.Collect$$$$0000000F  mc_w.l(entry10a.o)
    0x0800019c   0x0800019c   0x00000000   Code   RO         3226    .ARM.Collect$$$$00000011  mc_w.l(entry11a.o)
    0x0800019c   0x0800019c   0x00000004   Code   RO         3215    .ARM.Collect$$$$00002712  mc_w.l(entry2.o)
    0x080001a0   0x080001a0   0x00000024   Code   RO            4    .text               startup_hc32f40_41xxx.o
    0x080001c4   0x080001c4   0x00000024   Code   RO         3230    .text               mc_w.l(init.o)
    0x080001e8   0x080001e8   0x00000004   Code   RO         3088    i.BusFault_Handler  hc32f4xx_it.o
    0x080001ec   0x080001ec   0x00000002   Code   RO         3089    i.DebugMon_Handler  hc32f4xx_it.o
    0x080001ee   0x080001ee   0x00000012   Code   RO         3166    i.Delay             main.o
    0x08000200   0x08000200   0x00000004   Code   RO         3090    i.HardFault_Handler  hc32f4xx_it.o
    0x08000204   0x08000204   0x00000004   Code   RO         3091    i.MemManage_Handler  hc32f4xx_it.o
    0x08000208   0x08000208   0x00000002   Code   RO         3092    i.NMI_Handler       hc32f4xx_it.o
    0x0800020a   0x0800020a   0x00000002   PAD
    0x0800020c   0x0800020c   0x00000044   Code   RO         1445    i.PWR_EnterSTOPMode  hc32f4xx_pwr.o
    0x08000250   0x08000250   0x00000002   Code   RO         3093    i.PendSV_Handler    hc32f4xx_it.o
    0x08000252   0x08000252   0x00000002   Code   RO         3094    i.SVC_Handler       hc32f4xx_it.o
    0x08000254   0x08000254   0x00000002   Code   RO         3095    i.SysTick_Handler   hc32f4xx_it.o
    0x08000256   0x08000256   0x00000002   Code   RO           13    i.SystemInit        system_hc32f4xx.o
    0x08000258   0x08000258   0x00000004   Code   RO         3096    i.UsageFault_Handler  hc32f4xx_it.o
    0x0800025c   0x0800025c   0x0000000e   Code   RO         3234    i.__scatterload_copy  mc_w.l(handlers.o)
    0x0800026a   0x0800026a   0x00000002   Code   RO         3235    i.__scatterload_null  mc_w.l(handlers.o)
    0x0800026c   0x0800026c   0x0000000e   Code   RO         3236    i.__scatterload_zeroinit  mc_w.l(handlers.o)
    0x0800027a   0x0800027a   0x00000014   Code   RO         3169    i.main              main.o
    0x0800028e   0x0800028e   0x00000002   PAD
    0x08000290   0x08000290   0x00000010   Data   RO         3232    Region$$Table       anon$$obj.o


    Execution Region RW_IRAM1 (Exec base: 0x20000000, Load base: 0x080002a0, Size: 0x00000400, Max: 0x00010000, ABSOLUTE)

    Exec Addr    Load Addr    Size         Type   Attr      Idx    E Section Name        Object

    0x20000000        -       0x00000400   Zero   RW            1    STACK               startup_hc32f40_41xxx.o


==============================================================================

Image component sizes


      Code (inc. data)   RO Data    RW Data    ZI Data      Debug   Object Name

        26          0          0          0          0       4178   hc32f4xx_it.o
        68         10          0          0          0        680   hc32f4xx_pwr.o
        38          0          0          0          0       1215   main.o
        36          8        392          0       1024        908   startup_hc32f40_41xxx.o
         2          0          0          0          0       5013   system_hc32f4xx.o

    ----------------------------------------------------------------------
       174         18        408          0       1024      11994   Object Totals
         0          0         16          0          0          0   (incl. Generated)
         4          0          0          0          0          0   (incl. Padding)

    ----------------------------------------------------------------------

      Code (inc. data)   RO Data    RW Data    ZI Data      Debug   Library Member Name

         0          0          0          0          0          0   entry.o
         0          0          0          0          0          0   entry10a.o
         0          0          0          0          0          0   entry11a.o
         4          0          0          0          0          0   entry12b.o
         8          4          0          0          0          0   entry2.o
         4          0          0          0          0          0   entry5.o
         0          0          0          0          0          0   entry7b.o
         0          0          0          0          0          0   entry8b.o
         8          4          0          0          0          0   entry9a.o
        30          0          0          0          0          0   handlers.o
        36          8          0          0          0         68   init.o

    ----------------------------------------------------------------------
        90         16          0          0          0         68   Library Totals
         0          0          0          0          0          0   (incl. Padding)

    ----------------------------------------------------------------------

      Code (inc. data)   RO Data    RW Data    ZI Data      Debug   Library Name

        90         16          0          0          0         68   mc_w.l

    ----------------------------------------------------------------------
        90         16          0          0          0         68   Library Totals

    ----------------------------------------------------------------------

==============================================================================


      Code (inc. data)   RO Data    RW Data    ZI Data      Debug   

       264         34        408          0       1024      11366   Grand Totals
       264         34        408          0       1024      11366   ELF Image Totals
       264         34        408          0          0          0   ROM Totals

==============================================================================

    Total RO  Size (Code + RO Data)                  672 (   0.66kB)
    Total RW  Size (RW Data + ZI Data)              1024 (   1.00kB)
    Total ROM Size (Code + RO Data + RW Data)        672 (   0.66kB)

==============================================================================

