<!doctype html public "-//w3c//dtd html 4.0 transitional//en">
<html><head>
<title>Static Call Graph - [..\..\Output\Project.axf]</title></head>
<body><HR>
<H1>Static Call Graph for image ..\..\Output\Project.axf</H1><HR>
<BR><P>#&#060CALLGRAPH&#062# ARM Linker, 5060960: Last Updated: Thu Jun 11 13:17:43 2026
<BR><P>
<H3>Maximum Stack Usage =       2252 bytes + Unknown(Cycles, Untraceable Function Pointers)</H3><H3>
Call chain for Maximum Stack Depth:</H3>
main &rArr; portable_init &rArr; bsp_InitUart &rArr; GPIO_Init
<P>
<H3>
Mutually Recursive functions
</H3> <LI><a href="#[1c]">ADC_IRQHandler</a>&nbsp;&nbsp;&nbsp;&rArr;&nbsp;&nbsp;&nbsp;<a href="#[1c]">ADC_IRQHandler</a><BR>
 <LI><a href="#[2]">HardFault_Handler</a>&nbsp;&nbsp;&nbsp;&rArr;&nbsp;&nbsp;&nbsp;<a href="#[2]">HardFault_Handler</a><BR>
 <LI><a href="#[3]">MemManage_Handler</a>&nbsp;&nbsp;&nbsp;&rArr;&nbsp;&nbsp;&nbsp;<a href="#[3]">MemManage_Handler</a><BR>
 <LI><a href="#[4]">BusFault_Handler</a>&nbsp;&nbsp;&nbsp;&rArr;&nbsp;&nbsp;&nbsp;<a href="#[4]">BusFault_Handler</a><BR>
 <LI><a href="#[5]">UsageFault_Handler</a>&nbsp;&nbsp;&nbsp;&rArr;&nbsp;&nbsp;&nbsp;<a href="#[5]">UsageFault_Handler</a><BR>
</UL>
<P>
<H3>
Function Pointers
</H3><UL>
 <LI><a href="#[1c]">ADC_IRQHandler</a> from startup_hc32f40_41xxx.o(.text) referenced from startup_hc32f40_41xxx.o(RESET)
 <LI><a href="#[4]">BusFault_Handler</a> from hc32f4xx_it.o(.text) referenced from startup_hc32f40_41xxx.o(RESET)
 <LI><a href="#[1f]">CAN1_INT0_IRQHandler</a> from startup_hc32f40_41xxx.o(.text) referenced from startup_hc32f40_41xxx.o(RESET)
 <LI><a href="#[20]">CAN1_INT1_IRQHandler</a> from startup_hc32f40_41xxx.o(.text) referenced from startup_hc32f40_41xxx.o(RESET)
 <LI><a href="#[15]">DMA1_Stream0_IRQHandler</a> from startup_hc32f40_41xxx.o(.text) referenced from startup_hc32f40_41xxx.o(RESET)
 <LI><a href="#[16]">DMA1_Stream1_IRQHandler</a> from startup_hc32f40_41xxx.o(.text) referenced from startup_hc32f40_41xxx.o(RESET)
 <LI><a href="#[17]">DMA1_Stream2_IRQHandler</a> from startup_hc32f40_41xxx.o(.text) referenced from startup_hc32f40_41xxx.o(RESET)
 <LI><a href="#[18]">DMA1_Stream3_IRQHandler</a> from startup_hc32f40_41xxx.o(.text) referenced from startup_hc32f40_41xxx.o(RESET)
 <LI><a href="#[19]">DMA1_Stream4_IRQHandler</a> from startup_hc32f40_41xxx.o(.text) referenced from startup_hc32f40_41xxx.o(RESET)
 <LI><a href="#[1a]">DMA1_Stream5_IRQHandler</a> from startup_hc32f40_41xxx.o(.text) referenced from startup_hc32f40_41xxx.o(RESET)
 <LI><a href="#[1b]">DMA1_Stream6_IRQHandler</a> from startup_hc32f40_41xxx.o(.text) referenced from startup_hc32f40_41xxx.o(RESET)
 <LI><a href="#[39]">DMA1_Stream7_IRQHandler</a> from startup_hc32f40_41xxx.o(.text) referenced from startup_hc32f40_41xxx.o(RESET)
 <LI><a href="#[7]">DebugMon_Handler</a> from hc32f4xx_it.o(.text) referenced from startup_hc32f40_41xxx.o(RESET)
 <LI><a href="#[10]">EXTI0_IRQHandler</a> from startup_hc32f40_41xxx.o(.text) referenced from startup_hc32f40_41xxx.o(RESET)
 <LI><a href="#[32]">EXTI15_10_IRQHandler</a> from startup_hc32f40_41xxx.o(.text) referenced from startup_hc32f40_41xxx.o(RESET)
 <LI><a href="#[11]">EXTI1_IRQHandler</a> from startup_hc32f40_41xxx.o(.text) referenced from startup_hc32f40_41xxx.o(RESET)
 <LI><a href="#[12]">EXTI2_IRQHandler</a> from startup_hc32f40_41xxx.o(.text) referenced from startup_hc32f40_41xxx.o(RESET)
 <LI><a href="#[13]">EXTI3_IRQHandler</a> from startup_hc32f40_41xxx.o(.text) referenced from startup_hc32f40_41xxx.o(RESET)
 <LI><a href="#[14]">EXTI4_IRQHandler</a> from startup_hc32f40_41xxx.o(.text) referenced from startup_hc32f40_41xxx.o(RESET)
 <LI><a href="#[21]">EXTI9_5_IRQHandler</a> from startup_hc32f40_41xxx.o(.text) referenced from startup_hc32f40_41xxx.o(RESET)
 <LI><a href="#[e]">FLASH_IRQHandler</a> from startup_hc32f40_41xxx.o(.text) referenced from startup_hc32f40_41xxx.o(RESET)
 <LI><a href="#[5b]">FPU_IRQHandler</a> from startup_hc32f40_41xxx.o(.text) referenced from startup_hc32f40_41xxx.o(RESET)
 <LI><a href="#[3a]">FSMC_IRQHandler</a> from startup_hc32f40_41xxx.o(.text) referenced from startup_hc32f40_41xxx.o(RESET)
 <LI><a href="#[2]">HardFault_Handler</a> from hc32f4xx_it.o(.text) referenced from startup_hc32f40_41xxx.o(RESET)
 <LI><a href="#[29]">I2C1_EV_IRQHandler</a> from startup_hc32f40_41xxx.o(.text) referenced from startup_hc32f40_41xxx.o(RESET)
 <LI><a href="#[2b]">I2C2_EV_IRQHandler</a> from startup_hc32f40_41xxx.o(.text) referenced from startup_hc32f40_41xxx.o(RESET)
 <LI><a href="#[5a]">MOU_IRQHandler</a> from startup_hc32f40_41xxx.o(.text) referenced from startup_hc32f40_41xxx.o(RESET)
 <LI><a href="#[3]">MemManage_Handler</a> from hc32f4xx_it.o(.text) referenced from startup_hc32f40_41xxx.o(RESET)
 <LI><a href="#[1]">NMI_Handler</a> from hc32f4xx_it.o(.text) referenced from startup_hc32f40_41xxx.o(RESET)
 <LI><a href="#[b]">PVD_IRQHandler</a> from startup_hc32f40_41xxx.o(.text) referenced from startup_hc32f40_41xxx.o(RESET)
 <LI><a href="#[8]">PendSV_Handler</a> from hc32f4xx_it.o(.text) referenced from startup_hc32f40_41xxx.o(RESET)
 <LI><a href="#[f]">RCC_IRQHandler</a> from startup_hc32f40_41xxx.o(.text) referenced from startup_hc32f40_41xxx.o(RESET)
 <LI><a href="#[4f]">RFU10_IRQHandler</a> from startup_hc32f40_41xxx.o(.text) referenced from startup_hc32f40_41xxx.o(RESET)
 <LI><a href="#[50]">RFU11_IRQHandler</a> from startup_hc32f40_41xxx.o(.text) referenced from startup_hc32f40_41xxx.o(RESET)
 <LI><a href="#[51]">RFU12_IRQHandler</a> from startup_hc32f40_41xxx.o(.text) referenced from startup_hc32f40_41xxx.o(RESET)
 <LI><a href="#[52]">RFU13_IRQHandler</a> from startup_hc32f40_41xxx.o(.text) referenced from startup_hc32f40_41xxx.o(RESET)
 <LI><a href="#[53]">RFU14_IRQHandler</a> from startup_hc32f40_41xxx.o(.text) referenced from startup_hc32f40_41xxx.o(RESET)
 <LI><a href="#[54]">RFU15_IRQHandler</a> from startup_hc32f40_41xxx.o(.text) referenced from startup_hc32f40_41xxx.o(RESET)
 <LI><a href="#[55]">RFU16_IRQHandler</a> from startup_hc32f40_41xxx.o(.text) referenced from startup_hc32f40_41xxx.o(RESET)
 <LI><a href="#[56]">RFU17_IRQHandler</a> from startup_hc32f40_41xxx.o(.text) referenced from startup_hc32f40_41xxx.o(RESET)
 <LI><a href="#[57]">RFU18_IRQHandler</a> from startup_hc32f40_41xxx.o(.text) referenced from startup_hc32f40_41xxx.o(RESET)
 <LI><a href="#[58]">RFU19_IRQHandler</a> from startup_hc32f40_41xxx.o(.text) referenced from startup_hc32f40_41xxx.o(RESET)
 <LI><a href="#[1d]">RFU1_IRQHandler</a> from startup_hc32f40_41xxx.o(.text) referenced from startup_hc32f40_41xxx.o(RESET)
 <LI><a href="#[59]">RFU20_IRQHandler</a> from startup_hc32f40_41xxx.o(.text) referenced from startup_hc32f40_41xxx.o(RESET)
 <LI><a href="#[1e]">RFU2_IRQHandler</a> from startup_hc32f40_41xxx.o(.text) referenced from startup_hc32f40_41xxx.o(RESET)
 <LI><a href="#[2a]">RFU3_IRQHandler</a> from startup_hc32f40_41xxx.o(.text) referenced from startup_hc32f40_41xxx.o(RESET)
 <LI><a href="#[2c]">RFU4_IRQHandler</a> from startup_hc32f40_41xxx.o(.text) referenced from startup_hc32f40_41xxx.o(RESET)
 <LI><a href="#[44]">RFU5_IRQHandler</a> from startup_hc32f40_41xxx.o(.text) referenced from startup_hc32f40_41xxx.o(RESET)
 <LI><a href="#[49]">RFU6_IRQHandler</a> from startup_hc32f40_41xxx.o(.text) referenced from startup_hc32f40_41xxx.o(RESET)
 <LI><a href="#[4a]">RFU7_IRQHandler</a> from startup_hc32f40_41xxx.o(.text) referenced from startup_hc32f40_41xxx.o(RESET)
 <LI><a href="#[4b]">RFU8_IRQHandler</a> from startup_hc32f40_41xxx.o(.text) referenced from startup_hc32f40_41xxx.o(RESET)
 <LI><a href="#[4c]">RFU9_IRQHandler</a> from startup_hc32f40_41xxx.o(.text) referenced from startup_hc32f40_41xxx.o(RESET)
 <LI><a href="#[33]">RTC_Alarm_IRQHandler</a> from startup_hc32f40_41xxx.o(.text) referenced from startup_hc32f40_41xxx.o(RESET)
 <LI><a href="#[d]">RTC_WKUP_IRQHandler</a> from startup_hc32f40_41xxx.o(.text) referenced from startup_hc32f40_41xxx.o(RESET)
 <LI><a href="#[0]">Reset_Handler</a> from startup_hc32f40_41xxx.o(.text) referenced from startup_hc32f40_41xxx.o(RESET)
 <LI><a href="#[3b]">SDIO_IRQHandler</a> from startup_hc32f40_41xxx.o(.text) referenced from startup_hc32f40_41xxx.o(RESET)
 <LI><a href="#[2d]">SPI1_IRQHandler</a> from startup_hc32f40_41xxx.o(.text) referenced from startup_hc32f40_41xxx.o(RESET)
 <LI><a href="#[2e]">SPI2_IRQHandler</a> from startup_hc32f40_41xxx.o(.text) referenced from startup_hc32f40_41xxx.o(RESET)
 <LI><a href="#[3d]">SPI3_IRQHandler</a> from startup_hc32f40_41xxx.o(.text) referenced from startup_hc32f40_41xxx.o(RESET)
 <LI><a href="#[6]">SVC_Handler</a> from hc32f4xx_it.o(.text) referenced from startup_hc32f40_41xxx.o(RESET)
 <LI><a href="#[9]">SysTick_Handler</a> from core_portme.o(.text) referenced from startup_hc32f40_41xxx.o(RESET)
 <LI><a href="#[c]">TAMP_STAMP_IRQHandler</a> from startup_hc32f40_41xxx.o(.text) referenced from startup_hc32f40_41xxx.o(RESET)
 <LI><a href="#[43]">TIM10_IRQHandler</a> from startup_hc32f40_41xxx.o(.text) referenced from startup_hc32f40_41xxx.o(RESET)
 <LI><a href="#[22]">TIM1_BRK_IRQHandler</a> from startup_hc32f40_41xxx.o(.text) referenced from startup_hc32f40_41xxx.o(RESET)
 <LI><a href="#[25]">TIM1_CC_IRQHandler</a> from startup_hc32f40_41xxx.o(.text) referenced from startup_hc32f40_41xxx.o(RESET)
 <LI><a href="#[24]">TIM1_TRG_COM_IRQHandler</a> from startup_hc32f40_41xxx.o(.text) referenced from startup_hc32f40_41xxx.o(RESET)
 <LI><a href="#[23]">TIM1_UP_IRQHandler</a> from startup_hc32f40_41xxx.o(.text) referenced from startup_hc32f40_41xxx.o(RESET)
 <LI><a href="#[26]">TIM2_IRQHandler</a> from startup_hc32f40_41xxx.o(.text) referenced from startup_hc32f40_41xxx.o(RESET)
 <LI><a href="#[27]">TIM3_IRQHandler</a> from startup_hc32f40_41xxx.o(.text) referenced from startup_hc32f40_41xxx.o(RESET)
 <LI><a href="#[28]">TIM4_IRQHandler</a> from startup_hc32f40_41xxx.o(.text) referenced from startup_hc32f40_41xxx.o(RESET)
 <LI><a href="#[3c]">TIM5_IRQHandler</a> from startup_hc32f40_41xxx.o(.text) referenced from startup_hc32f40_41xxx.o(RESET)
 <LI><a href="#[40]">TIM6_IRQHandler</a> from startup_hc32f40_41xxx.o(.text) referenced from startup_hc32f40_41xxx.o(RESET)
 <LI><a href="#[41]">TIM7_IRQHandler</a> from startup_hc32f40_41xxx.o(.text) referenced from startup_hc32f40_41xxx.o(RESET)
 <LI><a href="#[35]">TIM8_BRK_IRQHandler</a> from startup_hc32f40_41xxx.o(.text) referenced from startup_hc32f40_41xxx.o(RESET)
 <LI><a href="#[38]">TIM8_CC_IRQHandler</a> from startup_hc32f40_41xxx.o(.text) referenced from startup_hc32f40_41xxx.o(RESET)
 <LI><a href="#[37]">TIM8_TRG_COM_IRQHandler</a> from startup_hc32f40_41xxx.o(.text) referenced from startup_hc32f40_41xxx.o(RESET)
 <LI><a href="#[36]">TIM8_UP_IRQHandler</a> from startup_hc32f40_41xxx.o(.text) referenced from startup_hc32f40_41xxx.o(RESET)
 <LI><a href="#[42]">TIM9_IRQHandler</a> from startup_hc32f40_41xxx.o(.text) referenced from startup_hc32f40_41xxx.o(RESET)
 <LI><a href="#[3e]">UART4_IRQHandler</a> from startup_hc32f40_41xxx.o(.text) referenced from startup_hc32f40_41xxx.o(RESET)
 <LI><a href="#[3f]">UART5_IRQHandler</a> from startup_hc32f40_41xxx.o(.text) referenced from startup_hc32f40_41xxx.o(RESET)
 <LI><a href="#[2f]">USART1_IRQHandler</a> from startup_hc32f40_41xxx.o(.text) referenced from startup_hc32f40_41xxx.o(RESET)
 <LI><a href="#[30]">USART2_IRQHandler</a> from startup_hc32f40_41xxx.o(.text) referenced from startup_hc32f40_41xxx.o(RESET)
 <LI><a href="#[31]">USART3_IRQHandler</a> from startup_hc32f40_41xxx.o(.text) referenced from startup_hc32f40_41xxx.o(RESET)
 <LI><a href="#[34]">USBWakeUp_IRQHandler</a> from startup_hc32f40_41xxx.o(.text) referenced from startup_hc32f40_41xxx.o(RESET)
 <LI><a href="#[4e]">USB_HP_IRQHandler</a> from startup_hc32f40_41xxx.o(.text) referenced from startup_hc32f40_41xxx.o(RESET)
 <LI><a href="#[4d]">USB_LP_IRQHandler</a> from startup_hc32f40_41xxx.o(.text) referenced from startup_hc32f40_41xxx.o(RESET)
 <LI><a href="#[5]">UsageFault_Handler</a> from hc32f4xx_it.o(.text) referenced from startup_hc32f40_41xxx.o(RESET)
 <LI><a href="#[45]">VC0_IRQHandler</a> from startup_hc32f40_41xxx.o(.text) referenced from startup_hc32f40_41xxx.o(RESET)
 <LI><a href="#[46]">VC1_IRQHandler</a> from startup_hc32f40_41xxx.o(.text) referenced from startup_hc32f40_41xxx.o(RESET)
 <LI><a href="#[47]">VC2_IRQHandler</a> from startup_hc32f40_41xxx.o(.text) referenced from startup_hc32f40_41xxx.o(RESET)
 <LI><a href="#[48]">VC_Wakeup_IRQHandler</a> from startup_hc32f40_41xxx.o(.text) referenced from startup_hc32f40_41xxx.o(RESET)
 <LI><a href="#[a]">WWDG_IRQHandler</a> from startup_hc32f40_41xxx.o(.text) referenced from startup_hc32f40_41xxx.o(RESET)
 <LI><a href="#[5d]">__main</a> from entry.o(.ARM.Collect$$$$00000000) referenced from startup_hc32f40_41xxx.o(.text)
 <LI><a href="#[84]">cmp_complex</a> from core_list_join.o(.text) referenced from core_list_join.o(.text)
 <LI><a href="#[88]">cmp_idx</a> from core_list_join.o(.text) referenced 2 times from core_list_join.o(.text)
 <LI><a href="#[5e]">fputc</a> from bsp_printf.o(.text) referenced from printfa.o(i.__0printf)
 <LI><a href="#[5c]">main</a> from core_main.o(.text) referenced from entry9a.o(.ARM.Collect$$$$0000000B)
</UL>
<P>
<H3>
Global Symbols
</H3>
<P><STRONG><a name="[5d]"></a>__main</STRONG> (Thumb, 0 bytes, Stack size unknown bytes, entry.o(.ARM.Collect$$$$00000000))
<BR>[Address Reference Count : 1]<UL><LI> startup_hc32f40_41xxx.o(.text)
</UL>
<P><STRONG><a name="[bf]"></a>_main_stk</STRONG> (Thumb, 0 bytes, Stack size unknown bytes, entry2.o(.ARM.Collect$$$$00000001))

<P><STRONG><a name="[5f]"></a>_main_scatterload</STRONG> (Thumb, 0 bytes, Stack size unknown bytes, entry5.o(.ARM.Collect$$$$00000004))
<BR><BR>[Calls]<UL><LI><a href="#[60]">&gt;&gt;</a>&nbsp;&nbsp;&nbsp;__scatterload
</UL>

<P><STRONG><a name="[b8]"></a>__main_after_scatterload</STRONG> (Thumb, 0 bytes, Stack size unknown bytes, entry5.o(.ARM.Collect$$$$00000004))
<BR><BR>[Called By]<UL><LI><a href="#[60]">&gt;&gt;</a>&nbsp;&nbsp;&nbsp;__scatterload
</UL>

<P><STRONG><a name="[c0]"></a>_main_clock</STRONG> (Thumb, 0 bytes, Stack size unknown bytes, entry7b.o(.ARM.Collect$$$$00000008))

<P><STRONG><a name="[c1]"></a>_main_cpp_init</STRONG> (Thumb, 0 bytes, Stack size unknown bytes, entry8b.o(.ARM.Collect$$$$0000000A))

<P><STRONG><a name="[c2]"></a>_main_init</STRONG> (Thumb, 0 bytes, Stack size unknown bytes, entry9a.o(.ARM.Collect$$$$0000000B))

<P><STRONG><a name="[c3]"></a>__rt_lib_shutdown_fini</STRONG> (Thumb, 0 bytes, Stack size unknown bytes, entry12b.o(.ARM.Collect$$$$0000000E))

<P><STRONG><a name="[c4]"></a>__rt_final_cpp</STRONG> (Thumb, 0 bytes, Stack size unknown bytes, entry10a.o(.ARM.Collect$$$$0000000F))

<P><STRONG><a name="[c5]"></a>__rt_final_exit</STRONG> (Thumb, 0 bytes, Stack size unknown bytes, entry11a.o(.ARM.Collect$$$$00000011))

<P><STRONG><a name="[0]"></a>Reset_Handler</STRONG> (Thumb, 22 bytes, Stack size 0 bytes, startup_hc32f40_41xxx.o(.text))
<BR>[Address Reference Count : 1]<UL><LI> startup_hc32f40_41xxx.o(RESET)
</UL>
<P><STRONG><a name="[1c]"></a>ADC_IRQHandler</STRONG> (Thumb, 0 bytes, Stack size 0 bytes, startup_hc32f40_41xxx.o(.text))
<BR><BR>[Calls]<UL><LI><a href="#[1c]">&gt;&gt;</a>&nbsp;&nbsp;&nbsp;ADC_IRQHandler
</UL>
<BR>[Called By]<UL><LI><a href="#[1c]">&gt;&gt;</a>&nbsp;&nbsp;&nbsp;ADC_IRQHandler
</UL>
<BR>[Address Reference Count : 1]<UL><LI> startup_hc32f40_41xxx.o(RESET)
</UL>
<P><STRONG><a name="[1f]"></a>CAN1_INT0_IRQHandler</STRONG> (Thumb, 0 bytes, Stack size 0 bytes, startup_hc32f40_41xxx.o(.text))
<BR>[Address Reference Count : 1]<UL><LI> startup_hc32f40_41xxx.o(RESET)
</UL>
<P><STRONG><a name="[20]"></a>CAN1_INT1_IRQHandler</STRONG> (Thumb, 0 bytes, Stack size 0 bytes, startup_hc32f40_41xxx.o(.text))
<BR>[Address Reference Count : 1]<UL><LI> startup_hc32f40_41xxx.o(RESET)
</UL>
<P><STRONG><a name="[15]"></a>DMA1_Stream0_IRQHandler</STRONG> (Thumb, 0 bytes, Stack size 0 bytes, startup_hc32f40_41xxx.o(.text))
<BR>[Address Reference Count : 1]<UL><LI> startup_hc32f40_41xxx.o(RESET)
</UL>
<P><STRONG><a name="[16]"></a>DMA1_Stream1_IRQHandler</STRONG> (Thumb, 0 bytes, Stack size 0 bytes, startup_hc32f40_41xxx.o(.text))
<BR>[Address Reference Count : 1]<UL><LI> startup_hc32f40_41xxx.o(RESET)
</UL>
<P><STRONG><a name="[17]"></a>DMA1_Stream2_IRQHandler</STRONG> (Thumb, 0 bytes, Stack size 0 bytes, startup_hc32f40_41xxx.o(.text))
<BR>[Address Reference Count : 1]<UL><LI> startup_hc32f40_41xxx.o(RESET)
</UL>
<P><STRONG><a name="[18]"></a>DMA1_Stream3_IRQHandler</STRONG> (Thumb, 0 bytes, Stack size 0 bytes, startup_hc32f40_41xxx.o(.text))
<BR>[Address Reference Count : 1]<UL><LI> startup_hc32f40_41xxx.o(RESET)
</UL>
<P><STRONG><a name="[19]"></a>DMA1_Stream4_IRQHandler</STRONG> (Thumb, 0 bytes, Stack size 0 bytes, startup_hc32f40_41xxx.o(.text))
<BR>[Address Reference Count : 1]<UL><LI> startup_hc32f40_41xxx.o(RESET)
</UL>
<P><STRONG><a name="[1a]"></a>DMA1_Stream5_IRQHandler</STRONG> (Thumb, 0 bytes, Stack size 0 bytes, startup_hc32f40_41xxx.o(.text))
<BR>[Address Reference Count : 1]<UL><LI> startup_hc32f40_41xxx.o(RESET)
</UL>
<P><STRONG><a name="[1b]"></a>DMA1_Stream6_IRQHandler</STRONG> (Thumb, 0 bytes, Stack size 0 bytes, startup_hc32f40_41xxx.o(.text))
<BR>[Address Reference Count : 1]<UL><LI> startup_hc32f40_41xxx.o(RESET)
</UL>
<P><STRONG><a name="[39]"></a>DMA1_Stream7_IRQHandler</STRONG> (Thumb, 0 bytes, Stack size 0 bytes, startup_hc32f40_41xxx.o(.text))
<BR>[Address Reference Count : 1]<UL><LI> startup_hc32f40_41xxx.o(RESET)
</UL>
<P><STRONG><a name="[10]"></a>EXTI0_IRQHandler</STRONG> (Thumb, 0 bytes, Stack size 0 bytes, startup_hc32f40_41xxx.o(.text))
<BR>[Address Reference Count : 1]<UL><LI> startup_hc32f40_41xxx.o(RESET)
</UL>
<P><STRONG><a name="[32]"></a>EXTI15_10_IRQHandler</STRONG> (Thumb, 0 bytes, Stack size 0 bytes, startup_hc32f40_41xxx.o(.text))
<BR>[Address Reference Count : 1]<UL><LI> startup_hc32f40_41xxx.o(RESET)
</UL>
<P><STRONG><a name="[11]"></a>EXTI1_IRQHandler</STRONG> (Thumb, 0 bytes, Stack size 0 bytes, startup_hc32f40_41xxx.o(.text))
<BR>[Address Reference Count : 1]<UL><LI> startup_hc32f40_41xxx.o(RESET)
</UL>
<P><STRONG><a name="[12]"></a>EXTI2_IRQHandler</STRONG> (Thumb, 0 bytes, Stack size 0 bytes, startup_hc32f40_41xxx.o(.text))
<BR>[Address Reference Count : 1]<UL><LI> startup_hc32f40_41xxx.o(RESET)
</UL>
<P><STRONG><a name="[13]"></a>EXTI3_IRQHandler</STRONG> (Thumb, 0 bytes, Stack size 0 bytes, startup_hc32f40_41xxx.o(.text))
<BR>[Address Reference Count : 1]<UL><LI> startup_hc32f40_41xxx.o(RESET)
</UL>
<P><STRONG><a name="[14]"></a>EXTI4_IRQHandler</STRONG> (Thumb, 0 bytes, Stack size 0 bytes, startup_hc32f40_41xxx.o(.text))
<BR>[Address Reference Count : 1]<UL><LI> startup_hc32f40_41xxx.o(RESET)
</UL>
<P><STRONG><a name="[21]"></a>EXTI9_5_IRQHandler</STRONG> (Thumb, 0 bytes, Stack size 0 bytes, startup_hc32f40_41xxx.o(.text))
<BR>[Address Reference Count : 1]<UL><LI> startup_hc32f40_41xxx.o(RESET)
</UL>
<P><STRONG><a name="[e]"></a>FLASH_IRQHandler</STRONG> (Thumb, 0 bytes, Stack size 0 bytes, startup_hc32f40_41xxx.o(.text))
<BR>[Address Reference Count : 1]<UL><LI> startup_hc32f40_41xxx.o(RESET)
</UL>
<P><STRONG><a name="[5b]"></a>FPU_IRQHandler</STRONG> (Thumb, 0 bytes, Stack size 0 bytes, startup_hc32f40_41xxx.o(.text))
<BR>[Address Reference Count : 1]<UL><LI> startup_hc32f40_41xxx.o(RESET)
</UL>
<P><STRONG><a name="[3a]"></a>FSMC_IRQHandler</STRONG> (Thumb, 0 bytes, Stack size 0 bytes, startup_hc32f40_41xxx.o(.text))
<BR>[Address Reference Count : 1]<UL><LI> startup_hc32f40_41xxx.o(RESET)
</UL>
<P><STRONG><a name="[29]"></a>I2C1_EV_IRQHandler</STRONG> (Thumb, 0 bytes, Stack size 0 bytes, startup_hc32f40_41xxx.o(.text))
<BR>[Address Reference Count : 1]<UL><LI> startup_hc32f40_41xxx.o(RESET)
</UL>
<P><STRONG><a name="[2b]"></a>I2C2_EV_IRQHandler</STRONG> (Thumb, 0 bytes, Stack size 0 bytes, startup_hc32f40_41xxx.o(.text))
<BR>[Address Reference Count : 1]<UL><LI> startup_hc32f40_41xxx.o(RESET)
</UL>
<P><STRONG><a name="[5a]"></a>MOU_IRQHandler</STRONG> (Thumb, 0 bytes, Stack size 0 bytes, startup_hc32f40_41xxx.o(.text))
<BR>[Address Reference Count : 1]<UL><LI> startup_hc32f40_41xxx.o(RESET)
</UL>
<P><STRONG><a name="[b]"></a>PVD_IRQHandler</STRONG> (Thumb, 0 bytes, Stack size 0 bytes, startup_hc32f40_41xxx.o(.text))
<BR>[Address Reference Count : 1]<UL><LI> startup_hc32f40_41xxx.o(RESET)
</UL>
<P><STRONG><a name="[f]"></a>RCC_IRQHandler</STRONG> (Thumb, 0 bytes, Stack size 0 bytes, startup_hc32f40_41xxx.o(.text))
<BR>[Address Reference Count : 1]<UL><LI> startup_hc32f40_41xxx.o(RESET)
</UL>
<P><STRONG><a name="[4f]"></a>RFU10_IRQHandler</STRONG> (Thumb, 0 bytes, Stack size 0 bytes, startup_hc32f40_41xxx.o(.text))
<BR>[Address Reference Count : 1]<UL><LI> startup_hc32f40_41xxx.o(RESET)
</UL>
<P><STRONG><a name="[50]"></a>RFU11_IRQHandler</STRONG> (Thumb, 0 bytes, Stack size 0 bytes, startup_hc32f40_41xxx.o(.text))
<BR>[Address Reference Count : 1]<UL><LI> startup_hc32f40_41xxx.o(RESET)
</UL>
<P><STRONG><a name="[51]"></a>RFU12_IRQHandler</STRONG> (Thumb, 0 bytes, Stack size 0 bytes, startup_hc32f40_41xxx.o(.text))
<BR>[Address Reference Count : 1]<UL><LI> startup_hc32f40_41xxx.o(RESET)
</UL>
<P><STRONG><a name="[52]"></a>RFU13_IRQHandler</STRONG> (Thumb, 0 bytes, Stack size 0 bytes, startup_hc32f40_41xxx.o(.text))
<BR>[Address Reference Count : 1]<UL><LI> startup_hc32f40_41xxx.o(RESET)
</UL>
<P><STRONG><a name="[53]"></a>RFU14_IRQHandler</STRONG> (Thumb, 0 bytes, Stack size 0 bytes, startup_hc32f40_41xxx.o(.text))
<BR>[Address Reference Count : 1]<UL><LI> startup_hc32f40_41xxx.o(RESET)
</UL>
<P><STRONG><a name="[54]"></a>RFU15_IRQHandler</STRONG> (Thumb, 0 bytes, Stack size 0 bytes, startup_hc32f40_41xxx.o(.text))
<BR>[Address Reference Count : 1]<UL><LI> startup_hc32f40_41xxx.o(RESET)
</UL>
<P><STRONG><a name="[55]"></a>RFU16_IRQHandler</STRONG> (Thumb, 0 bytes, Stack size 0 bytes, startup_hc32f40_41xxx.o(.text))
<BR>[Address Reference Count : 1]<UL><LI> startup_hc32f40_41xxx.o(RESET)
</UL>
<P><STRONG><a name="[56]"></a>RFU17_IRQHandler</STRONG> (Thumb, 0 bytes, Stack size 0 bytes, startup_hc32f40_41xxx.o(.text))
<BR>[Address Reference Count : 1]<UL><LI> startup_hc32f40_41xxx.o(RESET)
</UL>
<P><STRONG><a name="[57]"></a>RFU18_IRQHandler</STRONG> (Thumb, 0 bytes, Stack size 0 bytes, startup_hc32f40_41xxx.o(.text))
<BR>[Address Reference Count : 1]<UL><LI> startup_hc32f40_41xxx.o(RESET)
</UL>
<P><STRONG><a name="[58]"></a>RFU19_IRQHandler</STRONG> (Thumb, 0 bytes, Stack size 0 bytes, startup_hc32f40_41xxx.o(.text))
<BR>[Address Reference Count : 1]<UL><LI> startup_hc32f40_41xxx.o(RESET)
</UL>
<P><STRONG><a name="[1d]"></a>RFU1_IRQHandler</STRONG> (Thumb, 0 bytes, Stack size 0 bytes, startup_hc32f40_41xxx.o(.text))
<BR>[Address Reference Count : 1]<UL><LI> startup_hc32f40_41xxx.o(RESET)
</UL>
<P><STRONG><a name="[59]"></a>RFU20_IRQHandler</STRONG> (Thumb, 0 bytes, Stack size 0 bytes, startup_hc32f40_41xxx.o(.text))
<BR>[Address Reference Count : 1]<UL><LI> startup_hc32f40_41xxx.o(RESET)
</UL>
<P><STRONG><a name="[1e]"></a>RFU2_IRQHandler</STRONG> (Thumb, 0 bytes, Stack size 0 bytes, startup_hc32f40_41xxx.o(.text))
<BR>[Address Reference Count : 1]<UL><LI> startup_hc32f40_41xxx.o(RESET)
</UL>
<P><STRONG><a name="[2a]"></a>RFU3_IRQHandler</STRONG> (Thumb, 0 bytes, Stack size 0 bytes, startup_hc32f40_41xxx.o(.text))
<BR>[Address Reference Count : 1]<UL><LI> startup_hc32f40_41xxx.o(RESET)
</UL>
<P><STRONG><a name="[2c]"></a>RFU4_IRQHandler</STRONG> (Thumb, 0 bytes, Stack size 0 bytes, startup_hc32f40_41xxx.o(.text))
<BR>[Address Reference Count : 1]<UL><LI> startup_hc32f40_41xxx.o(RESET)
</UL>
<P><STRONG><a name="[44]"></a>RFU5_IRQHandler</STRONG> (Thumb, 0 bytes, Stack size 0 bytes, startup_hc32f40_41xxx.o(.text))
<BR>[Address Reference Count : 1]<UL><LI> startup_hc32f40_41xxx.o(RESET)
</UL>
<P><STRONG><a name="[49]"></a>RFU6_IRQHandler</STRONG> (Thumb, 0 bytes, Stack size 0 bytes, startup_hc32f40_41xxx.o(.text))
<BR>[Address Reference Count : 1]<UL><LI> startup_hc32f40_41xxx.o(RESET)
</UL>
<P><STRONG><a name="[4a]"></a>RFU7_IRQHandler</STRONG> (Thumb, 0 bytes, Stack size 0 bytes, startup_hc32f40_41xxx.o(.text))
<BR>[Address Reference Count : 1]<UL><LI> startup_hc32f40_41xxx.o(RESET)
</UL>
<P><STRONG><a name="[4b]"></a>RFU8_IRQHandler</STRONG> (Thumb, 0 bytes, Stack size 0 bytes, startup_hc32f40_41xxx.o(.text))
<BR>[Address Reference Count : 1]<UL><LI> startup_hc32f40_41xxx.o(RESET)
</UL>
<P><STRONG><a name="[4c]"></a>RFU9_IRQHandler</STRONG> (Thumb, 0 bytes, Stack size 0 bytes, startup_hc32f40_41xxx.o(.text))
<BR>[Address Reference Count : 1]<UL><LI> startup_hc32f40_41xxx.o(RESET)
</UL>
<P><STRONG><a name="[33]"></a>RTC_Alarm_IRQHandler</STRONG> (Thumb, 0 bytes, Stack size 0 bytes, startup_hc32f40_41xxx.o(.text))
<BR>[Address Reference Count : 1]<UL><LI> startup_hc32f40_41xxx.o(RESET)
</UL>
<P><STRONG><a name="[d]"></a>RTC_WKUP_IRQHandler</STRONG> (Thumb, 0 bytes, Stack size 0 bytes, startup_hc32f40_41xxx.o(.text))
<BR>[Address Reference Count : 1]<UL><LI> startup_hc32f40_41xxx.o(RESET)
</UL>
<P><STRONG><a name="[3b]"></a>SDIO_IRQHandler</STRONG> (Thumb, 0 bytes, Stack size 0 bytes, startup_hc32f40_41xxx.o(.text))
<BR>[Address Reference Count : 1]<UL><LI> startup_hc32f40_41xxx.o(RESET)
</UL>
<P><STRONG><a name="[2d]"></a>SPI1_IRQHandler</STRONG> (Thumb, 0 bytes, Stack size 0 bytes, startup_hc32f40_41xxx.o(.text))
<BR>[Address Reference Count : 1]<UL><LI> startup_hc32f40_41xxx.o(RESET)
</UL>
<P><STRONG><a name="[2e]"></a>SPI2_IRQHandler</STRONG> (Thumb, 0 bytes, Stack size 0 bytes, startup_hc32f40_41xxx.o(.text))
<BR>[Address Reference Count : 1]<UL><LI> startup_hc32f40_41xxx.o(RESET)
</UL>
<P><STRONG><a name="[3d]"></a>SPI3_IRQHandler</STRONG> (Thumb, 0 bytes, Stack size 0 bytes, startup_hc32f40_41xxx.o(.text))
<BR>[Address Reference Count : 1]<UL><LI> startup_hc32f40_41xxx.o(RESET)
</UL>
<P><STRONG><a name="[c]"></a>TAMP_STAMP_IRQHandler</STRONG> (Thumb, 0 bytes, Stack size 0 bytes, startup_hc32f40_41xxx.o(.text))
<BR>[Address Reference Count : 1]<UL><LI> startup_hc32f40_41xxx.o(RESET)
</UL>
<P><STRONG><a name="[43]"></a>TIM10_IRQHandler</STRONG> (Thumb, 0 bytes, Stack size 0 bytes, startup_hc32f40_41xxx.o(.text))
<BR>[Address Reference Count : 1]<UL><LI> startup_hc32f40_41xxx.o(RESET)
</UL>
<P><STRONG><a name="[22]"></a>TIM1_BRK_IRQHandler</STRONG> (Thumb, 0 bytes, Stack size 0 bytes, startup_hc32f40_41xxx.o(.text))
<BR>[Address Reference Count : 1]<UL><LI> startup_hc32f40_41xxx.o(RESET)
</UL>
<P><STRONG><a name="[25]"></a>TIM1_CC_IRQHandler</STRONG> (Thumb, 0 bytes, Stack size 0 bytes, startup_hc32f40_41xxx.o(.text))
<BR>[Address Reference Count : 1]<UL><LI> startup_hc32f40_41xxx.o(RESET)
</UL>
<P><STRONG><a name="[24]"></a>TIM1_TRG_COM_IRQHandler</STRONG> (Thumb, 0 bytes, Stack size 0 bytes, startup_hc32f40_41xxx.o(.text))
<BR>[Address Reference Count : 1]<UL><LI> startup_hc32f40_41xxx.o(RESET)
</UL>
<P><STRONG><a name="[23]"></a>TIM1_UP_IRQHandler</STRONG> (Thumb, 0 bytes, Stack size 0 bytes, startup_hc32f40_41xxx.o(.text))
<BR>[Address Reference Count : 1]<UL><LI> startup_hc32f40_41xxx.o(RESET)
</UL>
<P><STRONG><a name="[26]"></a>TIM2_IRQHandler</STRONG> (Thumb, 0 bytes, Stack size 0 bytes, startup_hc32f40_41xxx.o(.text))
<BR>[Address Reference Count : 1]<UL><LI> startup_hc32f40_41xxx.o(RESET)
</UL>
<P><STRONG><a name="[27]"></a>TIM3_IRQHandler</STRONG> (Thumb, 0 bytes, Stack size 0 bytes, startup_hc32f40_41xxx.o(.text))
<BR>[Address Reference Count : 1]<UL><LI> startup_hc32f40_41xxx.o(RESET)
</UL>
<P><STRONG><a name="[28]"></a>TIM4_IRQHandler</STRONG> (Thumb, 0 bytes, Stack size 0 bytes, startup_hc32f40_41xxx.o(.text))
<BR>[Address Reference Count : 1]<UL><LI> startup_hc32f40_41xxx.o(RESET)
</UL>
<P><STRONG><a name="[3c]"></a>TIM5_IRQHandler</STRONG> (Thumb, 0 bytes, Stack size 0 bytes, startup_hc32f40_41xxx.o(.text))
<BR>[Address Reference Count : 1]<UL><LI> startup_hc32f40_41xxx.o(RESET)
</UL>
<P><STRONG><a name="[40]"></a>TIM6_IRQHandler</STRONG> (Thumb, 0 bytes, Stack size 0 bytes, startup_hc32f40_41xxx.o(.text))
<BR>[Address Reference Count : 1]<UL><LI> startup_hc32f40_41xxx.o(RESET)
</UL>
<P><STRONG><a name="[41]"></a>TIM7_IRQHandler</STRONG> (Thumb, 0 bytes, Stack size 0 bytes, startup_hc32f40_41xxx.o(.text))
<BR>[Address Reference Count : 1]<UL><LI> startup_hc32f40_41xxx.o(RESET)
</UL>
<P><STRONG><a name="[35]"></a>TIM8_BRK_IRQHandler</STRONG> (Thumb, 0 bytes, Stack size 0 bytes, startup_hc32f40_41xxx.o(.text))
<BR>[Address Reference Count : 1]<UL><LI> startup_hc32f40_41xxx.o(RESET)
</UL>
<P><STRONG><a name="[38]"></a>TIM8_CC_IRQHandler</STRONG> (Thumb, 0 bytes, Stack size 0 bytes, startup_hc32f40_41xxx.o(.text))
<BR>[Address Reference Count : 1]<UL><LI> startup_hc32f40_41xxx.o(RESET)
</UL>
<P><STRONG><a name="[37]"></a>TIM8_TRG_COM_IRQHandler</STRONG> (Thumb, 0 bytes, Stack size 0 bytes, startup_hc32f40_41xxx.o(.text))
<BR>[Address Reference Count : 1]<UL><LI> startup_hc32f40_41xxx.o(RESET)
</UL>
<P><STRONG><a name="[36]"></a>TIM8_UP_IRQHandler</STRONG> (Thumb, 0 bytes, Stack size 0 bytes, startup_hc32f40_41xxx.o(.text))
<BR>[Address Reference Count : 1]<UL><LI> startup_hc32f40_41xxx.o(RESET)
</UL>
<P><STRONG><a name="[42]"></a>TIM9_IRQHandler</STRONG> (Thumb, 0 bytes, Stack size 0 bytes, startup_hc32f40_41xxx.o(.text))
<BR>[Address Reference Count : 1]<UL><LI> startup_hc32f40_41xxx.o(RESET)
</UL>
<P><STRONG><a name="[3e]"></a>UART4_IRQHandler</STRONG> (Thumb, 0 bytes, Stack size 0 bytes, startup_hc32f40_41xxx.o(.text))
<BR>[Address Reference Count : 1]<UL><LI> startup_hc32f40_41xxx.o(RESET)
</UL>
<P><STRONG><a name="[3f]"></a>UART5_IRQHandler</STRONG> (Thumb, 0 bytes, Stack size 0 bytes, startup_hc32f40_41xxx.o(.text))
<BR>[Address Reference Count : 1]<UL><LI> startup_hc32f40_41xxx.o(RESET)
</UL>
<P><STRONG><a name="[2f]"></a>USART1_IRQHandler</STRONG> (Thumb, 0 bytes, Stack size 0 bytes, startup_hc32f40_41xxx.o(.text))
<BR>[Address Reference Count : 1]<UL><LI> startup_hc32f40_41xxx.o(RESET)
</UL>
<P><STRONG><a name="[30]"></a>USART2_IRQHandler</STRONG> (Thumb, 0 bytes, Stack size 0 bytes, startup_hc32f40_41xxx.o(.text))
<BR>[Address Reference Count : 1]<UL><LI> startup_hc32f40_41xxx.o(RESET)
</UL>
<P><STRONG><a name="[31]"></a>USART3_IRQHandler</STRONG> (Thumb, 0 bytes, Stack size 0 bytes, startup_hc32f40_41xxx.o(.text))
<BR>[Address Reference Count : 1]<UL><LI> startup_hc32f40_41xxx.o(RESET)
</UL>
<P><STRONG><a name="[34]"></a>USBWakeUp_IRQHandler</STRONG> (Thumb, 0 bytes, Stack size 0 bytes, startup_hc32f40_41xxx.o(.text))
<BR>[Address Reference Count : 1]<UL><LI> startup_hc32f40_41xxx.o(RESET)
</UL>
<P><STRONG><a name="[4e]"></a>USB_HP_IRQHandler</STRONG> (Thumb, 0 bytes, Stack size 0 bytes, startup_hc32f40_41xxx.o(.text))
<BR>[Address Reference Count : 1]<UL><LI> startup_hc32f40_41xxx.o(RESET)
</UL>
<P><STRONG><a name="[4d]"></a>USB_LP_IRQHandler</STRONG> (Thumb, 0 bytes, Stack size 0 bytes, startup_hc32f40_41xxx.o(.text))
<BR>[Address Reference Count : 1]<UL><LI> startup_hc32f40_41xxx.o(RESET)
</UL>
<P><STRONG><a name="[45]"></a>VC0_IRQHandler</STRONG> (Thumb, 0 bytes, Stack size 0 bytes, startup_hc32f40_41xxx.o(.text))
<BR>[Address Reference Count : 1]<UL><LI> startup_hc32f40_41xxx.o(RESET)
</UL>
<P><STRONG><a name="[46]"></a>VC1_IRQHandler</STRONG> (Thumb, 0 bytes, Stack size 0 bytes, startup_hc32f40_41xxx.o(.text))
<BR>[Address Reference Count : 1]<UL><LI> startup_hc32f40_41xxx.o(RESET)
</UL>
<P><STRONG><a name="[47]"></a>VC2_IRQHandler</STRONG> (Thumb, 0 bytes, Stack size 0 bytes, startup_hc32f40_41xxx.o(.text))
<BR>[Address Reference Count : 1]<UL><LI> startup_hc32f40_41xxx.o(RESET)
</UL>
<P><STRONG><a name="[48]"></a>VC_Wakeup_IRQHandler</STRONG> (Thumb, 0 bytes, Stack size 0 bytes, startup_hc32f40_41xxx.o(.text))
<BR>[Address Reference Count : 1]<UL><LI> startup_hc32f40_41xxx.o(RESET)
</UL>
<P><STRONG><a name="[a]"></a>WWDG_IRQHandler</STRONG> (Thumb, 0 bytes, Stack size 0 bytes, startup_hc32f40_41xxx.o(.text))
<BR>[Address Reference Count : 1]<UL><LI> startup_hc32f40_41xxx.o(RESET)
</UL>
<P><STRONG><a name="[c6]"></a>FLASH_PrefetchBufferCmd</STRONG> (Thumb, 20 bytes, Stack size 0 bytes, hc32f4xx_flash.o(.text), UNUSED)

<P><STRONG><a name="[c7]"></a>FLASH_InstructionCacheCmd</STRONG> (Thumb, 20 bytes, Stack size 0 bytes, hc32f4xx_flash.o(.text), UNUSED)

<P><STRONG><a name="[c8]"></a>FLASH_InstructionCacheReset</STRONG> (Thumb, 12 bytes, Stack size 0 bytes, hc32f4xx_flash.o(.text), UNUSED)

<P><STRONG><a name="[a8]"></a>FLASH_Unlock</STRONG> (Thumb, 24 bytes, Stack size 0 bytes, hc32f4xx_flash.o(.text))
<BR><BR>[Called By]<UL><LI><a href="#[8b]">&gt;&gt;</a>&nbsp;&nbsp;&nbsp;portable_init
</UL>

<P><STRONG><a name="[c9]"></a>FLASH_Lock</STRONG> (Thumb, 12 bytes, Stack size 0 bytes, hc32f4xx_flash.o(.text), UNUSED)

<P><STRONG><a name="[ca]"></a>FLASH_GetStatus</STRONG> (Thumb, 64 bytes, Stack size 0 bytes, hc32f4xx_flash.o(.text), UNUSED)

<P><STRONG><a name="[62]"></a>FLASH_WaitForLastOperation</STRONG> (Thumb, 162 bytes, Stack size 4 bytes, hc32f4xx_flash.o(.text))
<BR><BR>[Stack]<UL><LI>Max Depth = 4<LI>Call Chain = FLASH_WaitForLastOperation
</UL>
<BR>[Called By]<UL><LI><a href="#[6d]">&gt;&gt;</a>&nbsp;&nbsp;&nbsp;FLASH_OB_Launch
<LI><a href="#[6c]">&gt;&gt;</a>&nbsp;&nbsp;&nbsp;FLASH_OB_UserConfig
<LI><a href="#[6b]">&gt;&gt;</a>&nbsp;&nbsp;&nbsp;FLASH_OB_RDPConfig
<LI><a href="#[6a]">&gt;&gt;</a>&nbsp;&nbsp;&nbsp;FLASH_OB_EOPBConfig
<LI><a href="#[69]">&gt;&gt;</a>&nbsp;&nbsp;&nbsp;FLASH_OB_WRP2_AddressConfig
<LI><a href="#[68]">&gt;&gt;</a>&nbsp;&nbsp;&nbsp;FLASH_OB_WRP1_AddressConfig
<LI><a href="#[67]">&gt;&gt;</a>&nbsp;&nbsp;&nbsp;FLASH_OB_WRPConfig
<LI><a href="#[66]">&gt;&gt;</a>&nbsp;&nbsp;&nbsp;FLASH_ProgramByte
<LI><a href="#[65]">&gt;&gt;</a>&nbsp;&nbsp;&nbsp;FLASH_ProgramHalfWord
<LI><a href="#[64]">&gt;&gt;</a>&nbsp;&nbsp;&nbsp;FLASH_ProgramWord
<LI><a href="#[63]">&gt;&gt;</a>&nbsp;&nbsp;&nbsp;FLASH_EraseAllSectors
<LI><a href="#[61]">&gt;&gt;</a>&nbsp;&nbsp;&nbsp;FLASH_EraseSector
</UL>

<P><STRONG><a name="[61]"></a>FLASH_EraseSector</STRONG> (Thumb, 58 bytes, Stack size 4 bytes, hc32f4xx_flash.o(.text), UNUSED)
<BR><BR>[Calls]<UL><LI><a href="#[62]">&gt;&gt;</a>&nbsp;&nbsp;&nbsp;FLASH_WaitForLastOperation
</UL>

<P><STRONG><a name="[63]"></a>FLASH_EraseAllSectors</STRONG> (Thumb, 52 bytes, Stack size 4 bytes, hc32f4xx_flash.o(.text), UNUSED)
<BR><BR>[Calls]<UL><LI><a href="#[62]">&gt;&gt;</a>&nbsp;&nbsp;&nbsp;FLASH_WaitForLastOperation
</UL>

<P><STRONG><a name="[64]"></a>FLASH_ProgramWord</STRONG> (Thumb, 60 bytes, Stack size 8 bytes, hc32f4xx_flash.o(.text), UNUSED)
<BR><BR>[Calls]<UL><LI><a href="#[62]">&gt;&gt;</a>&nbsp;&nbsp;&nbsp;FLASH_WaitForLastOperation
</UL>

<P><STRONG><a name="[65]"></a>FLASH_ProgramHalfWord</STRONG> (Thumb, 60 bytes, Stack size 8 bytes, hc32f4xx_flash.o(.text), UNUSED)
<BR><BR>[Calls]<UL><LI><a href="#[62]">&gt;&gt;</a>&nbsp;&nbsp;&nbsp;FLASH_WaitForLastOperation
</UL>

<P><STRONG><a name="[66]"></a>FLASH_ProgramByte</STRONG> (Thumb, 56 bytes, Stack size 8 bytes, hc32f4xx_flash.o(.text), UNUSED)
<BR><BR>[Calls]<UL><LI><a href="#[62]">&gt;&gt;</a>&nbsp;&nbsp;&nbsp;FLASH_WaitForLastOperation
</UL>

<P><STRONG><a name="[a9]"></a>FLASH_OB_Unlock</STRONG> (Thumb, 24 bytes, Stack size 0 bytes, hc32f4xx_flash.o(.text))
<BR><BR>[Called By]<UL><LI><a href="#[8b]">&gt;&gt;</a>&nbsp;&nbsp;&nbsp;portable_init
</UL>

<P><STRONG><a name="[cb]"></a>FLASH_OB_Lock</STRONG> (Thumb, 12 bytes, Stack size 0 bytes, hc32f4xx_flash.o(.text), UNUSED)

<P><STRONG><a name="[67]"></a>FLASH_OB_WRPConfig</STRONG> (Thumb, 26 bytes, Stack size 4 bytes, hc32f4xx_flash.o(.text), UNUSED)
<BR><BR>[Calls]<UL><LI><a href="#[62]">&gt;&gt;</a>&nbsp;&nbsp;&nbsp;FLASH_WaitForLastOperation
</UL>

<P><STRONG><a name="[68]"></a>FLASH_OB_WRP1_AddressConfig</STRONG> (Thumb, 28 bytes, Stack size 4 bytes, hc32f4xx_flash.o(.text), UNUSED)
<BR><BR>[Calls]<UL><LI><a href="#[62]">&gt;&gt;</a>&nbsp;&nbsp;&nbsp;FLASH_WaitForLastOperation
</UL>

<P><STRONG><a name="[69]"></a>FLASH_OB_WRP2_AddressConfig</STRONG> (Thumb, 28 bytes, Stack size 4 bytes, hc32f4xx_flash.o(.text), UNUSED)
<BR><BR>[Calls]<UL><LI><a href="#[62]">&gt;&gt;</a>&nbsp;&nbsp;&nbsp;FLASH_WaitForLastOperation
</UL>

<P><STRONG><a name="[6a]"></a>FLASH_OB_EOPBConfig</STRONG> (Thumb, 18 bytes, Stack size 4 bytes, hc32f4xx_flash.o(.text))
<BR><BR>[Stack]<UL><LI>Max Depth = 8<LI>Call Chain = FLASH_OB_EOPBConfig &rArr; FLASH_WaitForLastOperation
</UL>
<BR>[Calls]<UL><LI><a href="#[62]">&gt;&gt;</a>&nbsp;&nbsp;&nbsp;FLASH_WaitForLastOperation
</UL>
<BR>[Called By]<UL><LI><a href="#[8b]">&gt;&gt;</a>&nbsp;&nbsp;&nbsp;portable_init
</UL>

<P><STRONG><a name="[6b]"></a>FLASH_OB_RDPConfig</STRONG> (Thumb, 18 bytes, Stack size 4 bytes, hc32f4xx_flash.o(.text), UNUSED)
<BR><BR>[Calls]<UL><LI><a href="#[62]">&gt;&gt;</a>&nbsp;&nbsp;&nbsp;FLASH_WaitForLastOperation
</UL>

<P><STRONG><a name="[6c]"></a>FLASH_OB_UserConfig</STRONG> (Thumb, 38 bytes, Stack size 8 bytes, hc32f4xx_flash.o(.text), UNUSED)
<BR><BR>[Calls]<UL><LI><a href="#[62]">&gt;&gt;</a>&nbsp;&nbsp;&nbsp;FLASH_WaitForLastOperation
</UL>

<P><STRONG><a name="[6d]"></a>FLASH_OB_Launch</STRONG> (Thumb, 12 bytes, Stack size 0 bytes, hc32f4xx_flash.o(.text), UNUSED)
<BR><BR>[Calls]<UL><LI><a href="#[62]">&gt;&gt;</a>&nbsp;&nbsp;&nbsp;FLASH_WaitForLastOperation
</UL>

<P><STRONG><a name="[cc]"></a>FLASH_OB_GetUser</STRONG> (Thumb, 10 bytes, Stack size 0 bytes, hc32f4xx_flash.o(.text), UNUSED)

<P><STRONG><a name="[cd]"></a>FLASH_OB_GetWRP</STRONG> (Thumb, 6 bytes, Stack size 0 bytes, hc32f4xx_flash.o(.text), UNUSED)

<P><STRONG><a name="[ce]"></a>FLASH_OB_GetRDP</STRONG> (Thumb, 14 bytes, Stack size 0 bytes, hc32f4xx_flash.o(.text), UNUSED)

<P><STRONG><a name="[cf]"></a>FLASH_ITConfig</STRONG> (Thumb, 18 bytes, Stack size 0 bytes, hc32f4xx_flash.o(.text), UNUSED)

<P><STRONG><a name="[d0]"></a>FLASH_GetFlagStatus</STRONG> (Thumb, 16 bytes, Stack size 0 bytes, hc32f4xx_flash.o(.text), UNUSED)

<P><STRONG><a name="[aa]"></a>FLASH_ClearFlag</STRONG> (Thumb, 6 bytes, Stack size 0 bytes, hc32f4xx_flash.o(.text))
<BR><BR>[Called By]<UL><LI><a href="#[8b]">&gt;&gt;</a>&nbsp;&nbsp;&nbsp;portable_init
</UL>

<P><STRONG><a name="[6e]"></a>GPIO_DeInit</STRONG> (Thumb, 124 bytes, Stack size 8 bytes, hc32f4xx_gpio.o(.text), UNUSED)
<BR><BR>[Calls]<UL><LI><a href="#[6f]">&gt;&gt;</a>&nbsp;&nbsp;&nbsp;RCC_AHB1PeriphResetCmd
</UL>

<P><STRONG><a name="[77]"></a>GPIO_Init</STRONG> (Thumb, 154 bytes, Stack size 20 bytes, hc32f4xx_gpio.o(.text))
<BR><BR>[Stack]<UL><LI>Max Depth = 20<LI>Call Chain = GPIO_Init
</UL>
<BR>[Called By]<UL><LI><a href="#[73]">&gt;&gt;</a>&nbsp;&nbsp;&nbsp;bsp_InitUart
</UL>

<P><STRONG><a name="[d1]"></a>GPIO_StructInit</STRONG> (Thumb, 18 bytes, Stack size 0 bytes, hc32f4xx_gpio.o(.text), UNUSED)

<P><STRONG><a name="[d2]"></a>GPIO_PinLockConfig</STRONG> (Thumb, 26 bytes, Stack size 4 bytes, hc32f4xx_gpio.o(.text), UNUSED)

<P><STRONG><a name="[d3]"></a>GPIO_ReadInputDataBit</STRONG> (Thumb, 14 bytes, Stack size 0 bytes, hc32f4xx_gpio.o(.text), UNUSED)

<P><STRONG><a name="[d4]"></a>GPIO_ReadInputData</STRONG> (Thumb, 6 bytes, Stack size 0 bytes, hc32f4xx_gpio.o(.text), UNUSED)

<P><STRONG><a name="[d5]"></a>GPIO_ReadOutputDataBit</STRONG> (Thumb, 14 bytes, Stack size 0 bytes, hc32f4xx_gpio.o(.text), UNUSED)

<P><STRONG><a name="[d6]"></a>GPIO_ReadOutputData</STRONG> (Thumb, 6 bytes, Stack size 0 bytes, hc32f4xx_gpio.o(.text), UNUSED)

<P><STRONG><a name="[d7]"></a>GPIO_SetBits</STRONG> (Thumb, 4 bytes, Stack size 0 bytes, hc32f4xx_gpio.o(.text), UNUSED)

<P><STRONG><a name="[d8]"></a>GPIO_ResetBits</STRONG> (Thumb, 4 bytes, Stack size 0 bytes, hc32f4xx_gpio.o(.text), UNUSED)

<P><STRONG><a name="[d9]"></a>GPIO_WriteBit</STRONG> (Thumb, 10 bytes, Stack size 0 bytes, hc32f4xx_gpio.o(.text), UNUSED)

<P><STRONG><a name="[da]"></a>GPIO_Write</STRONG> (Thumb, 4 bytes, Stack size 0 bytes, hc32f4xx_gpio.o(.text), UNUSED)

<P><STRONG><a name="[db]"></a>GPIO_ToggleBits</STRONG> (Thumb, 8 bytes, Stack size 0 bytes, hc32f4xx_gpio.o(.text), UNUSED)

<P><STRONG><a name="[76]"></a>GPIO_PinAFConfig</STRONG> (Thumb, 34 bytes, Stack size 0 bytes, hc32f4xx_gpio.o(.text))
<BR><BR>[Called By]<UL><LI><a href="#[73]">&gt;&gt;</a>&nbsp;&nbsp;&nbsp;bsp_InitUart
</UL>

<P><STRONG><a name="[dc]"></a>RCC_DeInit</STRONG> (Thumb, 54 bytes, Stack size 0 bytes, hc32f4xx_rcc.o(.text), UNUSED)

<P><STRONG><a name="[9e]"></a>RCC_HSEConfig</STRONG> (Thumb, 10 bytes, Stack size 0 bytes, hc32f4xx_rcc.o(.text))
<BR><BR>[Called By]<UL><LI><a href="#[9d]">&gt;&gt;</a>&nbsp;&nbsp;&nbsp;SYS_Configuration
<LI><a href="#[8b]">&gt;&gt;</a>&nbsp;&nbsp;&nbsp;portable_init
</UL>

<P><STRONG><a name="[9f]"></a>RCC_GetFlagStatus</STRONG> (Thumb, 44 bytes, Stack size 0 bytes, hc32f4xx_rcc.o(.text))
<BR><BR>[Called By]<UL><LI><a href="#[9d]">&gt;&gt;</a>&nbsp;&nbsp;&nbsp;SYS_Configuration
<LI><a href="#[8b]">&gt;&gt;</a>&nbsp;&nbsp;&nbsp;portable_init
</UL>

<P><STRONG><a name="[dd]"></a>RCC_WaitForHSEStartUp</STRONG> (Thumb, 50 bytes, Stack size 4 bytes, hc32f4xx_rcc.o(.text), UNUSED)

<P><STRONG><a name="[de]"></a>RCC_AdjustHSICalibrationValue</STRONG> (Thumb, 16 bytes, Stack size 0 bytes, hc32f4xx_rcc.o(.text), UNUSED)

<P><STRONG><a name="[df]"></a>RCC_HSICmd</STRONG> (Thumb, 6 bytes, Stack size 0 bytes, hc32f4xx_rcc.o(.text), UNUSED)

<P><STRONG><a name="[e0]"></a>RCC_LSEConfig</STRONG> (Thumb, 18 bytes, Stack size 0 bytes, hc32f4xx_rcc.o(.text), UNUSED)

<P><STRONG><a name="[e1]"></a>RCC_LSICmd</STRONG> (Thumb, 6 bytes, Stack size 0 bytes, hc32f4xx_rcc.o(.text), UNUSED)

<P><STRONG><a name="[a4]"></a>RCC_PLLConfig</STRONG> (Thumb, 30 bytes, Stack size 0 bytes, hc32f4xx_rcc.o(.text))
<BR><BR>[Called By]<UL><LI><a href="#[9d]">&gt;&gt;</a>&nbsp;&nbsp;&nbsp;SYS_Configuration
<LI><a href="#[8b]">&gt;&gt;</a>&nbsp;&nbsp;&nbsp;portable_init
</UL>

<P><STRONG><a name="[a0]"></a>RCC_PLLCmd</STRONG> (Thumb, 6 bytes, Stack size 0 bytes, hc32f4xx_rcc.o(.text))
<BR><BR>[Called By]<UL><LI><a href="#[9d]">&gt;&gt;</a>&nbsp;&nbsp;&nbsp;SYS_Configuration
<LI><a href="#[8b]">&gt;&gt;</a>&nbsp;&nbsp;&nbsp;portable_init
</UL>

<P><STRONG><a name="[e2]"></a>RCC_PLLI2SCmd</STRONG> (Thumb, 6 bytes, Stack size 0 bytes, hc32f4xx_rcc.o(.text), UNUSED)

<P><STRONG><a name="[e3]"></a>RCC_PLLSAIConfig</STRONG> (Thumb, 2 bytes, Stack size 0 bytes, hc32f4xx_rcc.o(.text), UNUSED)

<P><STRONG><a name="[e4]"></a>RCC_PLLSAICmd</STRONG> (Thumb, 6 bytes, Stack size 0 bytes, hc32f4xx_rcc.o(.text), UNUSED)

<P><STRONG><a name="[e5]"></a>RCC_ClockSecuritySystemCmd</STRONG> (Thumb, 6 bytes, Stack size 0 bytes, hc32f4xx_rcc.o(.text), UNUSED)

<P><STRONG><a name="[e6]"></a>RCC_MCO1Config</STRONG> (Thumb, 16 bytes, Stack size 0 bytes, hc32f4xx_rcc.o(.text), UNUSED)

<P><STRONG><a name="[e7]"></a>RCC_MCO2Config</STRONG> (Thumb, 16 bytes, Stack size 0 bytes, hc32f4xx_rcc.o(.text), UNUSED)

<P><STRONG><a name="[a5]"></a>RCC_SYSCLKConfig</STRONG> (Thumb, 14 bytes, Stack size 0 bytes, hc32f4xx_rcc.o(.text))
<BR><BR>[Called By]<UL><LI><a href="#[9d]">&gt;&gt;</a>&nbsp;&nbsp;&nbsp;SYS_Configuration
<LI><a href="#[8b]">&gt;&gt;</a>&nbsp;&nbsp;&nbsp;portable_init
</UL>

<P><STRONG><a name="[a6]"></a>RCC_GetSYSCLKSource</STRONG> (Thumb, 10 bytes, Stack size 0 bytes, hc32f4xx_rcc.o(.text))
<BR><BR>[Called By]<UL><LI><a href="#[9d]">&gt;&gt;</a>&nbsp;&nbsp;&nbsp;SYS_Configuration
<LI><a href="#[8b]">&gt;&gt;</a>&nbsp;&nbsp;&nbsp;portable_init
</UL>

<P><STRONG><a name="[a1]"></a>RCC_HCLKConfig</STRONG> (Thumb, 14 bytes, Stack size 0 bytes, hc32f4xx_rcc.o(.text))
<BR><BR>[Called By]<UL><LI><a href="#[9d]">&gt;&gt;</a>&nbsp;&nbsp;&nbsp;SYS_Configuration
<LI><a href="#[8b]">&gt;&gt;</a>&nbsp;&nbsp;&nbsp;portable_init
</UL>

<P><STRONG><a name="[a2]"></a>RCC_PCLK1Config</STRONG> (Thumb, 14 bytes, Stack size 0 bytes, hc32f4xx_rcc.o(.text))
<BR><BR>[Called By]<UL><LI><a href="#[9d]">&gt;&gt;</a>&nbsp;&nbsp;&nbsp;SYS_Configuration
<LI><a href="#[8b]">&gt;&gt;</a>&nbsp;&nbsp;&nbsp;portable_init
</UL>

<P><STRONG><a name="[a3]"></a>RCC_PCLK2Config</STRONG> (Thumb, 16 bytes, Stack size 0 bytes, hc32f4xx_rcc.o(.text))
<BR><BR>[Called By]<UL><LI><a href="#[9d]">&gt;&gt;</a>&nbsp;&nbsp;&nbsp;SYS_Configuration
<LI><a href="#[8b]">&gt;&gt;</a>&nbsp;&nbsp;&nbsp;portable_init
</UL>

<P><STRONG><a name="[78]"></a>RCC_GetClocksFreq</STRONG> (Thumb, 150 bytes, Stack size 8 bytes, hc32f4xx_rcc.o(.text))
<BR><BR>[Stack]<UL><LI>Max Depth = 8<LI>Call Chain = RCC_GetClocksFreq
</UL>
<BR>[Called By]<UL><LI><a href="#[73]">&gt;&gt;</a>&nbsp;&nbsp;&nbsp;bsp_InitUart
</UL>

<P><STRONG><a name="[e8]"></a>RCC_RTCCLKConfig</STRONG> (Thumb, 32 bytes, Stack size 0 bytes, hc32f4xx_rcc.o(.text), UNUSED)

<P><STRONG><a name="[e9]"></a>RCC_RTCCLKCmd</STRONG> (Thumb, 6 bytes, Stack size 0 bytes, hc32f4xx_rcc.o(.text), UNUSED)

<P><STRONG><a name="[ea]"></a>RCC_BackupResetCmd</STRONG> (Thumb, 6 bytes, Stack size 0 bytes, hc32f4xx_rcc.o(.text), UNUSED)

<P><STRONG><a name="[eb]"></a>RCC_TIMCLKPresConfig</STRONG> (Thumb, 8 bytes, Stack size 0 bytes, hc32f4xx_rcc.o(.text), UNUSED)

<P><STRONG><a name="[74]"></a>RCC_AHB1PeriphClockCmd</STRONG> (Thumb, 18 bytes, Stack size 0 bytes, hc32f4xx_rcc.o(.text))
<BR><BR>[Called By]<UL><LI><a href="#[73]">&gt;&gt;</a>&nbsp;&nbsp;&nbsp;bsp_InitUart
</UL>

<P><STRONG><a name="[ec]"></a>RCC_AHB2PeriphClockCmd</STRONG> (Thumb, 18 bytes, Stack size 0 bytes, hc32f4xx_rcc.o(.text), UNUSED)

<P><STRONG><a name="[ed]"></a>RCC_APB1PeriphClockCmd</STRONG> (Thumb, 18 bytes, Stack size 0 bytes, hc32f4xx_rcc.o(.text), UNUSED)

<P><STRONG><a name="[75]"></a>RCC_APB2PeriphClockCmd</STRONG> (Thumb, 18 bytes, Stack size 0 bytes, hc32f4xx_rcc.o(.text))
<BR><BR>[Called By]<UL><LI><a href="#[73]">&gt;&gt;</a>&nbsp;&nbsp;&nbsp;bsp_InitUart
</UL>

<P><STRONG><a name="[6f]"></a>RCC_AHB1PeriphResetCmd</STRONG> (Thumb, 18 bytes, Stack size 0 bytes, hc32f4xx_rcc.o(.text), UNUSED)
<BR><BR>[Called By]<UL><LI><a href="#[6e]">&gt;&gt;</a>&nbsp;&nbsp;&nbsp;GPIO_DeInit
</UL>

<P><STRONG><a name="[ee]"></a>RCC_AHB2PeriphResetCmd</STRONG> (Thumb, 18 bytes, Stack size 0 bytes, hc32f4xx_rcc.o(.text), UNUSED)

<P><STRONG><a name="[71]"></a>RCC_APB1PeriphResetCmd</STRONG> (Thumb, 18 bytes, Stack size 0 bytes, hc32f4xx_rcc.o(.text), UNUSED)
<BR><BR>[Called By]<UL><LI><a href="#[70]">&gt;&gt;</a>&nbsp;&nbsp;&nbsp;USART_DeInit
</UL>

<P><STRONG><a name="[72]"></a>RCC_APB2PeriphResetCmd</STRONG> (Thumb, 18 bytes, Stack size 0 bytes, hc32f4xx_rcc.o(.text), UNUSED)
<BR><BR>[Called By]<UL><LI><a href="#[70]">&gt;&gt;</a>&nbsp;&nbsp;&nbsp;USART_DeInit
</UL>

<P><STRONG><a name="[ef]"></a>RCC_AHB1PeriphClockLPModeCmd</STRONG> (Thumb, 18 bytes, Stack size 0 bytes, hc32f4xx_rcc.o(.text), UNUSED)

<P><STRONG><a name="[f0]"></a>RCC_APB1PeriphClockLPModeCmd</STRONG> (Thumb, 18 bytes, Stack size 0 bytes, hc32f4xx_rcc.o(.text), UNUSED)

<P><STRONG><a name="[f1]"></a>RCC_APB2PeriphClockLPModeCmd</STRONG> (Thumb, 18 bytes, Stack size 0 bytes, hc32f4xx_rcc.o(.text), UNUSED)

<P><STRONG><a name="[f2]"></a>RCC_ITConfig</STRONG> (Thumb, 18 bytes, Stack size 0 bytes, hc32f4xx_rcc.o(.text), UNUSED)

<P><STRONG><a name="[f3]"></a>RCC_ClearFlag</STRONG> (Thumb, 12 bytes, Stack size 0 bytes, hc32f4xx_rcc.o(.text), UNUSED)

<P><STRONG><a name="[f4]"></a>RCC_GetITStatus</STRONG> (Thumb, 16 bytes, Stack size 0 bytes, hc32f4xx_rcc.o(.text), UNUSED)

<P><STRONG><a name="[f5]"></a>RCC_ClearITPendingBit</STRONG> (Thumb, 6 bytes, Stack size 0 bytes, hc32f4xx_rcc.o(.text), UNUSED)

<P><STRONG><a name="[70]"></a>USART_DeInit</STRONG> (Thumb, 162 bytes, Stack size 8 bytes, hc32f4xx_usart.o(.text), UNUSED)
<BR><BR>[Calls]<UL><LI><a href="#[71]">&gt;&gt;</a>&nbsp;&nbsp;&nbsp;RCC_APB1PeriphResetCmd
<LI><a href="#[72]">&gt;&gt;</a>&nbsp;&nbsp;&nbsp;RCC_APB2PeriphResetCmd
</UL>

<P><STRONG><a name="[79]"></a>USART_Init</STRONG> (Thumb, 38 bytes, Stack size 0 bytes, hc32f4xx_usart.o(.text))
<BR><BR>[Called By]<UL><LI><a href="#[73]">&gt;&gt;</a>&nbsp;&nbsp;&nbsp;bsp_InitUart
</UL>

<P><STRONG><a name="[f6]"></a>USART_ClockInit</STRONG> (Thumb, 34 bytes, Stack size 0 bytes, hc32f4xx_usart.o(.text), UNUSED)

<P><STRONG><a name="[7a]"></a>USART_Cmd</STRONG> (Thumb, 16 bytes, Stack size 0 bytes, hc32f4xx_usart.o(.text))
<BR><BR>[Called By]<UL><LI><a href="#[73]">&gt;&gt;</a>&nbsp;&nbsp;&nbsp;bsp_InitUart
</UL>

<P><STRONG><a name="[f7]"></a>USART_ITConfig</STRONG> (Thumb, 16 bytes, Stack size 0 bytes, hc32f4xx_usart.o(.text), UNUSED)

<P><STRONG><a name="[7d]"></a>USART_GetITStatus</STRONG> (Thumb, 14 bytes, Stack size 0 bytes, hc32f4xx_usart.o(.text))
<BR><BR>[Called By]<UL><LI><a href="#[7e]">&gt;&gt;</a>&nbsp;&nbsp;&nbsp;fgetc
<LI><a href="#[5e]">&gt;&gt;</a>&nbsp;&nbsp;&nbsp;fputc
</UL>

<P><STRONG><a name="[7b]"></a>USART_ClearFlag</STRONG> (Thumb, 10 bytes, Stack size 0 bytes, hc32f4xx_usart.o(.text))
<BR><BR>[Called By]<UL><LI><a href="#[5e]">&gt;&gt;</a>&nbsp;&nbsp;&nbsp;fputc
<LI><a href="#[73]">&gt;&gt;</a>&nbsp;&nbsp;&nbsp;bsp_InitUart
</UL>

<P><STRONG><a name="[f8]"></a>USART_RCNT_Config</STRONG> (Thumb, 4 bytes, Stack size 0 bytes, hc32f4xx_usart.o(.text), UNUSED)

<P><STRONG><a name="[f9]"></a>USART_ClearRCNT</STRONG> (Thumb, 6 bytes, Stack size 0 bytes, hc32f4xx_usart.o(.text), UNUSED)

<P><STRONG><a name="[7f]"></a>USART_ReceiveData</STRONG> (Thumb, 54 bytes, Stack size 0 bytes, hc32f4xx_usart.o(.text), UNUSED)
<BR><BR>[Called By]<UL><LI><a href="#[7e]">&gt;&gt;</a>&nbsp;&nbsp;&nbsp;fgetc
</UL>

<P><STRONG><a name="[7c]"></a>USART_SendData</STRONG> (Thumb, 8 bytes, Stack size 0 bytes, hc32f4xx_usart.o(.text))
<BR><BR>[Called By]<UL><LI><a href="#[5e]">&gt;&gt;</a>&nbsp;&nbsp;&nbsp;fputc
</UL>

<P><STRONG><a name="[fa]"></a>USART_RX_INVConfig</STRONG> (Thumb, 18 bytes, Stack size 0 bytes, hc32f4xx_usart.o(.text), UNUSED)

<P><STRONG><a name="[fb]"></a>USART_TX_INVConfig</STRONG> (Thumb, 18 bytes, Stack size 0 bytes, hc32f4xx_usart.o(.text), UNUSED)

<P><STRONG><a name="[fc]"></a>USART_DMACmd</STRONG> (Thumb, 16 bytes, Stack size 0 bytes, hc32f4xx_usart.o(.text), UNUSED)

<P><STRONG><a name="[fd]"></a>USART_LINBreakDetectLengthConfig</STRONG> (Thumb, 12 bytes, Stack size 0 bytes, hc32f4xx_usart.o(.text), UNUSED)

<P><STRONG><a name="[fe]"></a>USART_LINCmd</STRONG> (Thumb, 18 bytes, Stack size 0 bytes, hc32f4xx_usart.o(.text), UNUSED)

<P><STRONG><a name="[ff]"></a>USART_SendBreak</STRONG> (Thumb, 8 bytes, Stack size 0 bytes, hc32f4xx_usart.o(.text), UNUSED)

<P><STRONG><a name="[100]"></a>USART_SendIdle</STRONG> (Thumb, 8 bytes, Stack size 0 bytes, hc32f4xx_usart.o(.text), UNUSED)

<P><STRONG><a name="[101]"></a>USART_SetAddress</STRONG> (Thumb, 4 bytes, Stack size 0 bytes, hc32f4xx_usart.o(.text), UNUSED)

<P><STRONG><a name="[102]"></a>USART_SetAddressMASK</STRONG> (Thumb, 4 bytes, Stack size 0 bytes, hc32f4xx_usart.o(.text), UNUSED)

<P><STRONG><a name="[103]"></a>USART_AddressCmd</STRONG> (Thumb, 18 bytes, Stack size 0 bytes, hc32f4xx_usart.o(.text), UNUSED)

<P><STRONG><a name="[104]"></a>USART_SYNCCmd</STRONG> (Thumb, 18 bytes, Stack size 0 bytes, hc32f4xx_usart.o(.text), UNUSED)

<P><STRONG><a name="[a7]"></a>NVIC_PriorityGroupConfig</STRONG> (Thumb, 14 bytes, Stack size 0 bytes, misc.o(.text))
<BR><BR>[Called By]<UL><LI><a href="#[8b]">&gt;&gt;</a>&nbsp;&nbsp;&nbsp;portable_init
</UL>

<P><STRONG><a name="[105]"></a>NVIC_Init</STRONG> (Thumb, 106 bytes, Stack size 4 bytes, misc.o(.text), UNUSED)

<P><STRONG><a name="[106]"></a>NVIC_SetVectorTable</STRONG> (Thumb, 16 bytes, Stack size 0 bytes, misc.o(.text), UNUSED)

<P><STRONG><a name="[107]"></a>NVIC_SystemLPConfig</STRONG> (Thumb, 18 bytes, Stack size 0 bytes, misc.o(.text), UNUSED)

<P><STRONG><a name="[108]"></a>SysTick_CLKSourceConfig</STRONG> (Thumb, 22 bytes, Stack size 0 bytes, misc.o(.text), UNUSED)

<P><STRONG><a name="[1]"></a>NMI_Handler</STRONG> (Thumb, 2 bytes, Stack size 0 bytes, hc32f4xx_it.o(.text))
<BR>[Address Reference Count : 1]<UL><LI> startup_hc32f40_41xxx.o(RESET)
</UL>
<P><STRONG><a name="[2]"></a>HardFault_Handler</STRONG> (Thumb, 2 bytes, Stack size 0 bytes, hc32f4xx_it.o(.text))
<BR><BR>[Calls]<UL><LI><a href="#[2]">&gt;&gt;</a>&nbsp;&nbsp;&nbsp;HardFault_Handler
</UL>
<BR>[Called By]<UL><LI><a href="#[2]">&gt;&gt;</a>&nbsp;&nbsp;&nbsp;HardFault_Handler
</UL>
<BR>[Address Reference Count : 1]<UL><LI> startup_hc32f40_41xxx.o(RESET)
</UL>
<P><STRONG><a name="[3]"></a>MemManage_Handler</STRONG> (Thumb, 2 bytes, Stack size 0 bytes, hc32f4xx_it.o(.text))
<BR><BR>[Calls]<UL><LI><a href="#[3]">&gt;&gt;</a>&nbsp;&nbsp;&nbsp;MemManage_Handler
</UL>
<BR>[Called By]<UL><LI><a href="#[3]">&gt;&gt;</a>&nbsp;&nbsp;&nbsp;MemManage_Handler
</UL>
<BR>[Address Reference Count : 1]<UL><LI> startup_hc32f40_41xxx.o(RESET)
</UL>
<P><STRONG><a name="[4]"></a>BusFault_Handler</STRONG> (Thumb, 2 bytes, Stack size 0 bytes, hc32f4xx_it.o(.text))
<BR><BR>[Calls]<UL><LI><a href="#[4]">&gt;&gt;</a>&nbsp;&nbsp;&nbsp;BusFault_Handler
</UL>
<BR>[Called By]<UL><LI><a href="#[4]">&gt;&gt;</a>&nbsp;&nbsp;&nbsp;BusFault_Handler
</UL>
<BR>[Address Reference Count : 1]<UL><LI> startup_hc32f40_41xxx.o(RESET)
</UL>
<P><STRONG><a name="[5]"></a>UsageFault_Handler</STRONG> (Thumb, 2 bytes, Stack size 0 bytes, hc32f4xx_it.o(.text))
<BR><BR>[Calls]<UL><LI><a href="#[5]">&gt;&gt;</a>&nbsp;&nbsp;&nbsp;UsageFault_Handler
</UL>
<BR>[Called By]<UL><LI><a href="#[5]">&gt;&gt;</a>&nbsp;&nbsp;&nbsp;UsageFault_Handler
</UL>
<BR>[Address Reference Count : 1]<UL><LI> startup_hc32f40_41xxx.o(RESET)
</UL>
<P><STRONG><a name="[6]"></a>SVC_Handler</STRONG> (Thumb, 2 bytes, Stack size 0 bytes, hc32f4xx_it.o(.text))
<BR>[Address Reference Count : 1]<UL><LI> startup_hc32f40_41xxx.o(RESET)
</UL>
<P><STRONG><a name="[7]"></a>DebugMon_Handler</STRONG> (Thumb, 2 bytes, Stack size 0 bytes, hc32f4xx_it.o(.text))
<BR>[Address Reference Count : 1]<UL><LI> startup_hc32f40_41xxx.o(RESET)
</UL>
<P><STRONG><a name="[8]"></a>PendSV_Handler</STRONG> (Thumb, 2 bytes, Stack size 0 bytes, hc32f4xx_it.o(.text))
<BR>[Address Reference Count : 1]<UL><LI> startup_hc32f40_41xxx.o(RESET)
</UL>
<P><STRONG><a name="[73]"></a>bsp_InitUart</STRONG> (Thumb, 212 bytes, Stack size 64 bytes, bsp_uart.o(.text))
<BR><BR>[Stack]<UL><LI>Max Depth = 84<LI>Call Chain = bsp_InitUart &rArr; GPIO_Init
</UL>
<BR>[Calls]<UL><LI><a href="#[76]">&gt;&gt;</a>&nbsp;&nbsp;&nbsp;GPIO_PinAFConfig
<LI><a href="#[77]">&gt;&gt;</a>&nbsp;&nbsp;&nbsp;GPIO_Init
<LI><a href="#[75]">&gt;&gt;</a>&nbsp;&nbsp;&nbsp;RCC_APB2PeriphClockCmd
<LI><a href="#[7b]">&gt;&gt;</a>&nbsp;&nbsp;&nbsp;USART_ClearFlag
<LI><a href="#[7a]">&gt;&gt;</a>&nbsp;&nbsp;&nbsp;USART_Cmd
<LI><a href="#[79]">&gt;&gt;</a>&nbsp;&nbsp;&nbsp;USART_Init
<LI><a href="#[74]">&gt;&gt;</a>&nbsp;&nbsp;&nbsp;RCC_AHB1PeriphClockCmd
<LI><a href="#[78]">&gt;&gt;</a>&nbsp;&nbsp;&nbsp;RCC_GetClocksFreq
</UL>
<BR>[Called By]<UL><LI><a href="#[8b]">&gt;&gt;</a>&nbsp;&nbsp;&nbsp;portable_init
</UL>

<P><STRONG><a name="[5e]"></a>fputc</STRONG> (Thumb, 38 bytes, Stack size 16 bytes, bsp_printf.o(.text))
<BR><BR>[Stack]<UL><LI>Max Depth = 16<LI>Call Chain = fputc
</UL>
<BR>[Calls]<UL><LI><a href="#[7c]">&gt;&gt;</a>&nbsp;&nbsp;&nbsp;USART_SendData
<LI><a href="#[7b]">&gt;&gt;</a>&nbsp;&nbsp;&nbsp;USART_ClearFlag
<LI><a href="#[7d]">&gt;&gt;</a>&nbsp;&nbsp;&nbsp;USART_GetITStatus
</UL>
<BR>[Address Reference Count : 1]<UL><LI> printfa.o(i.__0printf)
</UL>
<P><STRONG><a name="[7e]"></a>fgetc</STRONG> (Thumb, 28 bytes, Stack size 8 bytes, bsp_printf.o(.text), UNUSED)
<BR><BR>[Calls]<UL><LI><a href="#[7f]">&gt;&gt;</a>&nbsp;&nbsp;&nbsp;USART_ReceiveData
<LI><a href="#[7d]">&gt;&gt;</a>&nbsp;&nbsp;&nbsp;USART_GetITStatus
</UL>

<P><STRONG><a name="[80]"></a>calc_func</STRONG> (Thumb, 142 bytes, Stack size 32 bytes, core_list_join.o(.text))
<BR><BR>[Stack]<UL><LI>Max Depth = 188<LI>Call Chain = calc_func &rArr; core_bench_matrix &rArr; matrix_test &rArr; matrix_sum
</UL>
<BR>[Calls]<UL><LI><a href="#[81]">&gt;&gt;</a>&nbsp;&nbsp;&nbsp;crcu16
<LI><a href="#[82]">&gt;&gt;</a>&nbsp;&nbsp;&nbsp;core_bench_state
<LI><a href="#[83]">&gt;&gt;</a>&nbsp;&nbsp;&nbsp;core_bench_matrix
</UL>
<BR>[Called By]<UL><LI><a href="#[84]">&gt;&gt;</a>&nbsp;&nbsp;&nbsp;cmp_complex
</UL>

<P><STRONG><a name="[84]"></a>cmp_complex</STRONG> (Thumb, 26 bytes, Stack size 16 bytes, core_list_join.o(.text))
<BR><BR>[Stack]<UL><LI>Max Depth = 204<LI>Call Chain = cmp_complex &rArr; calc_func &rArr; core_bench_matrix &rArr; matrix_test &rArr; matrix_sum
</UL>
<BR>[Calls]<UL><LI><a href="#[80]">&gt;&gt;</a>&nbsp;&nbsp;&nbsp;calc_func
</UL>
<BR>[Address Reference Count : 1]<UL><LI> core_list_join.o(.text)
</UL>
<P><STRONG><a name="[88]"></a>cmp_idx</STRONG> (Thumb, 42 bytes, Stack size 0 bytes, core_list_join.o(.text))
<BR>[Address Reference Count : 1]<UL><LI> core_list_join.o(.text)
</UL>
<P><STRONG><a name="[109]"></a>copy_info</STRONG> (Thumb, 10 bytes, Stack size 0 bytes, core_list_join.o(.text), UNUSED)

<P><STRONG><a name="[86]"></a>core_list_mergesort</STRONG> (Thumb, 166 bytes, Stack size 48 bytes, core_list_join.o(.text))
<BR><BR>[Stack]<UL><LI>Max Depth = 48<LI>Call Chain = core_list_mergesort
</UL>
<BR>[Called By]<UL><LI><a href="#[89]">&gt;&gt;</a>&nbsp;&nbsp;&nbsp;core_list_init
<LI><a href="#[85]">&gt;&gt;</a>&nbsp;&nbsp;&nbsp;core_bench_list
</UL>

<P><STRONG><a name="[10a]"></a>core_list_undo_remove</STRONG> (Thumb, 16 bytes, Stack size 0 bytes, core_list_join.o(.text), UNUSED)

<P><STRONG><a name="[10b]"></a>core_list_find</STRONG> (Thumb, 54 bytes, Stack size 0 bytes, core_list_join.o(.text), UNUSED)

<P><STRONG><a name="[10c]"></a>core_list_remove</STRONG> (Thumb, 24 bytes, Stack size 0 bytes, core_list_join.o(.text), UNUSED)

<P><STRONG><a name="[10d]"></a>core_list_reverse</STRONG> (Thumb, 18 bytes, Stack size 0 bytes, core_list_join.o(.text), UNUSED)

<P><STRONG><a name="[85]"></a>core_bench_list</STRONG> (Thumb, 394 bytes, Stack size 40 bytes, core_list_join.o(.text))
<BR><BR>[Stack]<UL><LI>Max Depth = 88<LI>Call Chain = core_bench_list &rArr; core_list_mergesort
</UL>
<BR>[Calls]<UL><LI><a href="#[87]">&gt;&gt;</a>&nbsp;&nbsp;&nbsp;crc16
<LI><a href="#[86]">&gt;&gt;</a>&nbsp;&nbsp;&nbsp;core_list_mergesort
</UL>
<BR>[Called By]<UL><LI><a href="#[5c]">&gt;&gt;</a>&nbsp;&nbsp;&nbsp;main
<LI><a href="#[8a]">&gt;&gt;</a>&nbsp;&nbsp;&nbsp;iterate
</UL>

<P><STRONG><a name="[10e]"></a>core_list_insert_new</STRONG> (Thumb, 68 bytes, Stack size 12 bytes, core_list_join.o(.text), UNUSED)

<P><STRONG><a name="[89]"></a>core_list_init</STRONG> (Thumb, 264 bytes, Stack size 32 bytes, core_list_join.o(.text))
<BR><BR>[Stack]<UL><LI>Max Depth = 80<LI>Call Chain = core_list_init &rArr; core_list_mergesort
</UL>
<BR>[Calls]<UL><LI><a href="#[86]">&gt;&gt;</a>&nbsp;&nbsp;&nbsp;core_list_mergesort
</UL>
<BR>[Called By]<UL><LI><a href="#[5c]">&gt;&gt;</a>&nbsp;&nbsp;&nbsp;main
</UL>

<P><STRONG><a name="[8a]"></a>iterate</STRONG> (Thumb, 72 bytes, Stack size 16 bytes, core_main.o(.text), UNUSED)
<BR><BR>[Calls]<UL><LI><a href="#[81]">&gt;&gt;</a>&nbsp;&nbsp;&nbsp;crcu16
<LI><a href="#[85]">&gt;&gt;</a>&nbsp;&nbsp;&nbsp;core_bench_list
</UL>

<P><STRONG><a name="[5c]"></a>main</STRONG> (Thumb, 2400 bytes, Stack size 2152 bytes, core_main.o(.text))
<BR><BR>[Stack]<UL><LI>Max Depth = 2252<LI>Call Chain = main &rArr; portable_init &rArr; bsp_InitUart &rArr; GPIO_Init
</UL>
<BR>[Calls]<UL><LI><a href="#[92]">&gt;&gt;</a>&nbsp;&nbsp;&nbsp;time_in_secs
<LI><a href="#[90]">&gt;&gt;</a>&nbsp;&nbsp;&nbsp;stop_time
<LI><a href="#[8f]">&gt;&gt;</a>&nbsp;&nbsp;&nbsp;start_time
<LI><a href="#[8b]">&gt;&gt;</a>&nbsp;&nbsp;&nbsp;portable_init
<LI><a href="#[9a]">&gt;&gt;</a>&nbsp;&nbsp;&nbsp;portable_fini
<LI><a href="#[91]">&gt;&gt;</a>&nbsp;&nbsp;&nbsp;get_time
<LI><a href="#[8c]">&gt;&gt;</a>&nbsp;&nbsp;&nbsp;get_seed_32
<LI><a href="#[8e]">&gt;&gt;</a>&nbsp;&nbsp;&nbsp;core_init_state
<LI><a href="#[8d]">&gt;&gt;</a>&nbsp;&nbsp;&nbsp;core_init_matrix
<LI><a href="#[96]">&gt;&gt;</a>&nbsp;&nbsp;&nbsp;check_data_types
<LI><a href="#[98]">&gt;&gt;</a>&nbsp;&nbsp;&nbsp;__aeabi_ui2d
<LI><a href="#[99]">&gt;&gt;</a>&nbsp;&nbsp;&nbsp;__aeabi_ddiv
<LI><a href="#[94]">&gt;&gt;</a>&nbsp;&nbsp;&nbsp;__aeabi_d2uiz
<LI><a href="#[97]">&gt;&gt;</a>&nbsp;&nbsp;&nbsp;__aeabi_cdrcmple
<LI><a href="#[93]">&gt;&gt;</a>&nbsp;&nbsp;&nbsp;__aeabi_cdcmple
<LI><a href="#[81]">&gt;&gt;</a>&nbsp;&nbsp;&nbsp;crcu16
<LI><a href="#[87]">&gt;&gt;</a>&nbsp;&nbsp;&nbsp;crc16
<LI><a href="#[89]">&gt;&gt;</a>&nbsp;&nbsp;&nbsp;core_list_init
<LI><a href="#[85]">&gt;&gt;</a>&nbsp;&nbsp;&nbsp;core_bench_list
<LI><a href="#[95]">&gt;&gt;</a>&nbsp;&nbsp;&nbsp;__2printf
</UL>
<BR>[Address Reference Count : 1]<UL><LI> entry9a.o(.ARM.Collect$$$$0000000B)
</UL>
<P><STRONG><a name="[10f]"></a>matrix_add_const</STRONG> (Thumb, 74 bytes, Stack size 4 bytes, core_matrix.o(.text), UNUSED)

<P><STRONG><a name="[9c]"></a>matrix_sum</STRONG> (Thumb, 92 bytes, Stack size 20 bytes, core_matrix.o(.text))
<BR><BR>[Stack]<UL><LI>Max Depth = 20<LI>Call Chain = matrix_sum
</UL>
<BR>[Called By]<UL><LI><a href="#[9b]">&gt;&gt;</a>&nbsp;&nbsp;&nbsp;matrix_test
</UL>

<P><STRONG><a name="[110]"></a>matrix_mul_matrix_bitextract</STRONG> (Thumb, 128 bytes, Stack size 52 bytes, core_matrix.o(.text), UNUSED)

<P><STRONG><a name="[111]"></a>matrix_mul_matrix</STRONG> (Thumb, 160 bytes, Stack size 52 bytes, core_matrix.o(.text), UNUSED)

<P><STRONG><a name="[112]"></a>matrix_mul_vect</STRONG> (Thumb, 122 bytes, Stack size 36 bytes, core_matrix.o(.text), UNUSED)

<P><STRONG><a name="[113]"></a>matrix_mul_const</STRONG> (Thumb, 112 bytes, Stack size 20 bytes, core_matrix.o(.text), UNUSED)

<P><STRONG><a name="[9b]"></a>matrix_test</STRONG> (Thumb, 714 bytes, Stack size 120 bytes, core_matrix.o(.text))
<BR><BR>[Stack]<UL><LI>Max Depth = 140<LI>Call Chain = matrix_test &rArr; matrix_sum
</UL>
<BR>[Calls]<UL><LI><a href="#[9c]">&gt;&gt;</a>&nbsp;&nbsp;&nbsp;matrix_sum
<LI><a href="#[87]">&gt;&gt;</a>&nbsp;&nbsp;&nbsp;crc16
</UL>
<BR>[Called By]<UL><LI><a href="#[83]">&gt;&gt;</a>&nbsp;&nbsp;&nbsp;core_bench_matrix
</UL>

<P><STRONG><a name="[83]"></a>core_bench_matrix</STRONG> (Thumb, 34 bytes, Stack size 16 bytes, core_matrix.o(.text))
<BR><BR>[Stack]<UL><LI>Max Depth = 156<LI>Call Chain = core_bench_matrix &rArr; matrix_test &rArr; matrix_sum
</UL>
<BR>[Calls]<UL><LI><a href="#[9b]">&gt;&gt;</a>&nbsp;&nbsp;&nbsp;matrix_test
<LI><a href="#[87]">&gt;&gt;</a>&nbsp;&nbsp;&nbsp;crc16
</UL>
<BR>[Called By]<UL><LI><a href="#[80]">&gt;&gt;</a>&nbsp;&nbsp;&nbsp;calc_func
</UL>

<P><STRONG><a name="[8d]"></a>core_init_matrix</STRONG> (Thumb, 166 bytes, Stack size 36 bytes, core_matrix.o(.text))
<BR><BR>[Stack]<UL><LI>Max Depth = 36<LI>Call Chain = core_init_matrix
</UL>
<BR>[Called By]<UL><LI><a href="#[5c]">&gt;&gt;</a>&nbsp;&nbsp;&nbsp;main
</UL>

<P><STRONG><a name="[9]"></a>SysTick_Handler</STRONG> (Thumb, 10 bytes, Stack size 0 bytes, core_portme.o(.text))
<BR>[Address Reference Count : 1]<UL><LI> startup_hc32f40_41xxx.o(RESET)
</UL>
<P><STRONG><a name="[8f]"></a>start_time</STRONG> (Thumb, 50 bytes, Stack size 0 bytes, core_portme.o(.text))
<BR><BR>[Called By]<UL><LI><a href="#[5c]">&gt;&gt;</a>&nbsp;&nbsp;&nbsp;main
</UL>

<P><STRONG><a name="[90]"></a>stop_time</STRONG> (Thumb, 18 bytes, Stack size 0 bytes, core_portme.o(.text))
<BR><BR>[Called By]<UL><LI><a href="#[5c]">&gt;&gt;</a>&nbsp;&nbsp;&nbsp;main
</UL>

<P><STRONG><a name="[91]"></a>get_time</STRONG> (Thumb, 6 bytes, Stack size 0 bytes, core_portme.o(.text))
<BR><BR>[Called By]<UL><LI><a href="#[5c]">&gt;&gt;</a>&nbsp;&nbsp;&nbsp;main
</UL>

<P><STRONG><a name="[92]"></a>time_in_secs</STRONG> (Thumb, 24 bytes, Stack size 8 bytes, core_portme.o(.text))
<BR><BR>[Stack]<UL><LI>Max Depth = 64<LI>Call Chain = time_in_secs &rArr; __aeabi_ui2d &rArr; _double_epilogue &rArr; _double_round
</UL>
<BR>[Calls]<UL><LI><a href="#[98]">&gt;&gt;</a>&nbsp;&nbsp;&nbsp;__aeabi_ui2d
<LI><a href="#[99]">&gt;&gt;</a>&nbsp;&nbsp;&nbsp;__aeabi_ddiv
</UL>
<BR>[Called By]<UL><LI><a href="#[5c]">&gt;&gt;</a>&nbsp;&nbsp;&nbsp;main
</UL>

<P><STRONG><a name="[114]"></a>Icache_enable</STRONG> (Thumb, 12 bytes, Stack size 0 bytes, core_portme.o(.text), UNUSED)

<P><STRONG><a name="[115]"></a>Dcache_enable</STRONG> (Thumb, 12 bytes, Stack size 0 bytes, core_portme.o(.text), UNUSED)

<P><STRONG><a name="[9d]"></a>SYS_Configuration</STRONG> (Thumb, 98 bytes, Stack size 8 bytes, core_portme.o(.text), UNUSED)
<BR><BR>[Calls]<UL><LI><a href="#[a3]">&gt;&gt;</a>&nbsp;&nbsp;&nbsp;RCC_PCLK2Config
<LI><a href="#[a2]">&gt;&gt;</a>&nbsp;&nbsp;&nbsp;RCC_PCLK1Config
<LI><a href="#[a1]">&gt;&gt;</a>&nbsp;&nbsp;&nbsp;RCC_HCLKConfig
<LI><a href="#[a6]">&gt;&gt;</a>&nbsp;&nbsp;&nbsp;RCC_GetSYSCLKSource
<LI><a href="#[a5]">&gt;&gt;</a>&nbsp;&nbsp;&nbsp;RCC_SYSCLKConfig
<LI><a href="#[a0]">&gt;&gt;</a>&nbsp;&nbsp;&nbsp;RCC_PLLCmd
<LI><a href="#[a4]">&gt;&gt;</a>&nbsp;&nbsp;&nbsp;RCC_PLLConfig
<LI><a href="#[9f]">&gt;&gt;</a>&nbsp;&nbsp;&nbsp;RCC_GetFlagStatus
<LI><a href="#[9e]">&gt;&gt;</a>&nbsp;&nbsp;&nbsp;RCC_HSEConfig
</UL>

<P><STRONG><a name="[8b]"></a>portable_init</STRONG> (Thumb, 152 bytes, Stack size 16 bytes, core_portme.o(.text))
<BR><BR>[Stack]<UL><LI>Max Depth = 100<LI>Call Chain = portable_init &rArr; bsp_InitUart &rArr; GPIO_Init
</UL>
<BR>[Calls]<UL><LI><a href="#[aa]">&gt;&gt;</a>&nbsp;&nbsp;&nbsp;FLASH_ClearFlag
<LI><a href="#[6a]">&gt;&gt;</a>&nbsp;&nbsp;&nbsp;FLASH_OB_EOPBConfig
<LI><a href="#[a9]">&gt;&gt;</a>&nbsp;&nbsp;&nbsp;FLASH_OB_Unlock
<LI><a href="#[a8]">&gt;&gt;</a>&nbsp;&nbsp;&nbsp;FLASH_Unlock
<LI><a href="#[73]">&gt;&gt;</a>&nbsp;&nbsp;&nbsp;bsp_InitUart
<LI><a href="#[a7]">&gt;&gt;</a>&nbsp;&nbsp;&nbsp;NVIC_PriorityGroupConfig
<LI><a href="#[a3]">&gt;&gt;</a>&nbsp;&nbsp;&nbsp;RCC_PCLK2Config
<LI><a href="#[a2]">&gt;&gt;</a>&nbsp;&nbsp;&nbsp;RCC_PCLK1Config
<LI><a href="#[a1]">&gt;&gt;</a>&nbsp;&nbsp;&nbsp;RCC_HCLKConfig
<LI><a href="#[a6]">&gt;&gt;</a>&nbsp;&nbsp;&nbsp;RCC_GetSYSCLKSource
<LI><a href="#[a5]">&gt;&gt;</a>&nbsp;&nbsp;&nbsp;RCC_SYSCLKConfig
<LI><a href="#[a0]">&gt;&gt;</a>&nbsp;&nbsp;&nbsp;RCC_PLLCmd
<LI><a href="#[a4]">&gt;&gt;</a>&nbsp;&nbsp;&nbsp;RCC_PLLConfig
<LI><a href="#[9f]">&gt;&gt;</a>&nbsp;&nbsp;&nbsp;RCC_GetFlagStatus
<LI><a href="#[9e]">&gt;&gt;</a>&nbsp;&nbsp;&nbsp;RCC_HSEConfig
<LI><a href="#[95]">&gt;&gt;</a>&nbsp;&nbsp;&nbsp;__2printf
</UL>
<BR>[Called By]<UL><LI><a href="#[5c]">&gt;&gt;</a>&nbsp;&nbsp;&nbsp;main
</UL>

<P><STRONG><a name="[9a]"></a>portable_fini</STRONG> (Thumb, 6 bytes, Stack size 0 bytes, core_portme.o(.text))
<BR><BR>[Called By]<UL><LI><a href="#[5c]">&gt;&gt;</a>&nbsp;&nbsp;&nbsp;main
</UL>

<P><STRONG><a name="[ab]"></a>core_state_transition</STRONG> (Thumb, 424 bytes, Stack size 0 bytes, core_state.o(.text))
<BR><BR>[Called By]<UL><LI><a href="#[82]">&gt;&gt;</a>&nbsp;&nbsp;&nbsp;core_bench_state
</UL>

<P><STRONG><a name="[82]"></a>core_bench_state</STRONG> (Thumb, 236 bytes, Stack size 120 bytes, core_state.o(.text))
<BR><BR>[Stack]<UL><LI>Max Depth = 128<LI>Call Chain = core_bench_state &rArr; crcu32
</UL>
<BR>[Calls]<UL><LI><a href="#[ac]">&gt;&gt;</a>&nbsp;&nbsp;&nbsp;crcu32
<LI><a href="#[ab]">&gt;&gt;</a>&nbsp;&nbsp;&nbsp;core_state_transition
</UL>
<BR>[Called By]<UL><LI><a href="#[80]">&gt;&gt;</a>&nbsp;&nbsp;&nbsp;calc_func
</UL>

<P><STRONG><a name="[8e]"></a>core_init_state</STRONG> (Thumb, 260 bytes, Stack size 40 bytes, core_state.o(.text))
<BR><BR>[Stack]<UL><LI>Max Depth = 40<LI>Call Chain = core_init_state
</UL>
<BR>[Called By]<UL><LI><a href="#[5c]">&gt;&gt;</a>&nbsp;&nbsp;&nbsp;main
</UL>

<P><STRONG><a name="[8c]"></a>get_seed_32</STRONG> (Thumb, 42 bytes, Stack size 0 bytes, core_util.o(.text))
<BR><BR>[Called By]<UL><LI><a href="#[5c]">&gt;&gt;</a>&nbsp;&nbsp;&nbsp;main
</UL>

<P><STRONG><a name="[116]"></a>crcu8</STRONG> (Thumb, 34 bytes, Stack size 0 bytes, core_util.o(.text), UNUSED)

<P><STRONG><a name="[81]"></a>crcu16</STRONG> (Thumb, 74 bytes, Stack size 0 bytes, core_util.o(.text))
<BR><BR>[Called By]<UL><LI><a href="#[5c]">&gt;&gt;</a>&nbsp;&nbsp;&nbsp;main
<LI><a href="#[8a]">&gt;&gt;</a>&nbsp;&nbsp;&nbsp;iterate
<LI><a href="#[80]">&gt;&gt;</a>&nbsp;&nbsp;&nbsp;calc_func
</UL>

<P><STRONG><a name="[87]"></a>crc16</STRONG> (Thumb, 76 bytes, Stack size 0 bytes, core_util.o(.text))
<BR><BR>[Called By]<UL><LI><a href="#[ac]">&gt;&gt;</a>&nbsp;&nbsp;&nbsp;crcu32
<LI><a href="#[9b]">&gt;&gt;</a>&nbsp;&nbsp;&nbsp;matrix_test
<LI><a href="#[5c]">&gt;&gt;</a>&nbsp;&nbsp;&nbsp;main
<LI><a href="#[83]">&gt;&gt;</a>&nbsp;&nbsp;&nbsp;core_bench_matrix
<LI><a href="#[85]">&gt;&gt;</a>&nbsp;&nbsp;&nbsp;core_bench_list
</UL>

<P><STRONG><a name="[ac]"></a>crcu32</STRONG> (Thumb, 22 bytes, Stack size 8 bytes, core_util.o(.text))
<BR><BR>[Stack]<UL><LI>Max Depth = 8<LI>Call Chain = crcu32
</UL>
<BR>[Calls]<UL><LI><a href="#[87]">&gt;&gt;</a>&nbsp;&nbsp;&nbsp;crc16
</UL>
<BR>[Called By]<UL><LI><a href="#[82]">&gt;&gt;</a>&nbsp;&nbsp;&nbsp;core_bench_state
</UL>

<P><STRONG><a name="[96]"></a>check_data_types</STRONG> (Thumb, 4 bytes, Stack size 0 bytes, core_util.o(.text))
<BR><BR>[Called By]<UL><LI><a href="#[5c]">&gt;&gt;</a>&nbsp;&nbsp;&nbsp;main
</UL>

<P><STRONG><a name="[99]"></a>__aeabi_ddiv</STRONG> (Thumb, 222 bytes, Stack size 32 bytes, ddiv.o(.text))
<BR><BR>[Stack]<UL><LI>Max Depth = 40<LI>Call Chain = __aeabi_ddiv &rArr; _double_round
</UL>
<BR>[Calls]<UL><LI><a href="#[ad]">&gt;&gt;</a>&nbsp;&nbsp;&nbsp;_double_round
</UL>
<BR>[Called By]<UL><LI><a href="#[92]">&gt;&gt;</a>&nbsp;&nbsp;&nbsp;time_in_secs
<LI><a href="#[5c]">&gt;&gt;</a>&nbsp;&nbsp;&nbsp;main
<LI><a href="#[bb]">&gt;&gt;</a>&nbsp;&nbsp;&nbsp;_fp_digits
</UL>

<P><STRONG><a name="[98]"></a>__aeabi_ui2d</STRONG> (Thumb, 26 bytes, Stack size 16 bytes, dfltui.o(.text))
<BR><BR>[Stack]<UL><LI>Max Depth = 56<LI>Call Chain = __aeabi_ui2d &rArr; _double_epilogue &rArr; _double_round
</UL>
<BR>[Calls]<UL><LI><a href="#[ae]">&gt;&gt;</a>&nbsp;&nbsp;&nbsp;_double_epilogue
</UL>
<BR>[Called By]<UL><LI><a href="#[92]">&gt;&gt;</a>&nbsp;&nbsp;&nbsp;time_in_secs
<LI><a href="#[5c]">&gt;&gt;</a>&nbsp;&nbsp;&nbsp;main
</UL>

<P><STRONG><a name="[94]"></a>__aeabi_d2uiz</STRONG> (Thumb, 50 bytes, Stack size 8 bytes, dfixui.o(.text))
<BR><BR>[Stack]<UL><LI>Max Depth = 8<LI>Call Chain = __aeabi_d2uiz
</UL>
<BR>[Calls]<UL><LI><a href="#[af]">&gt;&gt;</a>&nbsp;&nbsp;&nbsp;__aeabi_llsr
</UL>
<BR>[Called By]<UL><LI><a href="#[5c]">&gt;&gt;</a>&nbsp;&nbsp;&nbsp;main
</UL>

<P><STRONG><a name="[117]"></a>__aeabi_cdcmpeq</STRONG> (Thumb, 0 bytes, Stack size 0 bytes, cdcmple.o(.text), UNUSED)

<P><STRONG><a name="[93]"></a>__aeabi_cdcmple</STRONG> (Thumb, 48 bytes, Stack size 0 bytes, cdcmple.o(.text))
<BR><BR>[Called By]<UL><LI><a href="#[5c]">&gt;&gt;</a>&nbsp;&nbsp;&nbsp;main
</UL>

<P><STRONG><a name="[97]"></a>__aeabi_cdrcmple</STRONG> (Thumb, 48 bytes, Stack size 0 bytes, cdrcmple.o(.text))
<BR><BR>[Called By]<UL><LI><a href="#[5c]">&gt;&gt;</a>&nbsp;&nbsp;&nbsp;main
<LI><a href="#[bb]">&gt;&gt;</a>&nbsp;&nbsp;&nbsp;_fp_digits
</UL>

<P><STRONG><a name="[118]"></a>__aeabi_uidiv</STRONG> (Thumb, 0 bytes, Stack size 12 bytes, uidiv.o(.text), UNUSED)

<P><STRONG><a name="[be]"></a>__aeabi_uidivmod</STRONG> (Thumb, 44 bytes, Stack size 12 bytes, uidiv.o(.text), UNUSED)
<BR><BR>[Called By]<UL><LI><a href="#[ba]">&gt;&gt;</a>&nbsp;&nbsp;&nbsp;_printf_core
</UL>

<P><STRONG><a name="[b0]"></a>__aeabi_uldivmod</STRONG> (Thumb, 98 bytes, Stack size 40 bytes, uldiv.o(.text), UNUSED)
<BR><BR>[Calls]<UL><LI><a href="#[b1]">&gt;&gt;</a>&nbsp;&nbsp;&nbsp;__aeabi_llsl
<LI><a href="#[af]">&gt;&gt;</a>&nbsp;&nbsp;&nbsp;__aeabi_llsr
</UL>
<BR>[Called By]<UL><LI><a href="#[ba]">&gt;&gt;</a>&nbsp;&nbsp;&nbsp;_printf_core
<LI><a href="#[bb]">&gt;&gt;</a>&nbsp;&nbsp;&nbsp;_fp_digits
</UL>

<P><STRONG><a name="[af]"></a>__aeabi_llsr</STRONG> (Thumb, 32 bytes, Stack size 0 bytes, llushr.o(.text))
<BR><BR>[Called By]<UL><LI><a href="#[94]">&gt;&gt;</a>&nbsp;&nbsp;&nbsp;__aeabi_d2uiz
<LI><a href="#[b0]">&gt;&gt;</a>&nbsp;&nbsp;&nbsp;__aeabi_uldivmod
<LI><a href="#[ae]">&gt;&gt;</a>&nbsp;&nbsp;&nbsp;_double_epilogue
<LI><a href="#[b7]">&gt;&gt;</a>&nbsp;&nbsp;&nbsp;__aeabi_d2ulz
</UL>

<P><STRONG><a name="[119]"></a>_ll_ushift_r</STRONG> (Thumb, 0 bytes, Stack size 0 bytes, llushr.o(.text), UNUSED)

<P><STRONG><a name="[11a]"></a>__I$use$fp</STRONG> (Thumb, 0 bytes, Stack size 8 bytes, iusefp.o(.text), UNUSED)

<P><STRONG><a name="[ad]"></a>_double_round</STRONG> (Thumb, 30 bytes, Stack size 8 bytes, depilogue.o(.text))
<BR><BR>[Stack]<UL><LI>Max Depth = 8<LI>Call Chain = _double_round
</UL>
<BR>[Called By]<UL><LI><a href="#[99]">&gt;&gt;</a>&nbsp;&nbsp;&nbsp;__aeabi_ddiv
<LI><a href="#[ae]">&gt;&gt;</a>&nbsp;&nbsp;&nbsp;_double_epilogue
<LI><a href="#[b2]">&gt;&gt;</a>&nbsp;&nbsp;&nbsp;__aeabi_dadd
</UL>

<P><STRONG><a name="[ae]"></a>_double_epilogue</STRONG> (Thumb, 156 bytes, Stack size 32 bytes, depilogue.o(.text))
<BR><BR>[Stack]<UL><LI>Max Depth = 40<LI>Call Chain = _double_epilogue &rArr; _double_round
</UL>
<BR>[Calls]<UL><LI><a href="#[b1]">&gt;&gt;</a>&nbsp;&nbsp;&nbsp;__aeabi_llsl
<LI><a href="#[af]">&gt;&gt;</a>&nbsp;&nbsp;&nbsp;__aeabi_llsr
<LI><a href="#[ad]">&gt;&gt;</a>&nbsp;&nbsp;&nbsp;_double_round
</UL>
<BR>[Called By]<UL><LI><a href="#[98]">&gt;&gt;</a>&nbsp;&nbsp;&nbsp;__aeabi_ui2d
<LI><a href="#[b6]">&gt;&gt;</a>&nbsp;&nbsp;&nbsp;__aeabi_dmul
<LI><a href="#[b2]">&gt;&gt;</a>&nbsp;&nbsp;&nbsp;__aeabi_dadd
</UL>

<P><STRONG><a name="[b2]"></a>__aeabi_dadd</STRONG> (Thumb, 322 bytes, Stack size 48 bytes, dadd.o(.text), UNUSED)
<BR><BR>[Calls]<UL><LI><a href="#[b3]">&gt;&gt;</a>&nbsp;&nbsp;&nbsp;__aeabi_lasr
<LI><a href="#[b1]">&gt;&gt;</a>&nbsp;&nbsp;&nbsp;__aeabi_llsl
<LI><a href="#[ae]">&gt;&gt;</a>&nbsp;&nbsp;&nbsp;_double_epilogue
<LI><a href="#[ad]">&gt;&gt;</a>&nbsp;&nbsp;&nbsp;_double_round
</UL>
<BR>[Called By]<UL><LI><a href="#[b5]">&gt;&gt;</a>&nbsp;&nbsp;&nbsp;__aeabi_drsub
<LI><a href="#[b4]">&gt;&gt;</a>&nbsp;&nbsp;&nbsp;__aeabi_dsub
<LI><a href="#[bb]">&gt;&gt;</a>&nbsp;&nbsp;&nbsp;_fp_digits
</UL>

<P><STRONG><a name="[b4]"></a>__aeabi_dsub</STRONG> (Thumb, 6 bytes, Stack size 0 bytes, dadd.o(.text), UNUSED)
<BR><BR>[Calls]<UL><LI><a href="#[b2]">&gt;&gt;</a>&nbsp;&nbsp;&nbsp;__aeabi_dadd
</UL>

<P><STRONG><a name="[b5]"></a>__aeabi_drsub</STRONG> (Thumb, 6 bytes, Stack size 0 bytes, dadd.o(.text), UNUSED)
<BR><BR>[Calls]<UL><LI><a href="#[b2]">&gt;&gt;</a>&nbsp;&nbsp;&nbsp;__aeabi_dadd
</UL>

<P><STRONG><a name="[b6]"></a>__aeabi_dmul</STRONG> (Thumb, 228 bytes, Stack size 48 bytes, dmul.o(.text), UNUSED)
<BR><BR>[Calls]<UL><LI><a href="#[ae]">&gt;&gt;</a>&nbsp;&nbsp;&nbsp;_double_epilogue
</UL>
<BR>[Called By]<UL><LI><a href="#[bb]">&gt;&gt;</a>&nbsp;&nbsp;&nbsp;_fp_digits
</UL>

<P><STRONG><a name="[b7]"></a>__aeabi_d2ulz</STRONG> (Thumb, 48 bytes, Stack size 0 bytes, dfixul.o(.text), UNUSED)
<BR><BR>[Calls]<UL><LI><a href="#[b1]">&gt;&gt;</a>&nbsp;&nbsp;&nbsp;__aeabi_llsl
<LI><a href="#[af]">&gt;&gt;</a>&nbsp;&nbsp;&nbsp;__aeabi_llsr
</UL>
<BR>[Called By]<UL><LI><a href="#[bb]">&gt;&gt;</a>&nbsp;&nbsp;&nbsp;_fp_digits
</UL>

<P><STRONG><a name="[60]"></a>__scatterload</STRONG> (Thumb, 28 bytes, Stack size 0 bytes, init.o(.text))
<BR><BR>[Calls]<UL><LI><a href="#[b8]">&gt;&gt;</a>&nbsp;&nbsp;&nbsp;__main_after_scatterload
</UL>
<BR>[Called By]<UL><LI><a href="#[5f]">&gt;&gt;</a>&nbsp;&nbsp;&nbsp;_main_scatterload
</UL>

<P><STRONG><a name="[11b]"></a>__scatterload_rt2</STRONG> (Thumb, 0 bytes, Stack size 0 bytes, init.o(.text), UNUSED)

<P><STRONG><a name="[b1]"></a>__aeabi_llsl</STRONG> (Thumb, 30 bytes, Stack size 0 bytes, llshl.o(.text))
<BR><BR>[Called By]<UL><LI><a href="#[b0]">&gt;&gt;</a>&nbsp;&nbsp;&nbsp;__aeabi_uldivmod
<LI><a href="#[ae]">&gt;&gt;</a>&nbsp;&nbsp;&nbsp;_double_epilogue
<LI><a href="#[b2]">&gt;&gt;</a>&nbsp;&nbsp;&nbsp;__aeabi_dadd
<LI><a href="#[b7]">&gt;&gt;</a>&nbsp;&nbsp;&nbsp;__aeabi_d2ulz
</UL>

<P><STRONG><a name="[11c]"></a>_ll_shift_l</STRONG> (Thumb, 0 bytes, Stack size 0 bytes, llshl.o(.text), UNUSED)

<P><STRONG><a name="[b3]"></a>__aeabi_lasr</STRONG> (Thumb, 36 bytes, Stack size 0 bytes, llsshr.o(.text), UNUSED)
<BR><BR>[Called By]<UL><LI><a href="#[b2]">&gt;&gt;</a>&nbsp;&nbsp;&nbsp;__aeabi_dadd
</UL>

<P><STRONG><a name="[11d]"></a>_ll_sshift_r</STRONG> (Thumb, 0 bytes, Stack size 0 bytes, llsshr.o(.text), UNUSED)

<P><STRONG><a name="[b9]"></a>__0printf</STRONG> (Thumb, 22 bytes, Stack size 24 bytes, printfa.o(i.__0printf), UNUSED)
<BR><BR>[Calls]<UL><LI><a href="#[ba]">&gt;&gt;</a>&nbsp;&nbsp;&nbsp;_printf_core
</UL>

<P><STRONG><a name="[11e]"></a>__1printf</STRONG> (Thumb, 0 bytes, Stack size 24 bytes, printfa.o(i.__0printf), UNUSED)

<P><STRONG><a name="[95]"></a>__2printf</STRONG> (Thumb, 0 bytes, Stack size 24 bytes, printfa.o(i.__0printf))
<BR><BR>[Stack]<UL><LI>Max Depth = 24<LI>Call Chain = __2printf
</UL>
<BR>[Called By]<UL><LI><a href="#[8b]">&gt;&gt;</a>&nbsp;&nbsp;&nbsp;portable_init
<LI><a href="#[5c]">&gt;&gt;</a>&nbsp;&nbsp;&nbsp;main
</UL>

<P><STRONG><a name="[11f]"></a>__c89printf</STRONG> (Thumb, 0 bytes, Stack size 24 bytes, printfa.o(i.__0printf), UNUSED)

<P><STRONG><a name="[120]"></a>printf</STRONG> (Thumb, 0 bytes, Stack size 24 bytes, printfa.o(i.__0printf), UNUSED)

<P><STRONG><a name="[121]"></a>__scatterload_copy</STRONG> (Thumb, 14 bytes, Stack size unknown bytes, handlers.o(i.__scatterload_copy), UNUSED)

<P><STRONG><a name="[122]"></a>__scatterload_null</STRONG> (Thumb, 2 bytes, Stack size unknown bytes, handlers.o(i.__scatterload_null), UNUSED)

<P><STRONG><a name="[123]"></a>__scatterload_zeroinit</STRONG> (Thumb, 14 bytes, Stack size unknown bytes, handlers.o(i.__scatterload_zeroinit), UNUSED)
<P>
<H3>
Local Symbols
</H3>
<P><STRONG><a name="[bb]"></a>_fp_digits</STRONG> (Thumb, 366 bytes, Stack size 64 bytes, printfa.o(i._fp_digits), UNUSED)
<BR><BR>[Calls]<UL><LI><a href="#[99]">&gt;&gt;</a>&nbsp;&nbsp;&nbsp;__aeabi_ddiv
<LI><a href="#[97]">&gt;&gt;</a>&nbsp;&nbsp;&nbsp;__aeabi_cdrcmple
<LI><a href="#[b0]">&gt;&gt;</a>&nbsp;&nbsp;&nbsp;__aeabi_uldivmod
<LI><a href="#[b6]">&gt;&gt;</a>&nbsp;&nbsp;&nbsp;__aeabi_dmul
<LI><a href="#[b2]">&gt;&gt;</a>&nbsp;&nbsp;&nbsp;__aeabi_dadd
<LI><a href="#[b7]">&gt;&gt;</a>&nbsp;&nbsp;&nbsp;__aeabi_d2ulz
</UL>
<BR>[Called By]<UL><LI><a href="#[ba]">&gt;&gt;</a>&nbsp;&nbsp;&nbsp;_printf_core
</UL>

<P><STRONG><a name="[ba]"></a>_printf_core</STRONG> (Thumb, 1704 bytes, Stack size 136 bytes, printfa.o(i._printf_core), UNUSED)
<BR><BR>[Calls]<UL><LI><a href="#[b0]">&gt;&gt;</a>&nbsp;&nbsp;&nbsp;__aeabi_uldivmod
<LI><a href="#[be]">&gt;&gt;</a>&nbsp;&nbsp;&nbsp;__aeabi_uidivmod
<LI><a href="#[bc]">&gt;&gt;</a>&nbsp;&nbsp;&nbsp;_printf_pre_padding
<LI><a href="#[bd]">&gt;&gt;</a>&nbsp;&nbsp;&nbsp;_printf_post_padding
<LI><a href="#[bb]">&gt;&gt;</a>&nbsp;&nbsp;&nbsp;_fp_digits
</UL>
<BR>[Called By]<UL><LI><a href="#[b9]">&gt;&gt;</a>&nbsp;&nbsp;&nbsp;__0printf
</UL>

<P><STRONG><a name="[bd]"></a>_printf_post_padding</STRONG> (Thumb, 36 bytes, Stack size 24 bytes, printfa.o(i._printf_post_padding), UNUSED)
<BR><BR>[Called By]<UL><LI><a href="#[ba]">&gt;&gt;</a>&nbsp;&nbsp;&nbsp;_printf_core
</UL>

<P><STRONG><a name="[bc]"></a>_printf_pre_padding</STRONG> (Thumb, 46 bytes, Stack size 24 bytes, printfa.o(i._printf_pre_padding), UNUSED)
<BR><BR>[Called By]<UL><LI><a href="#[ba]">&gt;&gt;</a>&nbsp;&nbsp;&nbsp;_printf_core
</UL>
<P>
<H3>
Undefined Global Symbols
</H3><HR></body></html>
