<!doctype html public "-//w3c//dtd html 4.0 transitional//en">
<html><head>
<title>Static Call Graph - [..\..\Output\Project.axf]</title></head>
<body><HR>
<H1>Static Call Graph for image ..\..\Output\Project.axf</H1><HR>
<BR><P>#&#060CALLGRAPH&#062# ARM Linker, 5060960: Last Updated: Mon May 11 10:27:04 2026
<BR><P>
<H3>Maximum Stack Usage =          8 bytes + Unknown(Cycles, Untraceable Function Pointers)</H3><H3>
Call chain for Maximum Stack Depth:</H3>
main &rArr; PWR_EnterSTOPMode
<P>
<H3>
Mutually Recursive functions
</H3> <LI><a href="#[1c]">ADC_IRQHandler</a>&nbsp;&nbsp;&nbsp;&rArr;&nbsp;&nbsp;&nbsp;<a href="#[1c]">ADC_IRQHandler</a><BR>
</UL>
<P>
<H3>
Function Pointers
</H3><UL>
 <LI><a href="#[1c]">ADC_IRQHandler</a> from startup_hc32f40_41xxx.o(.text) referenced from startup_hc32f40_41xxx.o(RESET)
 <LI><a href="#[4]">BusFault_Handler</a> from hc32f4xx_it.o(i.BusFault_Handler) referenced from startup_hc32f40_41xxx.o(RESET)
 <LI><a href="#[1f]">CAN1_INT0_IRQHandler</a> from startup_hc32f40_41xxx.o(.text) referenced from startup_hc32f40_41xxx.o(RESET)
 <LI><a href="#[20]">CAN1_INT1_IRQHandler</a> from startup_hc32f40_41xxx.o(.text) referenced from startup_hc32f40_41xxx.o(RESET)
 <LI><a href="#[15]">DMA1_Stream0_IRQHandler</a> from startup_hc32f40_41xxx.o(.text) referenced from startup_hc32f40_41xxx.o(RESET)
 <LI><a href="#[16]">DMA1_Stream1_IRQHandler</a> from startup_hc32f40_41xxx.o(.text) referenced from startup_hc32f40_41xxx.o(RESET)
 <LI><a href="#[17]">DMA1_Stream2_IRQHandler</a> from startup_hc32f40_41xxx.o(.text) referenced from startup_hc32f40_41xxx.o(RESET)
 <LI><a href="#[18]">DMA1_Stream3_IRQHandler</a> from startup_hc32f40_41xxx.o(.text) referenced from startup_hc32f40_41xxx.o(RESET)
 <LI><a href="#[19]">DMA1_Stream4_IRQHandler</a> from startup_hc32f40_41xxx.o(.text) referenced from startup_hc32f40_41xxx.o(RESET)
 <LI><a href="#[1a]">DMA1_Stream5_IRQHandler</a> from startup_hc32f40_41xxx.o(.text) referenced from startup_hc32f40_41xxx.o(RESET)
 <LI><a href="#[1b]">DMA1_Stream6_IRQHandler</a> from startup_hc32f40_41xxx.o(.text) referenced from startup_hc32f40_41xxx.o(RESET)
 <LI><a href="#[39]">DMA1_Stream7_IRQHandler</a> from startup_hc32f40_41xxx.o(.text) referenced from startup_hc32f40_41xxx.o(RESET)
 <LI><a href="#[7]">DebugMon_Handler</a> from hc32f4xx_it.o(i.DebugMon_Handler) referenced from startup_hc32f40_41xxx.o(RESET)
 <LI><a href="#[10]">EXTI0_IRQHandler</a> from startup_hc32f40_41xxx.o(.text) referenced from startup_hc32f40_41xxx.o(RESET)
 <LI><a href="#[32]">EXTI15_10_IRQHandler</a> from startup_hc32f40_41xxx.o(.text) referenced from startup_hc32f40_41xxx.o(RESET)
 <LI><a href="#[11]">EXTI1_IRQHandler</a> from startup_hc32f40_41xxx.o(.text) referenced from startup_hc32f40_41xxx.o(RESET)
 <LI><a href="#[12]">EXTI2_IRQHandler</a> from startup_hc32f40_41xxx.o(.text) referenced from startup_hc32f40_41xxx.o(RESET)
 <LI><a href="#[13]">EXTI3_IRQHandler</a> from startup_hc32f40_41xxx.o(.text) referenced from startup_hc32f40_41xxx.o(RESET)
 <LI><a href="#[14]">EXTI4_IRQHandler</a> from startup_hc32f40_41xxx.o(.text) referenced from startup_hc32f40_41xxx.o(RESET)
 <LI><a href="#[21]">EXTI9_5_IRQHandler</a> from startup_hc32f40_41xxx.o(.text) referenced from startup_hc32f40_41xxx.o(RESET)
 <LI><a href="#[e]">FLASH_IRQHandler</a> from startup_hc32f40_41xxx.o(.text) referenced from startup_hc32f40_41xxx.o(RESET)
 <LI><a href="#[5b]">FPU_IRQHandler</a> from startup_hc32f40_41xxx.o(.text) referenced from startup_hc32f40_41xxx.o(RESET)
 <LI><a href="#[3a]">FSMC_IRQHandler</a> from startup_hc32f40_41xxx.o(.text) referenced from startup_hc32f40_41xxx.o(RESET)
 <LI><a href="#[2]">HardFault_Handler</a> from hc32f4xx_it.o(i.HardFault_Handler) referenced from startup_hc32f40_41xxx.o(RESET)
 <LI><a href="#[29]">I2C1_EV_IRQHandler</a> from startup_hc32f40_41xxx.o(.text) referenced from startup_hc32f40_41xxx.o(RESET)
 <LI><a href="#[2b]">I2C2_EV_IRQHandler</a> from startup_hc32f40_41xxx.o(.text) referenced from startup_hc32f40_41xxx.o(RESET)
 <LI><a href="#[5a]">MOU_IRQHandler</a> from startup_hc32f40_41xxx.o(.text) referenced from startup_hc32f40_41xxx.o(RESET)
 <LI><a href="#[3]">MemManage_Handler</a> from hc32f4xx_it.o(i.MemManage_Handler) referenced from startup_hc32f40_41xxx.o(RESET)
 <LI><a href="#[1]">NMI_Handler</a> from hc32f4xx_it.o(i.NMI_Handler) referenced from startup_hc32f40_41xxx.o(RESET)
 <LI><a href="#[b]">PVD_IRQHandler</a> from startup_hc32f40_41xxx.o(.text) referenced from startup_hc32f40_41xxx.o(RESET)
 <LI><a href="#[8]">PendSV_Handler</a> from hc32f4xx_it.o(i.PendSV_Handler) referenced from startup_hc32f40_41xxx.o(RESET)
 <LI><a href="#[f]">RCC_IRQHandler</a> from startup_hc32f40_41xxx.o(.text) referenced from startup_hc32f40_41xxx.o(RESET)
 <LI><a href="#[4f]">RFU10_IRQHandler</a> from startup_hc32f40_41xxx.o(.text) referenced from startup_hc32f40_41xxx.o(RESET)
 <LI><a href="#[50]">RFU11_IRQHandler</a> from startup_hc32f40_41xxx.o(.text) referenced from startup_hc32f40_41xxx.o(RESET)
 <LI><a href="#[51]">RFU12_IRQHandler</a> from startup_hc32f40_41xxx.o(.text) referenced from startup_hc32f40_41xxx.o(RESET)
 <LI><a href="#[52]">RFU13_IRQHandler</a> from startup_hc32f40_41xxx.o(.text) referenced from startup_hc32f40_41xxx.o(RESET)
 <LI><a href="#[53]">RFU14_IRQHandler</a> from startup_hc32f40_41xxx.o(.text) referenced from startup_hc32f40_41xxx.o(RESET)
 <LI><a href="#[54]">RFU15_IRQHandler</a> from startup_hc32f40_41xxx.o(.text) referenced from startup_hc32f40_41xxx.o(RESET)
 <LI><a href="#[55]">RFU16_IRQHandler</a> from startup_hc32f40_41xxx.o(.text) referenced from startup_hc32f40_41xxx.o(RESET)
 <LI><a href="#[56]">RFU17_IRQHandler</a> from startup_hc32f40_41xxx.o(.text) referenced from startup_hc32f40_41xxx.o(RESET)
 <LI><a href="#[57]">RFU18_IRQHandler</a> from startup_hc32f40_41xxx.o(.text) referenced from startup_hc32f40_41xxx.o(RESET)
 <LI><a href="#[58]">RFU19_IRQHandler</a> from startup_hc32f40_41xxx.o(.text) referenced from startup_hc32f40_41xxx.o(RESET)
 <LI><a href="#[1d]">RFU1_IRQHandler</a> from startup_hc32f40_41xxx.o(.text) referenced from startup_hc32f40_41xxx.o(RESET)
 <LI><a href="#[59]">RFU20_IRQHandler</a> from startup_hc32f40_41xxx.o(.text) referenced from startup_hc32f40_41xxx.o(RESET)
 <LI><a href="#[1e]">RFU2_IRQHandler</a> from startup_hc32f40_41xxx.o(.text) referenced from startup_hc32f40_41xxx.o(RESET)
 <LI><a href="#[2a]">RFU3_IRQHandler</a> from startup_hc32f40_41xxx.o(.text) referenced from startup_hc32f40_41xxx.o(RESET)
 <LI><a href="#[2c]">RFU4_IRQHandler</a> from startup_hc32f40_41xxx.o(.text) referenced from startup_hc32f40_41xxx.o(RESET)
 <LI><a href="#[44]">RFU5_IRQHandler</a> from startup_hc32f40_41xxx.o(.text) referenced from startup_hc32f40_41xxx.o(RESET)
 <LI><a href="#[49]">RFU6_IRQHandler</a> from startup_hc32f40_41xxx.o(.text) referenced from startup_hc32f40_41xxx.o(RESET)
 <LI><a href="#[4a]">RFU7_IRQHandler</a> from startup_hc32f40_41xxx.o(.text) referenced from startup_hc32f40_41xxx.o(RESET)
 <LI><a href="#[4b]">RFU8_IRQHandler</a> from startup_hc32f40_41xxx.o(.text) referenced from startup_hc32f40_41xxx.o(RESET)
 <LI><a href="#[4c]">RFU9_IRQHandler</a> from startup_hc32f40_41xxx.o(.text) referenced from startup_hc32f40_41xxx.o(RESET)
 <LI><a href="#[33]">RTC_Alarm_IRQHandler</a> from startup_hc32f40_41xxx.o(.text) referenced from startup_hc32f40_41xxx.o(RESET)
 <LI><a href="#[d]">RTC_WKUP_IRQHandler</a> from startup_hc32f40_41xxx.o(.text) referenced from startup_hc32f40_41xxx.o(RESET)
 <LI><a href="#[0]">Reset_Handler</a> from startup_hc32f40_41xxx.o(.text) referenced from startup_hc32f40_41xxx.o(RESET)
 <LI><a href="#[3b]">SDIO_IRQHandler</a> from startup_hc32f40_41xxx.o(.text) referenced from startup_hc32f40_41xxx.o(RESET)
 <LI><a href="#[2d]">SPI1_IRQHandler</a> from startup_hc32f40_41xxx.o(.text) referenced from startup_hc32f40_41xxx.o(RESET)
 <LI><a href="#[2e]">SPI2_IRQHandler</a> from startup_hc32f40_41xxx.o(.text) referenced from startup_hc32f40_41xxx.o(RESET)
 <LI><a href="#[3d]">SPI3_IRQHandler</a> from startup_hc32f40_41xxx.o(.text) referenced from startup_hc32f40_41xxx.o(RESET)
 <LI><a href="#[6]">SVC_Handler</a> from hc32f4xx_it.o(i.SVC_Handler) referenced from startup_hc32f40_41xxx.o(RESET)
 <LI><a href="#[9]">SysTick_Handler</a> from hc32f4xx_it.o(i.SysTick_Handler) referenced from startup_hc32f40_41xxx.o(RESET)
 <LI><a href="#[5d]">SystemInit</a> from system_hc32f4xx.o(i.SystemInit) referenced from startup_hc32f40_41xxx.o(.text)
 <LI><a href="#[c]">TAMP_STAMP_IRQHandler</a> from startup_hc32f40_41xxx.o(.text) referenced from startup_hc32f40_41xxx.o(RESET)
 <LI><a href="#[43]">TIM10_IRQHandler</a> from startup_hc32f40_41xxx.o(.text) referenced from startup_hc32f40_41xxx.o(RESET)
 <LI><a href="#[22]">TIM1_BRK_IRQHandler</a> from startup_hc32f40_41xxx.o(.text) referenced from startup_hc32f40_41xxx.o(RESET)
 <LI><a href="#[25]">TIM1_CC_IRQHandler</a> from startup_hc32f40_41xxx.o(.text) referenced from startup_hc32f40_41xxx.o(RESET)
 <LI><a href="#[24]">TIM1_TRG_COM_IRQHandler</a> from startup_hc32f40_41xxx.o(.text) referenced from startup_hc32f40_41xxx.o(RESET)
 <LI><a href="#[23]">TIM1_UP_IRQHandler</a> from startup_hc32f40_41xxx.o(.text) referenced from startup_hc32f40_41xxx.o(RESET)
 <LI><a href="#[26]">TIM2_IRQHandler</a> from startup_hc32f40_41xxx.o(.text) referenced from startup_hc32f40_41xxx.o(RESET)
 <LI><a href="#[27]">TIM3_IRQHandler</a> from startup_hc32f40_41xxx.o(.text) referenced from startup_hc32f40_41xxx.o(RESET)
 <LI><a href="#[28]">TIM4_IRQHandler</a> from startup_hc32f40_41xxx.o(.text) referenced from startup_hc32f40_41xxx.o(RESET)
 <LI><a href="#[3c]">TIM5_IRQHandler</a> from startup_hc32f40_41xxx.o(.text) referenced from startup_hc32f40_41xxx.o(RESET)
 <LI><a href="#[40]">TIM6_IRQHandler</a> from startup_hc32f40_41xxx.o(.text) referenced from startup_hc32f40_41xxx.o(RESET)
 <LI><a href="#[41]">TIM7_IRQHandler</a> from startup_hc32f40_41xxx.o(.text) referenced from startup_hc32f40_41xxx.o(RESET)
 <LI><a href="#[35]">TIM8_BRK_IRQHandler</a> from startup_hc32f40_41xxx.o(.text) referenced from startup_hc32f40_41xxx.o(RESET)
 <LI><a href="#[38]">TIM8_CC_IRQHandler</a> from startup_hc32f40_41xxx.o(.text) referenced from startup_hc32f40_41xxx.o(RESET)
 <LI><a href="#[37]">TIM8_TRG_COM_IRQHandler</a> from startup_hc32f40_41xxx.o(.text) referenced from startup_hc32f40_41xxx.o(RESET)
 <LI><a href="#[36]">TIM8_UP_IRQHandler</a> from startup_hc32f40_41xxx.o(.text) referenced from startup_hc32f40_41xxx.o(RESET)
 <LI><a href="#[42]">TIM9_IRQHandler</a> from startup_hc32f40_41xxx.o(.text) referenced from startup_hc32f40_41xxx.o(RESET)
 <LI><a href="#[3e]">UART4_IRQHandler</a> from startup_hc32f40_41xxx.o(.text) referenced from startup_hc32f40_41xxx.o(RESET)
 <LI><a href="#[3f]">UART5_IRQHandler</a> from startup_hc32f40_41xxx.o(.text) referenced from startup_hc32f40_41xxx.o(RESET)
 <LI><a href="#[2f]">USART1_IRQHandler</a> from startup_hc32f40_41xxx.o(.text) referenced from startup_hc32f40_41xxx.o(RESET)
 <LI><a href="#[30]">USART2_IRQHandler</a> from startup_hc32f40_41xxx.o(.text) referenced from startup_hc32f40_41xxx.o(RESET)
 <LI><a href="#[31]">USART3_IRQHandler</a> from startup_hc32f40_41xxx.o(.text) referenced from startup_hc32f40_41xxx.o(RESET)
 <LI><a href="#[34]">USBWakeUp_IRQHandler</a> from startup_hc32f40_41xxx.o(.text) referenced from startup_hc32f40_41xxx.o(RESET)
 <LI><a href="#[4e]">USB_HP_IRQHandler</a> from startup_hc32f40_41xxx.o(.text) referenced from startup_hc32f40_41xxx.o(RESET)
 <LI><a href="#[4d]">USB_LP_IRQHandler</a> from startup_hc32f40_41xxx.o(.text) referenced from startup_hc32f40_41xxx.o(RESET)
 <LI><a href="#[5]">UsageFault_Handler</a> from hc32f4xx_it.o(i.UsageFault_Handler) referenced from startup_hc32f40_41xxx.o(RESET)
 <LI><a href="#[45]">VC0_IRQHandler</a> from startup_hc32f40_41xxx.o(.text) referenced from startup_hc32f40_41xxx.o(RESET)
 <LI><a href="#[46]">VC1_IRQHandler</a> from startup_hc32f40_41xxx.o(.text) referenced from startup_hc32f40_41xxx.o(RESET)
 <LI><a href="#[47]">VC2_IRQHandler</a> from startup_hc32f40_41xxx.o(.text) referenced from startup_hc32f40_41xxx.o(RESET)
 <LI><a href="#[48]">VC_Wakeup_IRQHandler</a> from startup_hc32f40_41xxx.o(.text) referenced from startup_hc32f40_41xxx.o(RESET)
 <LI><a href="#[a]">WWDG_IRQHandler</a> from startup_hc32f40_41xxx.o(.text) referenced from startup_hc32f40_41xxx.o(RESET)
 <LI><a href="#[5e]">__main</a> from entry.o(.ARM.Collect$$$$00000000) referenced from startup_hc32f40_41xxx.o(.text)
 <LI><a href="#[5c]">main</a> from main.o(i.main) referenced from entry9a.o(.ARM.Collect$$$$0000000B)
</UL>
<P>
<H3>
Global Symbols
</H3>
<P><STRONG><a name="[5e]"></a>__main</STRONG> (Thumb, 0 bytes, Stack size unknown bytes, entry.o(.ARM.Collect$$$$00000000))
<BR>[Address Reference Count : 1]<UL><LI> startup_hc32f40_41xxx.o(.text)
</UL>
<P><STRONG><a name="[64]"></a>_main_stk</STRONG> (Thumb, 0 bytes, Stack size unknown bytes, entry2.o(.ARM.Collect$$$$00000001))

<P><STRONG><a name="[5f]"></a>_main_scatterload</STRONG> (Thumb, 0 bytes, Stack size unknown bytes, entry5.o(.ARM.Collect$$$$00000004))
<BR><BR>[Calls]<UL><LI><a href="#[60]">&gt;&gt;</a>&nbsp;&nbsp;&nbsp;__scatterload
</UL>

<P><STRONG><a name="[61]"></a>__main_after_scatterload</STRONG> (Thumb, 0 bytes, Stack size unknown bytes, entry5.o(.ARM.Collect$$$$00000004))
<BR><BR>[Called By]<UL><LI><a href="#[60]">&gt;&gt;</a>&nbsp;&nbsp;&nbsp;__scatterload
</UL>

<P><STRONG><a name="[65]"></a>_main_clock</STRONG> (Thumb, 0 bytes, Stack size unknown bytes, entry7b.o(.ARM.Collect$$$$00000008))

<P><STRONG><a name="[66]"></a>_main_cpp_init</STRONG> (Thumb, 0 bytes, Stack size unknown bytes, entry8b.o(.ARM.Collect$$$$0000000A))

<P><STRONG><a name="[67]"></a>_main_init</STRONG> (Thumb, 0 bytes, Stack size unknown bytes, entry9a.o(.ARM.Collect$$$$0000000B))

<P><STRONG><a name="[68]"></a>__rt_lib_shutdown_fini</STRONG> (Thumb, 0 bytes, Stack size unknown bytes, entry12b.o(.ARM.Collect$$$$0000000E))

<P><STRONG><a name="[69]"></a>__rt_final_cpp</STRONG> (Thumb, 0 bytes, Stack size unknown bytes, entry10a.o(.ARM.Collect$$$$0000000F))

<P><STRONG><a name="[6a]"></a>__rt_final_exit</STRONG> (Thumb, 0 bytes, Stack size unknown bytes, entry11a.o(.ARM.Collect$$$$00000011))

<P><STRONG><a name="[0]"></a>Reset_Handler</STRONG> (Thumb, 8 bytes, Stack size 0 bytes, startup_hc32f40_41xxx.o(.text))
<BR>[Address Reference Count : 1]<UL><LI> startup_hc32f40_41xxx.o(RESET)
</UL>
<P><STRONG><a name="[1c]"></a>ADC_IRQHandler</STRONG> (Thumb, 0 bytes, Stack size 0 bytes, startup_hc32f40_41xxx.o(.text))
<BR><BR>[Calls]<UL><LI><a href="#[1c]">&gt;&gt;</a>&nbsp;&nbsp;&nbsp;ADC_IRQHandler
</UL>
<BR>[Called By]<UL><LI><a href="#[1c]">&gt;&gt;</a>&nbsp;&nbsp;&nbsp;ADC_IRQHandler
</UL>
<BR>[Address Reference Count : 1]<UL><LI> startup_hc32f40_41xxx.o(RESET)
</UL>
<P><STRONG><a name="[1f]"></a>CAN1_INT0_IRQHandler</STRONG> (Thumb, 0 bytes, Stack size 0 bytes, startup_hc32f40_41xxx.o(.text))
<BR>[Address Reference Count : 1]<UL><LI> startup_hc32f40_41xxx.o(RESET)
</UL>
<P><STRONG><a name="[20]"></a>CAN1_INT1_IRQHandler</STRONG> (Thumb, 0 bytes, Stack size 0 bytes, startup_hc32f40_41xxx.o(.text))
<BR>[Address Reference Count : 1]<UL><LI> startup_hc32f40_41xxx.o(RESET)
</UL>
<P><STRONG><a name="[15]"></a>DMA1_Stream0_IRQHandler</STRONG> (Thumb, 0 bytes, Stack size 0 bytes, startup_hc32f40_41xxx.o(.text))
<BR>[Address Reference Count : 1]<UL><LI> startup_hc32f40_41xxx.o(RESET)
</UL>
<P><STRONG><a name="[16]"></a>DMA1_Stream1_IRQHandler</STRONG> (Thumb, 0 bytes, Stack size 0 bytes, startup_hc32f40_41xxx.o(.text))
<BR>[Address Reference Count : 1]<UL><LI> startup_hc32f40_41xxx.o(RESET)
</UL>
<P><STRONG><a name="[17]"></a>DMA1_Stream2_IRQHandler</STRONG> (Thumb, 0 bytes, Stack size 0 bytes, startup_hc32f40_41xxx.o(.text))
<BR>[Address Reference Count : 1]<UL><LI> startup_hc32f40_41xxx.o(RESET)
</UL>
<P><STRONG><a name="[18]"></a>DMA1_Stream3_IRQHandler</STRONG> (Thumb, 0 bytes, Stack size 0 bytes, startup_hc32f40_41xxx.o(.text))
<BR>[Address Reference Count : 1]<UL><LI> startup_hc32f40_41xxx.o(RESET)
</UL>
<P><STRONG><a name="[19]"></a>DMA1_Stream4_IRQHandler</STRONG> (Thumb, 0 bytes, Stack size 0 bytes, startup_hc32f40_41xxx.o(.text))
<BR>[Address Reference Count : 1]<UL><LI> startup_hc32f40_41xxx.o(RESET)
</UL>
<P><STRONG><a name="[1a]"></a>DMA1_Stream5_IRQHandler</STRONG> (Thumb, 0 bytes, Stack size 0 bytes, startup_hc32f40_41xxx.o(.text))
<BR>[Address Reference Count : 1]<UL><LI> startup_hc32f40_41xxx.o(RESET)
</UL>
<P><STRONG><a name="[1b]"></a>DMA1_Stream6_IRQHandler</STRONG> (Thumb, 0 bytes, Stack size 0 bytes, startup_hc32f40_41xxx.o(.text))
<BR>[Address Reference Count : 1]<UL><LI> startup_hc32f40_41xxx.o(RESET)
</UL>
<P><STRONG><a name="[39]"></a>DMA1_Stream7_IRQHandler</STRONG> (Thumb, 0 bytes, Stack size 0 bytes, startup_hc32f40_41xxx.o(.text))
<BR>[Address Reference Count : 1]<UL><LI> startup_hc32f40_41xxx.o(RESET)
</UL>
<P><STRONG><a name="[10]"></a>EXTI0_IRQHandler</STRONG> (Thumb, 0 bytes, Stack size 0 bytes, startup_hc32f40_41xxx.o(.text))
<BR>[Address Reference Count : 1]<UL><LI> startup_hc32f40_41xxx.o(RESET)
</UL>
<P><STRONG><a name="[32]"></a>EXTI15_10_IRQHandler</STRONG> (Thumb, 0 bytes, Stack size 0 bytes, startup_hc32f40_41xxx.o(.text))
<BR>[Address Reference Count : 1]<UL><LI> startup_hc32f40_41xxx.o(RESET)
</UL>
<P><STRONG><a name="[11]"></a>EXTI1_IRQHandler</STRONG> (Thumb, 0 bytes, Stack size 0 bytes, startup_hc32f40_41xxx.o(.text))
<BR>[Address Reference Count : 1]<UL><LI> startup_hc32f40_41xxx.o(RESET)
</UL>
<P><STRONG><a name="[12]"></a>EXTI2_IRQHandler</STRONG> (Thumb, 0 bytes, Stack size 0 bytes, startup_hc32f40_41xxx.o(.text))
<BR>[Address Reference Count : 1]<UL><LI> startup_hc32f40_41xxx.o(RESET)
</UL>
<P><STRONG><a name="[13]"></a>EXTI3_IRQHandler</STRONG> (Thumb, 0 bytes, Stack size 0 bytes, startup_hc32f40_41xxx.o(.text))
<BR>[Address Reference Count : 1]<UL><LI> startup_hc32f40_41xxx.o(RESET)
</UL>
<P><STRONG><a name="[14]"></a>EXTI4_IRQHandler</STRONG> (Thumb, 0 bytes, Stack size 0 bytes, startup_hc32f40_41xxx.o(.text))
<BR>[Address Reference Count : 1]<UL><LI> startup_hc32f40_41xxx.o(RESET)
</UL>
<P><STRONG><a name="[21]"></a>EXTI9_5_IRQHandler</STRONG> (Thumb, 0 bytes, Stack size 0 bytes, startup_hc32f40_41xxx.o(.text))
<BR>[Address Reference Count : 1]<UL><LI> startup_hc32f40_41xxx.o(RESET)
</UL>
<P><STRONG><a name="[e]"></a>FLASH_IRQHandler</STRONG> (Thumb, 0 bytes, Stack size 0 bytes, startup_hc32f40_41xxx.o(.text))
<BR>[Address Reference Count : 1]<UL><LI> startup_hc32f40_41xxx.o(RESET)
</UL>
<P><STRONG><a name="[5b]"></a>FPU_IRQHandler</STRONG> (Thumb, 0 bytes, Stack size 0 bytes, startup_hc32f40_41xxx.o(.text))
<BR>[Address Reference Count : 1]<UL><LI> startup_hc32f40_41xxx.o(RESET)
</UL>
<P><STRONG><a name="[3a]"></a>FSMC_IRQHandler</STRONG> (Thumb, 0 bytes, Stack size 0 bytes, startup_hc32f40_41xxx.o(.text))
<BR>[Address Reference Count : 1]<UL><LI> startup_hc32f40_41xxx.o(RESET)
</UL>
<P><STRONG><a name="[29]"></a>I2C1_EV_IRQHandler</STRONG> (Thumb, 0 bytes, Stack size 0 bytes, startup_hc32f40_41xxx.o(.text))
<BR>[Address Reference Count : 1]<UL><LI> startup_hc32f40_41xxx.o(RESET)
</UL>
<P><STRONG><a name="[2b]"></a>I2C2_EV_IRQHandler</STRONG> (Thumb, 0 bytes, Stack size 0 bytes, startup_hc32f40_41xxx.o(.text))
<BR>[Address Reference Count : 1]<UL><LI> startup_hc32f40_41xxx.o(RESET)
</UL>
<P><STRONG><a name="[5a]"></a>MOU_IRQHandler</STRONG> (Thumb, 0 bytes, Stack size 0 bytes, startup_hc32f40_41xxx.o(.text))
<BR>[Address Reference Count : 1]<UL><LI> startup_hc32f40_41xxx.o(RESET)
</UL>
<P><STRONG><a name="[b]"></a>PVD_IRQHandler</STRONG> (Thumb, 0 bytes, Stack size 0 bytes, startup_hc32f40_41xxx.o(.text))
<BR>[Address Reference Count : 1]<UL><LI> startup_hc32f40_41xxx.o(RESET)
</UL>
<P><STRONG><a name="[f]"></a>RCC_IRQHandler</STRONG> (Thumb, 0 bytes, Stack size 0 bytes, startup_hc32f40_41xxx.o(.text))
<BR>[Address Reference Count : 1]<UL><LI> startup_hc32f40_41xxx.o(RESET)
</UL>
<P><STRONG><a name="[4f]"></a>RFU10_IRQHandler</STRONG> (Thumb, 0 bytes, Stack size 0 bytes, startup_hc32f40_41xxx.o(.text))
<BR>[Address Reference Count : 1]<UL><LI> startup_hc32f40_41xxx.o(RESET)
</UL>
<P><STRONG><a name="[50]"></a>RFU11_IRQHandler</STRONG> (Thumb, 0 bytes, Stack size 0 bytes, startup_hc32f40_41xxx.o(.text))
<BR>[Address Reference Count : 1]<UL><LI> startup_hc32f40_41xxx.o(RESET)
</UL>
<P><STRONG><a name="[51]"></a>RFU12_IRQHandler</STRONG> (Thumb, 0 bytes, Stack size 0 bytes, startup_hc32f40_41xxx.o(.text))
<BR>[Address Reference Count : 1]<UL><LI> startup_hc32f40_41xxx.o(RESET)
</UL>
<P><STRONG><a name="[52]"></a>RFU13_IRQHandler</STRONG> (Thumb, 0 bytes, Stack size 0 bytes, startup_hc32f40_41xxx.o(.text))
<BR>[Address Reference Count : 1]<UL><LI> startup_hc32f40_41xxx.o(RESET)
</UL>
<P><STRONG><a name="[53]"></a>RFU14_IRQHandler</STRONG> (Thumb, 0 bytes, Stack size 0 bytes, startup_hc32f40_41xxx.o(.text))
<BR>[Address Reference Count : 1]<UL><LI> startup_hc32f40_41xxx.o(RESET)
</UL>
<P><STRONG><a name="[54]"></a>RFU15_IRQHandler</STRONG> (Thumb, 0 bytes, Stack size 0 bytes, startup_hc32f40_41xxx.o(.text))
<BR>[Address Reference Count : 1]<UL><LI> startup_hc32f40_41xxx.o(RESET)
</UL>
<P><STRONG><a name="[55]"></a>RFU16_IRQHandler</STRONG> (Thumb, 0 bytes, Stack size 0 bytes, startup_hc32f40_41xxx.o(.text))
<BR>[Address Reference Count : 1]<UL><LI> startup_hc32f40_41xxx.o(RESET)
</UL>
<P><STRONG><a name="[56]"></a>RFU17_IRQHandler</STRONG> (Thumb, 0 bytes, Stack size 0 bytes, startup_hc32f40_41xxx.o(.text))
<BR>[Address Reference Count : 1]<UL><LI> startup_hc32f40_41xxx.o(RESET)
</UL>
<P><STRONG><a name="[57]"></a>RFU18_IRQHandler</STRONG> (Thumb, 0 bytes, Stack size 0 bytes, startup_hc32f40_41xxx.o(.text))
<BR>[Address Reference Count : 1]<UL><LI> startup_hc32f40_41xxx.o(RESET)
</UL>
<P><STRONG><a name="[58]"></a>RFU19_IRQHandler</STRONG> (Thumb, 0 bytes, Stack size 0 bytes, startup_hc32f40_41xxx.o(.text))
<BR>[Address Reference Count : 1]<UL><LI> startup_hc32f40_41xxx.o(RESET)
</UL>
<P><STRONG><a name="[1d]"></a>RFU1_IRQHandler</STRONG> (Thumb, 0 bytes, Stack size 0 bytes, startup_hc32f40_41xxx.o(.text))
<BR>[Address Reference Count : 1]<UL><LI> startup_hc32f40_41xxx.o(RESET)
</UL>
<P><STRONG><a name="[59]"></a>RFU20_IRQHandler</STRONG> (Thumb, 0 bytes, Stack size 0 bytes, startup_hc32f40_41xxx.o(.text))
<BR>[Address Reference Count : 1]<UL><LI> startup_hc32f40_41xxx.o(RESET)
</UL>
<P><STRONG><a name="[1e]"></a>RFU2_IRQHandler</STRONG> (Thumb, 0 bytes, Stack size 0 bytes, startup_hc32f40_41xxx.o(.text))
<BR>[Address Reference Count : 1]<UL><LI> startup_hc32f40_41xxx.o(RESET)
</UL>
<P><STRONG><a name="[2a]"></a>RFU3_IRQHandler</STRONG> (Thumb, 0 bytes, Stack size 0 bytes, startup_hc32f40_41xxx.o(.text))
<BR>[Address Reference Count : 1]<UL><LI> startup_hc32f40_41xxx.o(RESET)
</UL>
<P><STRONG><a name="[2c]"></a>RFU4_IRQHandler</STRONG> (Thumb, 0 bytes, Stack size 0 bytes, startup_hc32f40_41xxx.o(.text))
<BR>[Address Reference Count : 1]<UL><LI> startup_hc32f40_41xxx.o(RESET)
</UL>
<P><STRONG><a name="[44]"></a>RFU5_IRQHandler</STRONG> (Thumb, 0 bytes, Stack size 0 bytes, startup_hc32f40_41xxx.o(.text))
<BR>[Address Reference Count : 1]<UL><LI> startup_hc32f40_41xxx.o(RESET)
</UL>
<P><STRONG><a name="[49]"></a>RFU6_IRQHandler</STRONG> (Thumb, 0 bytes, Stack size 0 bytes, startup_hc32f40_41xxx.o(.text))
<BR>[Address Reference Count : 1]<UL><LI> startup_hc32f40_41xxx.o(RESET)
</UL>
<P><STRONG><a name="[4a]"></a>RFU7_IRQHandler</STRONG> (Thumb, 0 bytes, Stack size 0 bytes, startup_hc32f40_41xxx.o(.text))
<BR>[Address Reference Count : 1]<UL><LI> startup_hc32f40_41xxx.o(RESET)
</UL>
<P><STRONG><a name="[4b]"></a>RFU8_IRQHandler</STRONG> (Thumb, 0 bytes, Stack size 0 bytes, startup_hc32f40_41xxx.o(.text))
<BR>[Address Reference Count : 1]<UL><LI> startup_hc32f40_41xxx.o(RESET)
</UL>
<P><STRONG><a name="[4c]"></a>RFU9_IRQHandler</STRONG> (Thumb, 0 bytes, Stack size 0 bytes, startup_hc32f40_41xxx.o(.text))
<BR>[Address Reference Count : 1]<UL><LI> startup_hc32f40_41xxx.o(RESET)
</UL>
<P><STRONG><a name="[33]"></a>RTC_Alarm_IRQHandler</STRONG> (Thumb, 0 bytes, Stack size 0 bytes, startup_hc32f40_41xxx.o(.text))
<BR>[Address Reference Count : 1]<UL><LI> startup_hc32f40_41xxx.o(RESET)
</UL>
<P><STRONG><a name="[d]"></a>RTC_WKUP_IRQHandler</STRONG> (Thumb, 0 bytes, Stack size 0 bytes, startup_hc32f40_41xxx.o(.text))
<BR>[Address Reference Count : 1]<UL><LI> startup_hc32f40_41xxx.o(RESET)
</UL>
<P><STRONG><a name="[3b]"></a>SDIO_IRQHandler</STRONG> (Thumb, 0 bytes, Stack size 0 bytes, startup_hc32f40_41xxx.o(.text))
<BR>[Address Reference Count : 1]<UL><LI> startup_hc32f40_41xxx.o(RESET)
</UL>
<P><STRONG><a name="[2d]"></a>SPI1_IRQHandler</STRONG> (Thumb, 0 bytes, Stack size 0 bytes, startup_hc32f40_41xxx.o(.text))
<BR>[Address Reference Count : 1]<UL><LI> startup_hc32f40_41xxx.o(RESET)
</UL>
<P><STRONG><a name="[2e]"></a>SPI2_IRQHandler</STRONG> (Thumb, 0 bytes, Stack size 0 bytes, startup_hc32f40_41xxx.o(.text))
<BR>[Address Reference Count : 1]<UL><LI> startup_hc32f40_41xxx.o(RESET)
</UL>
<P><STRONG><a name="[3d]"></a>SPI3_IRQHandler</STRONG> (Thumb, 0 bytes, Stack size 0 bytes, startup_hc32f40_41xxx.o(.text))
<BR>[Address Reference Count : 1]<UL><LI> startup_hc32f40_41xxx.o(RESET)
</UL>
<P><STRONG><a name="[c]"></a>TAMP_STAMP_IRQHandler</STRONG> (Thumb, 0 bytes, Stack size 0 bytes, startup_hc32f40_41xxx.o(.text))
<BR>[Address Reference Count : 1]<UL><LI> startup_hc32f40_41xxx.o(RESET)
</UL>
<P><STRONG><a name="[43]"></a>TIM10_IRQHandler</STRONG> (Thumb, 0 bytes, Stack size 0 bytes, startup_hc32f40_41xxx.o(.text))
<BR>[Address Reference Count : 1]<UL><LI> startup_hc32f40_41xxx.o(RESET)
</UL>
<P><STRONG><a name="[22]"></a>TIM1_BRK_IRQHandler</STRONG> (Thumb, 0 bytes, Stack size 0 bytes, startup_hc32f40_41xxx.o(.text))
<BR>[Address Reference Count : 1]<UL><LI> startup_hc32f40_41xxx.o(RESET)
</UL>
<P><STRONG><a name="[25]"></a>TIM1_CC_IRQHandler</STRONG> (Thumb, 0 bytes, Stack size 0 bytes, startup_hc32f40_41xxx.o(.text))
<BR>[Address Reference Count : 1]<UL><LI> startup_hc32f40_41xxx.o(RESET)
</UL>
<P><STRONG><a name="[24]"></a>TIM1_TRG_COM_IRQHandler</STRONG> (Thumb, 0 bytes, Stack size 0 bytes, startup_hc32f40_41xxx.o(.text))
<BR>[Address Reference Count : 1]<UL><LI> startup_hc32f40_41xxx.o(RESET)
</UL>
<P><STRONG><a name="[23]"></a>TIM1_UP_IRQHandler</STRONG> (Thumb, 0 bytes, Stack size 0 bytes, startup_hc32f40_41xxx.o(.text))
<BR>[Address Reference Count : 1]<UL><LI> startup_hc32f40_41xxx.o(RESET)
</UL>
<P><STRONG><a name="[26]"></a>TIM2_IRQHandler</STRONG> (Thumb, 0 bytes, Stack size 0 bytes, startup_hc32f40_41xxx.o(.text))
<BR>[Address Reference Count : 1]<UL><LI> startup_hc32f40_41xxx.o(RESET)
</UL>
<P><STRONG><a name="[27]"></a>TIM3_IRQHandler</STRONG> (Thumb, 0 bytes, Stack size 0 bytes, startup_hc32f40_41xxx.o(.text))
<BR>[Address Reference Count : 1]<UL><LI> startup_hc32f40_41xxx.o(RESET)
</UL>
<P><STRONG><a name="[28]"></a>TIM4_IRQHandler</STRONG> (Thumb, 0 bytes, Stack size 0 bytes, startup_hc32f40_41xxx.o(.text))
<BR>[Address Reference Count : 1]<UL><LI> startup_hc32f40_41xxx.o(RESET)
</UL>
<P><STRONG><a name="[3c]"></a>TIM5_IRQHandler</STRONG> (Thumb, 0 bytes, Stack size 0 bytes, startup_hc32f40_41xxx.o(.text))
<BR>[Address Reference Count : 1]<UL><LI> startup_hc32f40_41xxx.o(RESET)
</UL>
<P><STRONG><a name="[40]"></a>TIM6_IRQHandler</STRONG> (Thumb, 0 bytes, Stack size 0 bytes, startup_hc32f40_41xxx.o(.text))
<BR>[Address Reference Count : 1]<UL><LI> startup_hc32f40_41xxx.o(RESET)
</UL>
<P><STRONG><a name="[41]"></a>TIM7_IRQHandler</STRONG> (Thumb, 0 bytes, Stack size 0 bytes, startup_hc32f40_41xxx.o(.text))
<BR>[Address Reference Count : 1]<UL><LI> startup_hc32f40_41xxx.o(RESET)
</UL>
<P><STRONG><a name="[35]"></a>TIM8_BRK_IRQHandler</STRONG> (Thumb, 0 bytes, Stack size 0 bytes, startup_hc32f40_41xxx.o(.text))
<BR>[Address Reference Count : 1]<UL><LI> startup_hc32f40_41xxx.o(RESET)
</UL>
<P><STRONG><a name="[38]"></a>TIM8_CC_IRQHandler</STRONG> (Thumb, 0 bytes, Stack size 0 bytes, startup_hc32f40_41xxx.o(.text))
<BR>[Address Reference Count : 1]<UL><LI> startup_hc32f40_41xxx.o(RESET)
</UL>
<P><STRONG><a name="[37]"></a>TIM8_TRG_COM_IRQHandler</STRONG> (Thumb, 0 bytes, Stack size 0 bytes, startup_hc32f40_41xxx.o(.text))
<BR>[Address Reference Count : 1]<UL><LI> startup_hc32f40_41xxx.o(RESET)
</UL>
<P><STRONG><a name="[36]"></a>TIM8_UP_IRQHandler</STRONG> (Thumb, 0 bytes, Stack size 0 bytes, startup_hc32f40_41xxx.o(.text))
<BR>[Address Reference Count : 1]<UL><LI> startup_hc32f40_41xxx.o(RESET)
</UL>
<P><STRONG><a name="[42]"></a>TIM9_IRQHandler</STRONG> (Thumb, 0 bytes, Stack size 0 bytes, startup_hc32f40_41xxx.o(.text))
<BR>[Address Reference Count : 1]<UL><LI> startup_hc32f40_41xxx.o(RESET)
</UL>
<P><STRONG><a name="[3e]"></a>UART4_IRQHandler</STRONG> (Thumb, 0 bytes, Stack size 0 bytes, startup_hc32f40_41xxx.o(.text))
<BR>[Address Reference Count : 1]<UL><LI> startup_hc32f40_41xxx.o(RESET)
</UL>
<P><STRONG><a name="[3f]"></a>UART5_IRQHandler</STRONG> (Thumb, 0 bytes, Stack size 0 bytes, startup_hc32f40_41xxx.o(.text))
<BR>[Address Reference Count : 1]<UL><LI> startup_hc32f40_41xxx.o(RESET)
</UL>
<P><STRONG><a name="[2f]"></a>USART1_IRQHandler</STRONG> (Thumb, 0 bytes, Stack size 0 bytes, startup_hc32f40_41xxx.o(.text))
<BR>[Address Reference Count : 1]<UL><LI> startup_hc32f40_41xxx.o(RESET)
</UL>
<P><STRONG><a name="[30]"></a>USART2_IRQHandler</STRONG> (Thumb, 0 bytes, Stack size 0 bytes, startup_hc32f40_41xxx.o(.text))
<BR>[Address Reference Count : 1]<UL><LI> startup_hc32f40_41xxx.o(RESET)
</UL>
<P><STRONG><a name="[31]"></a>USART3_IRQHandler</STRONG> (Thumb, 0 bytes, Stack size 0 bytes, startup_hc32f40_41xxx.o(.text))
<BR>[Address Reference Count : 1]<UL><LI> startup_hc32f40_41xxx.o(RESET)
</UL>
<P><STRONG><a name="[34]"></a>USBWakeUp_IRQHandler</STRONG> (Thumb, 0 bytes, Stack size 0 bytes, startup_hc32f40_41xxx.o(.text))
<BR>[Address Reference Count : 1]<UL><LI> startup_hc32f40_41xxx.o(RESET)
</UL>
<P><STRONG><a name="[4e]"></a>USB_HP_IRQHandler</STRONG> (Thumb, 0 bytes, Stack size 0 bytes, startup_hc32f40_41xxx.o(.text))
<BR>[Address Reference Count : 1]<UL><LI> startup_hc32f40_41xxx.o(RESET)
</UL>
<P><STRONG><a name="[4d]"></a>USB_LP_IRQHandler</STRONG> (Thumb, 0 bytes, Stack size 0 bytes, startup_hc32f40_41xxx.o(.text))
<BR>[Address Reference Count : 1]<UL><LI> startup_hc32f40_41xxx.o(RESET)
</UL>
<P><STRONG><a name="[45]"></a>VC0_IRQHandler</STRONG> (Thumb, 0 bytes, Stack size 0 bytes, startup_hc32f40_41xxx.o(.text))
<BR>[Address Reference Count : 1]<UL><LI> startup_hc32f40_41xxx.o(RESET)
</UL>
<P><STRONG><a name="[46]"></a>VC1_IRQHandler</STRONG> (Thumb, 0 bytes, Stack size 0 bytes, startup_hc32f40_41xxx.o(.text))
<BR>[Address Reference Count : 1]<UL><LI> startup_hc32f40_41xxx.o(RESET)
</UL>
<P><STRONG><a name="[47]"></a>VC2_IRQHandler</STRONG> (Thumb, 0 bytes, Stack size 0 bytes, startup_hc32f40_41xxx.o(.text))
<BR>[Address Reference Count : 1]<UL><LI> startup_hc32f40_41xxx.o(RESET)
</UL>
<P><STRONG><a name="[48]"></a>VC_Wakeup_IRQHandler</STRONG> (Thumb, 0 bytes, Stack size 0 bytes, startup_hc32f40_41xxx.o(.text))
<BR>[Address Reference Count : 1]<UL><LI> startup_hc32f40_41xxx.o(RESET)
</UL>
<P><STRONG><a name="[a]"></a>WWDG_IRQHandler</STRONG> (Thumb, 0 bytes, Stack size 0 bytes, startup_hc32f40_41xxx.o(.text))
<BR>[Address Reference Count : 1]<UL><LI> startup_hc32f40_41xxx.o(RESET)
</UL>
<P><STRONG><a name="[60]"></a>__scatterload</STRONG> (Thumb, 28 bytes, Stack size 0 bytes, init.o(.text))
<BR><BR>[Calls]<UL><LI><a href="#[61]">&gt;&gt;</a>&nbsp;&nbsp;&nbsp;__main_after_scatterload
</UL>
<BR>[Called By]<UL><LI><a href="#[5f]">&gt;&gt;</a>&nbsp;&nbsp;&nbsp;_main_scatterload
</UL>

<P><STRONG><a name="[6b]"></a>__scatterload_rt2</STRONG> (Thumb, 0 bytes, Stack size 0 bytes, init.o(.text), UNUSED)

<P><STRONG><a name="[4]"></a>BusFault_Handler</STRONG> (Thumb, 4 bytes, Stack size 0 bytes, hc32f4xx_it.o(i.BusFault_Handler))
<BR>[Address Reference Count : 1]<UL><LI> startup_hc32f40_41xxx.o(RESET)
</UL>
<P><STRONG><a name="[7]"></a>DebugMon_Handler</STRONG> (Thumb, 2 bytes, Stack size 0 bytes, hc32f4xx_it.o(i.DebugMon_Handler))
<BR>[Address Reference Count : 1]<UL><LI> startup_hc32f40_41xxx.o(RESET)
</UL>
<P><STRONG><a name="[62]"></a>Delay</STRONG> (Thumb, 18 bytes, Stack size 8 bytes, main.o(i.Delay))
<BR><BR>[Stack]<UL><LI>Max Depth = 8<LI>Call Chain = Delay
</UL>
<BR>[Called By]<UL><LI><a href="#[5c]">&gt;&gt;</a>&nbsp;&nbsp;&nbsp;main
</UL>

<P><STRONG><a name="[2]"></a>HardFault_Handler</STRONG> (Thumb, 4 bytes, Stack size 0 bytes, hc32f4xx_it.o(i.HardFault_Handler))
<BR>[Address Reference Count : 1]<UL><LI> startup_hc32f40_41xxx.o(RESET)
</UL>
<P><STRONG><a name="[3]"></a>MemManage_Handler</STRONG> (Thumb, 4 bytes, Stack size 0 bytes, hc32f4xx_it.o(i.MemManage_Handler))
<BR>[Address Reference Count : 1]<UL><LI> startup_hc32f40_41xxx.o(RESET)
</UL>
<P><STRONG><a name="[1]"></a>NMI_Handler</STRONG> (Thumb, 2 bytes, Stack size 0 bytes, hc32f4xx_it.o(i.NMI_Handler))
<BR>[Address Reference Count : 1]<UL><LI> startup_hc32f40_41xxx.o(RESET)
</UL>
<P><STRONG><a name="[63]"></a>PWR_EnterSTOPMode</STRONG> (Thumb, 58 bytes, Stack size 8 bytes, hc32f4xx_pwr.o(i.PWR_EnterSTOPMode))
<BR><BR>[Stack]<UL><LI>Max Depth = 8<LI>Call Chain = PWR_EnterSTOPMode
</UL>
<BR>[Called By]<UL><LI><a href="#[5c]">&gt;&gt;</a>&nbsp;&nbsp;&nbsp;main
</UL>

<P><STRONG><a name="[8]"></a>PendSV_Handler</STRONG> (Thumb, 2 bytes, Stack size 0 bytes, hc32f4xx_it.o(i.PendSV_Handler))
<BR>[Address Reference Count : 1]<UL><LI> startup_hc32f40_41xxx.o(RESET)
</UL>
<P><STRONG><a name="[6]"></a>SVC_Handler</STRONG> (Thumb, 2 bytes, Stack size 0 bytes, hc32f4xx_it.o(i.SVC_Handler))
<BR>[Address Reference Count : 1]<UL><LI> startup_hc32f40_41xxx.o(RESET)
</UL>
<P><STRONG><a name="[9]"></a>SysTick_Handler</STRONG> (Thumb, 2 bytes, Stack size 0 bytes, hc32f4xx_it.o(i.SysTick_Handler))
<BR>[Address Reference Count : 1]<UL><LI> startup_hc32f40_41xxx.o(RESET)
</UL>
<P><STRONG><a name="[5d]"></a>SystemInit</STRONG> (Thumb, 2 bytes, Stack size 0 bytes, system_hc32f4xx.o(i.SystemInit))
<BR>[Address Reference Count : 1]<UL><LI> startup_hc32f40_41xxx.o(.text)
</UL>
<P><STRONG><a name="[5]"></a>UsageFault_Handler</STRONG> (Thumb, 4 bytes, Stack size 0 bytes, hc32f4xx_it.o(i.UsageFault_Handler))
<BR>[Address Reference Count : 1]<UL><LI> startup_hc32f40_41xxx.o(RESET)
</UL>
<P><STRONG><a name="[6c]"></a>__scatterload_copy</STRONG> (Thumb, 14 bytes, Stack size unknown bytes, handlers.o(i.__scatterload_copy), UNUSED)

<P><STRONG><a name="[6d]"></a>__scatterload_null</STRONG> (Thumb, 2 bytes, Stack size unknown bytes, handlers.o(i.__scatterload_null), UNUSED)

<P><STRONG><a name="[6e]"></a>__scatterload_zeroinit</STRONG> (Thumb, 14 bytes, Stack size unknown bytes, handlers.o(i.__scatterload_zeroinit), UNUSED)

<P><STRONG><a name="[5c]"></a>main</STRONG> (Thumb, 20 bytes, Stack size 0 bytes, main.o(i.main))
<BR><BR>[Stack]<UL><LI>Max Depth = 8<LI>Call Chain = main &rArr; PWR_EnterSTOPMode
</UL>
<BR>[Calls]<UL><LI><a href="#[63]">&gt;&gt;</a>&nbsp;&nbsp;&nbsp;PWR_EnterSTOPMode
<LI><a href="#[62]">&gt;&gt;</a>&nbsp;&nbsp;&nbsp;Delay
</UL>
<BR>[Address Reference Count : 1]<UL><LI> entry9a.o(.ARM.Collect$$$$0000000B)
</UL><P>
<H3>
Local Symbols
</H3><P>
<H3>
Undefined Global Symbols
</H3><HR></body></html>
