<!doctype html public "-//w3c//dtd html 4.0 transitional//en">
<html><head>
<title>Static Call Graph - [..\..\Output\Project.axf]</title></head>
<body><HR>
<H1>Static Call Graph for image ..\..\Output\Project.axf</H1><HR>
<BR><P>#&#060CALLGRAPH&#062# ARM Linker, 5060960: Last Updated: Fri Jun 12 14:11:48 2026
<BR><P>
<H3>Maximum Stack Usage =         88 bytes + Unknown(Cycles, Untraceable Function Pointers)</H3><H3>
Call chain for Maximum Stack Depth:</H3>
main &rArr; bsp_Init &rArr; bsp_InitUart &rArr; GPIO_Init
<P>
<H3>
Mutually Recursive functions
</H3> <LI><a href="#[1f]">CAN1_INT0_IRQHandler</a>&nbsp;&nbsp;&nbsp;&rArr;&nbsp;&nbsp;&nbsp;<a href="#[1f]">CAN1_INT0_IRQHandler</a><BR>
 <LI><a href="#[4]">BusFault_Handler</a>&nbsp;&nbsp;&nbsp;&rArr;&nbsp;&nbsp;&nbsp;<a href="#[4]">BusFault_Handler</a><BR>
 <LI><a href="#[2]">HardFault_Handler</a>&nbsp;&nbsp;&nbsp;&rArr;&nbsp;&nbsp;&nbsp;<a href="#[2]">HardFault_Handler</a><BR>
 <LI><a href="#[3]">MemManage_Handler</a>&nbsp;&nbsp;&nbsp;&rArr;&nbsp;&nbsp;&nbsp;<a href="#[3]">MemManage_Handler</a><BR>
 <LI><a href="#[5]">UsageFault_Handler</a>&nbsp;&nbsp;&nbsp;&rArr;&nbsp;&nbsp;&nbsp;<a href="#[5]">UsageFault_Handler</a><BR>
</UL>
<P>
<H3>
Function Pointers
</H3><UL>
 <LI><a href="#[1c]">ADC_IRQHandler</a> from bsp_adc.o(i.ADC_IRQHandler) referenced from startup_hc32f40_41xxx.o(RESET)
 <LI><a href="#[4]">BusFault_Handler</a> from hc32f4xx_it.o(i.BusFault_Handler) referenced from startup_hc32f40_41xxx.o(RESET)
 <LI><a href="#[1f]">CAN1_INT0_IRQHandler</a> from startup_hc32f40_41xxx.o(.text) referenced from startup_hc32f40_41xxx.o(RESET)
 <LI><a href="#[20]">CAN1_INT1_IRQHandler</a> from startup_hc32f40_41xxx.o(.text) referenced from startup_hc32f40_41xxx.o(RESET)
 <LI><a href="#[15]">DMA1_Stream0_IRQHandler</a> from startup_hc32f40_41xxx.o(.text) referenced from startup_hc32f40_41xxx.o(RESET)
 <LI><a href="#[16]">DMA1_Stream1_IRQHandler</a> from startup_hc32f40_41xxx.o(.text) referenced from startup_hc32f40_41xxx.o(RESET)
 <LI><a href="#[17]">DMA1_Stream2_IRQHandler</a> from startup_hc32f40_41xxx.o(.text) referenced from startup_hc32f40_41xxx.o(RESET)
 <LI><a href="#[18]">DMA1_Stream3_IRQHandler</a> from startup_hc32f40_41xxx.o(.text) referenced from startup_hc32f40_41xxx.o(RESET)
 <LI><a href="#[19]">DMA1_Stream4_IRQHandler</a> from startup_hc32f40_41xxx.o(.text) referenced from startup_hc32f40_41xxx.o(RESET)
 <LI><a href="#[1a]">DMA1_Stream5_IRQHandler</a> from startup_hc32f40_41xxx.o(.text) referenced from startup_hc32f40_41xxx.o(RESET)
 <LI><a href="#[1b]">DMA1_Stream6_IRQHandler</a> from startup_hc32f40_41xxx.o(.text) referenced from startup_hc32f40_41xxx.o(RESET)
 <LI><a href="#[39]">DMA1_Stream7_IRQHandler</a> from startup_hc32f40_41xxx.o(.text) referenced from startup_hc32f40_41xxx.o(RESET)
 <LI><a href="#[7]">DebugMon_Handler</a> from hc32f4xx_it.o(i.DebugMon_Handler) referenced from startup_hc32f40_41xxx.o(RESET)
 <LI><a href="#[10]">EXTI0_IRQHandler</a> from startup_hc32f40_41xxx.o(.text) referenced from startup_hc32f40_41xxx.o(RESET)
 <LI><a href="#[32]">EXTI15_10_IRQHandler</a> from startup_hc32f40_41xxx.o(.text) referenced from startup_hc32f40_41xxx.o(RESET)
 <LI><a href="#[11]">EXTI1_IRQHandler</a> from bsp_exti.o(i.EXTI1_IRQHandler) referenced from startup_hc32f40_41xxx.o(RESET)
 <LI><a href="#[12]">EXTI2_IRQHandler</a> from startup_hc32f40_41xxx.o(.text) referenced from startup_hc32f40_41xxx.o(RESET)
 <LI><a href="#[13]">EXTI3_IRQHandler</a> from startup_hc32f40_41xxx.o(.text) referenced from startup_hc32f40_41xxx.o(RESET)
 <LI><a href="#[14]">EXTI4_IRQHandler</a> from startup_hc32f40_41xxx.o(.text) referenced from startup_hc32f40_41xxx.o(RESET)
 <LI><a href="#[21]">EXTI9_5_IRQHandler</a> from startup_hc32f40_41xxx.o(.text) referenced from startup_hc32f40_41xxx.o(RESET)
 <LI><a href="#[e]">FLASH_IRQHandler</a> from startup_hc32f40_41xxx.o(.text) referenced from startup_hc32f40_41xxx.o(RESET)
 <LI><a href="#[5b]">FPU_IRQHandler</a> from startup_hc32f40_41xxx.o(.text) referenced from startup_hc32f40_41xxx.o(RESET)
 <LI><a href="#[3a]">FSMC_IRQHandler</a> from startup_hc32f40_41xxx.o(.text) referenced from startup_hc32f40_41xxx.o(RESET)
 <LI><a href="#[2]">HardFault_Handler</a> from hc32f4xx_it.o(i.HardFault_Handler) referenced from startup_hc32f40_41xxx.o(RESET)
 <LI><a href="#[29]">I2C1_EV_IRQHandler</a> from startup_hc32f40_41xxx.o(.text) referenced from startup_hc32f40_41xxx.o(RESET)
 <LI><a href="#[2b]">I2C2_EV_IRQHandler</a> from startup_hc32f40_41xxx.o(.text) referenced from startup_hc32f40_41xxx.o(RESET)
 <LI><a href="#[5a]">MOU_IRQHandler</a> from startup_hc32f40_41xxx.o(.text) referenced from startup_hc32f40_41xxx.o(RESET)
 <LI><a href="#[3]">MemManage_Handler</a> from hc32f4xx_it.o(i.MemManage_Handler) referenced from startup_hc32f40_41xxx.o(RESET)
 <LI><a href="#[1]">NMI_Handler</a> from hc32f4xx_it.o(i.NMI_Handler) referenced from startup_hc32f40_41xxx.o(RESET)
 <LI><a href="#[b]">PVD_IRQHandler</a> from startup_hc32f40_41xxx.o(.text) referenced from startup_hc32f40_41xxx.o(RESET)
 <LI><a href="#[8]">PendSV_Handler</a> from hc32f4xx_it.o(i.PendSV_Handler) referenced from startup_hc32f40_41xxx.o(RESET)
 <LI><a href="#[f]">RCC_IRQHandler</a> from startup_hc32f40_41xxx.o(.text) referenced from startup_hc32f40_41xxx.o(RESET)
 <LI><a href="#[4f]">RFU10_IRQHandler</a> from startup_hc32f40_41xxx.o(.text) referenced from startup_hc32f40_41xxx.o(RESET)
 <LI><a href="#[50]">RFU11_IRQHandler</a> from startup_hc32f40_41xxx.o(.text) referenced from startup_hc32f40_41xxx.o(RESET)
 <LI><a href="#[51]">RFU12_IRQHandler</a> from startup_hc32f40_41xxx.o(.text) referenced from startup_hc32f40_41xxx.o(RESET)
 <LI><a href="#[52]">RFU13_IRQHandler</a> from startup_hc32f40_41xxx.o(.text) referenced from startup_hc32f40_41xxx.o(RESET)
 <LI><a href="#[53]">RFU14_IRQHandler</a> from startup_hc32f40_41xxx.o(.text) referenced from startup_hc32f40_41xxx.o(RESET)
 <LI><a href="#[54]">RFU15_IRQHandler</a> from startup_hc32f40_41xxx.o(.text) referenced from startup_hc32f40_41xxx.o(RESET)
 <LI><a href="#[55]">RFU16_IRQHandler</a> from startup_hc32f40_41xxx.o(.text) referenced from startup_hc32f40_41xxx.o(RESET)
 <LI><a href="#[56]">RFU17_IRQHandler</a> from startup_hc32f40_41xxx.o(.text) referenced from startup_hc32f40_41xxx.o(RESET)
 <LI><a href="#[57]">RFU18_IRQHandler</a> from startup_hc32f40_41xxx.o(.text) referenced from startup_hc32f40_41xxx.o(RESET)
 <LI><a href="#[58]">RFU19_IRQHandler</a> from startup_hc32f40_41xxx.o(.text) referenced from startup_hc32f40_41xxx.o(RESET)
 <LI><a href="#[1d]">RFU1_IRQHandler</a> from startup_hc32f40_41xxx.o(.text) referenced from startup_hc32f40_41xxx.o(RESET)
 <LI><a href="#[59]">RFU20_IRQHandler</a> from startup_hc32f40_41xxx.o(.text) referenced from startup_hc32f40_41xxx.o(RESET)
 <LI><a href="#[1e]">RFU2_IRQHandler</a> from startup_hc32f40_41xxx.o(.text) referenced from startup_hc32f40_41xxx.o(RESET)
 <LI><a href="#[2a]">RFU3_IRQHandler</a> from startup_hc32f40_41xxx.o(.text) referenced from startup_hc32f40_41xxx.o(RESET)
 <LI><a href="#[2c]">RFU4_IRQHandler</a> from startup_hc32f40_41xxx.o(.text) referenced from startup_hc32f40_41xxx.o(RESET)
 <LI><a href="#[44]">RFU5_IRQHandler</a> from startup_hc32f40_41xxx.o(.text) referenced from startup_hc32f40_41xxx.o(RESET)
 <LI><a href="#[49]">RFU6_IRQHandler</a> from startup_hc32f40_41xxx.o(.text) referenced from startup_hc32f40_41xxx.o(RESET)
 <LI><a href="#[4a]">RFU7_IRQHandler</a> from startup_hc32f40_41xxx.o(.text) referenced from startup_hc32f40_41xxx.o(RESET)
 <LI><a href="#[4b]">RFU8_IRQHandler</a> from startup_hc32f40_41xxx.o(.text) referenced from startup_hc32f40_41xxx.o(RESET)
 <LI><a href="#[4c]">RFU9_IRQHandler</a> from startup_hc32f40_41xxx.o(.text) referenced from startup_hc32f40_41xxx.o(RESET)
 <LI><a href="#[33]">RTC_Alarm_IRQHandler</a> from startup_hc32f40_41xxx.o(.text) referenced from startup_hc32f40_41xxx.o(RESET)
 <LI><a href="#[d]">RTC_WKUP_IRQHandler</a> from startup_hc32f40_41xxx.o(.text) referenced from startup_hc32f40_41xxx.o(RESET)
 <LI><a href="#[0]">Reset_Handler</a> from startup_hc32f40_41xxx.o(.text) referenced from startup_hc32f40_41xxx.o(RESET)
 <LI><a href="#[3b]">SDIO_IRQHandler</a> from startup_hc32f40_41xxx.o(.text) referenced from startup_hc32f40_41xxx.o(RESET)
 <LI><a href="#[2d]">SPI1_IRQHandler</a> from startup_hc32f40_41xxx.o(.text) referenced from startup_hc32f40_41xxx.o(RESET)
 <LI><a href="#[2e]">SPI2_IRQHandler</a> from startup_hc32f40_41xxx.o(.text) referenced from startup_hc32f40_41xxx.o(RESET)
 <LI><a href="#[3d]">SPI3_IRQHandler</a> from startup_hc32f40_41xxx.o(.text) referenced from startup_hc32f40_41xxx.o(RESET)
 <LI><a href="#[6]">SVC_Handler</a> from hc32f4xx_it.o(i.SVC_Handler) referenced from startup_hc32f40_41xxx.o(RESET)
 <LI><a href="#[9]">SysTick_Handler</a> from hc32f4xx_it.o(i.SysTick_Handler) referenced from startup_hc32f40_41xxx.o(RESET)
 <LI><a href="#[5d]">SystemInit</a> from system_hc32f4xx.o(i.SystemInit) referenced from startup_hc32f40_41xxx.o(.text)
 <LI><a href="#[c]">TAMP_STAMP_IRQHandler</a> from startup_hc32f40_41xxx.o(.text) referenced from startup_hc32f40_41xxx.o(RESET)
 <LI><a href="#[43]">TIM10_IRQHandler</a> from startup_hc32f40_41xxx.o(.text) referenced from startup_hc32f40_41xxx.o(RESET)
 <LI><a href="#[22]">TIM1_BRK_IRQHandler</a> from startup_hc32f40_41xxx.o(.text) referenced from startup_hc32f40_41xxx.o(RESET)
 <LI><a href="#[25]">TIM1_CC_IRQHandler</a> from startup_hc32f40_41xxx.o(.text) referenced from startup_hc32f40_41xxx.o(RESET)
 <LI><a href="#[24]">TIM1_TRG_COM_IRQHandler</a> from startup_hc32f40_41xxx.o(.text) referenced from startup_hc32f40_41xxx.o(RESET)
 <LI><a href="#[23]">TIM1_UP_IRQHandler</a> from startup_hc32f40_41xxx.o(.text) referenced from startup_hc32f40_41xxx.o(RESET)
 <LI><a href="#[26]">TIM2_IRQHandler</a> from bsp_timer.o(i.TIM2_IRQHandler) referenced from startup_hc32f40_41xxx.o(RESET)
 <LI><a href="#[27]">TIM3_IRQHandler</a> from startup_hc32f40_41xxx.o(.text) referenced from startup_hc32f40_41xxx.o(RESET)
 <LI><a href="#[28]">TIM4_IRQHandler</a> from startup_hc32f40_41xxx.o(.text) referenced from startup_hc32f40_41xxx.o(RESET)
 <LI><a href="#[3c]">TIM5_IRQHandler</a> from startup_hc32f40_41xxx.o(.text) referenced from startup_hc32f40_41xxx.o(RESET)
 <LI><a href="#[40]">TIM6_IRQHandler</a> from startup_hc32f40_41xxx.o(.text) referenced from startup_hc32f40_41xxx.o(RESET)
 <LI><a href="#[41]">TIM7_IRQHandler</a> from startup_hc32f40_41xxx.o(.text) referenced from startup_hc32f40_41xxx.o(RESET)
 <LI><a href="#[35]">TIM8_BRK_IRQHandler</a> from startup_hc32f40_41xxx.o(.text) referenced from startup_hc32f40_41xxx.o(RESET)
 <LI><a href="#[38]">TIM8_CC_IRQHandler</a> from startup_hc32f40_41xxx.o(.text) referenced from startup_hc32f40_41xxx.o(RESET)
 <LI><a href="#[37]">TIM8_TRG_COM_IRQHandler</a> from startup_hc32f40_41xxx.o(.text) referenced from startup_hc32f40_41xxx.o(RESET)
 <LI><a href="#[36]">TIM8_UP_IRQHandler</a> from startup_hc32f40_41xxx.o(.text) referenced from startup_hc32f40_41xxx.o(RESET)
 <LI><a href="#[42]">TIM9_IRQHandler</a> from startup_hc32f40_41xxx.o(.text) referenced from startup_hc32f40_41xxx.o(RESET)
 <LI><a href="#[3e]">UART4_IRQHandler</a> from startup_hc32f40_41xxx.o(.text) referenced from startup_hc32f40_41xxx.o(RESET)
 <LI><a href="#[3f]">UART5_IRQHandler</a> from startup_hc32f40_41xxx.o(.text) referenced from startup_hc32f40_41xxx.o(RESET)
 <LI><a href="#[2f]">USART1_IRQHandler</a> from startup_hc32f40_41xxx.o(.text) referenced from startup_hc32f40_41xxx.o(RESET)
 <LI><a href="#[30]">USART2_IRQHandler</a> from startup_hc32f40_41xxx.o(.text) referenced from startup_hc32f40_41xxx.o(RESET)
 <LI><a href="#[31]">USART3_IRQHandler</a> from startup_hc32f40_41xxx.o(.text) referenced from startup_hc32f40_41xxx.o(RESET)
 <LI><a href="#[34]">USBWakeUp_IRQHandler</a> from startup_hc32f40_41xxx.o(.text) referenced from startup_hc32f40_41xxx.o(RESET)
 <LI><a href="#[4e]">USB_HP_IRQHandler</a> from startup_hc32f40_41xxx.o(.text) referenced from startup_hc32f40_41xxx.o(RESET)
 <LI><a href="#[4d]">USB_LP_IRQHandler</a> from startup_hc32f40_41xxx.o(.text) referenced from startup_hc32f40_41xxx.o(RESET)
 <LI><a href="#[5]">UsageFault_Handler</a> from hc32f4xx_it.o(i.UsageFault_Handler) referenced from startup_hc32f40_41xxx.o(RESET)
 <LI><a href="#[45]">VC0_IRQHandler</a> from startup_hc32f40_41xxx.o(.text) referenced from startup_hc32f40_41xxx.o(RESET)
 <LI><a href="#[46]">VC1_IRQHandler</a> from startup_hc32f40_41xxx.o(.text) referenced from startup_hc32f40_41xxx.o(RESET)
 <LI><a href="#[47]">VC2_IRQHandler</a> from startup_hc32f40_41xxx.o(.text) referenced from startup_hc32f40_41xxx.o(RESET)
 <LI><a href="#[48]">VC_Wakeup_IRQHandler</a> from startup_hc32f40_41xxx.o(.text) referenced from startup_hc32f40_41xxx.o(RESET)
 <LI><a href="#[a]">WWDG_IRQHandler</a> from startup_hc32f40_41xxx.o(.text) referenced from startup_hc32f40_41xxx.o(RESET)
 <LI><a href="#[5e]">__main</a> from entry.o(.ARM.Collect$$$$00000000) referenced from startup_hc32f40_41xxx.o(.text)
 <LI><a href="#[5f]">fputc</a> from bsp_printf.o(i.fputc) referenced from printf8.o(i.__0printf$8)
 <LI><a href="#[5c]">main</a> from main.o(i.main) referenced from entry9a.o(.ARM.Collect$$$$0000000B)
</UL>
<P>
<H3>
Global Symbols
</H3>
<P><STRONG><a name="[5e]"></a>__main</STRONG> (Thumb, 0 bytes, Stack size unknown bytes, entry.o(.ARM.Collect$$$$00000000))
<BR>[Address Reference Count : 1]<UL><LI> startup_hc32f40_41xxx.o(.text)
</UL>
<P><STRONG><a name="[96]"></a>_main_stk</STRONG> (Thumb, 0 bytes, Stack size unknown bytes, entry2.o(.ARM.Collect$$$$00000001))

<P><STRONG><a name="[60]"></a>_main_scatterload</STRONG> (Thumb, 0 bytes, Stack size unknown bytes, entry5.o(.ARM.Collect$$$$00000004))
<BR><BR>[Calls]<UL><LI><a href="#[61]">&gt;&gt;</a>&nbsp;&nbsp;&nbsp;__scatterload
</UL>

<P><STRONG><a name="[65]"></a>__main_after_scatterload</STRONG> (Thumb, 0 bytes, Stack size unknown bytes, entry5.o(.ARM.Collect$$$$00000004))
<BR><BR>[Called By]<UL><LI><a href="#[61]">&gt;&gt;</a>&nbsp;&nbsp;&nbsp;__scatterload
</UL>

<P><STRONG><a name="[97]"></a>_main_clock</STRONG> (Thumb, 0 bytes, Stack size unknown bytes, entry7b.o(.ARM.Collect$$$$00000008))

<P><STRONG><a name="[98]"></a>_main_cpp_init</STRONG> (Thumb, 0 bytes, Stack size unknown bytes, entry8b.o(.ARM.Collect$$$$0000000A))

<P><STRONG><a name="[99]"></a>_main_init</STRONG> (Thumb, 0 bytes, Stack size unknown bytes, entry9a.o(.ARM.Collect$$$$0000000B))

<P><STRONG><a name="[9a]"></a>__rt_lib_shutdown_fini</STRONG> (Thumb, 0 bytes, Stack size unknown bytes, entry12b.o(.ARM.Collect$$$$0000000E))

<P><STRONG><a name="[9b]"></a>__rt_final_cpp</STRONG> (Thumb, 0 bytes, Stack size unknown bytes, entry10a.o(.ARM.Collect$$$$0000000F))

<P><STRONG><a name="[9c]"></a>__rt_final_exit</STRONG> (Thumb, 0 bytes, Stack size unknown bytes, entry11a.o(.ARM.Collect$$$$00000011))

<P><STRONG><a name="[0]"></a>Reset_Handler</STRONG> (Thumb, 8 bytes, Stack size 0 bytes, startup_hc32f40_41xxx.o(.text))
<BR>[Address Reference Count : 1]<UL><LI> startup_hc32f40_41xxx.o(RESET)
</UL>
<P><STRONG><a name="[1f]"></a>CAN1_INT0_IRQHandler</STRONG> (Thumb, 0 bytes, Stack size 0 bytes, startup_hc32f40_41xxx.o(.text))
<BR><BR>[Calls]<UL><LI><a href="#[1f]">&gt;&gt;</a>&nbsp;&nbsp;&nbsp;CAN1_INT0_IRQHandler
</UL>
<BR>[Called By]<UL><LI><a href="#[1f]">&gt;&gt;</a>&nbsp;&nbsp;&nbsp;CAN1_INT0_IRQHandler
</UL>
<BR>[Address Reference Count : 1]<UL><LI> startup_hc32f40_41xxx.o(RESET)
</UL>
<P><STRONG><a name="[20]"></a>CAN1_INT1_IRQHandler</STRONG> (Thumb, 0 bytes, Stack size 0 bytes, startup_hc32f40_41xxx.o(.text))
<BR>[Address Reference Count : 1]<UL><LI> startup_hc32f40_41xxx.o(RESET)
</UL>
<P><STRONG><a name="[15]"></a>DMA1_Stream0_IRQHandler</STRONG> (Thumb, 0 bytes, Stack size 0 bytes, startup_hc32f40_41xxx.o(.text))
<BR>[Address Reference Count : 1]<UL><LI> startup_hc32f40_41xxx.o(RESET)
</UL>
<P><STRONG><a name="[16]"></a>DMA1_Stream1_IRQHandler</STRONG> (Thumb, 0 bytes, Stack size 0 bytes, startup_hc32f40_41xxx.o(.text))
<BR>[Address Reference Count : 1]<UL><LI> startup_hc32f40_41xxx.o(RESET)
</UL>
<P><STRONG><a name="[17]"></a>DMA1_Stream2_IRQHandler</STRONG> (Thumb, 0 bytes, Stack size 0 bytes, startup_hc32f40_41xxx.o(.text))
<BR>[Address Reference Count : 1]<UL><LI> startup_hc32f40_41xxx.o(RESET)
</UL>
<P><STRONG><a name="[18]"></a>DMA1_Stream3_IRQHandler</STRONG> (Thumb, 0 bytes, Stack size 0 bytes, startup_hc32f40_41xxx.o(.text))
<BR>[Address Reference Count : 1]<UL><LI> startup_hc32f40_41xxx.o(RESET)
</UL>
<P><STRONG><a name="[19]"></a>DMA1_Stream4_IRQHandler</STRONG> (Thumb, 0 bytes, Stack size 0 bytes, startup_hc32f40_41xxx.o(.text))
<BR>[Address Reference Count : 1]<UL><LI> startup_hc32f40_41xxx.o(RESET)
</UL>
<P><STRONG><a name="[1a]"></a>DMA1_Stream5_IRQHandler</STRONG> (Thumb, 0 bytes, Stack size 0 bytes, startup_hc32f40_41xxx.o(.text))
<BR>[Address Reference Count : 1]<UL><LI> startup_hc32f40_41xxx.o(RESET)
</UL>
<P><STRONG><a name="[1b]"></a>DMA1_Stream6_IRQHandler</STRONG> (Thumb, 0 bytes, Stack size 0 bytes, startup_hc32f40_41xxx.o(.text))
<BR>[Address Reference Count : 1]<UL><LI> startup_hc32f40_41xxx.o(RESET)
</UL>
<P><STRONG><a name="[39]"></a>DMA1_Stream7_IRQHandler</STRONG> (Thumb, 0 bytes, Stack size 0 bytes, startup_hc32f40_41xxx.o(.text))
<BR>[Address Reference Count : 1]<UL><LI> startup_hc32f40_41xxx.o(RESET)
</UL>
<P><STRONG><a name="[10]"></a>EXTI0_IRQHandler</STRONG> (Thumb, 0 bytes, Stack size 0 bytes, startup_hc32f40_41xxx.o(.text))
<BR>[Address Reference Count : 1]<UL><LI> startup_hc32f40_41xxx.o(RESET)
</UL>
<P><STRONG><a name="[32]"></a>EXTI15_10_IRQHandler</STRONG> (Thumb, 0 bytes, Stack size 0 bytes, startup_hc32f40_41xxx.o(.text))
<BR>[Address Reference Count : 1]<UL><LI> startup_hc32f40_41xxx.o(RESET)
</UL>
<P><STRONG><a name="[12]"></a>EXTI2_IRQHandler</STRONG> (Thumb, 0 bytes, Stack size 0 bytes, startup_hc32f40_41xxx.o(.text))
<BR>[Address Reference Count : 1]<UL><LI> startup_hc32f40_41xxx.o(RESET)
</UL>
<P><STRONG><a name="[13]"></a>EXTI3_IRQHandler</STRONG> (Thumb, 0 bytes, Stack size 0 bytes, startup_hc32f40_41xxx.o(.text))
<BR>[Address Reference Count : 1]<UL><LI> startup_hc32f40_41xxx.o(RESET)
</UL>
<P><STRONG><a name="[14]"></a>EXTI4_IRQHandler</STRONG> (Thumb, 0 bytes, Stack size 0 bytes, startup_hc32f40_41xxx.o(.text))
<BR>[Address Reference Count : 1]<UL><LI> startup_hc32f40_41xxx.o(RESET)
</UL>
<P><STRONG><a name="[21]"></a>EXTI9_5_IRQHandler</STRONG> (Thumb, 0 bytes, Stack size 0 bytes, startup_hc32f40_41xxx.o(.text))
<BR>[Address Reference Count : 1]<UL><LI> startup_hc32f40_41xxx.o(RESET)
</UL>
<P><STRONG><a name="[e]"></a>FLASH_IRQHandler</STRONG> (Thumb, 0 bytes, Stack size 0 bytes, startup_hc32f40_41xxx.o(.text))
<BR>[Address Reference Count : 1]<UL><LI> startup_hc32f40_41xxx.o(RESET)
</UL>
<P><STRONG><a name="[5b]"></a>FPU_IRQHandler</STRONG> (Thumb, 0 bytes, Stack size 0 bytes, startup_hc32f40_41xxx.o(.text))
<BR>[Address Reference Count : 1]<UL><LI> startup_hc32f40_41xxx.o(RESET)
</UL>
<P><STRONG><a name="[3a]"></a>FSMC_IRQHandler</STRONG> (Thumb, 0 bytes, Stack size 0 bytes, startup_hc32f40_41xxx.o(.text))
<BR>[Address Reference Count : 1]<UL><LI> startup_hc32f40_41xxx.o(RESET)
</UL>
<P><STRONG><a name="[29]"></a>I2C1_EV_IRQHandler</STRONG> (Thumb, 0 bytes, Stack size 0 bytes, startup_hc32f40_41xxx.o(.text))
<BR>[Address Reference Count : 1]<UL><LI> startup_hc32f40_41xxx.o(RESET)
</UL>
<P><STRONG><a name="[2b]"></a>I2C2_EV_IRQHandler</STRONG> (Thumb, 0 bytes, Stack size 0 bytes, startup_hc32f40_41xxx.o(.text))
<BR>[Address Reference Count : 1]<UL><LI> startup_hc32f40_41xxx.o(RESET)
</UL>
<P><STRONG><a name="[5a]"></a>MOU_IRQHandler</STRONG> (Thumb, 0 bytes, Stack size 0 bytes, startup_hc32f40_41xxx.o(.text))
<BR>[Address Reference Count : 1]<UL><LI> startup_hc32f40_41xxx.o(RESET)
</UL>
<P><STRONG><a name="[b]"></a>PVD_IRQHandler</STRONG> (Thumb, 0 bytes, Stack size 0 bytes, startup_hc32f40_41xxx.o(.text))
<BR>[Address Reference Count : 1]<UL><LI> startup_hc32f40_41xxx.o(RESET)
</UL>
<P><STRONG><a name="[f]"></a>RCC_IRQHandler</STRONG> (Thumb, 0 bytes, Stack size 0 bytes, startup_hc32f40_41xxx.o(.text))
<BR>[Address Reference Count : 1]<UL><LI> startup_hc32f40_41xxx.o(RESET)
</UL>
<P><STRONG><a name="[4f]"></a>RFU10_IRQHandler</STRONG> (Thumb, 0 bytes, Stack size 0 bytes, startup_hc32f40_41xxx.o(.text))
<BR>[Address Reference Count : 1]<UL><LI> startup_hc32f40_41xxx.o(RESET)
</UL>
<P><STRONG><a name="[50]"></a>RFU11_IRQHandler</STRONG> (Thumb, 0 bytes, Stack size 0 bytes, startup_hc32f40_41xxx.o(.text))
<BR>[Address Reference Count : 1]<UL><LI> startup_hc32f40_41xxx.o(RESET)
</UL>
<P><STRONG><a name="[51]"></a>RFU12_IRQHandler</STRONG> (Thumb, 0 bytes, Stack size 0 bytes, startup_hc32f40_41xxx.o(.text))
<BR>[Address Reference Count : 1]<UL><LI> startup_hc32f40_41xxx.o(RESET)
</UL>
<P><STRONG><a name="[52]"></a>RFU13_IRQHandler</STRONG> (Thumb, 0 bytes, Stack size 0 bytes, startup_hc32f40_41xxx.o(.text))
<BR>[Address Reference Count : 1]<UL><LI> startup_hc32f40_41xxx.o(RESET)
</UL>
<P><STRONG><a name="[53]"></a>RFU14_IRQHandler</STRONG> (Thumb, 0 bytes, Stack size 0 bytes, startup_hc32f40_41xxx.o(.text))
<BR>[Address Reference Count : 1]<UL><LI> startup_hc32f40_41xxx.o(RESET)
</UL>
<P><STRONG><a name="[54]"></a>RFU15_IRQHandler</STRONG> (Thumb, 0 bytes, Stack size 0 bytes, startup_hc32f40_41xxx.o(.text))
<BR>[Address Reference Count : 1]<UL><LI> startup_hc32f40_41xxx.o(RESET)
</UL>
<P><STRONG><a name="[55]"></a>RFU16_IRQHandler</STRONG> (Thumb, 0 bytes, Stack size 0 bytes, startup_hc32f40_41xxx.o(.text))
<BR>[Address Reference Count : 1]<UL><LI> startup_hc32f40_41xxx.o(RESET)
</UL>
<P><STRONG><a name="[56]"></a>RFU17_IRQHandler</STRONG> (Thumb, 0 bytes, Stack size 0 bytes, startup_hc32f40_41xxx.o(.text))
<BR>[Address Reference Count : 1]<UL><LI> startup_hc32f40_41xxx.o(RESET)
</UL>
<P><STRONG><a name="[57]"></a>RFU18_IRQHandler</STRONG> (Thumb, 0 bytes, Stack size 0 bytes, startup_hc32f40_41xxx.o(.text))
<BR>[Address Reference Count : 1]<UL><LI> startup_hc32f40_41xxx.o(RESET)
</UL>
<P><STRONG><a name="[58]"></a>RFU19_IRQHandler</STRONG> (Thumb, 0 bytes, Stack size 0 bytes, startup_hc32f40_41xxx.o(.text))
<BR>[Address Reference Count : 1]<UL><LI> startup_hc32f40_41xxx.o(RESET)
</UL>
<P><STRONG><a name="[1d]"></a>RFU1_IRQHandler</STRONG> (Thumb, 0 bytes, Stack size 0 bytes, startup_hc32f40_41xxx.o(.text))
<BR>[Address Reference Count : 1]<UL><LI> startup_hc32f40_41xxx.o(RESET)
</UL>
<P><STRONG><a name="[59]"></a>RFU20_IRQHandler</STRONG> (Thumb, 0 bytes, Stack size 0 bytes, startup_hc32f40_41xxx.o(.text))
<BR>[Address Reference Count : 1]<UL><LI> startup_hc32f40_41xxx.o(RESET)
</UL>
<P><STRONG><a name="[1e]"></a>RFU2_IRQHandler</STRONG> (Thumb, 0 bytes, Stack size 0 bytes, startup_hc32f40_41xxx.o(.text))
<BR>[Address Reference Count : 1]<UL><LI> startup_hc32f40_41xxx.o(RESET)
</UL>
<P><STRONG><a name="[2a]"></a>RFU3_IRQHandler</STRONG> (Thumb, 0 bytes, Stack size 0 bytes, startup_hc32f40_41xxx.o(.text))
<BR>[Address Reference Count : 1]<UL><LI> startup_hc32f40_41xxx.o(RESET)
</UL>
<P><STRONG><a name="[2c]"></a>RFU4_IRQHandler</STRONG> (Thumb, 0 bytes, Stack size 0 bytes, startup_hc32f40_41xxx.o(.text))
<BR>[Address Reference Count : 1]<UL><LI> startup_hc32f40_41xxx.o(RESET)
</UL>
<P><STRONG><a name="[44]"></a>RFU5_IRQHandler</STRONG> (Thumb, 0 bytes, Stack size 0 bytes, startup_hc32f40_41xxx.o(.text))
<BR>[Address Reference Count : 1]<UL><LI> startup_hc32f40_41xxx.o(RESET)
</UL>
<P><STRONG><a name="[49]"></a>RFU6_IRQHandler</STRONG> (Thumb, 0 bytes, Stack size 0 bytes, startup_hc32f40_41xxx.o(.text))
<BR>[Address Reference Count : 1]<UL><LI> startup_hc32f40_41xxx.o(RESET)
</UL>
<P><STRONG><a name="[4a]"></a>RFU7_IRQHandler</STRONG> (Thumb, 0 bytes, Stack size 0 bytes, startup_hc32f40_41xxx.o(.text))
<BR>[Address Reference Count : 1]<UL><LI> startup_hc32f40_41xxx.o(RESET)
</UL>
<P><STRONG><a name="[4b]"></a>RFU8_IRQHandler</STRONG> (Thumb, 0 bytes, Stack size 0 bytes, startup_hc32f40_41xxx.o(.text))
<BR>[Address Reference Count : 1]<UL><LI> startup_hc32f40_41xxx.o(RESET)
</UL>
<P><STRONG><a name="[4c]"></a>RFU9_IRQHandler</STRONG> (Thumb, 0 bytes, Stack size 0 bytes, startup_hc32f40_41xxx.o(.text))
<BR>[Address Reference Count : 1]<UL><LI> startup_hc32f40_41xxx.o(RESET)
</UL>
<P><STRONG><a name="[33]"></a>RTC_Alarm_IRQHandler</STRONG> (Thumb, 0 bytes, Stack size 0 bytes, startup_hc32f40_41xxx.o(.text))
<BR>[Address Reference Count : 1]<UL><LI> startup_hc32f40_41xxx.o(RESET)
</UL>
<P><STRONG><a name="[d]"></a>RTC_WKUP_IRQHandler</STRONG> (Thumb, 0 bytes, Stack size 0 bytes, startup_hc32f40_41xxx.o(.text))
<BR>[Address Reference Count : 1]<UL><LI> startup_hc32f40_41xxx.o(RESET)
</UL>
<P><STRONG><a name="[3b]"></a>SDIO_IRQHandler</STRONG> (Thumb, 0 bytes, Stack size 0 bytes, startup_hc32f40_41xxx.o(.text))
<BR>[Address Reference Count : 1]<UL><LI> startup_hc32f40_41xxx.o(RESET)
</UL>
<P><STRONG><a name="[2d]"></a>SPI1_IRQHandler</STRONG> (Thumb, 0 bytes, Stack size 0 bytes, startup_hc32f40_41xxx.o(.text))
<BR>[Address Reference Count : 1]<UL><LI> startup_hc32f40_41xxx.o(RESET)
</UL>
<P><STRONG><a name="[2e]"></a>SPI2_IRQHandler</STRONG> (Thumb, 0 bytes, Stack size 0 bytes, startup_hc32f40_41xxx.o(.text))
<BR>[Address Reference Count : 1]<UL><LI> startup_hc32f40_41xxx.o(RESET)
</UL>
<P><STRONG><a name="[3d]"></a>SPI3_IRQHandler</STRONG> (Thumb, 0 bytes, Stack size 0 bytes, startup_hc32f40_41xxx.o(.text))
<BR>[Address Reference Count : 1]<UL><LI> startup_hc32f40_41xxx.o(RESET)
</UL>
<P><STRONG><a name="[c]"></a>TAMP_STAMP_IRQHandler</STRONG> (Thumb, 0 bytes, Stack size 0 bytes, startup_hc32f40_41xxx.o(.text))
<BR>[Address Reference Count : 1]<UL><LI> startup_hc32f40_41xxx.o(RESET)
</UL>
<P><STRONG><a name="[43]"></a>TIM10_IRQHandler</STRONG> (Thumb, 0 bytes, Stack size 0 bytes, startup_hc32f40_41xxx.o(.text))
<BR>[Address Reference Count : 1]<UL><LI> startup_hc32f40_41xxx.o(RESET)
</UL>
<P><STRONG><a name="[22]"></a>TIM1_BRK_IRQHandler</STRONG> (Thumb, 0 bytes, Stack size 0 bytes, startup_hc32f40_41xxx.o(.text))
<BR>[Address Reference Count : 1]<UL><LI> startup_hc32f40_41xxx.o(RESET)
</UL>
<P><STRONG><a name="[25]"></a>TIM1_CC_IRQHandler</STRONG> (Thumb, 0 bytes, Stack size 0 bytes, startup_hc32f40_41xxx.o(.text))
<BR>[Address Reference Count : 1]<UL><LI> startup_hc32f40_41xxx.o(RESET)
</UL>
<P><STRONG><a name="[24]"></a>TIM1_TRG_COM_IRQHandler</STRONG> (Thumb, 0 bytes, Stack size 0 bytes, startup_hc32f40_41xxx.o(.text))
<BR>[Address Reference Count : 1]<UL><LI> startup_hc32f40_41xxx.o(RESET)
</UL>
<P><STRONG><a name="[23]"></a>TIM1_UP_IRQHandler</STRONG> (Thumb, 0 bytes, Stack size 0 bytes, startup_hc32f40_41xxx.o(.text))
<BR>[Address Reference Count : 1]<UL><LI> startup_hc32f40_41xxx.o(RESET)
</UL>
<P><STRONG><a name="[27]"></a>TIM3_IRQHandler</STRONG> (Thumb, 0 bytes, Stack size 0 bytes, startup_hc32f40_41xxx.o(.text))
<BR>[Address Reference Count : 1]<UL><LI> startup_hc32f40_41xxx.o(RESET)
</UL>
<P><STRONG><a name="[28]"></a>TIM4_IRQHandler</STRONG> (Thumb, 0 bytes, Stack size 0 bytes, startup_hc32f40_41xxx.o(.text))
<BR>[Address Reference Count : 1]<UL><LI> startup_hc32f40_41xxx.o(RESET)
</UL>
<P><STRONG><a name="[3c]"></a>TIM5_IRQHandler</STRONG> (Thumb, 0 bytes, Stack size 0 bytes, startup_hc32f40_41xxx.o(.text))
<BR>[Address Reference Count : 1]<UL><LI> startup_hc32f40_41xxx.o(RESET)
</UL>
<P><STRONG><a name="[40]"></a>TIM6_IRQHandler</STRONG> (Thumb, 0 bytes, Stack size 0 bytes, startup_hc32f40_41xxx.o(.text))
<BR>[Address Reference Count : 1]<UL><LI> startup_hc32f40_41xxx.o(RESET)
</UL>
<P><STRONG><a name="[41]"></a>TIM7_IRQHandler</STRONG> (Thumb, 0 bytes, Stack size 0 bytes, startup_hc32f40_41xxx.o(.text))
<BR>[Address Reference Count : 1]<UL><LI> startup_hc32f40_41xxx.o(RESET)
</UL>
<P><STRONG><a name="[35]"></a>TIM8_BRK_IRQHandler</STRONG> (Thumb, 0 bytes, Stack size 0 bytes, startup_hc32f40_41xxx.o(.text))
<BR>[Address Reference Count : 1]<UL><LI> startup_hc32f40_41xxx.o(RESET)
</UL>
<P><STRONG><a name="[38]"></a>TIM8_CC_IRQHandler</STRONG> (Thumb, 0 bytes, Stack size 0 bytes, startup_hc32f40_41xxx.o(.text))
<BR>[Address Reference Count : 1]<UL><LI> startup_hc32f40_41xxx.o(RESET)
</UL>
<P><STRONG><a name="[37]"></a>TIM8_TRG_COM_IRQHandler</STRONG> (Thumb, 0 bytes, Stack size 0 bytes, startup_hc32f40_41xxx.o(.text))
<BR>[Address Reference Count : 1]<UL><LI> startup_hc32f40_41xxx.o(RESET)
</UL>
<P><STRONG><a name="[36]"></a>TIM8_UP_IRQHandler</STRONG> (Thumb, 0 bytes, Stack size 0 bytes, startup_hc32f40_41xxx.o(.text))
<BR>[Address Reference Count : 1]<UL><LI> startup_hc32f40_41xxx.o(RESET)
</UL>
<P><STRONG><a name="[42]"></a>TIM9_IRQHandler</STRONG> (Thumb, 0 bytes, Stack size 0 bytes, startup_hc32f40_41xxx.o(.text))
<BR>[Address Reference Count : 1]<UL><LI> startup_hc32f40_41xxx.o(RESET)
</UL>
<P><STRONG><a name="[3e]"></a>UART4_IRQHandler</STRONG> (Thumb, 0 bytes, Stack size 0 bytes, startup_hc32f40_41xxx.o(.text))
<BR>[Address Reference Count : 1]<UL><LI> startup_hc32f40_41xxx.o(RESET)
</UL>
<P><STRONG><a name="[3f]"></a>UART5_IRQHandler</STRONG> (Thumb, 0 bytes, Stack size 0 bytes, startup_hc32f40_41xxx.o(.text))
<BR>[Address Reference Count : 1]<UL><LI> startup_hc32f40_41xxx.o(RESET)
</UL>
<P><STRONG><a name="[2f]"></a>USART1_IRQHandler</STRONG> (Thumb, 0 bytes, Stack size 0 bytes, startup_hc32f40_41xxx.o(.text))
<BR>[Address Reference Count : 1]<UL><LI> startup_hc32f40_41xxx.o(RESET)
</UL>
<P><STRONG><a name="[30]"></a>USART2_IRQHandler</STRONG> (Thumb, 0 bytes, Stack size 0 bytes, startup_hc32f40_41xxx.o(.text))
<BR>[Address Reference Count : 1]<UL><LI> startup_hc32f40_41xxx.o(RESET)
</UL>
<P><STRONG><a name="[31]"></a>USART3_IRQHandler</STRONG> (Thumb, 0 bytes, Stack size 0 bytes, startup_hc32f40_41xxx.o(.text))
<BR>[Address Reference Count : 1]<UL><LI> startup_hc32f40_41xxx.o(RESET)
</UL>
<P><STRONG><a name="[34]"></a>USBWakeUp_IRQHandler</STRONG> (Thumb, 0 bytes, Stack size 0 bytes, startup_hc32f40_41xxx.o(.text))
<BR>[Address Reference Count : 1]<UL><LI> startup_hc32f40_41xxx.o(RESET)
</UL>
<P><STRONG><a name="[4e]"></a>USB_HP_IRQHandler</STRONG> (Thumb, 0 bytes, Stack size 0 bytes, startup_hc32f40_41xxx.o(.text))
<BR>[Address Reference Count : 1]<UL><LI> startup_hc32f40_41xxx.o(RESET)
</UL>
<P><STRONG><a name="[4d]"></a>USB_LP_IRQHandler</STRONG> (Thumb, 0 bytes, Stack size 0 bytes, startup_hc32f40_41xxx.o(.text))
<BR>[Address Reference Count : 1]<UL><LI> startup_hc32f40_41xxx.o(RESET)
</UL>
<P><STRONG><a name="[45]"></a>VC0_IRQHandler</STRONG> (Thumb, 0 bytes, Stack size 0 bytes, startup_hc32f40_41xxx.o(.text))
<BR>[Address Reference Count : 1]<UL><LI> startup_hc32f40_41xxx.o(RESET)
</UL>
<P><STRONG><a name="[46]"></a>VC1_IRQHandler</STRONG> (Thumb, 0 bytes, Stack size 0 bytes, startup_hc32f40_41xxx.o(.text))
<BR>[Address Reference Count : 1]<UL><LI> startup_hc32f40_41xxx.o(RESET)
</UL>
<P><STRONG><a name="[47]"></a>VC2_IRQHandler</STRONG> (Thumb, 0 bytes, Stack size 0 bytes, startup_hc32f40_41xxx.o(.text))
<BR>[Address Reference Count : 1]<UL><LI> startup_hc32f40_41xxx.o(RESET)
</UL>
<P><STRONG><a name="[48]"></a>VC_Wakeup_IRQHandler</STRONG> (Thumb, 0 bytes, Stack size 0 bytes, startup_hc32f40_41xxx.o(.text))
<BR>[Address Reference Count : 1]<UL><LI> startup_hc32f40_41xxx.o(RESET)
</UL>
<P><STRONG><a name="[a]"></a>WWDG_IRQHandler</STRONG> (Thumb, 0 bytes, Stack size 0 bytes, startup_hc32f40_41xxx.o(.text))
<BR>[Address Reference Count : 1]<UL><LI> startup_hc32f40_41xxx.o(RESET)
</UL>
<P><STRONG><a name="[62]"></a>__aeabi_uldivmod</STRONG> (Thumb, 98 bytes, Stack size 40 bytes, uldiv.o(.text), UNUSED)
<BR><BR>[Calls]<UL><LI><a href="#[63]">&gt;&gt;</a>&nbsp;&nbsp;&nbsp;__aeabi_llsr
<LI><a href="#[64]">&gt;&gt;</a>&nbsp;&nbsp;&nbsp;__aeabi_llsl
</UL>
<BR>[Called By]<UL><LI><a href="#[80]">&gt;&gt;</a>&nbsp;&nbsp;&nbsp;_printf_core
</UL>

<P><STRONG><a name="[61]"></a>__scatterload</STRONG> (Thumb, 28 bytes, Stack size 0 bytes, init.o(.text))
<BR><BR>[Calls]<UL><LI><a href="#[65]">&gt;&gt;</a>&nbsp;&nbsp;&nbsp;__main_after_scatterload
</UL>
<BR>[Called By]<UL><LI><a href="#[60]">&gt;&gt;</a>&nbsp;&nbsp;&nbsp;_main_scatterload
</UL>

<P><STRONG><a name="[9d]"></a>__scatterload_rt2</STRONG> (Thumb, 0 bytes, Stack size 0 bytes, init.o(.text), UNUSED)

<P><STRONG><a name="[64]"></a>__aeabi_llsl</STRONG> (Thumb, 30 bytes, Stack size 0 bytes, llshl.o(.text), UNUSED)
<BR><BR>[Called By]<UL><LI><a href="#[62]">&gt;&gt;</a>&nbsp;&nbsp;&nbsp;__aeabi_uldivmod
</UL>

<P><STRONG><a name="[9e]"></a>_ll_shift_l</STRONG> (Thumb, 0 bytes, Stack size 0 bytes, llshl.o(.text), UNUSED)

<P><STRONG><a name="[63]"></a>__aeabi_llsr</STRONG> (Thumb, 32 bytes, Stack size 0 bytes, llushr.o(.text), UNUSED)
<BR><BR>[Called By]<UL><LI><a href="#[62]">&gt;&gt;</a>&nbsp;&nbsp;&nbsp;__aeabi_uldivmod
</UL>

<P><STRONG><a name="[9f]"></a>_ll_ushift_r</STRONG> (Thumb, 0 bytes, Stack size 0 bytes, llushr.o(.text), UNUSED)

<P><STRONG><a name="[67]"></a>ADC_ClearFlag</STRONG> (Thumb, 10 bytes, Stack size 0 bytes, hc32f4xx_adc.o(i.ADC_ClearFlag))
<BR><BR>[Called By]<UL><LI><a href="#[1c]">&gt;&gt;</a>&nbsp;&nbsp;&nbsp;ADC_IRQHandler
</UL>

<P><STRONG><a name="[66]"></a>ADC_GetConversionValue</STRONG> (Thumb, 52 bytes, Stack size 0 bytes, hc32f4xx_adc.o(i.ADC_GetConversionValue))
<BR><BR>[Called By]<UL><LI><a href="#[1c]">&gt;&gt;</a>&nbsp;&nbsp;&nbsp;ADC_IRQHandler
</UL>

<P><STRONG><a name="[1c]"></a>ADC_IRQHandler</STRONG> (Thumb, 54 bytes, Stack size 8 bytes, bsp_adc.o(i.ADC_IRQHandler))
<BR><BR>[Stack]<UL><LI>Max Depth = 8<LI>Call Chain = ADC_IRQHandler
</UL>
<BR>[Calls]<UL><LI><a href="#[66]">&gt;&gt;</a>&nbsp;&nbsp;&nbsp;ADC_GetConversionValue
<LI><a href="#[67]">&gt;&gt;</a>&nbsp;&nbsp;&nbsp;ADC_ClearFlag
</UL>
<BR>[Address Reference Count : 1]<UL><LI> startup_hc32f40_41xxx.o(RESET)
</UL>
<P><STRONG><a name="[4]"></a>BusFault_Handler</STRONG> (Thumb, 2 bytes, Stack size 0 bytes, hc32f4xx_it.o(i.BusFault_Handler))
<BR><BR>[Calls]<UL><LI><a href="#[4]">&gt;&gt;</a>&nbsp;&nbsp;&nbsp;BusFault_Handler
</UL>
<BR>[Called By]<UL><LI><a href="#[4]">&gt;&gt;</a>&nbsp;&nbsp;&nbsp;BusFault_Handler
</UL>
<BR>[Address Reference Count : 1]<UL><LI> startup_hc32f40_41xxx.o(RESET)
</UL>
<P><STRONG><a name="[7]"></a>DebugMon_Handler</STRONG> (Thumb, 2 bytes, Stack size 0 bytes, hc32f4xx_it.o(i.DebugMon_Handler))
<BR>[Address Reference Count : 1]<UL><LI> startup_hc32f40_41xxx.o(RESET)
</UL>
<P><STRONG><a name="[93]"></a>Delay</STRONG> (Thumb, 18 bytes, Stack size 8 bytes, main.o(i.Delay))
<BR><BR>[Stack]<UL><LI>Max Depth = 8<LI>Call Chain = Delay
</UL>
<BR>[Called By]<UL><LI><a href="#[5c]">&gt;&gt;</a>&nbsp;&nbsp;&nbsp;main
</UL>

<P><STRONG><a name="[11]"></a>EXTI1_IRQHandler</STRONG> (Thumb, 34 bytes, Stack size 8 bytes, bsp_exti.o(i.EXTI1_IRQHandler))
<BR><BR>[Stack]<UL><LI>Max Depth = 8<LI>Call Chain = EXTI1_IRQHandler
</UL>
<BR>[Calls]<UL><LI><a href="#[68]">&gt;&gt;</a>&nbsp;&nbsp;&nbsp;EXTI_GetITStatus
<LI><a href="#[69]">&gt;&gt;</a>&nbsp;&nbsp;&nbsp;EXTI_ClearITPendingBit
</UL>
<BR>[Address Reference Count : 1]<UL><LI> startup_hc32f40_41xxx.o(RESET)
</UL>
<P><STRONG><a name="[69]"></a>EXTI_ClearITPendingBit</STRONG> (Thumb, 6 bytes, Stack size 0 bytes, hc32f4xx_exti.o(i.EXTI_ClearITPendingBit))
<BR><BR>[Called By]<UL><LI><a href="#[11]">&gt;&gt;</a>&nbsp;&nbsp;&nbsp;EXTI1_IRQHandler
</UL>

<P><STRONG><a name="[68]"></a>EXTI_GetITStatus</STRONG> (Thumb, 16 bytes, Stack size 0 bytes, hc32f4xx_exti.o(i.EXTI_GetITStatus))
<BR><BR>[Called By]<UL><LI><a href="#[11]">&gt;&gt;</a>&nbsp;&nbsp;&nbsp;EXTI1_IRQHandler
</UL>

<P><STRONG><a name="[89]"></a>GPIO_Init</STRONG> (Thumb, 124 bytes, Stack size 24 bytes, hc32f4xx_gpio.o(i.GPIO_Init))
<BR><BR>[Stack]<UL><LI>Max Depth = 24<LI>Call Chain = GPIO_Init
</UL>
<BR>[Called By]<UL><LI><a href="#[85]">&gt;&gt;</a>&nbsp;&nbsp;&nbsp;bsp_InitUart
<LI><a href="#[86]">&gt;&gt;</a>&nbsp;&nbsp;&nbsp;bsp_InitLed
</UL>

<P><STRONG><a name="[8c]"></a>GPIO_PinAFConfig</STRONG> (Thumb, 32 bytes, Stack size 8 bytes, hc32f4xx_gpio.o(i.GPIO_PinAFConfig))
<BR><BR>[Stack]<UL><LI>Max Depth = 8<LI>Call Chain = GPIO_PinAFConfig
</UL>
<BR>[Called By]<UL><LI><a href="#[85]">&gt;&gt;</a>&nbsp;&nbsp;&nbsp;bsp_InitUart
</UL>

<P><STRONG><a name="[8a]"></a>GPIO_ResetBits</STRONG> (Thumb, 4 bytes, Stack size 0 bytes, hc32f4xx_gpio.o(i.GPIO_ResetBits), UNUSED)
<BR><BR>[Called By]<UL><LI><a href="#[86]">&gt;&gt;</a>&nbsp;&nbsp;&nbsp;bsp_InitLed
</UL>

<P><STRONG><a name="[88]"></a>GPIO_StructInit</STRONG> (Thumb, 18 bytes, Stack size 0 bytes, hc32f4xx_gpio.o(i.GPIO_StructInit), UNUSED)
<BR><BR>[Called By]<UL><LI><a href="#[86]">&gt;&gt;</a>&nbsp;&nbsp;&nbsp;bsp_InitLed
</UL>

<P><STRONG><a name="[2]"></a>HardFault_Handler</STRONG> (Thumb, 2 bytes, Stack size 0 bytes, hc32f4xx_it.o(i.HardFault_Handler))
<BR><BR>[Calls]<UL><LI><a href="#[2]">&gt;&gt;</a>&nbsp;&nbsp;&nbsp;HardFault_Handler
</UL>
<BR>[Called By]<UL><LI><a href="#[2]">&gt;&gt;</a>&nbsp;&nbsp;&nbsp;HardFault_Handler
</UL>
<BR>[Address Reference Count : 1]<UL><LI> startup_hc32f40_41xxx.o(RESET)
</UL>
<P><STRONG><a name="[6a]"></a>IWDG_Config</STRONG> (Thumb, 38 bytes, Stack size 16 bytes, bsp_iwdg.o(i.IWDG_Config))
<BR><BR>[Stack]<UL><LI>Max Depth = 16<LI>Call Chain = IWDG_Config
</UL>
<BR>[Calls]<UL><LI><a href="#[6b]">&gt;&gt;</a>&nbsp;&nbsp;&nbsp;IWDG_WriteAccessCmd
<LI><a href="#[6d]">&gt;&gt;</a>&nbsp;&nbsp;&nbsp;IWDG_SetReload
<LI><a href="#[6c]">&gt;&gt;</a>&nbsp;&nbsp;&nbsp;IWDG_SetPrescaler
<LI><a href="#[6e]">&gt;&gt;</a>&nbsp;&nbsp;&nbsp;IWDG_ReloadCounter
<LI><a href="#[6f]">&gt;&gt;</a>&nbsp;&nbsp;&nbsp;IWDG_Enable
</UL>
<BR>[Called By]<UL><LI><a href="#[5c]">&gt;&gt;</a>&nbsp;&nbsp;&nbsp;main
</UL>

<P><STRONG><a name="[6f]"></a>IWDG_Enable</STRONG> (Thumb, 10 bytes, Stack size 0 bytes, hc32f4xx_iwdg.o(i.IWDG_Enable))
<BR><BR>[Called By]<UL><LI><a href="#[6a]">&gt;&gt;</a>&nbsp;&nbsp;&nbsp;IWDG_Config
</UL>

<P><STRONG><a name="[95]"></a>IWDG_Feed</STRONG> (Thumb, 4 bytes, Stack size 0 bytes, bsp_iwdg.o(i.IWDG_Feed))
<BR><BR>[Called By]<UL><LI><a href="#[5c]">&gt;&gt;</a>&nbsp;&nbsp;&nbsp;main
</UL>

<P><STRONG><a name="[6e]"></a>IWDG_ReloadCounter</STRONG> (Thumb, 10 bytes, Stack size 0 bytes, hc32f4xx_iwdg.o(i.IWDG_ReloadCounter))
<BR><BR>[Called By]<UL><LI><a href="#[6a]">&gt;&gt;</a>&nbsp;&nbsp;&nbsp;IWDG_Config
</UL>

<P><STRONG><a name="[6c]"></a>IWDG_SetPrescaler</STRONG> (Thumb, 6 bytes, Stack size 0 bytes, hc32f4xx_iwdg.o(i.IWDG_SetPrescaler))
<BR><BR>[Called By]<UL><LI><a href="#[6a]">&gt;&gt;</a>&nbsp;&nbsp;&nbsp;IWDG_Config
</UL>

<P><STRONG><a name="[6d]"></a>IWDG_SetReload</STRONG> (Thumb, 6 bytes, Stack size 0 bytes, hc32f4xx_iwdg.o(i.IWDG_SetReload))
<BR><BR>[Called By]<UL><LI><a href="#[6a]">&gt;&gt;</a>&nbsp;&nbsp;&nbsp;IWDG_Config
</UL>

<P><STRONG><a name="[6b]"></a>IWDG_WriteAccessCmd</STRONG> (Thumb, 6 bytes, Stack size 0 bytes, hc32f4xx_iwdg.o(i.IWDG_WriteAccessCmd))
<BR><BR>[Called By]<UL><LI><a href="#[6a]">&gt;&gt;</a>&nbsp;&nbsp;&nbsp;IWDG_Config
</UL>

<P><STRONG><a name="[3]"></a>MemManage_Handler</STRONG> (Thumb, 2 bytes, Stack size 0 bytes, hc32f4xx_it.o(i.MemManage_Handler))
<BR><BR>[Calls]<UL><LI><a href="#[3]">&gt;&gt;</a>&nbsp;&nbsp;&nbsp;MemManage_Handler
</UL>
<BR>[Called By]<UL><LI><a href="#[3]">&gt;&gt;</a>&nbsp;&nbsp;&nbsp;MemManage_Handler
</UL>
<BR>[Address Reference Count : 1]<UL><LI> startup_hc32f40_41xxx.o(RESET)
</UL>
<P><STRONG><a name="[1]"></a>NMI_Handler</STRONG> (Thumb, 2 bytes, Stack size 0 bytes, hc32f4xx_it.o(i.NMI_Handler))
<BR>[Address Reference Count : 1]<UL><LI> startup_hc32f40_41xxx.o(RESET)
</UL>
<P><STRONG><a name="[84]"></a>NVIC_PriorityGroupConfig</STRONG> (Thumb, 10 bytes, Stack size 0 bytes, misc.o(i.NVIC_PriorityGroupConfig))
<BR><BR>[Called By]<UL><LI><a href="#[83]">&gt;&gt;</a>&nbsp;&nbsp;&nbsp;bsp_Init
</UL>

<P><STRONG><a name="[8]"></a>PendSV_Handler</STRONG> (Thumb, 2 bytes, Stack size 0 bytes, hc32f4xx_it.o(i.PendSV_Handler))
<BR>[Address Reference Count : 1]<UL><LI> startup_hc32f40_41xxx.o(RESET)
</UL>
<P><STRONG><a name="[87]"></a>RCC_AHB1PeriphClockCmd</STRONG> (Thumb, 22 bytes, Stack size 0 bytes, hc32f4xx_rcc.o(i.RCC_AHB1PeriphClockCmd))
<BR><BR>[Called By]<UL><LI><a href="#[85]">&gt;&gt;</a>&nbsp;&nbsp;&nbsp;bsp_InitUart
<LI><a href="#[86]">&gt;&gt;</a>&nbsp;&nbsp;&nbsp;bsp_InitLed
</UL>

<P><STRONG><a name="[8b]"></a>RCC_APB2PeriphClockCmd</STRONG> (Thumb, 22 bytes, Stack size 0 bytes, hc32f4xx_rcc.o(i.RCC_APB2PeriphClockCmd))
<BR><BR>[Called By]<UL><LI><a href="#[85]">&gt;&gt;</a>&nbsp;&nbsp;&nbsp;bsp_InitUart
</UL>

<P><STRONG><a name="[94]"></a>RCC_ClearFlag</STRONG> (Thumb, 12 bytes, Stack size 0 bytes, hc32f4xx_rcc.o(i.RCC_ClearFlag))
<BR><BR>[Called By]<UL><LI><a href="#[5c]">&gt;&gt;</a>&nbsp;&nbsp;&nbsp;main
</UL>

<P><STRONG><a name="[8d]"></a>RCC_GetClocksFreq</STRONG> (Thumb, 148 bytes, Stack size 16 bytes, hc32f4xx_rcc.o(i.RCC_GetClocksFreq))
<BR><BR>[Stack]<UL><LI>Max Depth = 16<LI>Call Chain = RCC_GetClocksFreq
</UL>
<BR>[Called By]<UL><LI><a href="#[85]">&gt;&gt;</a>&nbsp;&nbsp;&nbsp;bsp_InitUart
</UL>

<P><STRONG><a name="[74]"></a>RCC_GetFlagStatus</STRONG> (Thumb, 50 bytes, Stack size 0 bytes, hc32f4xx_rcc.o(i.RCC_GetFlagStatus))
<BR><BR>[Called By]<UL><LI><a href="#[5c]">&gt;&gt;</a>&nbsp;&nbsp;&nbsp;main
<LI><a href="#[72]">&gt;&gt;</a>&nbsp;&nbsp;&nbsp;SYS_Configuration
</UL>

<P><STRONG><a name="[7b]"></a>RCC_GetSYSCLKSource</STRONG> (Thumb, 10 bytes, Stack size 0 bytes, hc32f4xx_rcc.o(i.RCC_GetSYSCLKSource))
<BR><BR>[Called By]<UL><LI><a href="#[72]">&gt;&gt;</a>&nbsp;&nbsp;&nbsp;SYS_Configuration
</UL>

<P><STRONG><a name="[76]"></a>RCC_HCLKConfig</STRONG> (Thumb, 14 bytes, Stack size 0 bytes, hc32f4xx_rcc.o(i.RCC_HCLKConfig))
<BR><BR>[Called By]<UL><LI><a href="#[72]">&gt;&gt;</a>&nbsp;&nbsp;&nbsp;SYS_Configuration
</UL>

<P><STRONG><a name="[73]"></a>RCC_HSEConfig</STRONG> (Thumb, 10 bytes, Stack size 0 bytes, hc32f4xx_rcc.o(i.RCC_HSEConfig))
<BR><BR>[Called By]<UL><LI><a href="#[72]">&gt;&gt;</a>&nbsp;&nbsp;&nbsp;SYS_Configuration
</UL>

<P><STRONG><a name="[77]"></a>RCC_PCLK1Config</STRONG> (Thumb, 14 bytes, Stack size 0 bytes, hc32f4xx_rcc.o(i.RCC_PCLK1Config))
<BR><BR>[Called By]<UL><LI><a href="#[72]">&gt;&gt;</a>&nbsp;&nbsp;&nbsp;SYS_Configuration
</UL>

<P><STRONG><a name="[78]"></a>RCC_PCLK2Config</STRONG> (Thumb, 16 bytes, Stack size 0 bytes, hc32f4xx_rcc.o(i.RCC_PCLK2Config))
<BR><BR>[Called By]<UL><LI><a href="#[72]">&gt;&gt;</a>&nbsp;&nbsp;&nbsp;SYS_Configuration
</UL>

<P><STRONG><a name="[75]"></a>RCC_PLLCmd</STRONG> (Thumb, 6 bytes, Stack size 0 bytes, hc32f4xx_rcc.o(i.RCC_PLLCmd))
<BR><BR>[Called By]<UL><LI><a href="#[72]">&gt;&gt;</a>&nbsp;&nbsp;&nbsp;SYS_Configuration
</UL>

<P><STRONG><a name="[79]"></a>RCC_PLLConfig</STRONG> (Thumb, 32 bytes, Stack size 8 bytes, hc32f4xx_rcc.o(i.RCC_PLLConfig))
<BR><BR>[Stack]<UL><LI>Max Depth = 8<LI>Call Chain = RCC_PLLConfig
</UL>
<BR>[Called By]<UL><LI><a href="#[72]">&gt;&gt;</a>&nbsp;&nbsp;&nbsp;SYS_Configuration
</UL>

<P><STRONG><a name="[7a]"></a>RCC_SYSCLKConfig</STRONG> (Thumb, 14 bytes, Stack size 0 bytes, hc32f4xx_rcc.o(i.RCC_SYSCLKConfig))
<BR><BR>[Called By]<UL><LI><a href="#[72]">&gt;&gt;</a>&nbsp;&nbsp;&nbsp;SYS_Configuration
</UL>

<P><STRONG><a name="[6]"></a>SVC_Handler</STRONG> (Thumb, 2 bytes, Stack size 0 bytes, hc32f4xx_it.o(i.SVC_Handler))
<BR>[Address Reference Count : 1]<UL><LI> startup_hc32f40_41xxx.o(RESET)
</UL>
<P><STRONG><a name="[72]"></a>SYS_Configuration</STRONG> (Thumb, 96 bytes, Stack size 8 bytes, main.o(i.SYS_Configuration))
<BR><BR>[Stack]<UL><LI>Max Depth = 16<LI>Call Chain = SYS_Configuration &rArr; RCC_PLLConfig
</UL>
<BR>[Calls]<UL><LI><a href="#[7a]">&gt;&gt;</a>&nbsp;&nbsp;&nbsp;RCC_SYSCLKConfig
<LI><a href="#[79]">&gt;&gt;</a>&nbsp;&nbsp;&nbsp;RCC_PLLConfig
<LI><a href="#[75]">&gt;&gt;</a>&nbsp;&nbsp;&nbsp;RCC_PLLCmd
<LI><a href="#[78]">&gt;&gt;</a>&nbsp;&nbsp;&nbsp;RCC_PCLK2Config
<LI><a href="#[77]">&gt;&gt;</a>&nbsp;&nbsp;&nbsp;RCC_PCLK1Config
<LI><a href="#[73]">&gt;&gt;</a>&nbsp;&nbsp;&nbsp;RCC_HSEConfig
<LI><a href="#[76]">&gt;&gt;</a>&nbsp;&nbsp;&nbsp;RCC_HCLKConfig
<LI><a href="#[7b]">&gt;&gt;</a>&nbsp;&nbsp;&nbsp;RCC_GetSYSCLKSource
<LI><a href="#[74]">&gt;&gt;</a>&nbsp;&nbsp;&nbsp;RCC_GetFlagStatus
</UL>
<BR>[Called By]<UL><LI><a href="#[5c]">&gt;&gt;</a>&nbsp;&nbsp;&nbsp;main
</UL>

<P><STRONG><a name="[9]"></a>SysTick_Handler</STRONG> (Thumb, 4 bytes, Stack size 0 bytes, hc32f4xx_it.o(i.SysTick_Handler))
<BR><BR>[Calls]<UL><LI><a href="#[7c]">&gt;&gt;</a>&nbsp;&nbsp;&nbsp;TimingDelay_Decrement
</UL>
<BR>[Address Reference Count : 1]<UL><LI> startup_hc32f40_41xxx.o(RESET)
</UL>
<P><STRONG><a name="[5d]"></a>SystemInit</STRONG> (Thumb, 2 bytes, Stack size 0 bytes, system_hc32f4xx.o(i.SystemInit))
<BR>[Address Reference Count : 1]<UL><LI> startup_hc32f40_41xxx.o(.text)
</UL>
<P><STRONG><a name="[26]"></a>TIM2_IRQHandler</STRONG> (Thumb, 40 bytes, Stack size 8 bytes, bsp_timer.o(i.TIM2_IRQHandler))
<BR><BR>[Stack]<UL><LI>Max Depth = 8<LI>Call Chain = TIM2_IRQHandler
</UL>
<BR>[Calls]<UL><LI><a href="#[7d]">&gt;&gt;</a>&nbsp;&nbsp;&nbsp;TIM_GetITStatus
<LI><a href="#[7e]">&gt;&gt;</a>&nbsp;&nbsp;&nbsp;TIM_ClearITPendingBit
</UL>
<BR>[Address Reference Count : 1]<UL><LI> startup_hc32f40_41xxx.o(RESET)
</UL>
<P><STRONG><a name="[7e]"></a>TIM_ClearITPendingBit</STRONG> (Thumb, 8 bytes, Stack size 0 bytes, hc32f4xx_tim.o(i.TIM_ClearITPendingBit))
<BR><BR>[Called By]<UL><LI><a href="#[26]">&gt;&gt;</a>&nbsp;&nbsp;&nbsp;TIM2_IRQHandler
</UL>

<P><STRONG><a name="[7d]"></a>TIM_GetITStatus</STRONG> (Thumb, 24 bytes, Stack size 0 bytes, hc32f4xx_tim.o(i.TIM_GetITStatus))
<BR><BR>[Called By]<UL><LI><a href="#[26]">&gt;&gt;</a>&nbsp;&nbsp;&nbsp;TIM2_IRQHandler
</UL>

<P><STRONG><a name="[7c]"></a>TimingDelay_Decrement</STRONG> (Thumb, 16 bytes, Stack size 0 bytes, bsp_systick.o(i.TimingDelay_Decrement))
<BR><BR>[Called By]<UL><LI><a href="#[9]">&gt;&gt;</a>&nbsp;&nbsp;&nbsp;SysTick_Handler
</UL>

<P><STRONG><a name="[90]"></a>USART_ClearFlag</STRONG> (Thumb, 8 bytes, Stack size 0 bytes, hc32f4xx_usart.o(i.USART_ClearFlag))
<BR><BR>[Called By]<UL><LI><a href="#[5f]">&gt;&gt;</a>&nbsp;&nbsp;&nbsp;fputc
<LI><a href="#[85]">&gt;&gt;</a>&nbsp;&nbsp;&nbsp;bsp_InitUart
</UL>

<P><STRONG><a name="[8f]"></a>USART_Cmd</STRONG> (Thumb, 20 bytes, Stack size 0 bytes, hc32f4xx_usart.o(i.USART_Cmd))
<BR><BR>[Called By]<UL><LI><a href="#[85]">&gt;&gt;</a>&nbsp;&nbsp;&nbsp;bsp_InitUart
</UL>

<P><STRONG><a name="[92]"></a>USART_GetITStatus</STRONG> (Thumb, 14 bytes, Stack size 0 bytes, hc32f4xx_usart.o(i.USART_GetITStatus))
<BR><BR>[Called By]<UL><LI><a href="#[5f]">&gt;&gt;</a>&nbsp;&nbsp;&nbsp;fputc
</UL>

<P><STRONG><a name="[8e]"></a>USART_Init</STRONG> (Thumb, 38 bytes, Stack size 8 bytes, hc32f4xx_usart.o(i.USART_Init))
<BR><BR>[Stack]<UL><LI>Max Depth = 8<LI>Call Chain = USART_Init
</UL>
<BR>[Called By]<UL><LI><a href="#[85]">&gt;&gt;</a>&nbsp;&nbsp;&nbsp;bsp_InitUart
</UL>

<P><STRONG><a name="[91]"></a>USART_SendData</STRONG> (Thumb, 8 bytes, Stack size 0 bytes, hc32f4xx_usart.o(i.USART_SendData))
<BR><BR>[Called By]<UL><LI><a href="#[5f]">&gt;&gt;</a>&nbsp;&nbsp;&nbsp;fputc
</UL>

<P><STRONG><a name="[5]"></a>UsageFault_Handler</STRONG> (Thumb, 2 bytes, Stack size 0 bytes, hc32f4xx_it.o(i.UsageFault_Handler))
<BR><BR>[Calls]<UL><LI><a href="#[5]">&gt;&gt;</a>&nbsp;&nbsp;&nbsp;UsageFault_Handler
</UL>
<BR>[Called By]<UL><LI><a href="#[5]">&gt;&gt;</a>&nbsp;&nbsp;&nbsp;UsageFault_Handler
</UL>
<BR>[Address Reference Count : 1]<UL><LI> startup_hc32f40_41xxx.o(RESET)
</UL>
<P><STRONG><a name="[7f]"></a>__0printf$8</STRONG> (Thumb, 22 bytes, Stack size 24 bytes, printf8.o(i.__0printf$8), UNUSED)
<BR><BR>[Calls]<UL><LI><a href="#[80]">&gt;&gt;</a>&nbsp;&nbsp;&nbsp;_printf_core
</UL>

<P><STRONG><a name="[a0]"></a>__1printf$8</STRONG> (Thumb, 0 bytes, Stack size 24 bytes, printf8.o(i.__0printf$8), UNUSED)

<P><STRONG><a name="[71]"></a>__2printf</STRONG> (Thumb, 0 bytes, Stack size 24 bytes, printf8.o(i.__0printf$8))
<BR><BR>[Stack]<UL><LI>Max Depth = 24<LI>Call Chain = __2printf
</UL>
<BR>[Called By]<UL><LI><a href="#[70]">&gt;&gt;</a>&nbsp;&nbsp;&nbsp;PrintfLogo
</UL>

<P><STRONG><a name="[a1]"></a>__scatterload_copy</STRONG> (Thumb, 14 bytes, Stack size unknown bytes, handlers.o(i.__scatterload_copy), UNUSED)

<P><STRONG><a name="[a2]"></a>__scatterload_null</STRONG> (Thumb, 2 bytes, Stack size unknown bytes, handlers.o(i.__scatterload_null), UNUSED)

<P><STRONG><a name="[a3]"></a>__scatterload_zeroinit</STRONG> (Thumb, 14 bytes, Stack size unknown bytes, handlers.o(i.__scatterload_zeroinit), UNUSED)

<P><STRONG><a name="[83]"></a>bsp_Init</STRONG> (Thumb, 22 bytes, Stack size 8 bytes, bsp.o(i.bsp_Init))
<BR><BR>[Stack]<UL><LI>Max Depth = 88<LI>Call Chain = bsp_Init &rArr; bsp_InitUart &rArr; GPIO_Init
</UL>
<BR>[Calls]<UL><LI><a href="#[85]">&gt;&gt;</a>&nbsp;&nbsp;&nbsp;bsp_InitUart
<LI><a href="#[84]">&gt;&gt;</a>&nbsp;&nbsp;&nbsp;NVIC_PriorityGroupConfig
</UL>
<BR>[Called By]<UL><LI><a href="#[5c]">&gt;&gt;</a>&nbsp;&nbsp;&nbsp;main
</UL>

<P><STRONG><a name="[86]"></a>bsp_InitLed</STRONG> (Thumb, 64 bytes, Stack size 24 bytes, bsp_led.o(i.bsp_InitLed), UNUSED)
<BR><BR>[Calls]<UL><LI><a href="#[88]">&gt;&gt;</a>&nbsp;&nbsp;&nbsp;GPIO_StructInit
<LI><a href="#[8a]">&gt;&gt;</a>&nbsp;&nbsp;&nbsp;GPIO_ResetBits
<LI><a href="#[89]">&gt;&gt;</a>&nbsp;&nbsp;&nbsp;GPIO_Init
<LI><a href="#[87]">&gt;&gt;</a>&nbsp;&nbsp;&nbsp;RCC_AHB1PeriphClockCmd
</UL>

<P><STRONG><a name="[85]"></a>bsp_InitUart</STRONG> (Thumb, 212 bytes, Stack size 56 bytes, bsp_uart.o(i.bsp_InitUart))
<BR><BR>[Stack]<UL><LI>Max Depth = 80<LI>Call Chain = bsp_InitUart &rArr; GPIO_Init
</UL>
<BR>[Calls]<UL><LI><a href="#[8c]">&gt;&gt;</a>&nbsp;&nbsp;&nbsp;GPIO_PinAFConfig
<LI><a href="#[89]">&gt;&gt;</a>&nbsp;&nbsp;&nbsp;GPIO_Init
<LI><a href="#[8b]">&gt;&gt;</a>&nbsp;&nbsp;&nbsp;RCC_APB2PeriphClockCmd
<LI><a href="#[8d]">&gt;&gt;</a>&nbsp;&nbsp;&nbsp;RCC_GetClocksFreq
<LI><a href="#[87]">&gt;&gt;</a>&nbsp;&nbsp;&nbsp;RCC_AHB1PeriphClockCmd
<LI><a href="#[8e]">&gt;&gt;</a>&nbsp;&nbsp;&nbsp;USART_Init
<LI><a href="#[8f]">&gt;&gt;</a>&nbsp;&nbsp;&nbsp;USART_Cmd
<LI><a href="#[90]">&gt;&gt;</a>&nbsp;&nbsp;&nbsp;USART_ClearFlag
</UL>
<BR>[Called By]<UL><LI><a href="#[83]">&gt;&gt;</a>&nbsp;&nbsp;&nbsp;bsp_Init
</UL>

<P><STRONG><a name="[5f]"></a>fputc</STRONG> (Thumb, 38 bytes, Stack size 16 bytes, bsp_printf.o(i.fputc))
<BR><BR>[Stack]<UL><LI>Max Depth = 16<LI>Call Chain = fputc
</UL>
<BR>[Calls]<UL><LI><a href="#[91]">&gt;&gt;</a>&nbsp;&nbsp;&nbsp;USART_SendData
<LI><a href="#[92]">&gt;&gt;</a>&nbsp;&nbsp;&nbsp;USART_GetITStatus
<LI><a href="#[90]">&gt;&gt;</a>&nbsp;&nbsp;&nbsp;USART_ClearFlag
</UL>
<BR>[Address Reference Count : 1]<UL><LI> printf8.o(i.__0printf$8)
</UL>
<P><STRONG><a name="[5c]"></a>main</STRONG> (Thumb, 56 bytes, Stack size 0 bytes, main.o(i.main))
<BR><BR>[Stack]<UL><LI>Max Depth = 88<LI>Call Chain = main &rArr; bsp_Init &rArr; bsp_InitUart &rArr; GPIO_Init
</UL>
<BR>[Calls]<UL><LI><a href="#[74]">&gt;&gt;</a>&nbsp;&nbsp;&nbsp;RCC_GetFlagStatus
<LI><a href="#[94]">&gt;&gt;</a>&nbsp;&nbsp;&nbsp;RCC_ClearFlag
<LI><a href="#[83]">&gt;&gt;</a>&nbsp;&nbsp;&nbsp;bsp_Init
<LI><a href="#[95]">&gt;&gt;</a>&nbsp;&nbsp;&nbsp;IWDG_Feed
<LI><a href="#[6a]">&gt;&gt;</a>&nbsp;&nbsp;&nbsp;IWDG_Config
<LI><a href="#[72]">&gt;&gt;</a>&nbsp;&nbsp;&nbsp;SYS_Configuration
<LI><a href="#[93]">&gt;&gt;</a>&nbsp;&nbsp;&nbsp;Delay
<LI><a href="#[70]">&gt;&gt;</a>&nbsp;&nbsp;&nbsp;PrintfLogo
</UL>
<BR>[Address Reference Count : 1]<UL><LI> entry9a.o(.ARM.Collect$$$$0000000B)
</UL><P>
<H3>
Local Symbols
</H3>
<P><STRONG><a name="[70]"></a>PrintfLogo</STRONG> (Thumb, 36 bytes, Stack size 8 bytes, main.o(i.PrintfLogo))
<BR><BR>[Stack]<UL><LI>Max Depth = 32<LI>Call Chain = PrintfLogo &rArr; __2printf
</UL>
<BR>[Calls]<UL><LI><a href="#[71]">&gt;&gt;</a>&nbsp;&nbsp;&nbsp;__2printf
</UL>
<BR>[Called By]<UL><LI><a href="#[5c]">&gt;&gt;</a>&nbsp;&nbsp;&nbsp;main
</UL>

<P><STRONG><a name="[80]"></a>_printf_core</STRONG> (Thumb, 984 bytes, Stack size 104 bytes, printf8.o(i._printf_core), UNUSED)
<BR><BR>[Calls]<UL><LI><a href="#[62]">&gt;&gt;</a>&nbsp;&nbsp;&nbsp;__aeabi_uldivmod
<LI><a href="#[81]">&gt;&gt;</a>&nbsp;&nbsp;&nbsp;_printf_pre_padding
<LI><a href="#[82]">&gt;&gt;</a>&nbsp;&nbsp;&nbsp;_printf_post_padding
</UL>
<BR>[Called By]<UL><LI><a href="#[7f]">&gt;&gt;</a>&nbsp;&nbsp;&nbsp;__0printf$8
</UL>

<P><STRONG><a name="[82]"></a>_printf_post_padding</STRONG> (Thumb, 36 bytes, Stack size 24 bytes, printf8.o(i._printf_post_padding), UNUSED)
<BR><BR>[Called By]<UL><LI><a href="#[80]">&gt;&gt;</a>&nbsp;&nbsp;&nbsp;_printf_core
</UL>

<P><STRONG><a name="[81]"></a>_printf_pre_padding</STRONG> (Thumb, 46 bytes, Stack size 24 bytes, printf8.o(i._printf_pre_padding), UNUSED)
<BR><BR>[Called By]<UL><LI><a href="#[80]">&gt;&gt;</a>&nbsp;&nbsp;&nbsp;_printf_core
</UL>
<P>
<H3>
Undefined Global Symbols
</H3><HR></body></html>
