<html>
<body>
<pre>
<h1>µVision Build Log</h1>
<h2>Tool Versions:</h2>
IDE-Version: ¦ÌVision V5.36.0.0
Copyright (C) 2021 ARM Ltd and ARM Germany GmbH. All rights reserved.
License Information: hc hc, hc, LIC=76F5U-S3L68-IIU5V-PS945-F28WW-H7L2G
 
Tool Versions:
Toolchain:       MDK-ARM Plus  Version: 5.36.0.0
Toolchain Path:  C:\Tools\Keil\Keil_MDK536\ARM\ARMCC\Bin
C Compiler:      Armcc.exe V5.06 update 7 (build 960)
Assembler:       Armasm.exe V5.06 update 7 (build 960)
Linker/Locator:  ArmLink.exe V5.06 update 7 (build 960)
Library Manager: ArmAr.exe V5.06 update 7 (build 960)
Hex Converter:   FromElf.exe V5.06 update 7 (build 960)
CPU DLL:         SARMCM3.DLL V5.36.0.0
Dialog DLL:      DCM.DLL V1.17.3.0
Target DLL:      CMSIS_AGDI.dll V1.33.0.0
Dialog DLL:      TCM.DLL V1.53.0.0
 
<h2>Project:</h2>
D:\202404\ARM\HC32F401\Demo\GPIO_KEY\Project\MDK\Project.uvprojx
Project File Date:  05/13/2026

<h2>Output:</h2>
*** Using Compiler 'V5.06 update 7 (build 960)', folder: 'C:\Tools\Keil\Keil_MDK536\ARM\ARMCC\Bin'
Build target 'GPIO'
compiling bsp.c...
compiling bsp_led.c...
compiling bsp_key.c...
compiling main.c...
compiling hc32f4xx_it.c...
linking...
Program Size: Code=1016 RO-data=424 RW-data=4 ZI-data=1028  
FromELF: creating hex file...
"..\..\Output\Project.axf" - 0 Error(s), 0 Warning(s).

<h2>Software Packages used:</h2>

Package Vendor: Holychip
                
                Holychip.HC32F4XX.1.0.4
                HC32 ARM Cortex-M4 Device Family Pack

<h2>Collection of Component include folders:</h2>
  C:\Tools\Keil\Keil_MDK536\ARM\PACK\HolyChip\HC32F4XX\1.0.4\Device\CMSIS\Device\Holychip\HC32F401\Include

<h2>Collection of Component Files used:</h2>
Build Time Elapsed:  00:00:02
</pre>
</body>
</html>
