Component: ARM Compiler 5.06 update 7 (build 960) Tool: armlink [4d3601]

==============================================================================

Section Cross References

    startup_hc32f40_41xxx.o(RESET) refers to startup_hc32f40_41xxx.o(STACK) for __initial_sp
    startup_hc32f40_41xxx.o(RESET) refers to startup_hc32f40_41xxx.o(.text) for Reset_Handler
    startup_hc32f40_41xxx.o(RESET) refers to hc32f4xx_it.o(.text) for NMI_Handler
    startup_hc32f40_41xxx.o(RESET) refers to core_portme.o(.text) for SysTick_Handler
    startup_hc32f40_41xxx.o(.text) refers to entry.o(.ARM.Collect$$$$00000000) for __main
    hc32f4xx_adc.o(.text) refers to hc32f4xx_rcc.o(.text) for RCC_APB2PeriphResetCmd
    hc32f4xx_canfd.o(.text) refers to hc32f4xx_rcc.o(.text) for RCC_APB1PeriphResetCmd
    hc32f4xx_canfd.o(.text) refers to memcpya.o(.text) for __aeabi_memcpy4
    hc32f4xx_dac.o(.text) refers to hc32f4xx_rcc.o(.text) for RCC_APB1PeriphResetCmd
    hc32f4xx_fda.o(.text) refers to hc32f4xx_rcc.o(.text) for RCC_APB2PeriphClockCmd
    hc32f4xx_fda.o(.text) refers to hc32f4xx_fda.o(.data) for .data
    hc32f4xx_gpio.o(.text) refers to hc32f4xx_rcc.o(.text) for RCC_AHB1PeriphResetCmd
    hc32f4xx_i2c.o(.text) refers to hc32f4xx_rcc.o(.text) for RCC_APB1PeriphResetCmd
    hc32f4xx_i2s.o(.text) refers to hc32f4xx_rcc.o(.text) for RCC_APB1PeriphResetCmd
    hc32f4xx_mou.o(.text) refers to hc32f4xx_rcc.o(.text) for RCC_AHB2PeriphResetCmd
    hc32f4xx_mou.o(.text) refers to memseta.o(.text) for __aeabi_memclr4
    hc32f4xx_pwr.o(.text) refers to hc32f4xx_rcc.o(.text) for RCC_APB1PeriphResetCmd
    hc32f4xx_rcc.o(.text) refers to hc32f4xx_rcc.o(.data) for .data
    hc32f4xx_spi.o(.text) refers to hc32f4xx_rcc.o(.text) for RCC_APB1PeriphResetCmd
    hc32f4xx_syscfg.o(.text) refers to hc32f4xx_rcc.o(.text) for RCC_APB2PeriphResetCmd
    hc32f4xx_tim.o(.text) refers to hc32f4xx_rcc.o(.text) for RCC_APB2PeriphResetCmd
    hc32f4xx_tim10.o(.text) refers to hc32f4xx_rcc.o(.text) for RCC_APB2PeriphResetCmd
    hc32f4xx_usart.o(.text) refers to hc32f4xx_rcc.o(.text) for RCC_APB1PeriphResetCmd
    hc32f4xx_vc.o(.text) refers to hc32f4xx_rcc.o(.text) for RCC_APB2PeriphResetCmd
    hc32f4xx_wwdg.o(.text) refers to hc32f4xx_rcc.o(.text) for RCC_APB1PeriphClockCmd
    bsp_uart.o(.text) refers to hc32f4xx_rcc.o(.text) for RCC_AHB1PeriphClockCmd
    bsp_uart.o(.text) refers to hc32f4xx_gpio.o(.text) for GPIO_PinAFConfig
    bsp_uart.o(.text) refers to hc32f4xx_usart.o(.text) for USART_Init
    bsp_printf.o(.text) refers to hc32f4xx_usart.o(.text) for USART_SendData
    core_list_join.o(.text) refers to core_util.o(.text) for crcu16
    core_list_join.o(.text) refers to core_state.o(.text) for core_bench_state
    core_list_join.o(.text) refers to core_matrix.o(.text) for core_bench_matrix
    core_main.o(.text) refers to core_list_join.o(.text) for core_bench_list
    core_main.o(.text) refers to core_util.o(.text) for crcu16
    core_main.o(.text) refers to core_portme.o(.text) for portable_init
    core_main.o(.text) refers to core_matrix.o(.text) for core_init_matrix
    core_main.o(.text) refers to core_state.o(.text) for core_init_state
    core_main.o(.text) refers to cdcmple.o(.text) for __aeabi_cdcmple
    core_main.o(.text) refers to dfixui.o(.text) for __aeabi_d2uiz
    core_main.o(.text) refers to printfa.o(i.__0printf) for __2printf
    core_main.o(.text) refers to cdrcmple.o(.text) for __aeabi_cdrcmple
    core_main.o(.text) refers to dfltui.o(.text) for __aeabi_ui2d
    core_main.o(.text) refers to ddiv.o(.text) for __aeabi_ddiv
    core_main.o(.text) refers to core_portme.o(.data) for default_num_contexts
    core_main.o(.text) refers to core_main.o(.data) for .data
    core_main.o(.text) refers to core_main.o(.conststring) for .conststring
    core_main.o(.data) refers to core_main.o(.conststring) for .conststring
    core_matrix.o(.text) refers to core_util.o(.text) for crc16
    core_portme.o(.text) refers to dfltui.o(.text) for __aeabi_ui2d
    core_portme.o(.text) refers to ddiv.o(.text) for __aeabi_ddiv
    core_portme.o(.text) refers to hc32f4xx_rcc.o(.text) for RCC_HSEConfig
    core_portme.o(.text) refers to misc.o(.text) for NVIC_PriorityGroupConfig
    core_portme.o(.text) refers to hc32f4xx_flash.o(.text) for FLASH_Unlock
    core_portme.o(.text) refers to bsp_uart.o(.text) for bsp_InitUart
    core_portme.o(.text) refers to printfa.o(i.__0printf) for __2printf
    core_portme.o(.text) refers to core_portme.o(.data) for .data
    core_portme.o(.text) refers to system_hc32f4xx.o(.data) for SystemCoreClock
    core_state.o(.text) refers to core_util.o(.text) for crcu32
    core_state.o(.text) refers to core_state.o(.data) for .data
    core_state.o(.data) refers to core_state.o(.conststring) for .conststring
    core_util.o(.text) refers to core_portme.o(.data) for seed1_volatile
    core_util.o(.text) refers to core_portme.o(.data) for seed2_volatile
[...]
    printfb.o(i.__0printf$bare) refers to bsp_printf.o(.text) for fputc
    printfb.o(i.__0printf$bare) refers to stdout.o(.data) for __stdout
    printfb.o(i.__0snprintf$bare) refers to printfb.o(i._printf_core) for _printf_core
    printfb.o(i.__0snprintf$bare) refers to printfb.o(i._snputc) for _snputc
    printfb.o(i.__0sprintf$bare) refers to printfb.o(i._printf_core) for _printf_core
    printfb.o(i.__0sprintf$bare) refers to printfb.o(i._sputc) for _sputc
    printfb.o(i.__0vfprintf$bare) refers to printfb.o(i._printf_core) for _printf_core
    printfb.o(i.__0vfprintf$bare) refers to bsp_printf.o(.text) for fputc
    printfb.o(i.__0vprintf$bare) refers to printfb.o(i._printf_core) for _printf_core
    printfb.o(i.__0vprintf$bare) refers to bsp_printf.o(.text) for fputc
    printfb.o(i.__0vprintf$bare) refers to stdout.o(.data) for __stdout
    printfb.o(i.__0vsnprintf$bare) refers to printfb.o(i._printf_core) for _printf_core
    printfb.o(i.__0vsnprintf$bare) refers to printfb.o(i._snputc) for _snputc
    printfb.o(i.__0vsprintf$bare) refers to printfb.o(i._printf_core) for _printf_core
    printfb.o(i.__0vsprintf$bare) refers to printfb.o(i._sputc) for _sputc
    printf0.o(i.__0fprintf$0) refers to printf0.o(i._printf_core) for _printf_core
    printf0.o(i.__0fprintf$0) refers to bsp_printf.o(.text) for fputc
    printf0.o(i.__0printf$0) refers to printf0.o(i._printf_core) for _printf_core
    printf0.o(i.__0printf$0) refers to bsp_printf.o(.text) for fputc
    printf0.o(i.__0printf$0) refers to stdout.o(.data) for __stdout
    printf0.o(i.__0snprintf$0) refers to printf0.o(i._printf_core) for _printf_core
    printf0.o(i.__0snprintf$0) refers to printf0.o(i._snputc) for _snputc
    printf0.o(i.__0sprintf$0) refers to printf0.o(i._printf_core) for _printf_core
    printf0.o(i.__0sprintf$0) refers to printf0.o(i._sputc) for _sputc
    printf0.o(i.__0vfprintf$0) refers to printf0.o(i._printf_core) for _printf_core
    printf0.o(i.__0vfprintf$0) refers to bsp_printf.o(.text) for fputc
    printf0.o(i.__0vprintf$0) refers to printf0.o(i._printf_core) for _printf_core
    printf0.o(i.__0vprintf$0) refers to bsp_printf.o(.text) for fputc
    printf0.o(i.__0vprintf$0) refers to stdout.o(.data) for __stdout
    printf0.o(i.__0vsnprintf$0) refers to printf0.o(i._printf_core) for _printf_core
    printf0.o(i.__0vsnprintf$0) refers to printf0.o(i._snputc) for _snputc
    printf0.o(i.__0vsprintf$0) refers to printf0.o(i._printf_core) for _printf_core
    printf0.o(i.__0vsprintf$0) refers to printf0.o(i._sputc) for _sputc
    printf1.o(i.__0fprintf$1) refers to printf1.o(i._printf_core) for _printf_core
    printf1.o(i.__0fprintf$1) refers to bsp_printf.o(.text) for fputc
    printf1.o(i.__0printf$1) refers to printf1.o(i._printf_core) for _printf_core
    printf1.o(i.__0printf$1) refers to bsp_printf.o(.text) for fputc
    printf1.o(i.__0printf$1) refers to stdout.o(.data) for __stdout
    printf1.o(i.__0snprintf$1) refers to printf1.o(i._printf_core) for _printf_core
    printf1.o(i.__0snprintf$1) refers to printf1.o(i._snputc) for _snputc
    printf1.o(i.__0sprintf$1) refers to printf1.o(i._printf_core) for _printf_core
    printf1.o(i.__0sprintf$1) refers to printf1.o(i._sputc) for _sputc
    printf1.o(i.__0vfprintf$1) refers to printf1.o(i._printf_core) for _printf_core
    printf1.o(i.__0vfprintf$1) refers to bsp_printf.o(.text) for fputc
    printf1.o(i.__0vprintf$1) refers to printf1.o(i._printf_core) for _printf_core
    printf1.o(i.__0vprintf$1) refers to bsp_printf.o(.text) for fputc
    printf1.o(i.__0vprintf$1) refers to stdout.o(.data) for __stdout
    printf1.o(i.__0vsnprintf$1) refers to printf1.o(i._printf_core) for _printf_core
    printf1.o(i.__0vsnprintf$1) refers to printf1.o(i._snputc) for _snputc
    printf1.o(i.__0vsprintf$1) refers to printf1.o(i._printf_core) for _printf_core
    printf1.o(i.__0vsprintf$1) refers to printf1.o(i._sputc) for _sputc
    printf1.o(i._printf_core) refers to uidiv.o(.text) for __aeabi_uidivmod
    printf2.o(i.__0fprintf$2) refers to printf2.o(i._printf_core) for _printf_core
    printf2.o(i.__0fprintf$2) refers to bsp_printf.o(.text) for fputc
    printf2.o(i.__0printf$2) refers to printf2.o(i._printf_core) for _printf_core
    printf2.o(i.__0printf$2) refers to bsp_printf.o(.text) for fputc
    printf2.o(i.__0printf$2) refers to stdout.o(.data) for __stdout
    printf2.o(i.__0snprintf$2) refers to printf2.o(i._printf_core) for _printf_core
    printf2.o(i.__0snprintf$2) refers to printf2.o(i._snputc) for _snputc
    printf2.o(i.__0sprintf$2) refers to printf2.o(i._printf_core) for _printf_core
    printf2.o(i.__0sprintf$2) refers to printf2.o(i._sputc) for _sputc
    printf2.o(i.__0vfprintf$2) refers to printf2.o(i._printf_core) for _printf_core
    printf2.o(i.__0vfprintf$2) refers to bsp_printf.o(.text) for fputc
    printf2.o(i.__0vprintf$2) refers to printf2.o(i._printf_core) for _printf_core
    printf2.o(i.__0vprintf$2) refers to bsp_printf.o(.text) for fputc
    printf2.o(i.__0vprintf$2) refers to stdout.o(.data) for __stdout
    printf2.o(i.__0vsnprintf$2) refers to printf2.o(i._printf_core) for _printf_core
    printf2.o(i.__0vsnprintf$2) refers to printf2.o(i._snputc) for _snputc
    printf2.o(i.__0vsprintf$2) refers to printf2.o(i._printf_core) for _printf_core
    printf2.o(i.__0vsprintf$2) refers to printf2.o(i._sputc) for _sputc
    printf3.o(i.__0fprintf$3) refers to printf3.o(i._printf_core) for _printf_core
    printf3.o(i.__0fprintf$3) refers to bsp_printf.o(.text) for fputc
    printf3.o(i.__0printf$3) refers to printf3.o(i._printf_core) for _printf_core
    printf3.o(i.__0printf$3) refers to bsp_printf.o(.text) for fputc
    printf3.o(i.__0printf$3) refers to stdout.o(.data) for __stdout
    printf3.o(i.__0snprintf$3) refers to printf3.o(i._printf_core) for _printf_core
    printf3.o(i.__0snprintf$3) refers to printf3.o(i._snputc) for _snputc
    printf3.o(i.__0sprintf$3) refers to printf3.o(i._printf_core) for _printf_core
    printf3.o(i.__0sprintf$3) refers to printf3.o(i._sputc) for _sputc
    printf3.o(i.__0vfprintf$3) refers to printf3.o(i._printf_core) for _printf_core
    printf3.o(i.__0vfprintf$3) refers to bsp_printf.o(.text) for fputc
    printf3.o(i.__0vprintf$3) refers to printf3.o(i._printf_core) for _printf_core
    printf3.o(i.__0vprintf$3) refers to bsp_printf.o(.text) for fputc
    printf3.o(i.__0vprintf$3) refers to stdout.o(.data) for __stdout
    printf3.o(i.__0vsnprintf$3) refers to printf3.o(i._printf_core) for _printf_core
    printf3.o(i.__0vsnprintf$3) refers to printf3.o(i._snputc) for _snputc
    printf3.o(i.__0vsprintf$3) refers to printf3.o(i._printf_core) for _printf_core
    printf3.o(i.__0vsprintf$3) refers to printf3.o(i._sputc) for _sputc
    printf3.o(i._printf_core) refers to uidiv.o(.text) for __aeabi_uidivmod
    printf4.o(i.__0fprintf$4) refers to printf4.o(i._printf_core) for _printf_core
    printf4.o(i.__0fprintf$4) refers to bsp_printf.o(.text) for fputc
    printf4.o(i.__0printf$4) refers to printf4.o(i._printf_core) for _printf_core
    printf4.o(i.__0printf$4) refers to bsp_printf.o(.text) for fputc
    printf4.o(i.__0printf$4) refers to stdout.o(.data) for __stdout
    printf4.o(i.__0snprintf$4) refers to printf4.o(i._printf_core) for _printf_core
    printf4.o(i.__0snprintf$4) refers to printf4.o(i._snputc) for _snputc
    printf4.o(i.__0sprintf$4) refers to printf4.o(i._printf_core) for _printf_core
    printf4.o(i.__0sprintf$4) refers to printf4.o(i._sputc) for _sputc
    printf4.o(i.__0vfprintf$4) refers to printf4.o(i._printf_core) for _printf_core
    printf4.o(i.__0vfprintf$4) refers to bsp_printf.o(.text) for fputc
    printf4.o(i.__0vprintf$4) refers to printf4.o(i._printf_core) for _printf_core
    printf4.o(i.__0vprintf$4) refers to bsp_printf.o(.text) for fputc
    printf4.o(i.__0vprintf$4) refers to stdout.o(.data) for __stdout
    printf4.o(i.__0vsnprintf$4) refers to printf4.o(i._printf_core) for _printf_core
    printf4.o(i.__0vsnprintf$4) refers to printf4.o(i._snputc) for _snputc
    printf4.o(i.__0vsprintf$4) refers to printf4.o(i._printf_core) for _printf_core
    printf4.o(i.__0vsprintf$4) refers to printf4.o(i._sputc) for _sputc
    printf4.o(i._printf_core) refers to uldiv.o(.text) for __aeabi_uldivmod
    printf5.o(i.__0fprintf$5) refers to printf5.o(i._printf_core) for _printf_core
    printf5.o(i.__0fprintf$5) refers to bsp_printf.o(.text) for fputc
    printf5.o(i.__0printf$5) refers to printf5.o(i._printf_core) for _printf_core
    printf5.o(i.__0printf$5) refers to bsp_printf.o(.text) for fputc
    printf5.o(i.__0printf$5) refers to stdout.o(.data) for __stdout
    printf5.o(i.__0snprintf$5) refers to printf5.o(i._printf_core) for _printf_core
    printf5.o(i.__0snprintf$5) refers to printf5.o(i._snputc) for _snputc
    printf5.o(i.__0sprintf$5) refers to printf5.o(i._printf_core) for _printf_core
    printf5.o(i.__0sprintf$5) refers to printf5.o(i._sputc) for _sputc
    printf5.o(i.__0vfprintf$5) refers to printf5.o(i._printf_core) for _printf_core
    printf5.o(i.__0vfprintf$5) refers to bsp_printf.o(.text) for fputc
    printf5.o(i.__0vprintf$5) refers to printf5.o(i._printf_core) for _printf_core
    printf5.o(i.__0vprintf$5) refers to bsp_printf.o(.text) for fputc
    printf5.o(i.__0vprintf$5) refers to stdout.o(.data) for __stdout
    printf5.o(i.__0vsnprintf$5) refers to printf5.o(i._printf_core) for _printf_core
    printf5.o(i.__0vsnprintf$5) refers to printf5.o(i._snputc) for _snputc
    printf5.o(i.__0vsprintf$5) refers to printf5.o(i._printf_core) for _printf_core
    printf5.o(i.__0vsprintf$5) refers to printf5.o(i._sputc) for _sputc
    printf5.o(i._printf_core) refers to uldiv.o(.text) for __aeabi_uldivmod
    printf6.o(i.__0fprintf$6) refers to printf6.o(i._printf_core) for _printf_core
    printf6.o(i.__0fprintf$6) refers to bsp_printf.o(.text) for fputc
    printf6.o(i.__0printf$6) refers to printf6.o(i._printf_core) for _printf_core
    printf6.o(i.__0printf$6) refers to bsp_printf.o(.text) for fputc
    printf6.o(i.__0printf$6) refers to stdout.o(.data) for __stdout
    printf6.o(i.__0snprintf$6) refers to printf6.o(i._printf_core) for _printf_core
    printf6.o(i.__0snprintf$6) refers to printf6.o(i._snputc) for _snputc
    printf6.o(i.__0sprintf$6) refers to printf6.o(i._printf_core) for _printf_core
    printf6.o(i.__0sprintf$6) refers to printf6.o(i._sputc) for _sputc
    printf6.o(i.__0vfprintf$6) refers to printf6.o(i._printf_core) for _printf_core
    printf6.o(i.__0vfprintf$6) refers to bsp_printf.o(.text) for fputc
    printf6.o(i.__0vprintf$6) refers to printf6.o(i._printf_core) for _printf_core
    printf6.o(i.__0vprintf$6) refers to bsp_printf.o(.text) for fputc
    printf6.o(i.__0vprintf$6) refers to stdout.o(.data) for __stdout
    printf6.o(i.__0vsnprintf$6) refers to printf6.o(i._printf_core) for _printf_core
    printf6.o(i.__0vsnprintf$6) refers to printf6.o(i._snputc) for _snputc
    printf6.o(i.__0vsprintf$6) refers to printf6.o(i._printf_core) for _printf_core
    printf6.o(i.__0vsprintf$6) refers to printf6.o(i._sputc) for _sputc
    printf6.o(i._printf_core) refers to printf6.o(i._printf_pre_padding) for _printf_pre_padding
    printf6.o(i._printf_core) refers to uidiv.o(.text) for __aeabi_uidivmod
    printf6.o(i._printf_core) refers to printf6.o(i._printf_post_padding) for _printf_post_padding
    printf7.o(i.__0fprintf$7) refers to printf7.o(i._printf_core) for _printf_core
    printf7.o(i.__0fprintf$7) refers to bsp_printf.o(.text) for fputc
    printf7.o(i.__0printf$7) refers to printf7.o(i._printf_core) for _printf_core
    printf7.o(i.__0printf$7) refers to bsp_printf.o(.text) for fputc
    printf7.o(i.__0printf$7) refers to stdout.o(.data) for __stdout
    printf7.o(i.__0snprintf$7) refers to printf7.o(i._printf_core) for _printf_core
    printf7.o(i.__0snprintf$7) refers to printf7.o(i._snputc) for _snputc
    printf7.o(i.__0sprintf$7) refers to printf7.o(i._printf_core) for _printf_core
    printf7.o(i.__0sprintf$7) refers to printf7.o(i._sputc) for _sputc
    printf7.o(i.__0vfprintf$7) refers to printf7.o(i._printf_core) for _printf_core
    printf7.o(i.__0vfprintf$7) refers to bsp_printf.o(.text) for fputc
    printf7.o(i.__0vprintf$7) refers to printf7.o(i._printf_core) for _printf_core
    printf7.o(i.__0vprintf$7) refers to bsp_printf.o(.text) for fputc
    printf7.o(i.__0vprintf$7) refers to stdout.o(.data) for __stdout
    printf7.o(i.__0vsnprintf$7) refers to printf7.o(i._printf_core) for _printf_core
    printf7.o(i.__0vsnprintf$7) refers to printf7.o(i._snputc) for _snputc
    printf7.o(i.__0vsprintf$7) refers to printf7.o(i._printf_core) for _printf_core
    printf7.o(i.__0vsprintf$7) refers to printf7.o(i._sputc) for _sputc
    printf7.o(i._printf_core) refers to printf7.o(i._printf_pre_padding) for _printf_pre_padding
    printf7.o(i._printf_core) refers to uldiv.o(.text) for __aeabi_uldivmod
    printf7.o(i._printf_core) refers to printf7.o(i._printf_post_padding) for _printf_post_padding
    printf8.o(i.__0fprintf$8) refers to printf8.o(i._printf_core) for _printf_core
    printf8.o(i.__0fprintf$8) refers to bsp_printf.o(.text) for fputc
    printf8.o(i.__0printf$8) refers to printf8.o(i._printf_core) for _printf_core
    printf8.o(i.__0printf$8) refers to bsp_printf.o(.text) for fputc
    printf8.o(i.__0printf$8) refers to stdout.o(.data) for __stdout
    printf8.o(i.__0snprintf$8) refers to printf8.o(i._printf_core) for _printf_core
    printf8.o(i.__0snprintf$8) refers to printf8.o(i._snputc) for _snputc
    printf8.o(i.__0sprintf$8) refers to printf8.o(i._printf_core) for _printf_core
    printf8.o(i.__0sprintf$8) refers to printf8.o(i._sputc) for _sputc
    printf8.o(i.__0vfprintf$8) refers to printf8.o(i._printf_core) for _printf_core
    printf8.o(i.__0vfprintf$8) refers to bsp_printf.o(.text) for fputc
    printf8.o(i.__0vprintf$8) refers to printf8.o(i._printf_core) for _printf_core
    printf8.o(i.__0vprintf$8) refers to bsp_printf.o(.text) for fputc
    printf8.o(i.__0vprintf$8) refers to stdout.o(.data) for __stdout
    printf8.o(i.__0vsnprintf$8) refers to printf8.o(i._printf_core) for _printf_core
    printf8.o(i.__0vsnprintf$8) refers to printf8.o(i._snputc) for _snputc
    printf8.o(i.__0vsprintf$8) refers to printf8.o(i._printf_core) for _printf_core
    printf8.o(i.__0vsprintf$8) refers to printf8.o(i._sputc) for _sputc
    printf8.o(i._printf_core) refers to printf8.o(i._printf_pre_padding) for _printf_pre_padding
    printf8.o(i._printf_core) refers to uldiv.o(.text) for __aeabi_uldivmod
    printf8.o(i._printf_core) refers to printf8.o(i._printf_post_padding) for _printf_post_padding
    printfa.o(i.__0fprintf) refers (Special) to iusefp.o(.text) for __I$use$fp
    printfa.o(i.__0fprintf) refers to printfa.o(i._printf_core) for _printf_core
    printfa.o(i.__0fprintf) refers to bsp_printf.o(.text) for fputc
    printfa.o(i.__0printf) refers (Special) to iusefp.o(.text) for __I$use$fp
    printfa.o(i.__0printf) refers to printfa.o(i._printf_core) for _printf_core
    printfa.o(i.__0printf) refers to bsp_printf.o(.text) for fputc
    printfa.o(i.__0printf) refers to stdout.o(.data) for __stdout
    printfa.o(i.__0snprintf) refers (Special) to iusefp.o(.text) for __I$use$fp
    printfa.o(i.__0snprintf) refers to printfa.o(i._printf_core) for _printf_core
    printfa.o(i.__0snprintf) refers to printfa.o(i._snputc) for _snputc
    printfa.o(i.__0sprintf) refers (Special) to iusefp.o(.text) for __I$use$fp
    printfa.o(i.__0sprintf) refers to printfa.o(i._printf_core) for _printf_core
    printfa.o(i.__0sprintf) refers to printfa.o(i._sputc) for _sputc
    printfa.o(i.__0vfprintf) refers (Special) to iusefp.o(.text) for __I$use$fp
    printfa.o(i.__0vfprintf) refers to printfa.o(i._printf_core) for _printf_core
    printfa.o(i.__0vfprintf) refers to bsp_printf.o(.text) for fputc
    printfa.o(i.__0vprintf) refers (Special) to iusefp.o(.text) for __I$use$fp
    printfa.o(i.__0vprintf) refers to printfa.o(i._printf_core) for _printf_core
    printfa.o(i.__0vprintf) refers to bsp_printf.o(.text) for fputc
    printfa.o(i.__0vprintf) refers to stdout.o(.data) for __stdout
    printfa.o(i.__0vsnprintf) refers (Special) to iusefp.o(.text) for __I$use$fp
    printfa.o(i.__0vsnprintf) refers to printfa.o(i._printf_core) for _printf_core
    printfa.o(i.__0vsnprintf) refers to printfa.o(i._snputc) for _snputc
    printfa.o(i.__0vsprintf) refers (Special) to iusefp.o(.text) for __I$use$fp
    printfa.o(i.__0vsprintf) refers to printfa.o(i._printf_core) for _printf_core
    printfa.o(i.__0vsprintf) refers to printfa.o(i._sputc) for _sputc
    printfa.o(i._fp_digits) refers (Special) to iusefp.o(.text) for __I$use$fp
    printfa.o(i._fp_digits) refers to dmul.o(.text) for __aeabi_dmul
    printfa.o(i._fp_digits) refers to ddiv.o(.text) for __aeabi_ddiv
    printfa.o(i._fp_digits) refers to cdrcmple.o(.text) for __aeabi_cdrcmple
    printfa.o(i._fp_digits) refers to dadd.o(.text) for __aeabi_dadd
    printfa.o(i._fp_digits) refers to dfixul.o(.text) for __aeabi_d2ulz
    printfa.o(i._fp_digits) refers to uldiv.o(.text) for __aeabi_uldivmod
    printfa.o(i._printf_core) refers (Special) to iusefp.o(.text) for __I$use$fp
    printfa.o(i._printf_core) refers to printfa.o(i._printf_pre_padding) for _printf_pre_padding
    printfa.o(i._printf_core) refers to uldiv.o(.text) for __aeabi_uldivmod
    printfa.o(i._printf_core) refers to printfa.o(i._printf_post_padding) for _printf_post_padding
    printfa.o(i._printf_core) refers to printfa.o(i._fp_digits) for _fp_digits
    printfa.o(i._printf_core) refers to uidiv.o(.text) for __aeabi_uidivmod
    printfa.o(i._printf_post_padding) refers (Special) to iusefp.o(.text) for __I$use$fp
    printfa.o(i._printf_pre_padding) refers (Special) to iusefp.o(.text) for __I$use$fp
    printfa.o(i._snputc) refers (Special) to iusefp.o(.text) for __I$use$fp
    printfa.o(i._sputc) refers (Special) to iusefp.o(.text) for __I$use$fp
    ddiv.o(.text) refers (Special) to iusefp.o(.text) for __I$use$fp
    ddiv.o(.text) refers to depilogue.o(.text) for _double_round
    dfltui.o(.text) refers (Special) to iusefp.o(.text) for __I$use$fp
    dfltui.o(.text) refers to depilogue.o(.text) for _double_epilogue
    dfixui.o(.text) refers (Special) to iusefp.o(.text) for __I$use$fp
    dfixui.o(.text) refers to llushr.o(.text) for __aeabi_llsr
    cdcmple.o(.text) refers (Special) to iusefp.o(.text) for __I$use$fp
    cdrcmple.o(.text) refers (Special) to iusefp.o(.text) for __I$use$fp
    entry2.o(.ARM.Collect$$$$00000001) refers to entry2.o(.ARM.Collect$$$$00002712) for __lit__00000000
    entry2.o(.ARM.Collect$$$$00002712) refers to startup_hc32f40_41xxx.o(STACK) for __initial_sp
    entry2.o(__vectab_stack_and_reset_area) refers to startup_hc32f40_41xxx.o(STACK) for __initial_sp
    entry2.o(__vectab_stack_and_reset_area) refers to entry.o(.ARM.Collect$$$$00000000) for __main
    entry5.o(.ARM.Collect$$$$00000004) refers to init.o(.text) for __scatterload
    entry9a.o(.ARM.Collect$$$$0000000B) refers to core_main.o(.text) for main
    entry9b.o(.ARM.Collect$$$$0000000C) refers to core_main.o(.text) for main
    uldiv.o(.text) refers to llushr.o(.text) for __aeabi_llsr
    uldiv.o(.text) refers to llshl.o(.text) for __aeabi_llsl
    depilogue.o(.text) refers to llshl.o(.text) for __aeabi_llsl
    depilogue.o(.text) refers to llushr.o(.text) for __aeabi_llsr
    dadd.o(.text) refers to llshl.o(.text) for __aeabi_llsl
    dadd.o(.text) refers to llsshr.o(.text) for __aeabi_lasr
    dadd.o(.text) refers to depilogue.o(.text) for _double_epilogue
    dmul.o(.text) refers to depilogue.o(.text) for _double_epilogue
    dfixul.o(.text) refers to llushr.o(.text) for __aeabi_llsr
    dfixul.o(.text) refers to llshl.o(.text) for __aeabi_llsl
    init.o(.text) refers to entry5.o(.ARM.Collect$$$$00000004) for __main_after_scatterload


==============================================================================

Removing Unused input sections from the image.

    Removing startup_hc32f40_41xxx.o(HEAP), (0 bytes).
    Removing system_hc32f4xx.o(.rev16_text), (4 bytes).
    Removing system_hc32f4xx.o(.revsh_text), (4 bytes).
    Removing system_hc32f4xx.o(.rrx_text), (6 bytes).
    Removing system_hc32f4xx.o(.text), (2 bytes).
    Removing hc32f4xx_adc.o(.rev16_text), (4 bytes).
    Removing hc32f4xx_adc.o(.revsh_text), (4 bytes).
    Removing hc32f4xx_adc.o(.rrx_text), (6 bytes).
    Removing hc32f4xx_adc.o(.text), (564 bytes).
    Removing hc32f4xx_canfd.o(.rev16_text), (4 bytes).
    Removing hc32f4xx_canfd.o(.revsh_text), (4 bytes).
    Removing hc32f4xx_canfd.o(.rrx_text), (6 bytes).
    Removing hc32f4xx_canfd.o(.text), (1020 bytes).
    Removing hc32f4xx_crc.o(.rev16_text), (4 bytes).
    Removing hc32f4xx_crc.o(.revsh_text), (4 bytes).
    Removing hc32f4xx_crc.o(.rrx_text), (6 bytes).
    Removing hc32f4xx_crc.o(.text), (92 bytes).
    Removing hc32f4xx_dac.o(.rev16_text), (4 bytes).
    Removing hc32f4xx_dac.o(.revsh_text), (4 bytes).
    Removing hc32f4xx_dac.o(.rrx_text), (6 bytes).
    Removing hc32f4xx_dac.o(.text), (116 bytes).
    Removing hc32f4xx_dbgmcu.o(.rev16_text), (4 bytes).
    Removing hc32f4xx_dbgmcu.o(.revsh_text), (4 bytes).
    Removing hc32f4xx_dbgmcu.o(.rrx_text), (6 bytes).
    Removing hc32f4xx_dbgmcu.o(.text), (76 bytes).
    Removing hc32f4xx_dma.o(.rev16_text), (4 bytes).
    Removing hc32f4xx_dma.o(.revsh_text), (4 bytes).
    Removing hc32f4xx_dma.o(.rrx_text), (6 bytes).
    Removing hc32f4xx_dma.o(.text), (672 bytes).
    Removing hc32f4xx_exti.o(.rev16_text), (4 bytes).
    Removing hc32f4xx_exti.o(.revsh_text), (4 bytes).
    Removing hc32f4xx_exti.o(.rrx_text), (6 bytes).
    Removing hc32f4xx_exti.o(.text), (248 bytes).
    Removing hc32f4xx_fda.o(.rev16_text), (4 bytes).
    Removing hc32f4xx_fda.o(.revsh_text), (4 bytes).
    Removing hc32f4xx_fda.o(.rrx_text), (6 bytes).
    Removing hc32f4xx_fda.o(.text), (180 bytes).
    Removing hc32f4xx_fda.o(.data), (4 bytes).
    Removing hc32f4xx_flash.o(.rev16_text), (4 bytes).
    Removing hc32f4xx_flash.o(.revsh_text), (4 bytes).
    Removing hc32f4xx_flash.o(.rrx_text), (6 bytes).
    Removing hc32f4xx_gpio.o(.rev16_text), (4 bytes).
    Removing hc32f4xx_gpio.o(.revsh_text), (4 bytes).
    Removing hc32f4xx_gpio.o(.rrx_text), (6 bytes).
    Removing hc32f4xx_i2c.o(.rev16_text), (4 bytes).
    Removing hc32f4xx_i2c.o(.revsh_text), (4 bytes).
    Removing hc32f4xx_i2c.o(.rrx_text), (6 bytes).
    Removing hc32f4xx_i2c.o(.text), (242 bytes).
    Removing hc32f4xx_i2s.o(.rev16_text), (4 bytes).
    Removing hc32f4xx_i2s.o(.revsh_text), (4 bytes).
    Removing hc32f4xx_i2s.o(.rrx_text), (6 bytes).
    Removing hc32f4xx_i2s.o(.text), (278 bytes).
    Removing hc32f4xx_iwdg.o(.rev16_text), (4 bytes).
    Removing hc32f4xx_iwdg.o(.revsh_text), (4 bytes).
    Removing hc32f4xx_iwdg.o(.rrx_text), (6 bytes).
    Removing hc32f4xx_iwdg.o(.text), (60 bytes).
    Removing hc32f4xx_mou.o(.rev16_text), (4 bytes).
    Removing hc32f4xx_mou.o(.revsh_text), (4 bytes).
    Removing hc32f4xx_mou.o(.rrx_text), (6 bytes).
    Removing hc32f4xx_mou.o(.text), (252 bytes).
    Removing hc32f4xx_pwr.o(.rev16_text), (4 bytes).
    Removing hc32f4xx_pwr.o(.revsh_text), (4 bytes).
    Removing hc32f4xx_pwr.o(.rrx_text), (6 bytes).
    Removing hc32f4xx_pwr.o(.text), (176 bytes).
    Removing hc32f4xx_rcc.o(.rev16_text), (4 bytes).
    Removing hc32f4xx_rcc.o(.revsh_text), (4 bytes).
    Removing hc32f4xx_rcc.o(.rrx_text), (6 bytes).
    Removing hc32f4xx_rtc.o(.rev16_text), (4 bytes).
    Removing hc32f4xx_rtc.o(.revsh_text), (4 bytes).
    Removing hc32f4xx_rtc.o(.rrx_text), (6 bytes).
    Removing hc32f4xx_rtc.o(.text), (312 bytes).
    Removing hc32f4xx_spi.o(.rev16_text), (4 bytes).
    Removing hc32f4xx_spi.o(.revsh_text), (4 bytes).
    Removing hc32f4xx_spi.o(.rrx_text), (6 bytes).
    Removing hc32f4xx_spi.o(.text), (432 bytes).
    Removing hc32f4xx_syscfg.o(.rev16_text), (4 bytes).
    Removing hc32f4xx_syscfg.o(.revsh_text), (4 bytes).
    Removing hc32f4xx_syscfg.o(.rrx_text), (6 bytes).
    Removing hc32f4xx_syscfg.o(.text), (80 bytes).
    Removing hc32f4xx_tim.o(.rev16_text), (4 bytes).
    Removing hc32f4xx_tim.o(.revsh_text), (4 bytes).
    Removing hc32f4xx_tim.o(.rrx_text), (6 bytes).
    Removing hc32f4xx_tim.o(.text), (2944 bytes).
    Removing hc32f4xx_tim10.o(.rev16_text), (4 bytes).
    Removing hc32f4xx_tim10.o(.revsh_text), (4 bytes).
    Removing hc32f4xx_tim10.o(.rrx_text), (6 bytes).
    Removing hc32f4xx_tim10.o(.text), (316 bytes).
    Removing hc32f4xx_usart.o(.rev16_text), (4 bytes).
    Removing hc32f4xx_usart.o(.revsh_text), (4 bytes).
    Removing hc32f4xx_usart.o(.rrx_text), (6 bytes).
    Removing hc32f4xx_vc.o(.rev16_text), (4 bytes).
    Removing hc32f4xx_vc.o(.revsh_text), (4 bytes).
    Removing hc32f4xx_vc.o(.rrx_text), (6 bytes).
    Removing hc32f4xx_vc.o(.text), (258 bytes).
    Removing hc32f4xx_wwdg.o(.rev16_text), (4 bytes).
    Removing hc32f4xx_wwdg.o(.revsh_text), (4 bytes).
    Removing hc32f4xx_wwdg.o(.rrx_text), (6 bytes).
    Removing hc32f4xx_wwdg.o(.text), (132 bytes).
    Removing misc.o(.rev16_text), (4 bytes).
    Removing misc.o(.revsh_text), (4 bytes).
    Removing misc.o(.rrx_text), (6 bytes).
    Removing hc32f4xx_it.o(.rev16_text), (4 bytes).
    Removing hc32f4xx_it.o(.revsh_text), (4 bytes).
    Removing hc32f4xx_it.o(.rrx_text), (6 bytes).
    Removing bsp_uart.o(.rev16_text), (4 bytes).
    Removing bsp_uart.o(.revsh_text), (4 bytes).
    Removing bsp_uart.o(.rrx_text), (6 bytes).
    Removing bsp_printf.o(.rev16_text), (4 bytes).
    Removing bsp_printf.o(.revsh_text), (4 bytes).
    Removing bsp_printf.o(.rrx_text), (6 bytes).
    Removing core_main.o(.rev16_text), (4 bytes).
    Removing core_main.o(.revsh_text), (4 bytes).
    Removing core_main.o(.rrx_text), (6 bytes).
    Removing core_main.o(.conststring), (22 bytes).
    Removing core_main.o(.data), (12 bytes).
    Removing core_portme.o(.rev16_text), (4 bytes).
    Removing core_portme.o(.revsh_text), (4 bytes).
    Removing core_portme.o(.rrx_text), (6 bytes).

118 unused section(s) (total 8924 bytes) removed from the image.

==============================================================================

Image Symbol Table

    Local Symbols

    Symbol Name                              Value     Ov Type        Size  Object(Section)

    ../clib/microlib/division.c              0x00000000   Number         0  uldiv.o ABSOLUTE
    ../clib/microlib/division.c              0x00000000   Number         0  uidiv.o ABSOLUTE
    ../clib/microlib/init/entry.s            0x00000000   Number         0  entry8b.o ABSOLUTE
    ../clib/microlib/init/entry.s            0x00000000   Number         0  entry7a.o ABSOLUTE
    ../clib/microlib/init/entry.s            0x00000000   Number         0  entry11a.o ABSOLUTE
    ../clib/microlib/init/entry.s            0x00000000   Number         0  entry10b.o ABSOLUTE
    ../clib/microlib/init/entry.s            0x00000000   Number         0  entry10a.o ABSOLUTE
    ../clib/microlib/init/entry.s            0x00000000   Number         0  entry5.o ABSOLUTE
    ../clib/microlib/init/entry.s            0x00000000   Number         0  entry9b.o ABSOLUTE
    ../clib/microlib/init/entry.s            0x00000000   Number         0  entry9a.o ABSOLUTE
    ../clib/microlib/init/entry.s            0x00000000   Number         0  entry2.o ABSOLUTE
    ../clib/microlib/init/entry.s            0x00000000   Number         0  entry12a.o ABSOLUTE
    ../clib/microlib/init/entry.s            0x00000000   Number         0  entry12b.o ABSOLUTE
    ../clib/microlib/init/entry.s            0x00000000   Number         0  entry.o ABSOLUTE
    ../clib/microlib/init/entry.s            0x00000000   Number         0  entry11b.o ABSOLUTE
    ../clib/microlib/init/entry.s            0x00000000   Number         0  entry8a.o ABSOLUTE
    ../clib/microlib/init/entry.s            0x00000000   Number         0  entry7b.o ABSOLUTE
    ../clib/microlib/longlong.c              0x00000000   Number         0  llsshr.o ABSOLUTE
    ../clib/microlib/longlong.c              0x00000000   Number         0  llushr.o ABSOLUTE
    ../clib/microlib/longlong.c              0x00000000   Number         0  llshl.o ABSOLUTE
    ../clib/microlib/printf/printf.c         0x00000000   Number         0  printf8.o ABSOLUTE
    ../clib/microlib/printf/printf.c         0x00000000   Number         0  printfb.o ABSOLUTE
    ../clib/microlib/printf/printf.c         0x00000000   Number         0  printf7.o ABSOLUTE
    ../clib/microlib/printf/printf.c         0x00000000   Number         0  printf3.o ABSOLUTE
    ../clib/microlib/printf/printf.c         0x00000000   Number         0  printfa.o ABSOLUTE
    ../clib/microlib/printf/printf.c         0x00000000   Number         0  printf6.o ABSOLUTE
    ../clib/microlib/printf/printf.c         0x00000000   Number         0  printf5.o ABSOLUTE
    ../clib/microlib/printf/printf.c         0x00000000   Number         0  printf0.o ABSOLUTE
    ../clib/microlib/printf/printf.c         0x00000000   Number         0  printf4.o ABSOLUTE
    ../clib/microlib/printf/printf.c         0x00000000   Number         0  printf1.o ABSOLUTE
    ../clib/microlib/printf/printf.c         0x00000000   Number         0  printf2.o ABSOLUTE
    ../clib/microlib/printf/stubs.s          0x00000000   Number         0  stubs.o ABSOLUTE
    ../clib/microlib/stdio/streams.c         0x00000000   Number         0  stdout.o ABSOLUTE
    ../clib/microlib/string/memcpy.c         0x00000000   Number         0  memcpya.o ABSOLUTE
    ../clib/microlib/string/memcpy.c         0x00000000   Number         0  memcpyb.o ABSOLUTE
    ../clib/microlib/string/memset.c         0x00000000   Number         0  memseta.o ABSOLUTE
    ../clib/microlib/stubs.s                 0x00000000   Number         0  iusefp.o ABSOLUTE
    ../fplib/microlib/fpadd.c                0x00000000   Number         0  dadd.o ABSOLUTE
    ../fplib/microlib/fpdiv.c                0x00000000   Number         0  ddiv.o ABSOLUTE
    ../fplib/microlib/fpepilogue.c           0x00000000   Number         0  depilogue.o ABSOLUTE
    ../fplib/microlib/fpfix.c                0x00000000   Number         0  dfixui.o ABSOLUTE
    ../fplib/microlib/fpfix.c                0x00000000   Number         0  dfixul.o ABSOLUTE
    ../fplib/microlib/fpflt.c                0x00000000   Number         0  dfltui.o ABSOLUTE
    ../fplib/microlib/fpmul.c                0x00000000   Number         0  dmul.o ABSOLUTE
    ..\..\Libraries\CMSIS\startup\startup_hc32f40_41xxx.s 0x00000000   Number         0  startup_hc32f40_41xxx.o ABSOLUTE
    ..\..\Libraries\CMSIS\system_hc32f4xx.c  0x00000000   Number         0  system_hc32f4xx.o ABSOLUTE
    ..\..\Libraries\FWlib\src\hc32f4xx_adc.c 0x00000000   Number         0  hc32f4xx_adc.o ABSOLUTE
    ..\..\Libraries\FWlib\src\hc32f4xx_canfd.c 0x00000000   Number         0  hc32f4xx_canfd.o ABSOLUTE
    ..\..\Libraries\FWlib\src\hc32f4xx_crc.c 0x00000000   Number         0  hc32f4xx_crc.o ABSOLUTE
    ..\..\Libraries\FWlib\src\hc32f4xx_dac.c 0x00000000   Number         0  hc32f4xx_dac.o ABSOLUTE
    ..\..\Libraries\FWlib\src\hc32f4xx_dbgmcu.c 0x00000000   Number         0  hc32f4xx_dbgmcu.o ABSOLUTE
    ..\..\Libraries\FWlib\src\hc32f4xx_dma.c 0x00000000   Number         0  hc32f4xx_dma.o ABSOLUTE
    ..\..\Libraries\FWlib\src\hc32f4xx_exti.c 0x00000000   Number         0  hc32f4xx_exti.o ABSOLUTE
    ..\..\Libraries\FWlib\src\hc32f4xx_fda.c 0x00000000   Number         0  hc32f4xx_fda.o ABSOLUTE
    ..\..\Libraries\FWlib\src\hc32f4xx_flash.c 0x00000000   Number         0  hc32f4xx_flash.o ABSOLUTE
    ..\..\Libraries\FWlib\src\hc32f4xx_gpio.c 0x00000000   Number         0  hc32f4xx_gpio.o ABSOLUTE
    ..\..\Libraries\FWlib\src\hc32f4xx_i2c.c 0x00000000   Number         0  hc32f4xx_i2c.o ABSOLUTE
    ..\..\Libraries\FWlib\src\hc32f4xx_i2s.c 0x00000000   Number         0  hc32f4xx_i2s.o ABSOLUTE
    ..\..\Libraries\FWlib\src\hc32f4xx_iwdg.c 0x00000000   Number         0  hc32f4xx_iwdg.o ABSOLUTE
    ..\..\Libraries\FWlib\src\hc32f4xx_mou.c 0x00000000   Number         0  hc32f4xx_mou.o ABSOLUTE
    ..\..\Libraries\FWlib\src\hc32f4xx_pwr.c 0x00000000   Number         0  hc32f4xx_pwr.o ABSOLUTE
    ..\..\Libraries\FWlib\src\hc32f4xx_rcc.c 0x00000000   Number         0  hc32f4xx_rcc.o ABSOLUTE
    ..\..\Libraries\FWlib\src\hc32f4xx_rtc.c 0x00000000   Number         0  hc32f4xx_rtc.o ABSOLUTE
    ..\..\Libraries\FWlib\src\hc32f4xx_spi.c 0x00000000   Number         0  hc32f4xx_spi.o ABSOLUTE
    ..\..\Libraries\FWlib\src\hc32f4xx_syscfg.c 0x00000000   Number         0  hc32f4xx_syscfg.o ABSOLUTE
    ..\..\Libraries\FWlib\src\hc32f4xx_tim.c 0x00000000   Number         0  hc32f4xx_tim.o ABSOLUTE
    ..\..\Libraries\FWlib\src\hc32f4xx_tim10.c 0x00000000   Number         0  hc32f4xx_tim10.o ABSOLUTE
    ..\..\Libraries\FWlib\src\hc32f4xx_usart.c 0x00000000   Number         0  hc32f4xx_usart.o ABSOLUTE
    ..\..\Libraries\FWlib\src\hc32f4xx_vc.c  0x00000000   Number         0  hc32f4xx_vc.o ABSOLUTE
    ..\..\Libraries\FWlib\src\hc32f4xx_wwdg.c 0x00000000   Number         0  hc32f4xx_wwdg.o ABSOLUTE
    ..\..\Libraries\FWlib\src\misc.c         0x00000000   Number         0  misc.o ABSOLUTE
    ..\..\User\coremark\core_list_join.c     0x00000000   Number         0  core_list_join.o ABSOLUTE
    ..\..\User\coremark\core_main.c          0x00000000   Number         0  core_main.o ABSOLUTE
    ..\..\User\coremark\core_matrix.c        0x00000000   Number         0  core_matrix.o ABSOLUTE
    ..\..\User\coremark\core_portme.c        0x00000000   Number         0  core_portme.o ABSOLUTE
    ..\..\User\coremark\core_state.c         0x00000000   Number         0  core_state.o ABSOLUTE
    ..\..\User\coremark\core_util.c          0x00000000   Number         0  core_util.o ABSOLUTE
    ..\..\User\hc32f4xx_it.c                 0x00000000   Number         0  hc32f4xx_it.o ABSOLUTE
    ..\..\User\src\bsp_printf.c              0x00000000   Number         0  bsp_printf.o ABSOLUTE
    ..\..\User\src\bsp_uart.c                0x00000000   Number         0  bsp_uart.o ABSOLUTE
    ..\\..\\Libraries\\CMSIS\\system_hc32f4xx.c 0x00000000   Number         0  system_hc32f4xx.o ABSOLUTE
    ..\\..\\Libraries\\FWlib\\src\\hc32f4xx_adc.c 0x00000000   Number         0  hc32f4xx_adc.o ABSOLUTE
    ..\\..\\Libraries\\FWlib\\src\\hc32f4xx_canfd.c 0x00000000   Number         0  hc32f4xx_canfd.o ABSOLUTE
    ..\\..\\Libraries\\FWlib\\src\\hc32f4xx_crc.c 0x00000000   Number         0  hc32f4xx_crc.o ABSOLUTE
    ..\\..\\Libraries\\FWlib\\src\\hc32f4xx_dac.c 0x00000000   Number         0  hc32f4xx_dac.o ABSOLUTE
    ..\\..\\Libraries\\FWlib\\src\\hc32f4xx_dbgmcu.c 0x00000000   Number         0  hc32f4xx_dbgmcu.o ABSOLUTE
    ..\\..\\Libraries\\FWlib\\src\\hc32f4xx_dma.c 0x00000000   Number         0  hc32f4xx_dma.o ABSOLUTE
    ..\\..\\Libraries\\FWlib\\src\\hc32f4xx_exti.c 0x00000000   Number         0  hc32f4xx_exti.o ABSOLUTE
    ..\\..\\Libraries\\FWlib\\src\\hc32f4xx_fda.c 0x00000000   Number         0  hc32f4xx_fda.o ABSOLUTE
    ..\\..\\Libraries\\FWlib\\src\\hc32f4xx_flash.c 0x00000000   Number         0  hc32f4xx_flash.o ABSOLUTE
    ..\\..\\Libraries\\FWlib\\src\\hc32f4xx_gpio.c 0x00000000   Number         0  hc32f4xx_gpio.o ABSOLUTE
    ..\\..\\Libraries\\FWlib\\src\\hc32f4xx_i2c.c 0x00000000   Number         0  hc32f4xx_i2c.o ABSOLUTE
    ..\\..\\Libraries\\FWlib\\src\\hc32f4xx_i2s.c 0x00000000   Number         0  hc32f4xx_i2s.o ABSOLUTE
    ..\\..\\Libraries\\FWlib\\src\\hc32f4xx_iwdg.c 0x00000000   Number         0  hc32f4xx_iwdg.o ABSOLUTE
    ..\\..\\Libraries\\FWlib\\src\\hc32f4xx_mou.c 0x00000000   Number         0  hc32f4xx_mou.o ABSOLUTE
    ..\\..\\Libraries\\FWlib\\src\\hc32f4xx_pwr.c 0x00000000   Number         0  hc32f4xx_pwr.o ABSOLUTE
    ..\\..\\Libraries\\FWlib\\src\\hc32f4xx_rcc.c 0x00000000   Number         0  hc32f4xx_rcc.o ABSOLUTE
    ..\\..\\Libraries\\FWlib\\src\\hc32f4xx_rtc.c 0x00000000   Number         0  hc32f4xx_rtc.o ABSOLUTE
    ..\\..\\Libraries\\FWlib\\src\\hc32f4xx_spi.c 0x00000000   Number         0  hc32f4xx_spi.o ABSOLUTE
    ..\\..\\Libraries\\FWlib\\src\\hc32f4xx_syscfg.c 0x00000000   Number         0  hc32f4xx_syscfg.o ABSOLUTE
    ..\\..\\Libraries\\FWlib\\src\\hc32f4xx_tim.c 0x00000000   Number         0  hc32f4xx_tim.o ABSOLUTE
    ..\\..\\Libraries\\FWlib\\src\\hc32f4xx_tim10.c 0x00000000   Number         0  hc32f4xx_tim10.o ABSOLUTE
    ..\\..\\Libraries\\FWlib\\src\\hc32f4xx_usart.c 0x00000000   Number         0  hc32f4xx_usart.o ABSOLUTE
    ..\\..\\Libraries\\FWlib\\src\\hc32f4xx_vc.c 0x00000000   Number         0  hc32f4xx_vc.o ABSOLUTE
    ..\\..\\Libraries\\FWlib\\src\\hc32f4xx_wwdg.c 0x00000000   Number         0  hc32f4xx_wwdg.o ABSOLUTE
    ..\\..\\Libraries\\FWlib\\src\\misc.c    0x00000000   Number         0  misc.o ABSOLUTE
    ..\\..\\User\\coremark\\core_main.c      0x00000000   Number         0  core_main.o ABSOLUTE
    ..\\..\\User\\coremark\\core_portme.c    0x00000000   Number         0  core_portme.o ABSOLUTE
    ..\\..\\User\\hc32f4xx_it.c              0x00000000   Number         0  hc32f4xx_it.o ABSOLUTE
    ..\\..\\User\\src\\bsp_printf.c          0x00000000   Number         0  bsp_printf.o ABSOLUTE
    ..\\..\\User\\src\\bsp_uart.c            0x00000000   Number         0  bsp_uart.o ABSOLUTE
    cdcmple.s                                0x00000000   Number         0  cdcmple.o ABSOLUTE
    cdrcmple.s                               0x00000000   Number         0  cdrcmple.o ABSOLUTE
    dc.s                                     0x00000000   Number         0  dc.o ABSOLUTE
    handlers.s                               0x00000000   Number         0  handlers.o ABSOLUTE
    init.s                                   0x00000000   Number         0  init.o ABSOLUTE
    RESET                                    0x20000000   Section      392  startup_hc32f40_41xxx.o(RESET)
    .ARM.Collect$$$$00000000                 0x20000188   Section        0  entry.o(.ARM.Collect$$$$00000000)
    .ARM.Collect$$$$00000001                 0x20000188   Section        4  entry2.o(.ARM.Collect$$$$00000001)
    .ARM.Collect$$$$00000004                 0x2000018c   Section        4  entry5.o(.ARM.Collect$$$$00000004)
    .ARM.Collect$$$$00000008                 0x20000190   Section        0  entry7b.o(.ARM.Collect$$$$00000008)
    .ARM.Collect$$$$0000000A                 0x20000190   Section        0  entry8b.o(.ARM.Collect$$$$0000000A)
    .ARM.Collect$$$$0000000B                 0x20000190   Section        8  entry9a.o(.ARM.Collect$$$$0000000B)
    .ARM.Collect$$$$0000000E                 0x20000198   Section        4  entry12b.o(.ARM.Collect$$$$0000000E)
    .ARM.Collect$$$$0000000F                 0x2000019c   Section        0  entry10a.o(.ARM.Collect$$$$0000000F)
    .ARM.Collect$$$$00000011                 0x2000019c   Section        0  entry11a.o(.ARM.Collect$$$$00000011)
    .ARM.Collect$$$$00002712                 0x2000019c   Section        4  entry2.o(.ARM.Collect$$$$00002712)
    __lit__00000000                          0x2000019c   Data           4  entry2.o(.ARM.Collect$$$$00002712)
    .text                                    0x200001a0   Section       52  startup_hc32f40_41xxx.o(.text)
    $v0                                      0x200001a0   Number         0  startup_hc32f40_41xxx.o(.text)
    .text                                    0x200001d4   Section        0  hc32f4xx_flash.o(.text)
    .text                                    0x20000580   Section        0  hc32f4xx_gpio.o(.text)
    .text                                    0x2000072c   Section        0  hc32f4xx_rcc.o(.text)
    .text                                    0x20000ad4   Section        0  hc32f4xx_usart.o(.text)
    .text                                    0x20000ccc   Section        0  misc.o(.text)
    .text                                    0x20000d88   Section        0  hc32f4xx_it.o(.text)
    .text                                    0x20000d98   Section        0  bsp_uart.o(.text)
    .text                                    0x20000e78   Section        0  bsp_printf.o(.text)
    .text                                    0x20000ec0   Section        0  core_list_join.o(.text)
    .text                                    0x20001390   Section        0  core_main.o(.text)
    .text                                    0x20001d60   Section        0  core_matrix.o(.text)
    .text                                    0x200023a8   Section        0  core_portme.o(.text)
    .text                                    0x20002578   Section        0  core_state.o(.text)
    .text                                    0x20002918   Section        0  core_util.o(.text)
    .text                                    0x20002a28   Section        0  ddiv.o(.text)
    .text                                    0x20002b06   Section        0  dfltui.o(.text)
    .text                                    0x20002b20   Section        0  dfixui.o(.text)
    .text                                    0x20002b54   Section       48  cdcmple.o(.text)
    .text                                    0x20002b84   Section       48  cdrcmple.o(.text)
    .text                                    0x20002bb4   Section        0  uidiv.o(.text)
    .text                                    0x20002be0   Section        0  uldiv.o(.text)
    .text                                    0x20002c42   Section        0  llushr.o(.text)
    .text                                    0x20002c62   Section        0  depilogue.o(.text)
    .text                                    0x20002c62   Section        0  iusefp.o(.text)
    .text                                    0x20002d1c   Section        0  dadd.o(.text)
    .text                                    0x20002e6a   Section        0  dmul.o(.text)
    .text                                    0x20002f4e   Section        0  dfixul.o(.text)
    .text                                    0x20002f80   Section       36  init.o(.text)
    .text                                    0x20002fa4   Section        0  llshl.o(.text)
    .text                                    0x20002fc2   Section        0  llsshr.o(.text)
    i.__0printf                              0x20002fe8   Section        0  printfa.o(i.__0printf)
    i.__scatterload_copy                     0x20003008   Section       14  handlers.o(i.__scatterload_copy)
    i.__scatterload_null                     0x20003016   Section        2  handlers.o(i.__scatterload_null)
    i.__scatterload_zeroinit                 0x20003018   Section       14  handlers.o(i.__scatterload_zeroinit)
    i._fp_digits                             0x20003028   Section        0  printfa.o(i._fp_digits)
    _fp_digits                               0x20003029   Thumb Code   366  printfa.o(i._fp_digits)
    i._printf_core                           0x200031ac   Section        0  printfa.o(i._printf_core)
    _printf_core                             0x200031ad   Thumb Code  1704  printfa.o(i._printf_core)
    i._printf_post_padding                   0x20003860   Section        0  printfa.o(i._printf_post_padding)
    _printf_post_padding                     0x20003861   Thumb Code    36  printfa.o(i._printf_post_padding)
    i._printf_pre_padding                    0x20003884   Section        0  printfa.o(i._printf_pre_padding)
    _printf_pre_padding                      0x20003885   Thumb Code    46  printfa.o(i._printf_pre_padding)
    .conststring                             0x200038b4   Section      173  core_main.o(.conststring)
    .conststring                             0x20003964   Section      173  core_state.o(.conststring)
    .data                                    0x20008000   Section        4  system_hc32f4xx.o(.data)
    .data                                    0x20008004   Section       16  hc32f4xx_rcc.o(.data)
    APBAHBPrescTable                         0x20008004   Data          16  hc32f4xx_rcc.o(.data)
    .data                                    0x20008014   Section       30  core_main.o(.data)
    list_known_crc                           0x20008014   Data          10  core_main.o(.data)
    matrix_known_crc                         0x2000801e   Data          10  core_main.o(.data)
    state_known_crc                          0x20008028   Data          10  core_main.o(.data)
    .data                                    0x20008034   Section        4  core_portme.o(.data)
    .data                                    0x20008038   Section        4  core_portme.o(.data)
    .data                                    0x2000803c   Section        4  core_portme.o(.data)
    .data                                    0x20008040   Section        4  core_portme.o(.data)
    .data                                    0x20008044   Section        4  core_portme.o(.data)
    .data                                    0x20008048   Section        4  core_portme.o(.data)
    .data                                    0x2000804c   Section        4  core_portme.o(.data)
    .data                                    0x20008050   Section       64  core_state.o(.data)
    intpat                                   0x20008050   Data          16  core_state.o(.data)
    floatpat                                 0x20008060   Data          16  core_state.o(.data)
    scipat                                   0x20008070   Data          16  core_state.o(.data)
    errpat                                   0x20008080   Data          16  core_state.o(.data)
    .data                                    0x20008090   Section        4  stdout.o(.data)
    STACK                                    0x20008098   Section    16384  startup_hc32f40_41xxx.o(STACK)

    Global Symbols

    Symbol Name                              Value     Ov Type        Size  Object(Section)

    BuildAttributes$$THM_ISAv4$E$P$D$K$B$S$7EM$VFPi3$EXTD16$VFPS$VFMA$PE$A:L22UL41UL21$X:L11$S22US41US21$IEEE1$IW$USESV6$~STKCKD$USESV7$~SHL$OTIME$ROPI$EBA8$MICROLIB$REQ8$PRES8$EABIv2 0x00000000   Number         0  anon$$obj.o ABSOLUTE
    _printf_a                                0x00000000   Number         0  stubs.o ABSOLUTE
    _printf_c                                0x00000000   Number         0  stubs.o ABSOLUTE
    _printf_charcount                        0x00000000   Number         0  stubs.o ABSOLUTE
    _printf_d                                0x00000000   Number         0  stubs.o ABSOLUTE
    _printf_e                                0x00000000   Number         0  stubs.o ABSOLUTE
    _printf_f                                0x00000000   Number         0  stubs.o ABSOLUTE
    _printf_flags                            0x00000000   Number         0  stubs.o ABSOLUTE
    _printf_fp_dec                           0x00000000   Number         0  stubs.o ABSOLUTE
    _printf_fp_hex                           0x00000000   Number         0  stubs.o ABSOLUTE
    _printf_g                                0x00000000   Number         0  stubs.o ABSOLUTE
    _printf_i                                0x00000000   Number         0  stubs.o ABSOLUTE
    _printf_int_dec                          0x00000000   Number         0  stubs.o ABSOLUTE
    _printf_l                                0x00000000   Number         0  stubs.o ABSOLUTE
    _printf_lc                               0x00000000   Number         0  stubs.o ABSOLUTE
    _printf_ll                               0x00000000   Number         0  stubs.o ABSOLUTE
    _printf_lld                              0x00000000   Number         0  stubs.o ABSOLUTE
    _printf_lli                              0x00000000   Number         0  stubs.o ABSOLUTE
    _printf_llo                              0x00000000   Number         0  stubs.o ABSOLUTE
    _printf_llu                              0x00000000   Number         0  stubs.o ABSOLUTE
    _printf_llx                              0x00000000   Number         0  stubs.o ABSOLUTE
    _printf_longlong_dec                     0x00000000   Number         0  stubs.o ABSOLUTE
    _printf_longlong_hex                     0x00000000   Number         0  stubs.o ABSOLUTE
    _printf_longlong_oct                     0x00000000   Number         0  stubs.o ABSOLUTE
    _printf_ls                               0x00000000   Number         0  stubs.o ABSOLUTE
    _printf_mbtowc                           0x00000000   Number         0  stubs.o ABSOLUTE
    _printf_n                                0x00000000   Number         0  stubs.o ABSOLUTE
    _printf_o                                0x00000000   Number         0  stubs.o ABSOLUTE
    _printf_p                                0x00000000   Number         0  stubs.o ABSOLUTE
    _printf_percent                          0x00000000   Number         0  stubs.o ABSOLUTE
    _printf_pre_padding                      0x00000000   Number         0  stubs.o ABSOLUTE
    _printf_return_value                     0x00000000   Number         0  stubs.o ABSOLUTE
    _printf_s                                0x00000000   Number         0  stubs.o ABSOLUTE
    _printf_sizespec                         0x00000000   Number         0  stubs.o ABSOLUTE
    _printf_str                              0x00000000   Number         0  stubs.o ABSOLUTE
    _printf_truncate_signed                  0x00000000   Number         0  stubs.o ABSOLUTE
    _printf_truncate_unsigned                0x00000000   Number         0  stubs.o ABSOLUTE
    _printf_u                                0x00000000   Number         0  stubs.o ABSOLUTE
    _printf_wc                               0x00000000   Number         0  stubs.o ABSOLUTE
    _printf_wctomb                           0x00000000   Number         0  stubs.o ABSOLUTE
    _printf_widthprec                        0x00000000   Number         0  stubs.o ABSOLUTE
    _printf_x                                0x00000000   Number         0  stubs.o ABSOLUTE
    __arm_fini_                               - Undefined Weak Reference
    __cpp_initialize__aeabi_                  - Undefined Weak Reference
    __cxa_finalize                            - Undefined Weak Reference
    __decompress                              - Undefined Weak Reference
    _clock_init                               - Undefined Weak Reference
    _microlib_exit                            - Undefined Weak Reference
    __Vectors_Size                           0x00000188   Number         0  startup_hc32f40_41xxx.o ABSOLUTE
    __Vectors                                0x20000000   Data           4  startup_hc32f40_41xxx.o(RESET)
    __Vectors_End                            0x20000188   Data           0  startup_hc32f40_41xxx.o(RESET)
    __main                                   0x20000189   Thumb Code     0  entry.o(.ARM.Collect$$$$00000000)
    _main_stk                                0x20000189   Thumb Code     0  entry2.o(.ARM.Collect$$$$00000001)
    _main_scatterload                        0x2000018d   Thumb Code     0  entry5.o(.ARM.Collect$$$$00000004)
    __main_after_scatterload                 0x20000191   Thumb Code     0  entry5.o(.ARM.Collect$$$$00000004)
    _main_clock                              0x20000191   Thumb Code     0  entry7b.o(.ARM.Collect$$$$00000008)
    _main_cpp_init                           0x20000191   Thumb Code     0  entry8b.o(.ARM.Collect$$$$0000000A)
    _main_init                               0x20000191   Thumb Code     0  entry9a.o(.ARM.Collect$$$$0000000B)
    __rt_lib_shutdown_fini                   0x20000199   Thumb Code     0  entry12b.o(.ARM.Collect$$$$0000000E)
    __rt_final_cpp                           0x2000019d   Thumb Code     0  entry10a.o(.ARM.Collect$$$$0000000F)
    __rt_final_exit                          0x2000019d   Thumb Code     0  entry11a.o(.ARM.Collect$$$$00000011)
    Reset_Handler                            0x200001a1   Thumb Code    22  startup_hc32f40_41xxx.o(.text)
    ADC_IRQHandler                           0x200001c9   Thumb Code     0  startup_hc32f40_41xxx.o(.text)
    CAN1_INT0_IRQHandler                     0x200001c9   Thumb Code     0  startup_hc32f40_41xxx.o(.text)
    CAN1_INT1_IRQHandler                     0x200001c9   Thumb Code     0  startup_hc32f40_41xxx.o(.text)
    DMA1_Stream0_IRQHandler                  0x200001c9   Thumb Code     0  startup_hc32f40_41xxx.o(.text)
    DMA1_Stream1_IRQHandler                  0x200001c9   Thumb Code     0  startup_hc32f40_41xxx.o(.text)
    DMA1_Stream2_IRQHandler                  0x200001c9   Thumb Code     0  startup_hc32f40_41xxx.o(.text)
    DMA1_Stream3_IRQHandler                  0x200001c9   Thumb Code     0  startup_hc32f40_41xxx.o(.text)
    DMA1_Stream4_IRQHandler                  0x200001c9   Thumb Code     0  startup_hc32f40_41xxx.o(.text)
    DMA1_Stream5_IRQHandler                  0x200001c9   Thumb Code     0  startup_hc32f40_41xxx.o(.text)
    DMA1_Stream6_IRQHandler                  0x200001c9   Thumb Code     0  startup_hc32f40_41xxx.o(.text)
    DMA1_Stream7_IRQHandler                  0x200001c9   Thumb Code     0  startup_hc32f40_41xxx.o(.text)
    EXTI0_IRQHandler                         0x200001c9   Thumb Code     0  startup_hc32f40_41xxx.o(.text)
    EXTI15_10_IRQHandler                     0x200001c9   Thumb Code     0  startup_hc32f40_41xxx.o(.text)
    EXTI1_IRQHandler                         0x200001c9   Thumb Code     0  startup_hc32f40_41xxx.o(.text)
    EXTI2_IRQHandler                         0x200001c9   Thumb Code     0  startup_hc32f40_41xxx.o(.text)
    EXTI3_IRQHandler                         0x200001c9   Thumb Code     0  startup_hc32f40_41xxx.o(.text)
    EXTI4_IRQHandler                         0x200001c9   Thumb Code     0  startup_hc32f40_41xxx.o(.text)
    EXTI9_5_IRQHandler                       0x200001c9   Thumb Code     0  startup_hc32f40_41xxx.o(.text)
    FLASH_IRQHandler                         0x200001c9   Thumb Code     0  startup_hc32f40_41xxx.o(.text)
    FPU_IRQHandler                           0x200001c9   Thumb Code     0  startup_hc32f40_41xxx.o(.text)
    FSMC_IRQHandler                          0x200001c9   Thumb Code     0  startup_hc32f40_41xxx.o(.text)
    I2C1_EV_IRQHandler                       0x200001c9   Thumb Code     0  startup_hc32f40_41xxx.o(.text)
    I2C2_EV_IRQHandler                       0x200001c9   Thumb Code     0  startup_hc32f40_41xxx.o(.text)
    MOU_IRQHandler                           0x200001c9   Thumb Code     0  startup_hc32f40_41xxx.o(.text)
    PVD_IRQHandler                           0x200001c9   Thumb Code     0  startup_hc32f40_41xxx.o(.text)
    RCC_IRQHandler                           0x200001c9   Thumb Code     0  startup_hc32f40_41xxx.o(.text)
    RFU10_IRQHandler                         0x200001c9   Thumb Code     0  startup_hc32f40_41xxx.o(.text)
    RFU11_IRQHandler                         0x200001c9   Thumb Code     0  startup_hc32f40_41xxx.o(.text)
    RFU12_IRQHandler                         0x200001c9   Thumb Code     0  startup_hc32f40_41xxx.o(.text)
    RFU13_IRQHandler                         0x200001c9   Thumb Code     0  startup_hc32f40_41xxx.o(.text)
    RFU14_IRQHandler                         0x200001c9   Thumb Code     0  startup_hc32f40_41xxx.o(.text)
    RFU15_IRQHandler                         0x200001c9   Thumb Code     0  startup_hc32f40_41xxx.o(.text)
    RFU16_IRQHandler                         0x200001c9   Thumb Code     0  startup_hc32f40_41xxx.o(.text)
    RFU17_IRQHandler                         0x200001c9   Thumb Code     0  startup_hc32f40_41xxx.o(.text)
    RFU18_IRQHandler                         0x200001c9   Thumb Code     0  startup_hc32f40_41xxx.o(.text)
    RFU19_IRQHandler                         0x200001c9   Thumb Code     0  startup_hc32f40_41xxx.o(.text)
    RFU1_IRQHandler                          0x200001c9   Thumb Code     0  startup_hc32f40_41xxx.o(.text)
    RFU20_IRQHandler                         0x200001c9   Thumb Code     0  startup_hc32f40_41xxx.o(.text)
    RFU2_IRQHandler                          0x200001c9   Thumb Code     0  startup_hc32f40_41xxx.o(.text)
    RFU3_IRQHandler                          0x200001c9   Thumb Code     0  startup_hc32f40_41xxx.o(.text)
    RFU4_IRQHandler                          0x200001c9   Thumb Code     0  startup_hc32f40_41xxx.o(.text)
    RFU5_IRQHandler                          0x200001c9   Thumb Code     0  startup_hc32f40_41xxx.o(.text)
    RFU6_IRQHandler                          0x200001c9   Thumb Code     0  startup_hc32f40_41xxx.o(.text)
    RFU7_IRQHandler                          0x200001c9   Thumb Code     0  startup_hc32f40_41xxx.o(.text)
    RFU8_IRQHandler                          0x200001c9   Thumb Code     0  startup_hc32f40_41xxx.o(.text)
    RFU9_IRQHandler                          0x200001c9   Thumb Code     0  startup_hc32f40_41xxx.o(.text)
    RTC_Alarm_IRQHandler                     0x200001c9   Thumb Code     0  startup_hc32f40_41xxx.o(.text)
    RTC_WKUP_IRQHandler                      0x200001c9   Thumb Code     0  startup_hc32f40_41xxx.o(.text)
    SDIO_IRQHandler                          0x200001c9   Thumb Code     0  startup_hc32f40_41xxx.o(.text)
    SPI1_IRQHandler                          0x200001c9   Thumb Code     0  startup_hc32f40_41xxx.o(.text)
    SPI2_IRQHandler                          0x200001c9   Thumb Code     0  startup_hc32f40_41xxx.o(.text)
    SPI3_IRQHandler                          0x200001c9   Thumb Code     0  startup_hc32f40_41xxx.o(.text)
    TAMP_STAMP_IRQHandler                    0x200001c9   Thumb Code     0  startup_hc32f40_41xxx.o(.text)
    TIM10_IRQHandler                         0x200001c9   Thumb Code     0  startup_hc32f40_41xxx.o(.text)
    TIM1_BRK_IRQHandler                      0x200001c9   Thumb Code     0  startup_hc32f40_41xxx.o(.text)
    TIM1_CC_IRQHandler                       0x200001c9   Thumb Code     0  startup_hc32f40_41xxx.o(.text)
    TIM1_TRG_COM_IRQHandler                  0x200001c9   Thumb Code     0  startup_hc32f40_41xxx.o(.text)
    TIM1_UP_IRQHandler                       0x200001c9   Thumb Code     0  startup_hc32f40_41xxx.o(.text)
    TIM2_IRQHandler                          0x200001c9   Thumb Code     0  startup_hc32f40_41xxx.o(.text)
    TIM3_IRQHandler                          0x200001c9   Thumb Code     0  startup_hc32f40_41xxx.o(.text)
    TIM4_IRQHandler                          0x200001c9   Thumb Code     0  startup_hc32f40_41xxx.o(.text)
    TIM5_IRQHandler                          0x200001c9   Thumb Code     0  startup_hc32f40_41xxx.o(.text)
    TIM6_IRQHandler                          0x200001c9   Thumb Code     0  startup_hc32f40_41xxx.o(.text)
    TIM7_IRQHandler                          0x200001c9   Thumb Code     0  startup_hc32f40_41xxx.o(.text)
    TIM8_BRK_IRQHandler                      0x200001c9   Thumb Code     0  startup_hc32f40_41xxx.o(.text)
    TIM8_CC_IRQHandler                       0x200001c9   Thumb Code     0  startup_hc32f40_41xxx.o(.text)
    TIM8_TRG_COM_IRQHandler                  0x200001c9   Thumb Code     0  startup_hc32f40_41xxx.o(.text)
    TIM8_UP_IRQHandler                       0x200001c9   Thumb Code     0  startup_hc32f40_41xxx.o(.text)
    TIM9_IRQHandler                          0x200001c9   Thumb Code     0  startup_hc32f40_41xxx.o(.text)
    UART4_IRQHandler                         0x200001c9   Thumb Code     0  startup_hc32f40_41xxx.o(.text)
    UART5_IRQHandler                         0x200001c9   Thumb Code     0  startup_hc32f40_41xxx.o(.text)
    USART1_IRQHandler                        0x200001c9   Thumb Code     0  startup_hc32f40_41xxx.o(.text)
    USART2_IRQHandler                        0x200001c9   Thumb Code     0  startup_hc32f40_41xxx.o(.text)
    USART3_IRQHandler                        0x200001c9   Thumb Code     0  startup_hc32f40_41xxx.o(.text)
    USBWakeUp_IRQHandler                     0x200001c9   Thumb Code     0  startup_hc32f40_41xxx.o(.text)
    USB_HP_IRQHandler                        0x200001c9   Thumb Code     0  startup_hc32f40_41xxx.o(.text)
    USB_LP_IRQHandler                        0x200001c9   Thumb Code     0  startup_hc32f40_41xxx.o(.text)
    VC0_IRQHandler                           0x200001c9   Thumb Code     0  startup_hc32f40_41xxx.o(.text)
    VC1_IRQHandler                           0x200001c9   Thumb Code     0  startup_hc32f40_41xxx.o(.text)
    VC2_IRQHandler                           0x200001c9   Thumb Code     0  startup_hc32f40_41xxx.o(.text)
    VC_Wakeup_IRQHandler                     0x200001c9   Thumb Code     0  startup_hc32f40_41xxx.o(.text)
    WWDG_IRQHandler                          0x200001c9   Thumb Code     0  startup_hc32f40_41xxx.o(.text)
    FLASH_PrefetchBufferCmd                  0x200001d5   Thumb Code    20  hc32f4xx_flash.o(.text)
    FLASH_InstructionCacheCmd                0x200001e9   Thumb Code    20  hc32f4xx_flash.o(.text)
    FLASH_InstructionCacheReset              0x200001fd   Thumb Code    12  hc32f4xx_flash.o(.text)
    FLASH_Unlock                             0x20000209   Thumb Code    24  hc32f4xx_flash.o(.text)
    FLASH_Lock                               0x20000221   Thumb Code    12  hc32f4xx_flash.o(.text)
    FLASH_GetStatus                          0x2000022d   Thumb Code    64  hc32f4xx_flash.o(.text)
    FLASH_WaitForLastOperation               0x2000026d   Thumb Code   162  hc32f4xx_flash.o(.text)
    FLASH_EraseSector                        0x2000030f   Thumb Code    58  hc32f4xx_flash.o(.text)
    FLASH_EraseAllSectors                    0x20000349   Thumb Code    52  hc32f4xx_flash.o(.text)
    FLASH_ProgramWord                        0x2000037d   Thumb Code    60  hc32f4xx_flash.o(.text)
    FLASH_ProgramHalfWord                    0x200003b9   Thumb Code    60  hc32f4xx_flash.o(.text)
    FLASH_ProgramByte                        0x200003f5   Thumb Code    56  hc32f4xx_flash.o(.text)
    FLASH_OB_Unlock                          0x2000042d   Thumb Code    24  hc32f4xx_flash.o(.text)
    FLASH_OB_Lock                            0x20000445   Thumb Code    12  hc32f4xx_flash.o(.text)
    FLASH_OB_WRPConfig                       0x20000451   Thumb Code    26  hc32f4xx_flash.o(.text)
    FLASH_OB_WRP1_AddressConfig              0x2000046b   Thumb Code    28  hc32f4xx_flash.o(.text)
    FLASH_OB_WRP2_AddressConfig              0x20000487   Thumb Code    28  hc32f4xx_flash.o(.text)
    FLASH_OB_EOPBConfig                      0x200004a3   Thumb Code    18  hc32f4xx_flash.o(.text)
    FLASH_OB_RDPConfig                       0x200004b5   Thumb Code    18  hc32f4xx_flash.o(.text)
    FLASH_OB_UserConfig                      0x200004c7   Thumb Code    38  hc32f4xx_flash.o(.text)
    FLASH_OB_Launch                          0x200004ed   Thumb Code    12  hc32f4xx_flash.o(.text)
    FLASH_OB_GetUser                         0x200004f9   Thumb Code    10  hc32f4xx_flash.o(.text)
    FLASH_OB_GetWRP                          0x20000503   Thumb Code     6  hc32f4xx_flash.o(.text)
    FLASH_OB_GetRDP                          0x20000509   Thumb Code    14  hc32f4xx_flash.o(.text)
    FLASH_ITConfig                           0x20000517   Thumb Code    18  hc32f4xx_flash.o(.text)
    FLASH_GetFlagStatus                      0x20000529   Thumb Code    16  hc32f4xx_flash.o(.text)
    FLASH_ClearFlag                          0x20000539   Thumb Code     6  hc32f4xx_flash.o(.text)
    GPIO_DeInit                              0x20000581   Thumb Code   124  hc32f4xx_gpio.o(.text)
    GPIO_Init                                0x200005fd   Thumb Code   154  hc32f4xx_gpio.o(.text)
    GPIO_StructInit                          0x20000697   Thumb Code    18  hc32f4xx_gpio.o(.text)
    GPIO_PinLockConfig                       0x200006a9   Thumb Code    26  hc32f4xx_gpio.o(.text)
    GPIO_ReadInputDataBit                    0x200006c3   Thumb Code    14  hc32f4xx_gpio.o(.text)
    GPIO_ReadInputData                       0x200006d1   Thumb Code     6  hc32f4xx_gpio.o(.text)
    GPIO_ReadOutputDataBit                   0x200006d7   Thumb Code    14  hc32f4xx_gpio.o(.text)
    GPIO_ReadOutputData                      0x200006e5   Thumb Code     6  hc32f4xx_gpio.o(.text)
    GPIO_SetBits                             0x200006eb   Thumb Code     4  hc32f4xx_gpio.o(.text)
    GPIO_ResetBits                           0x200006ef   Thumb Code     4  hc32f4xx_gpio.o(.text)
    GPIO_WriteBit                            0x200006f3   Thumb Code    10  hc32f4xx_gpio.o(.text)
    GPIO_Write                               0x200006fd   Thumb Code     4  hc32f4xx_gpio.o(.text)
    GPIO_ToggleBits                          0x20000701   Thumb Code     8  hc32f4xx_gpio.o(.text)
    GPIO_PinAFConfig                         0x20000709   Thumb Code    34  hc32f4xx_gpio.o(.text)
    RCC_DeInit                               0x2000072d   Thumb Code    54  hc32f4xx_rcc.o(.text)
    RCC_HSEConfig                            0x20000763   Thumb Code    10  hc32f4xx_rcc.o(.text)
    RCC_GetFlagStatus                        0x2000076d   Thumb Code    44  hc32f4xx_rcc.o(.text)
    RCC_WaitForHSEStartUp                    0x20000799   Thumb Code    50  hc32f4xx_rcc.o(.text)
    RCC_AdjustHSICalibrationValue            0x200007cb   Thumb Code    16  hc32f4xx_rcc.o(.text)
    RCC_HSICmd                               0x200007db   Thumb Code     6  hc32f4xx_rcc.o(.text)
    RCC_LSEConfig                            0x200007e1   Thumb Code    18  hc32f4xx_rcc.o(.text)
    RCC_LSICmd                               0x200007f3   Thumb Code     6  hc32f4xx_rcc.o(.text)
    RCC_PLLConfig                            0x200007f9   Thumb Code    30  hc32f4xx_rcc.o(.text)
    RCC_PLLCmd                               0x20000817   Thumb Code     6  hc32f4xx_rcc.o(.text)
    RCC_PLLI2SCmd                            0x2000081d   Thumb Code     6  hc32f4xx_rcc.o(.text)
    RCC_PLLSAIConfig                         0x20000823   Thumb Code     2  hc32f4xx_rcc.o(.text)
    RCC_PLLSAICmd                            0x20000825   Thumb Code     6  hc32f4xx_rcc.o(.text)
    RCC_ClockSecuritySystemCmd               0x2000082b   Thumb Code     6  hc32f4xx_rcc.o(.text)
    RCC_MCO1Config                           0x20000831   Thumb Code    16  hc32f4xx_rcc.o(.text)
    RCC_MCO2Config                           0x20000841   Thumb Code    16  hc32f4xx_rcc.o(.text)
    RCC_SYSCLKConfig                         0x20000851   Thumb Code    14  hc32f4xx_rcc.o(.text)
    RCC_GetSYSCLKSource                      0x2000085f   Thumb Code    10  hc32f4xx_rcc.o(.text)
    RCC_HCLKConfig                           0x20000869   Thumb Code    14  hc32f4xx_rcc.o(.text)
    RCC_PCLK1Config                          0x20000877   Thumb Code    14  hc32f4xx_rcc.o(.text)
    RCC_PCLK2Config                          0x20000885   Thumb Code    16  hc32f4xx_rcc.o(.text)
    RCC_GetClocksFreq                        0x20000895   Thumb Code   150  hc32f4xx_rcc.o(.text)
    RCC_RTCCLKConfig                         0x2000092b   Thumb Code    32  hc32f4xx_rcc.o(.text)
    RCC_RTCCLKCmd                            0x2000094b   Thumb Code     6  hc32f4xx_rcc.o(.text)
    RCC_BackupResetCmd                       0x20000951   Thumb Code     6  hc32f4xx_rcc.o(.text)
    RCC_TIMCLKPresConfig                     0x20000957   Thumb Code     8  hc32f4xx_rcc.o(.text)
    RCC_AHB1PeriphClockCmd                   0x2000095f   Thumb Code    18  hc32f4xx_rcc.o(.text)
    RCC_AHB2PeriphClockCmd                   0x20000971   Thumb Code    18  hc32f4xx_rcc.o(.text)
    RCC_APB1PeriphClockCmd                   0x20000983   Thumb Code    18  hc32f4xx_rcc.o(.text)
    RCC_APB2PeriphClockCmd                   0x20000995   Thumb Code    18  hc32f4xx_rcc.o(.text)
    RCC_AHB1PeriphResetCmd                   0x200009a7   Thumb Code    18  hc32f4xx_rcc.o(.text)
    RCC_AHB2PeriphResetCmd                   0x200009b9   Thumb Code    18  hc32f4xx_rcc.o(.text)
    RCC_APB1PeriphResetCmd                   0x200009cb   Thumb Code    18  hc32f4xx_rcc.o(.text)
    RCC_APB2PeriphResetCmd                   0x200009dd   Thumb Code    18  hc32f4xx_rcc.o(.text)
    RCC_AHB1PeriphClockLPModeCmd             0x200009ef   Thumb Code    18  hc32f4xx_rcc.o(.text)
    RCC_APB1PeriphClockLPModeCmd             0x20000a01   Thumb Code    18  hc32f4xx_rcc.o(.text)
    RCC_APB2PeriphClockLPModeCmd             0x20000a13   Thumb Code    18  hc32f4xx_rcc.o(.text)
    RCC_ITConfig                             0x20000a25   Thumb Code    18  hc32f4xx_rcc.o(.text)
    RCC_ClearFlag                            0x20000a37   Thumb Code    12  hc32f4xx_rcc.o(.text)
    RCC_GetITStatus                          0x20000a43   Thumb Code    16  hc32f4xx_rcc.o(.text)
    RCC_ClearITPendingBit                    0x20000a53   Thumb Code     6  hc32f4xx_rcc.o(.text)
    USART_DeInit                             0x20000ad5   Thumb Code   162  hc32f4xx_usart.o(.text)
    USART_Init                               0x20000b77   Thumb Code    38  hc32f4xx_usart.o(.text)
    USART_ClockInit                          0x20000b9d   Thumb Code    34  hc32f4xx_usart.o(.text)
    USART_Cmd                                0x20000bbf   Thumb Code    16  hc32f4xx_usart.o(.text)
    USART_ITConfig                           0x20000bcf   Thumb Code    16  hc32f4xx_usart.o(.text)
    USART_GetITStatus                        0x20000bdf   Thumb Code    14  hc32f4xx_usart.o(.text)
    USART_ClearFlag                          0x20000bed   Thumb Code    10  hc32f4xx_usart.o(.text)
    USART_RCNT_Config                        0x20000bf7   Thumb Code     4  hc32f4xx_usart.o(.text)
    USART_ClearRCNT                          0x20000bfb   Thumb Code     6  hc32f4xx_usart.o(.text)
    USART_ReceiveData                        0x20000c01   Thumb Code    54  hc32f4xx_usart.o(.text)
    USART_SendData                           0x20000c37   Thumb Code     8  hc32f4xx_usart.o(.text)
    USART_RX_INVConfig                       0x20000c3f   Thumb Code    18  hc32f4xx_usart.o(.text)
    USART_TX_INVConfig                       0x20000c51   Thumb Code    18  hc32f4xx_usart.o(.text)
    USART_DMACmd                             0x20000c63   Thumb Code    16  hc32f4xx_usart.o(.text)
    USART_LINBreakDetectLengthConfig         0x20000c73   Thumb Code    12  hc32f4xx_usart.o(.text)
    USART_LINCmd                             0x20000c7f   Thumb Code    18  hc32f4xx_usart.o(.text)
    USART_SendBreak                          0x20000c91   Thumb Code     8  hc32f4xx_usart.o(.text)
    USART_SendIdle                           0x20000c99   Thumb Code     8  hc32f4xx_usart.o(.text)
    USART_SetAddress                         0x20000ca1   Thumb Code     4  hc32f4xx_usart.o(.text)
    USART_SetAddressMASK                     0x20000ca5   Thumb Code     4  hc32f4xx_usart.o(.text)
    USART_AddressCmd                         0x20000ca9   Thumb Code    18  hc32f4xx_usart.o(.text)
    USART_SYNCCmd                            0x20000cbb   Thumb Code    18  hc32f4xx_usart.o(.text)
    NVIC_PriorityGroupConfig                 0x20000ccd   Thumb Code    14  misc.o(.text)
    NVIC_Init                                0x20000cdb   Thumb Code   106  misc.o(.text)
    NVIC_SetVectorTable                      0x20000d45   Thumb Code    16  misc.o(.text)
    NVIC_SystemLPConfig                      0x20000d55   Thumb Code    18  misc.o(.text)
    SysTick_CLKSourceConfig                  0x20000d67   Thumb Code    22  misc.o(.text)
    NMI_Handler                              0x20000d89   Thumb Code     2  hc32f4xx_it.o(.text)
    HardFault_Handler                        0x20000d8b   Thumb Code     2  hc32f4xx_it.o(.text)
    MemManage_Handler                        0x20000d8d   Thumb Code     2  hc32f4xx_it.o(.text)
    BusFault_Handler                         0x20000d8f   Thumb Code     2  hc32f4xx_it.o(.text)
    UsageFault_Handler                       0x20000d91   Thumb Code     2  hc32f4xx_it.o(.text)
    SVC_Handler                              0x20000d93   Thumb Code     2  hc32f4xx_it.o(.text)
    DebugMon_Handler                         0x20000d95   Thumb Code     2  hc32f4xx_it.o(.text)
    PendSV_Handler                           0x20000d97   Thumb Code     2  hc32f4xx_it.o(.text)
    bsp_InitUart                             0x20000d99   Thumb Code   212  bsp_uart.o(.text)
    fputc                                    0x20000e79   Thumb Code    38  bsp_printf.o(.text)
    fgetc                                    0x20000e9f   Thumb Code    28  bsp_printf.o(.text)
    calc_func                                0x20000ec1   Thumb Code   142  core_list_join.o(.text)
    cmp_complex                              0x20000f4f   Thumb Code    26  core_list_join.o(.text)
    cmp_idx                                  0x20000f69   Thumb Code    42  core_list_join.o(.text)
    copy_info                                0x20000f93   Thumb Code    10  core_list_join.o(.text)
    core_list_mergesort                      0x20000f9d   Thumb Code   166  core_list_join.o(.text)
    core_list_undo_remove                    0x20001043   Thumb Code    16  core_list_join.o(.text)
    core_list_find                           0x20001053   Thumb Code    54  core_list_join.o(.text)
    core_list_remove                         0x20001089   Thumb Code    24  core_list_join.o(.text)
    core_list_reverse                        0x200010a1   Thumb Code    18  core_list_join.o(.text)
    core_bench_list                          0x200010b3   Thumb Code   394  core_list_join.o(.text)
    core_list_insert_new                     0x2000123d   Thumb Code    68  core_list_join.o(.text)
    core_list_init                           0x20001281   Thumb Code   264  core_list_join.o(.text)
    iterate                                  0x20001391   Thumb Code    72  core_main.o(.text)
    main                                     0x200013d9   Thumb Code  2400  core_main.o(.text)
    matrix_add_const                         0x20001d61   Thumb Code    74  core_matrix.o(.text)
    matrix_sum                               0x20001dab   Thumb Code    92  core_matrix.o(.text)
    matrix_mul_matrix_bitextract             0x20001e07   Thumb Code   128  core_matrix.o(.text)
    matrix_mul_matrix                        0x20001e87   Thumb Code   160  core_matrix.o(.text)
    matrix_mul_vect                          0x20001f27   Thumb Code   122  core_matrix.o(.text)
    matrix_mul_const                         0x20001fa1   Thumb Code   112  core_matrix.o(.text)
    matrix_test                              0x20002011   Thumb Code   714  core_matrix.o(.text)
    core_bench_matrix                        0x200022db   Thumb Code    34  core_matrix.o(.text)
    core_init_matrix                         0x200022fd   Thumb Code   166  core_matrix.o(.text)
    SysTick_Handler                          0x200023a9   Thumb Code    10  core_portme.o(.text)
    start_time                               0x200023b3   Thumb Code    50  core_portme.o(.text)
    stop_time                                0x200023e5   Thumb Code    18  core_portme.o(.text)
    get_time                                 0x200023f7   Thumb Code     6  core_portme.o(.text)
    time_in_secs                             0x200023fd   Thumb Code    24  core_portme.o(.text)
    Icache_enable                            0x20002415   Thumb Code    12  core_portme.o(.text)
    Dcache_enable                            0x20002421   Thumb Code    12  core_portme.o(.text)
    SYS_Configuration                        0x2000242d   Thumb Code    98  core_portme.o(.text)
    portable_init                            0x2000248f   Thumb Code   152  core_portme.o(.text)
    portable_fini                            0x20002527   Thumb Code     6  core_portme.o(.text)
    core_state_transition                    0x20002579   Thumb Code   424  core_state.o(.text)
    core_bench_state                         0x20002721   Thumb Code   236  core_state.o(.text)
    core_init_state                          0x2000280d   Thumb Code   260  core_state.o(.text)
    get_seed_32                              0x20002919   Thumb Code    42  core_util.o(.text)
    crcu8                                    0x20002943   Thumb Code    34  core_util.o(.text)
    crcu16                                   0x20002965   Thumb Code    74  core_util.o(.text)
    crc16                                    0x200029af   Thumb Code    76  core_util.o(.text)
    crcu32                                   0x200029fb   Thumb Code    22  core_util.o(.text)
    check_data_types                         0x20002a11   Thumb Code     4  core_util.o(.text)
    __aeabi_ddiv                             0x20002a29   Thumb Code   222  ddiv.o(.text)
    __aeabi_ui2d                             0x20002b07   Thumb Code    26  dfltui.o(.text)
    __aeabi_d2uiz                            0x20002b21   Thumb Code    50  dfixui.o(.text)
    __aeabi_cdcmpeq                          0x20002b55   Thumb Code     0  cdcmple.o(.text)
    __aeabi_cdcmple                          0x20002b55   Thumb Code    48  cdcmple.o(.text)
    __aeabi_cdrcmple                         0x20002b85   Thumb Code    48  cdrcmple.o(.text)
    __aeabi_uidiv                            0x20002bb5   Thumb Code     0  uidiv.o(.text)
    __aeabi_uidivmod                         0x20002bb5   Thumb Code    44  uidiv.o(.text)
    __aeabi_uldivmod                         0x20002be1   Thumb Code    98  uldiv.o(.text)
    __aeabi_llsr                             0x20002c43   Thumb Code    32  llushr.o(.text)
    _ll_ushift_r                             0x20002c43   Thumb Code     0  llushr.o(.text)
    __I$use$fp                               0x20002c63   Thumb Code     0  iusefp.o(.text)
    _double_round                            0x20002c63   Thumb Code    30  depilogue.o(.text)
    _double_epilogue                         0x20002c81   Thumb Code   156  depilogue.o(.text)
    __aeabi_dadd                             0x20002d1d   Thumb Code   322  dadd.o(.text)
    __aeabi_dsub                             0x20002e5f   Thumb Code     6  dadd.o(.text)
    __aeabi_drsub                            0x20002e65   Thumb Code     6  dadd.o(.text)
    __aeabi_dmul                             0x20002e6b   Thumb Code   228  dmul.o(.text)
    __aeabi_d2ulz                            0x20002f4f   Thumb Code    48  dfixul.o(.text)
    __scatterload                            0x20002f81   Thumb Code    28  init.o(.text)
    __scatterload_rt2                        0x20002f81   Thumb Code     0  init.o(.text)
    __aeabi_llsl                             0x20002fa5   Thumb Code    30  llshl.o(.text)
    _ll_shift_l                              0x20002fa5   Thumb Code     0  llshl.o(.text)
    __aeabi_lasr                             0x20002fc3   Thumb Code    36  llsshr.o(.text)
    _ll_sshift_r                             0x20002fc3   Thumb Code     0  llsshr.o(.text)
    __0printf                                0x20002fe9   Thumb Code    22  printfa.o(i.__0printf)
    __1printf                                0x20002fe9   Thumb Code     0  printfa.o(i.__0printf)
    __2printf                                0x20002fe9   Thumb Code     0  printfa.o(i.__0printf)
    __c89printf                              0x20002fe9   Thumb Code     0  printfa.o(i.__0printf)
    printf                                   0x20002fe9   Thumb Code     0  printfa.o(i.__0printf)
    __scatterload_copy                       0x20003009   Thumb Code    14  handlers.o(i.__scatterload_copy)
    __scatterload_null                       0x20003017   Thumb Code     2  handlers.o(i.__scatterload_null)
    __scatterload_zeroinit                   0x20003019   Thumb Code    14  handlers.o(i.__scatterload_zeroinit)
    Region$$Table$$Base                      0x20003a14   Number         0  anon$$obj.o(Region$$Table)
    Region$$Table$$Limit                     0x20003a34   Number         0  anon$$obj.o(Region$$Table)
    SystemCoreClock                          0x20008000   Data           4  system_hc32f4xx.o(.data)
    seed1_volatile                           0x20008034   Data           4  core_portme.o(.data)
    seed2_volatile                           0x20008038   Data           4  core_portme.o(.data)
    seed3_volatile                           0x2000803c   Data           4  core_portme.o(.data)
    seed4_volatile                           0x20008040   Data           4  core_portme.o(.data)
    seed5_volatile                           0x20008044   Data           4  core_portme.o(.data)
    default_num_contexts                     0x20008048   Data           4  core_portme.o(.data)
    Tick                                     0x2000804c   Data           4  core_portme.o(.data)
    __stdout                                 0x20008090   Data           4  stdout.o(.data)
    __initial_sp                             0x2000c098   Data           0  startup_hc32f40_41xxx.o(STACK)



==============================================================================

Memory Map of the image

  Image Entry point : 0x20000189

  Load Region LR_IROM1 (Base: 0x20000000, Size: 0x00003ac8, Max: 0x00008000, ABSOLUTE)

    Execution Region ER_IROM1 (Exec base: 0x20000000, Load base: 0x20000000, Size: 0x00003a34, Max: 0x00008000, ABSOLUTE)

    Exec Addr    Load Addr    Size         Type   Attr      Idx    E Section Name        Object

    0x20000000   0x20000000   0x00000188   Data   RO            3    RESET               startup_hc32f40_41xxx.o
    0x20000188   0x20000188   0x00000000   Code   RO         1025  * .ARM.Collect$$$$00000000  mc_w.l(entry.o)
    0x20000188   0x20000188   0x00000004   Code   RO         1305    .ARM.Collect$$$$00000001  mc_w.l(entry2.o)
    0x2000018c   0x2000018c   0x00000004   Code   RO         1308    .ARM.Collect$$$$00000004  mc_w.l(entry5.o)
    0x20000190   0x20000190   0x00000000   Code   RO         1310    .ARM.Collect$$$$00000008  mc_w.l(entry7b.o)
    0x20000190   0x20000190   0x00000000   Code   RO         1312    .ARM.Collect$$$$0000000A  mc_w.l(entry8b.o)
    0x20000190   0x20000190   0x00000008   Code   RO         1313    .ARM.Collect$$$$0000000B  mc_w.l(entry9a.o)
    0x20000198   0x20000198   0x00000004   Code   RO         1320    .ARM.Collect$$$$0000000E  mc_w.l(entry12b.o)
    0x2000019c   0x2000019c   0x00000000   Code   RO         1315    .ARM.Collect$$$$0000000F  mc_w.l(entry10a.o)
    0x2000019c   0x2000019c   0x00000000   Code   RO         1317    .ARM.Collect$$$$00000011  mc_w.l(entry11a.o)
    0x2000019c   0x2000019c   0x00000004   Code   RO         1306    .ARM.Collect$$$$00002712  mc_w.l(entry2.o)
    0x200001a0   0x200001a0   0x00000034   Code   RO            4    .text               startup_hc32f40_41xxx.o
    0x200001d4   0x200001d4   0x000003ac   Code   RO          350    .text               hc32f4xx_flash.o
    0x20000580   0x20000580   0x000001aa   Code   RO          375    .text               hc32f4xx_gpio.o
    0x2000072a   0x2000072a   0x00000002   PAD
    0x2000072c   0x2000072c   0x000003a8   Code   RO          519    .text               hc32f4xx_rcc.o
    0x20000ad4   0x20000ad4   0x000001f8   Code   RO          669    .text               hc32f4xx_usart.o
    0x20000ccc   0x20000ccc   0x000000bc   Code   RO          757    .text               misc.o
    0x20000d88   0x20000d88   0x00000010   Code   RO          781    .text               hc32f4xx_it.o
    0x20000d98   0x20000d98   0x000000e0   Code   RO          830    .text               bsp_uart.o
    0x20000e78   0x20000e78   0x00000048   Code   RO          854    .text               bsp_printf.o
    0x20000ec0   0x20000ec0   0x000004cc   Code   RO          875    .text               core_list_join.o
    0x2000138c   0x2000138c   0x00000004   PAD
    0x20001390   0x20001390   0x000009d0   Code   RO          905    .text               core_main.o
    0x20001d60   0x20001d60   0x00000642   Code   RO          933    .text               core_matrix.o
    0x200023a2   0x200023a2   0x00000006   PAD
    0x200023a8   0x200023a8   0x000001d0   Code   RO          949    .text               core_portme.o
    0x20002578   0x20002578   0x000003a0   Code   RO          993    .text               core_state.o
    0x20002918   0x20002918   0x00000110   Code   RO         1012    .text               core_util.o
    0x20002a28   0x20002a28   0x000000de   Code   RO         1295    .text               mf_w.l(ddiv.o)
    0x20002b06   0x20002b06   0x0000001a   Code   RO         1297    .text               mf_w.l(dfltui.o)
    0x20002b20   0x20002b20   0x00000032   Code   RO         1299    .text               mf_w.l(dfixui.o)
    0x20002b52   0x20002b52   0x00000002   PAD
    0x20002b54   0x20002b54   0x00000030   Code   RO         1301    .text               mf_w.l(cdcmple.o)
    0x20002b84   0x20002b84   0x00000030   Code   RO         1303    .text               mf_w.l(cdrcmple.o)
    0x20002bb4   0x20002bb4   0x0000002c   Code   RO         1322    .text               mc_w.l(uidiv.o)
    0x20002be0   0x20002be0   0x00000062   Code   RO         1324    .text               mc_w.l(uldiv.o)
    0x20002c42   0x20002c42   0x00000020   Code   RO         1326    .text               mc_w.l(llushr.o)
    0x20002c62   0x20002c62   0x00000000   Code   RO         1328    .text               mc_w.l(iusefp.o)
    0x20002c62   0x20002c62   0x000000ba   Code   RO         1329    .text               mf_w.l(depilogue.o)
    0x20002d1c   0x20002d1c   0x0000014e   Code   RO         1331    .text               mf_w.l(dadd.o)
    0x20002e6a   0x20002e6a   0x000000e4   Code   RO         1333    .text               mf_w.l(dmul.o)
    0x20002f4e   0x20002f4e   0x00000030   Code   RO         1335    .text               mf_w.l(dfixul.o)
    0x20002f7e   0x20002f7e   0x00000002   PAD
    0x20002f80   0x20002f80   0x00000024   Code   RO         1337    .text               mc_w.l(init.o)
    0x20002fa4   0x20002fa4   0x0000001e   Code   RO         1339    .text               mc_w.l(llshl.o)
    0x20002fc2   0x20002fc2   0x00000024   Code   RO         1341    .text               mc_w.l(llsshr.o)
    0x20002fe6   0x20002fe6   0x00000002   PAD
    0x20002fe8   0x20002fe8   0x00000020   Code   RO         1267    i.__0printf         mc_w.l(printfa.o)
    0x20003008   0x20003008   0x0000000e   Code   RO         1345    i.__scatterload_copy  mc_w.l(handlers.o)
    0x20003016   0x20003016   0x00000002   Code   RO         1346    i.__scatterload_null  mc_w.l(handlers.o)
    0x20003018   0x20003018   0x0000000e   Code   RO         1347    i.__scatterload_zeroinit  mc_w.l(handlers.o)
    0x20003026   0x20003026   0x00000002   PAD
    0x20003028   0x20003028   0x00000184   Code   RO         1274    i._fp_digits        mc_w.l(printfa.o)
    0x200031ac   0x200031ac   0x000006b4   Code   RO         1275    i._printf_core      mc_w.l(printfa.o)
    0x20003860   0x20003860   0x00000024   Code   RO         1276    i._printf_post_padding  mc_w.l(printfa.o)
    0x20003884   0x20003884   0x0000002e   Code   RO         1277    i._printf_pre_padding  mc_w.l(printfa.o)
    0x200038b2   0x200038b2   0x00000002   PAD
    0x200038b4   0x200038b4   0x000000ad   Data   RO          907    .conststring        core_main.o
    0x20003961   0x20003961   0x00000003   PAD
    0x20003964   0x20003964   0x000000ad   Data   RO          994    .conststring        core_state.o
    0x20003a11   0x20003a11   0x00000003   PAD
    0x20003a14   0x20003a14   0x00000020   Data   RO         1343    Region$$Table       anon$$obj.o


    Execution Region RW_IRAM1 (Exec base: 0x20008000, Load base: 0x20003a34, Size: 0x00004098, Max: 0x00008000, ABSOLUTE)

    Exec Addr    Load Addr    Size         Type   Attr      Idx    E Section Name        Object

    0x20008000   0x20003a34   0x00000004   Data   RW           14    .data               system_hc32f4xx.o
    0x20008004   0x20003a38   0x00000010   Data   RW          520    .data               hc32f4xx_rcc.o
    0x20008014   0x20003a48   0x0000001e   Data   RW          908    .data               core_main.o
    0x20008032   0x20003a66   0x00000002   PAD
    0x20008034   0x20003a68   0x00000004   Data   RW          950    .data               core_portme.o
    0x20008038   0x20003a6c   0x00000004   Data   RW          951    .data               core_portme.o
    0x2000803c   0x20003a70   0x00000004   Data   RW          952    .data               core_portme.o
    0x20008040   0x20003a74   0x00000004   Data   RW          953    .data               core_portme.o
    0x20008044   0x20003a78   0x00000004   Data   RW          954    .data               core_portme.o
    0x20008048   0x20003a7c   0x00000004   Data   RW          955    .data               core_portme.o
    0x2000804c   0x20003a80   0x00000004   Data   RW          956    .data               core_portme.o
    0x20008050   0x20003a84   0x00000040   Data   RW          995    .data               core_state.o
    0x20008090   0x20003ac4   0x00000004   Data   RW         1321    .data               mc_w.l(stdout.o)
    0x20008094   0x20003ac8   0x00000004   PAD
    0x20008098        -       0x00004000   Zero   RW            1    STACK               startup_hc32f40_41xxx.o


==============================================================================

Image component sizes


      Code (inc. data)   RO Data    RW Data    ZI Data      Debug   Object Name

        72          6          0          0          0        734   bsp_printf.o
       224         12          0          0          0        887   bsp_uart.o
      1228          4          0          0          0      10799   core_list_join.o
      2512        948        173         30          0       3528   core_main.o
      1602          0          0          0          0       9151   core_matrix.o
       464         76          0         28          0      33231   core_portme.o
       928         16        173         64          0       4513   core_state.o
       272         26          0          0          0       3118   core_util.o
       940         66          0          0          0       7687   hc32f4xx_flash.o
       426          0          0          0          0       4357   hc32f4xx_gpio.o
        16          0          0          0          0       2390   hc32f4xx_it.o
       936        124          0         16          0      26043   hc32f4xx_rcc.o
       504          8          0          0          0       5773   hc32f4xx_usart.o
       188         12          0          0          0       2017   misc.o
        52         10        392          0      16384        908   startup_hc32f40_41xxx.o
         0          0          0          4          0     138598   system_hc32f4xx.o

    ----------------------------------------------------------------------
     10376       1312        776        144      16384     253734   Object Totals
         0          0         32          0          0          0   (incl. Generated)
        12          4          6          2          0          0   (incl. Padding)

    ----------------------------------------------------------------------

      Code (inc. data)   RO Data    RW Data    ZI Data      Debug   Library Member Name

         0          0          0          0          0          0   entry.o
         0          0          0          0          0          0   entry10a.o
         0          0          0          0          0          0   entry11a.o
         4          0          0          0          0          0   entry12b.o
         8          4          0          0          0          0   entry2.o
         4          0          0          0          0          0   entry5.o
         0          0          0          0          0          0   entry7b.o
         0          0          0          0          0          0   entry8b.o
         8          4          0          0          0          0   entry9a.o
        30          0          0          0          0          0   handlers.o
        36          8          0          0          0         68   init.o
         0          0          0          0          0          0   iusefp.o
        30          0          0          0          0         68   llshl.o
        36          0          0          0          0         68   llsshr.o
        32          0          0          0          0         68   llushr.o
      2218         90          0          0          0        464   printfa.o
         0          0          0          4          0          0   stdout.o
        44          0          0          0          0         80   uidiv.o
        98          0          0          0          0         92   uldiv.o
        48          0          0          0          0         68   cdcmple.o
        48          0          0          0          0         68   cdrcmple.o
       334          0          0          0          0        148   dadd.o
       222          0          0          0          0        100   ddiv.o
       186          0          0          0          0        176   depilogue.o
        50          0          0          0          0         76   dfixui.o
        48          0          0          0          0         68   dfixul.o
        26          0          0          0          0         76   dfltui.o
       228          0          0          0          0         96   dmul.o

    ----------------------------------------------------------------------
      3748        106          0          4          4       1784   Library Totals
        10          0          0          0          4          0   (incl. Padding)

    ----------------------------------------------------------------------

      Code (inc. data)   RO Data    RW Data    ZI Data      Debug   Library Name

      2548        106          0          4          0        908   mc_w.l
      1190          0          0          0          0        876   mf_w.l

    ----------------------------------------------------------------------
      3748        106          0          4          4       1784   Library Totals

    ----------------------------------------------------------------------

==============================================================================


      Code (inc. data)   RO Data    RW Data    ZI Data      Debug   

     14124       1418        776        148      16388     251386   Grand Totals
     14124       1418        776        148      16388     251386   ELF Image Totals
     14124       1418        776        148          0          0   ROM Totals

==============================================================================

    Total RO  Size (Code + RO Data)                14900 (  14.55kB)
    Total RW  Size (RW Data + ZI Data)             16536 (  16.15kB)
    Total ROM Size (Code + RO Data + RW Data)      15048 (  14.70kB)

==============================================================================

