Component: ARM Compiler 5.06 update 7 (build 960) Tool: armlink [4d3601]

==============================================================================

Section Cross References

    startup_hc32f40_41xxx.o(RESET) refers to startup_hc32f40_41xxx.o(STACK) for __initial_sp
    startup_hc32f40_41xxx.o(RESET) refers to startup_hc32f40_41xxx.o(.text) for Reset_Handler
    startup_hc32f40_41xxx.o(RESET) refers to hc32f4xx_it.o(i.NMI_Handler) for NMI_Handler
    startup_hc32f40_41xxx.o(RESET) refers to hc32f4xx_it.o(i.HardFault_Handler) for HardFault_Handler
    startup_hc32f40_41xxx.o(RESET) refers to hc32f4xx_it.o(i.MemManage_Handler) for MemManage_Handler
    startup_hc32f40_41xxx.o(RESET) refers to hc32f4xx_it.o(i.BusFault_Handler) for BusFault_Handler
    startup_hc32f40_41xxx.o(RESET) refers to hc32f4xx_it.o(i.UsageFault_Handler) for UsageFault_Handler
    startup_hc32f40_41xxx.o(RESET) refers to port.o(.emb_text) for SVC_Handler
    startup_hc32f40_41xxx.o(RESET) refers to hc32f4xx_it.o(i.DebugMon_Handler) for DebugMon_Handler
    startup_hc32f40_41xxx.o(RESET) refers to port.o(i.SysTick_Handler) for SysTick_Handler
    startup_hc32f40_41xxx.o(.text) refers to system_hc32f4xx.o(i.SystemInit) for SystemInit
    startup_hc32f40_41xxx.o(.text) refers to entry.o(.ARM.Collect$$$$00000000) for __main
    hc32f4xx_adc.o(i.ADC_DeInit) refers to hc32f4xx_rcc.o(i.RCC_APB2PeriphResetCmd) for RCC_APB2PeriphResetCmd
    hc32f4xx_canfd.o(i.CAN_CopyRAMToRxMessage) refers to memcpya.o(.text) for __aeabi_memcpy
    hc32f4xx_canfd.o(i.CAN_CopyTxMessageToRAM) refers to memcpya.o(.text) for __aeabi_memcpy4
    hc32f4xx_canfd.o(i.CAN_DeInit) refers to hc32f4xx_rcc.o(i.RCC_APB1PeriphResetCmd) for RCC_APB1PeriphResetCmd
    hc32f4xx_dac.o(i.DAC_DeInit) refers to hc32f4xx_rcc.o(i.RCC_APB1PeriphResetCmd) for RCC_APB1PeriphResetCmd
    hc32f4xx_fda.o(i.FDA_DeInit) refers to hc32f4xx_rcc.o(i.RCC_APB2PeriphClockCmd) for RCC_APB2PeriphClockCmd
    hc32f4xx_fda.o(i.FDA_GetCalibrateCompleteStatus) refers to hc32f4xx_fda.o(.data) for FLAG
    hc32f4xx_flash.o(i.FLASH_EraseAllSectors) refers to hc32f4xx_flash.o(i.FLASH_WaitForLastOperation) for FLASH_WaitForLastOperation
    hc32f4xx_flash.o(i.FLASH_EraseSector) refers to hc32f4xx_flash.o(i.FLASH_WaitForLastOperation) for FLASH_WaitForLastOperation
    hc32f4xx_flash.o(i.FLASH_OB_EOPBConfig) refers to hc32f4xx_flash.o(i.FLASH_WaitForLastOperation) for FLASH_WaitForLastOperation
    hc32f4xx_flash.o(i.FLASH_OB_Launch) refers to hc32f4xx_flash.o(i.FLASH_WaitForLastOperation) for FLASH_WaitForLastOperation
    hc32f4xx_flash.o(i.FLASH_OB_RDPConfig) refers to hc32f4xx_flash.o(i.FLASH_WaitForLastOperation) for FLASH_WaitForLastOperation
    hc32f4xx_flash.o(i.FLASH_OB_UserConfig) refers to hc32f4xx_flash.o(i.FLASH_WaitForLastOperation) for FLASH_WaitForLastOperation
    hc32f4xx_flash.o(i.FLASH_OB_WRP1_AddressConfig) refers to hc32f4xx_flash.o(i.FLASH_WaitForLastOperation) for FLASH_WaitForLastOperation
    hc32f4xx_flash.o(i.FLASH_OB_WRP2_AddressConfig) refers to hc32f4xx_flash.o(i.FLASH_WaitForLastOperation) for FLASH_WaitForLastOperation
    hc32f4xx_flash.o(i.FLASH_OB_WRPConfig) refers to hc32f4xx_flash.o(i.FLASH_WaitForLastOperation) for FLASH_WaitForLastOperation
    hc32f4xx_flash.o(i.FLASH_ProgramByte) refers to hc32f4xx_flash.o(i.FLASH_WaitForLastOperation) for FLASH_WaitForLastOperation
    hc32f4xx_flash.o(i.FLASH_ProgramHalfWord) refers to hc32f4xx_flash.o(i.FLASH_WaitForLastOperation) for FLASH_WaitForLastOperation
    hc32f4xx_flash.o(i.FLASH_ProgramWord) refers to hc32f4xx_flash.o(i.FLASH_WaitForLastOperation) for FLASH_WaitForLastOperation
    hc32f4xx_flash.o(i.FLASH_WaitForLastOperation) refers to hc32f4xx_flash.o(i.FLASH_GetStatus) for FLASH_GetStatus
    hc32f4xx_gpio.o(i.GPIO_DeInit) refers to hc32f4xx_rcc.o(i.RCC_AHB1PeriphResetCmd) for RCC_AHB1PeriphResetCmd
    hc32f4xx_i2c.o(i.I2C_DeInit) refers to hc32f4xx_rcc.o(i.RCC_APB1PeriphResetCmd) for RCC_APB1PeriphResetCmd
    hc32f4xx_i2s.o(i.I2S_DeInit) refers to hc32f4xx_rcc.o(i.RCC_APB1PeriphResetCmd) for RCC_APB1PeriphResetCmd
    hc32f4xx_mou.o(i.Clear_Matrix) refers to memseta.o(.text) for __aeabi_memclr4
    hc32f4xx_mou.o(i.MOU_DeInit) refers to hc32f4xx_rcc.o(i.RCC_AHB2PeriphResetCmd) for RCC_AHB2PeriphResetCmd
    hc32f4xx_mou.o(i.MOU_DeInit) refers to hc32f4xx_rcc.o(i.RCC_AHB2PeriphClockCmd) for RCC_AHB2PeriphClockCmd
    hc32f4xx_pwr.o(i.PWR_DeInit) refers to hc32f4xx_rcc.o(i.RCC_APB1PeriphResetCmd) for RCC_APB1PeriphResetCmd
    hc32f4xx_rcc.o(i.RCC_GetClocksFreq) refers to hc32f4xx_rcc.o(.data) for APBAHBPrescTable
    hc32f4xx_rcc.o(i.RCC_WaitForHSEStartUp) refers to hc32f4xx_rcc.o(i.RCC_GetFlagStatus) for RCC_GetFlagStatus
    hc32f4xx_rtc.o(i.RTC_SetAlarm) refers to hc32f4xx_rtc.o(i.RTC_EnterConfigMode) for RTC_EnterConfigMode
    hc32f4xx_rtc.o(i.RTC_SetAlarm) refers to hc32f4xx_rtc.o(i.RTC_ExitConfigMode) for RTC_ExitConfigMode
[...]
    Removing hc32f4xx_adc.o(i.ADC_DMAConfig), (26 bytes).
    Removing hc32f4xx_adc.o(i.ADC_DeInit), (60 bytes).
    Removing hc32f4xx_adc.o(i.ADC_GetConversionValue), (100 bytes).
    Removing hc32f4xx_adc.o(i.ADC_GetFlagStatus), (20 bytes).
    Removing hc32f4xx_adc.o(i.ADC_ITConfig), (26 bytes).
    Removing hc32f4xx_adc.o(i.ADC_Init), (100 bytes).
    Removing hc32f4xx_adc.o(i.ADC_SQRInit), (28 bytes).
    Removing hc32f4xx_adc.o(i.ADC_SQRSampleConfig), (548 bytes).
    Removing hc32f4xx_adc.o(i.ADC_SoftwareStartConv), (6 bytes).
    Removing hc32f4xx_adc.o(i.ADC_TempSensorCmd), (22 bytes).
    Removing hc32f4xx_canfd.o(.rev16_text), (4 bytes).
    Removing hc32f4xx_canfd.o(.revsh_text), (4 bytes).
    Removing hc32f4xx_canfd.o(.rrx_text), (6 bytes).
    Removing hc32f4xx_canfd.o(i.CAN_ClearITPendingBit), (8 bytes).
    Removing hc32f4xx_canfd.o(i.CAN_CopyRAMToRxMessage), (132 bytes).
    Removing hc32f4xx_canfd.o(i.CAN_CopySIDFilterMessageToRAM), (30 bytes).
    Removing hc32f4xx_canfd.o(i.CAN_CopyTxMessageToRAM), (138 bytes).
    Removing hc32f4xx_canfd.o(i.CAN_DeInit), (36 bytes).
    Removing hc32f4xx_canfd.o(i.CAN_EnterInitMode), (66 bytes).
    Removing hc32f4xx_canfd.o(i.CAN_ExitInitMode), (52 bytes).
    Removing hc32f4xx_canfd.o(i.CAN_FilterConfig), (22 bytes).
    Removing hc32f4xx_canfd.o(i.CAN_GetITStatus), (18 bytes).
    Removing hc32f4xx_canfd.o(i.CAN_GlobalFilterInit), (26 bytes).
    Removing hc32f4xx_canfd.o(i.CAN_ITConfig), (50 bytes).
    Removing hc32f4xx_canfd.o(i.CAN_Init), (292 bytes).
    Removing hc32f4xx_canfd.o(i.CAN_RamWatchdogConfig), (12 bytes).
    Removing hc32f4xx_canfd.o(i.CAN_ReceiveBufferConfig), (26 bytes).
    Removing hc32f4xx_canfd.o(i.CAN_ReceiveFIFOConfig), (98 bytes).
    Removing hc32f4xx_canfd.o(i.CAN_RequestConfig), (18 bytes).
    Removing hc32f4xx_canfd.o(i.CAN_SendBufferConfig), (44 bytes).
    Removing hc32f4xx_canfd.o(i.CAN_SendSequenceConfig), (40 bytes).
    Removing hc32f4xx_canfd.o(i.CAN_TimeOutConfig), (26 bytes).
    Removing hc32f4xx_canfd.o(i.CAN_TimestampConfig), (14 bytes).
    Removing hc32f4xx_crc.o(.rev16_text), (4 bytes).
    Removing hc32f4xx_crc.o(.revsh_text), (4 bytes).
    Removing hc32f4xx_crc.o(.rrx_text), (6 bytes).
    Removing hc32f4xx_crc.o(i.CRC_CalcBlockCRC), (36 bytes).
    Removing hc32f4xx_crc.o(i.CRC_CalcCRC), (16 bytes).
    Removing hc32f4xx_crc.o(i.CRC_GetCRC), (12 bytes).
    Removing hc32f4xx_crc.o(i.CRC_GetIDRegister), (12 bytes).
    Removing hc32f4xx_crc.o(i.CRC_ResetDR), (12 bytes).
    Removing hc32f4xx_crc.o(i.CRC_SetIDRegister), (12 bytes).
    Removing hc32f4xx_dac.o(.rev16_text), (4 bytes).
    Removing hc32f4xx_dac.o(.revsh_text), (4 bytes).
    Removing hc32f4xx_dac.o(.rrx_text), (6 bytes).
    Removing hc32f4xx_dac.o(i.DAC_Cmd), (36 bytes).
    Removing hc32f4xx_dac.o(i.DAC_DMACmd), (36 bytes).
    Removing hc32f4xx_dac.o(i.DAC_DMATriggerConfig), (28 bytes).
    Removing hc32f4xx_dac.o(i.DAC_DeInit), (22 bytes).
    Removing hc32f4xx_dac.o(i.DAC_Init), (20 bytes).
    Removing hc32f4xx_dac.o(i.DAC_SetDACData), (12 bytes).
    Removing hc32f4xx_dbgmcu.o(.rev16_text), (4 bytes).
    Removing hc32f4xx_dbgmcu.o(.revsh_text), (4 bytes).
    Removing hc32f4xx_dbgmcu.o(.rrx_text), (6 bytes).
    Removing hc32f4xx_dbgmcu.o(i.DBGMCU_APB1PeriphConfig), (32 bytes).
    Removing hc32f4xx_dbgmcu.o(i.DBGMCU_APB2PeriphConfig), (32 bytes).
    Removing hc32f4xx_dbgmcu.o(i.DBGMCU_Config), (32 bytes).
    Removing hc32f4xx_dbgmcu.o(i.DBGMCU_GetDEVID), (16 bytes).
    Removing hc32f4xx_dbgmcu.o(i.DBGMCU_GetREVID), (12 bytes).
    Removing hc32f4xx_dma.o(.rev16_text), (4 bytes).
    Removing hc32f4xx_dma.o(.revsh_text), (4 bytes).
    Removing hc32f4xx_dma.o(.rrx_text), (6 bytes).
    Removing hc32f4xx_dma.o(i.DMA_ClearFlag), (36 bytes).
    Removing hc32f4xx_dma.o(i.DMA_ClearITPendingBit), (36 bytes).
    Removing hc32f4xx_dma.o(i.DMA_Cmd), (22 bytes).
    Removing hc32f4xx_dma.o(i.DMA_DeInit), (192 bytes).
    Removing hc32f4xx_dma.o(i.DMA_DoubleBufferModeCmd), (22 bytes).
    Removing hc32f4xx_dma.o(i.DMA_DoubleBufferModeConfig), (24 bytes).
    Removing hc32f4xx_dma.o(i.DMA_FlowControllerConfig), (22 bytes).
    Removing hc32f4xx_dma.o(i.DMA_GetCmdStatus), (20 bytes).
    Removing hc32f4xx_dma.o(i.DMA_GetCurrDataCounter), (8 bytes).
    Removing hc32f4xx_dma.o(i.DMA_GetCurrentMemoryTarget), (20 bytes).
    Removing hc32f4xx_dma.o(i.DMA_GetFIFOStatus), (12 bytes).
    Removing hc32f4xx_dma.o(i.DMA_GetFlagStatus), (52 bytes).
    Removing hc32f4xx_dma.o(i.DMA_GetITStatus), (84 bytes).
    Removing hc32f4xx_dma.o(i.DMA_ITConfig), (58 bytes).
    Removing hc32f4xx_dma.o(i.DMA_Init), (88 bytes).
    Removing hc32f4xx_dma.o(i.DMA_MemoryTargetConfig), (10 bytes).
    Removing hc32f4xx_dma.o(i.DMA_PeriphIncOffsetSizeConfig), (22 bytes).
    Removing hc32f4xx_dma.o(i.DMA_SetCurrDataCounter), (4 bytes).
    Removing hc32f4xx_dma.o(i.DMA_StructInit), (34 bytes).
    Removing hc32f4xx_exti.o(.rev16_text), (4 bytes).
    Removing hc32f4xx_exti.o(.revsh_text), (4 bytes).
    Removing hc32f4xx_exti.o(.rrx_text), (6 bytes).
    Removing hc32f4xx_exti.o(i.EXTI_ClearFlag), (12 bytes).
    Removing hc32f4xx_exti.o(i.EXTI_ClearITPendingBit), (12 bytes).
    Removing hc32f4xx_exti.o(i.EXTI_DeInit), (36 bytes).
    Removing hc32f4xx_exti.o(i.EXTI_GenerateSWInterrupt), (16 bytes).
    Removing hc32f4xx_exti.o(i.EXTI_GetFlagStatus), (24 bytes).
    Removing hc32f4xx_exti.o(i.EXTI_GetITStatus), (24 bytes).
    Removing hc32f4xx_exti.o(i.EXTI_Init), (148 bytes).
    Removing hc32f4xx_exti.o(i.EXTI_StructInit), (16 bytes).
    Removing hc32f4xx_fda.o(.rev16_text), (4 bytes).
    Removing hc32f4xx_fda.o(.revsh_text), (4 bytes).
    Removing hc32f4xx_fda.o(.rrx_text), (6 bytes).
    Removing hc32f4xx_fda.o(i.FDA_CalibrateCmd), (22 bytes).
    Removing hc32f4xx_fda.o(i.FDA_CalibrateSet), (18 bytes).
    Removing hc32f4xx_fda.o(i.FDA_Cmd), (22 bytes).
    Removing hc32f4xx_fda.o(i.FDA_DeInit), (64 bytes).
    Removing hc32f4xx_fda.o(i.FDA_FloatingInputCmd), (22 bytes).
    Removing hc32f4xx_fda.o(i.FDA_GetCalibrateCompleteStatus), (32 bytes).
    Removing hc32f4xx_fda.o(i.FDA_Init), (14 bytes).
    Removing hc32f4xx_fda.o(.data), (4 bytes).
    Removing hc32f4xx_flash.o(.rev16_text), (4 bytes).
    Removing hc32f4xx_flash.o(.revsh_text), (4 bytes).
    Removing hc32f4xx_flash.o(.rrx_text), (6 bytes).
    Removing hc32f4xx_flash.o(i.FLASH_ClearFlag), (12 bytes).
    Removing hc32f4xx_flash.o(i.FLASH_EraseAllSectors), (72 bytes).
    Removing hc32f4xx_flash.o(i.FLASH_EraseSector), (88 bytes).
    Removing hc32f4xx_flash.o(i.FLASH_GetFlagStatus), (24 bytes).
    Removing hc32f4xx_flash.o(i.FLASH_GetStatus), (84 bytes).
    Removing hc32f4xx_flash.o(i.FLASH_ITConfig), (32 bytes).
    Removing hc32f4xx_flash.o(i.FLASH_InstructionCacheCmd), (36 bytes).
    Removing hc32f4xx_flash.o(i.FLASH_InstructionCacheReset), (20 bytes).
    Removing hc32f4xx_flash.o(i.FLASH_Lock), (20 bytes).
    Removing hc32f4xx_flash.o(i.FLASH_OB_EOPBConfig), (28 bytes).
    Removing hc32f4xx_flash.o(i.FLASH_OB_GetRDP), (24 bytes).
    Removing hc32f4xx_flash.o(i.FLASH_OB_GetUser), (16 bytes).
    Removing hc32f4xx_flash.o(i.FLASH_OB_GetWRP), (12 bytes).
    Removing hc32f4xx_flash.o(i.FLASH_OB_Launch), (32 bytes).
    Removing hc32f4xx_flash.o(i.FLASH_OB_Lock), (20 bytes).
    Removing hc32f4xx_flash.o(i.FLASH_OB_RDPConfig), (28 bytes).
    Removing hc32f4xx_flash.o(i.FLASH_OB_Unlock), (36 bytes).
    Removing hc32f4xx_flash.o(i.FLASH_OB_UserConfig), (48 bytes).
    Removing hc32f4xx_flash.o(i.FLASH_OB_WRP1_AddressConfig), (32 bytes).
    Removing hc32f4xx_flash.o(i.FLASH_OB_WRP2_AddressConfig), (32 bytes).
    Removing hc32f4xx_flash.o(i.FLASH_OB_WRPConfig), (32 bytes).
    Removing hc32f4xx_flash.o(i.FLASH_PrefetchBufferCmd), (36 bytes).
    Removing hc32f4xx_flash.o(i.FLASH_ProgramByte), (76 bytes).
    Removing hc32f4xx_flash.o(i.FLASH_ProgramHalfWord), (80 bytes).
    Removing hc32f4xx_flash.o(i.FLASH_ProgramWord), (80 bytes).
    Removing hc32f4xx_flash.o(i.FLASH_Unlock), (36 bytes).
    Removing hc32f4xx_flash.o(i.FLASH_WaitForLastOperation), (34 bytes).
    Removing hc32f4xx_gpio.o(.rev16_text), (4 bytes).
    Removing hc32f4xx_gpio.o(.revsh_text), (4 bytes).
    Removing hc32f4xx_gpio.o(.rrx_text), (6 bytes).
    Removing hc32f4xx_gpio.o(i.GPIO_DeInit), (116 bytes).
    Removing hc32f4xx_gpio.o(i.GPIO_PinLockConfig), (34 bytes).
    Removing hc32f4xx_gpio.o(i.GPIO_ReadInputData), (8 bytes).
    Removing hc32f4xx_gpio.o(i.GPIO_ReadInputDataBit), (18 bytes).
    Removing hc32f4xx_gpio.o(i.GPIO_ReadOutputData), (8 bytes).
    Removing hc32f4xx_gpio.o(i.GPIO_ReadOutputDataBit), (18 bytes).
    Removing hc32f4xx_gpio.o(i.GPIO_SetBits), (4 bytes).
    Removing hc32f4xx_gpio.o(i.GPIO_ToggleBits), (8 bytes).
    Removing hc32f4xx_gpio.o(i.GPIO_Write), (4 bytes).
    Removing hc32f4xx_gpio.o(i.GPIO_WriteBit), (10 bytes).
    Removing hc32f4xx_i2c.o(.rev16_text), (4 bytes).
    Removing hc32f4xx_i2c.o(.revsh_text), (4 bytes).
    Removing hc32f4xx_i2c.o(.rrx_text), (6 bytes).
    Removing hc32f4xx_i2c.o(i.I2C_AcknowledgeConfig), (22 bytes).
    Removing hc32f4xx_i2c.o(i.I2C_ClearFlag), (6 bytes).
    Removing hc32f4xx_i2c.o(i.I2C_Cmd), (22 bytes).
    Removing hc32f4xx_i2c.o(i.I2C_DMACmd), (22 bytes).
    Removing hc32f4xx_i2c.o(i.I2C_DMALastTransferCmd), (22 bytes).
    Removing hc32f4xx_i2c.o(i.I2C_DeInit), (64 bytes).
    Removing hc32f4xx_i2c.o(i.I2C_GCAddressCmd), (6 bytes).
    Removing hc32f4xx_i2c.o(i.I2C_GenerateSTART), (22 bytes).
    Removing hc32f4xx_i2c.o(i.I2C_GenerateSTOP), (22 bytes).
    Removing hc32f4xx_i2c.o(i.I2C_GetITStatus), (8 bytes).
    Removing hc32f4xx_i2c.o(i.I2C_Init), (20 bytes).
    Removing hc32f4xx_i2c.o(i.I2C_OwnAddress0Config), (6 bytes).
    Removing hc32f4xx_i2c.o(i.I2C_OwnAddress1Config), (6 bytes).
    Removing hc32f4xx_i2c.o(i.I2C_OwnAddress2Config), (6 bytes).
    Removing hc32f4xx_i2c.o(i.I2C_ReceiveData), (8 bytes).
    Removing hc32f4xx_i2c.o(i.I2C_SendData), (4 bytes).
    Removing hc32f4xx_i2s.o(.rev16_text), (4 bytes).
    Removing hc32f4xx_i2s.o(.revsh_text), (4 bytes).
    Removing hc32f4xx_i2s.o(.rrx_text), (6 bytes).
    Removing hc32f4xx_i2s.o(i.I2S_BlockCmd), (20 bytes).
    Removing hc32f4xx_i2s.o(i.I2S_ClearFlag), (18 bytes).
    Removing hc32f4xx_i2s.o(i.I2S_Cmd), (22 bytes).
    Removing hc32f4xx_i2s.o(i.I2S_DMACmd), (6 bytes).
    Removing hc32f4xx_i2s.o(i.I2S_DeInit), (60 bytes).
    Removing hc32f4xx_i2s.o(i.I2S_GetITStatus), (18 bytes).
    Removing hc32f4xx_i2s.o(i.I2S_ITConfig), (18 bytes).
    Removing hc32f4xx_i2s.o(i.I2S_Init), (96 bytes).
    Removing hc32f4xx_i2s.o(i.I2S_ReceiveLeftData), (6 bytes).
    Removing hc32f4xx_i2s.o(i.I2S_ReceiveRightData), (6 bytes).
    Removing hc32f4xx_i2s.o(i.I2S_SendLeftData), (4 bytes).
    Removing hc32f4xx_i2s.o(i.I2S_SendRightData), (4 bytes).
    Removing hc32f4xx_i2s.o(i.I2S_Threshold_Config), (10 bytes).
    Removing hc32f4xx_iwdg.o(.rev16_text), (4 bytes).
    Removing hc32f4xx_iwdg.o(.revsh_text), (4 bytes).
    Removing hc32f4xx_iwdg.o(.rrx_text), (6 bytes).
    Removing hc32f4xx_iwdg.o(i.IWDG_Enable), (16 bytes).
    Removing hc32f4xx_iwdg.o(i.IWDG_GetFlagStatus), (24 bytes).
    Removing hc32f4xx_iwdg.o(i.IWDG_ReloadCounter), (16 bytes).
    Removing hc32f4xx_iwdg.o(i.IWDG_SetPrescaler), (12 bytes).
    Removing hc32f4xx_iwdg.o(i.IWDG_SetReload), (12 bytes).
    Removing hc32f4xx_iwdg.o(i.IWDG_WriteAccessCmd), (12 bytes).
    Removing hc32f4xx_mou.o(.rev16_text), (4 bytes).
    Removing hc32f4xx_mou.o(.revsh_text), (4 bytes).
    Removing hc32f4xx_mou.o(.rrx_text), (6 bytes).
    Removing hc32f4xx_mou.o(i.Clear_Matrix), (48 bytes).
    Removing hc32f4xx_mou.o(i.MOU_ClearFlag), (16 bytes).
    Removing hc32f4xx_mou.o(i.MOU_ConvConfig), (28 bytes).
    Removing hc32f4xx_mou.o(i.MOU_DeInit), (20 bytes).
    Removing hc32f4xx_mou.o(i.MOU_GetFlagStatus), (24 bytes).
    Removing hc32f4xx_mou.o(i.MOU_ITConfig), (32 bytes).
    Removing hc32f4xx_mou.o(i.MOU_Init), (28 bytes).
    Removing hc32f4xx_mou.o(i.MOU_MatrixConfig), (28 bytes).
    Removing hc32f4xx_mou.o(i.MOU_PauseCmd), (36 bytes).
    Removing hc32f4xx_mou.o(i.MOU_SoftwareStartConv), (20 bytes).
    Removing hc32f4xx_pwr.o(.rev16_text), (4 bytes).
    Removing hc32f4xx_pwr.o(.revsh_text), (4 bytes).
    Removing hc32f4xx_pwr.o(.rrx_text), (6 bytes).
    Removing hc32f4xx_pwr.o(i.PWR_ClearFlag), (20 bytes).
    Removing hc32f4xx_pwr.o(i.PWR_DeInit), (22 bytes).
    Removing hc32f4xx_pwr.o(i.PWR_EnterSTANDBYMode), (40 bytes).
    Removing hc32f4xx_pwr.o(i.PWR_EnterSTOPMode), (68 bytes).
    Removing hc32f4xx_pwr.o(i.PWR_GetFlagStatus), (24 bytes).
    Removing hc32f4xx_pwr.o(i.PWR_MainRegulatorModeConfig), (24 bytes).
    Removing hc32f4xx_pwr.o(i.PWR_PVDCmd), (12 bytes).
    Removing hc32f4xx_pwr.o(i.PWR_PVDLevelConfig), (24 bytes).
    Removing hc32f4xx_pwr.o(i.PWR_WakeUpPinCmd), (12 bytes).
    Removing hc32f4xx_rcc.o(.rev16_text), (4 bytes).
    Removing hc32f4xx_rcc.o(.revsh_text), (4 bytes).
    Removing hc32f4xx_rcc.o(.rrx_text), (6 bytes).
    Removing hc32f4xx_rcc.o(i.RCC_AHB1PeriphClockLPModeCmd), (32 bytes).
    Removing hc32f4xx_rcc.o(i.RCC_AHB1PeriphResetCmd), (32 bytes).
    Removing hc32f4xx_rcc.o(i.RCC_AHB2PeriphClockCmd), (32 bytes).
    Removing hc32f4xx_rcc.o(i.RCC_AHB2PeriphResetCmd), (32 bytes).
    Removing hc32f4xx_rcc.o(i.RCC_APB1PeriphClockCmd), (32 bytes).
    Removing hc32f4xx_rcc.o(i.RCC_APB1PeriphClockLPModeCmd), (32 bytes).
    Removing hc32f4xx_rcc.o(i.RCC_APB1PeriphResetCmd), (32 bytes).
    Removing hc32f4xx_rcc.o(i.RCC_APB2PeriphClockLPModeCmd), (32 bytes).
    Removing hc32f4xx_rcc.o(i.RCC_APB2PeriphResetCmd), (32 bytes).
    Removing hc32f4xx_rcc.o(i.RCC_AdjustHSICalibrationValue), (24 bytes).
    Removing hc32f4xx_rcc.o(i.RCC_BackupResetCmd), (12 bytes).
    Removing hc32f4xx_rcc.o(i.RCC_ClearFlag), (20 bytes).
    Removing hc32f4xx_rcc.o(i.RCC_ClearITPendingBit), (12 bytes).
    Removing hc32f4xx_rcc.o(i.RCC_ClockSecuritySystemCmd), (12 bytes).
    Removing hc32f4xx_rcc.o(i.RCC_DeInit), (84 bytes).
    Removing hc32f4xx_rcc.o(i.RCC_GetITStatus), (24 bytes).
    Removing hc32f4xx_rcc.o(i.RCC_HSICmd), (12 bytes).
    Removing hc32f4xx_rcc.o(i.RCC_ITConfig), (32 bytes).
    Removing hc32f4xx_rcc.o(i.RCC_LSEConfig), (36 bytes).
    Removing hc32f4xx_rcc.o(i.RCC_LSICmd), (12 bytes).
    Removing hc32f4xx_rcc.o(i.RCC_MCO1Config), (28 bytes).
    Removing hc32f4xx_rcc.o(i.RCC_MCO2Config), (28 bytes).
    Removing hc32f4xx_rcc.o(i.RCC_PLLI2SCmd), (12 bytes).
    Removing hc32f4xx_rcc.o(i.RCC_PLLSAICmd), (12 bytes).
    Removing hc32f4xx_rcc.o(i.RCC_PLLSAIConfig), (2 bytes).
    Removing hc32f4xx_rcc.o(i.RCC_RTCCLKCmd), (12 bytes).
    Removing hc32f4xx_rcc.o(i.RCC_RTCCLKConfig), (40 bytes).
    Removing hc32f4xx_rcc.o(i.RCC_TIMCLKPresConfig), (12 bytes).
    Removing hc32f4xx_rcc.o(i.RCC_WaitForHSEStartUp), (56 bytes).
    Removing hc32f4xx_rtc.o(.rev16_text), (4 bytes).
    Removing hc32f4xx_rtc.o(.revsh_text), (4 bytes).
    Removing hc32f4xx_rtc.o(.rrx_text), (6 bytes).
    Removing hc32f4xx_rtc.o(i.RTC_ClearFlag), (20 bytes).
    Removing hc32f4xx_rtc.o(i.RTC_ClearITPendingBit), (20 bytes).
    Removing hc32f4xx_rtc.o(i.RTC_EnterConfigMode), (20 bytes).
    Removing hc32f4xx_rtc.o(i.RTC_ExitConfigMode), (20 bytes).
    Removing hc32f4xx_rtc.o(i.RTC_GetCounter), (24 bytes).
    Removing hc32f4xx_rtc.o(i.RTC_GetDivider), (24 bytes).
    Removing hc32f4xx_rtc.o(i.RTC_GetFlagStatus), (24 bytes).
    Removing hc32f4xx_rtc.o(i.RTC_GetITStatus), (36 bytes).
    Removing hc32f4xx_rtc.o(i.RTC_ITConfig), (36 bytes).
    Removing hc32f4xx_rtc.o(i.RTC_SetAlarm), (32 bytes).
    Removing hc32f4xx_rtc.o(i.RTC_SetCounter), (32 bytes).
    Removing hc32f4xx_rtc.o(i.RTC_SetPrescaler), (32 bytes).
    Removing hc32f4xx_rtc.o(i.RTC_WaitForLastTask), (20 bytes).
    Removing hc32f4xx_rtc.o(i.RTC_WaitForSynchro), (36 bytes).
    Removing hc32f4xx_spi.o(.rev16_text), (4 bytes).
    Removing hc32f4xx_spi.o(.revsh_text), (4 bytes).
    Removing hc32f4xx_spi.o(.rrx_text), (6 bytes).
    Removing hc32f4xx_spi.o(i.QSPI_Init), (40 bytes).
    Removing hc32f4xx_spi.o(i.SPI_AssertSSCmd), (22 bytes).
    Removing hc32f4xx_spi.o(i.SPI_ClearFlag), (6 bytes).
    Removing hc32f4xx_spi.o(i.SPI_Cmd), (22 bytes).
    Removing hc32f4xx_spi.o(i.SPI_DMACmd), (24 bytes).
    Removing hc32f4xx_spi.o(i.SPI_DeInit), (88 bytes).
    Removing hc32f4xx_spi.o(i.SPI_GetFlagStatus), (18 bytes).
    Removing hc32f4xx_spi.o(i.SPI_GetITStatus), (18 bytes).
    Removing hc32f4xx_spi.o(i.SPI_ITConfig), (18 bytes).
    Removing hc32f4xx_spi.o(i.SPI_Init), (112 bytes).
    Removing hc32f4xx_spi.o(i.SPI_MicrowireConfig), (12 bytes).
    Removing hc32f4xx_spi.o(i.SPI_RXCapacityConfig), (4 bytes).
    Removing hc32f4xx_spi.o(i.SPI_RXDMAConfig), (4 bytes).
    Removing hc32f4xx_spi.o(i.SPI_RXFIFOConfig), (4 bytes).
    Removing hc32f4xx_spi.o(i.SPI_ReceiveFIFO), (6 bytes).
    Removing hc32f4xx_spi.o(i.SPI_SendByteFIFO), (4 bytes).
    Removing hc32f4xx_spi.o(i.SPI_SendHalfWordFIFO), (4 bytes).
    Removing hc32f4xx_spi.o(i.SPI_SendWordFIFO), (4 bytes).
    Removing hc32f4xx_spi.o(i.SPI_StructInit), (22 bytes).
    Removing hc32f4xx_spi.o(i.SPI_TXDMAConfig), (4 bytes).
    Removing hc32f4xx_spi.o(i.SPI_TXFIFOConfig), (4 bytes).
    Removing hc32f4xx_spi.o(i.SPI_TestConfig), (22 bytes).
    Removing hc32f4xx_syscfg.o(.rev16_text), (4 bytes).
    Removing hc32f4xx_syscfg.o(.revsh_text), (4 bytes).
    Removing hc32f4xx_syscfg.o(.rrx_text), (6 bytes).
    Removing hc32f4xx_syscfg.o(i.SYSCFG_DeInit), (22 bytes).
    Removing hc32f4xx_syscfg.o(i.SYSCFG_EXTILineConfig), (64 bytes).
    Removing hc32f4xx_syscfg.o(i.SYSCFG_MemoryRemapConfig), (12 bytes).
    Removing hc32f4xx_tim.o(.rev16_text), (4 bytes).
    Removing hc32f4xx_tim.o(.revsh_text), (4 bytes).
    Removing hc32f4xx_tim.o(.rrx_text), (6 bytes).
    Removing hc32f4xx_tim.o(i.TI1_Config), (62 bytes).
    Removing hc32f4xx_tim.o(i.TI2_Config), (84 bytes).
    Removing hc32f4xx_tim.o(i.TI3_Config), (76 bytes).
    Removing hc32f4xx_tim.o(i.TI4_Config), (84 bytes).
    Removing hc32f4xx_tim.o(i.TIM_ARRPreloadConfig), (24 bytes).
    Removing hc32f4xx_tim.o(i.TIM_BDTRConfig), (30 bytes).
    Removing hc32f4xx_tim.o(i.TIM_BDTRStructInit), (18 bytes).
    Removing hc32f4xx_tim.o(i.TIM_CCPreloadControl), (24 bytes).
    Removing hc32f4xx_tim.o(i.TIM_CCxCmd), (34 bytes).
    Removing hc32f4xx_tim.o(i.TIM_CCxNCmd), (34 bytes).
    Removing hc32f4xx_tim.o(i.TIM_ClearFlag), (8 bytes).
    Removing hc32f4xx_tim.o(i.TIM_ClearITPendingBit), (8 bytes).
    Removing hc32f4xx_tim.o(i.TIM_ClearOC1Ref), (16 bytes).
    Removing hc32f4xx_tim.o(i.TIM_ClearOC2Ref), (18 bytes).
    Removing hc32f4xx_tim.o(i.TIM_ClearOC3Ref), (16 bytes).
    Removing hc32f4xx_tim.o(i.TIM_ClearOC4Ref), (18 bytes).
    Removing hc32f4xx_tim.o(i.TIM_Cmd), (24 bytes).
    Removing hc32f4xx_tim.o(i.TIM_CounterModeConfig), (20 bytes).
    Removing hc32f4xx_tim.o(i.TIM_CtrlPWMOutputs), (22 bytes).
    Removing hc32f4xx_tim.o(i.TIM_DMACmd), (24 bytes).
    Removing hc32f4xx_tim.o(i.TIM_DMAConfig), (8 bytes).
    Removing hc32f4xx_tim.o(i.TIM_DeInit), (256 bytes).
    Removing hc32f4xx_tim.o(i.TIM_ETRClockMode1Config), (56 bytes).
    Removing hc32f4xx_tim.o(i.TIM_ETRClockMode2Config), (32 bytes).
    Removing hc32f4xx_tim.o(i.TIM_ETRConfig), (30 bytes).
    Removing hc32f4xx_tim.o(i.TIM_EncoderInterfaceConfig), (72 bytes).
    Removing hc32f4xx_tim.o(i.TIM_ForcedOC1Config), (12 bytes).
    Removing hc32f4xx_tim.o(i.TIM_ForcedOC2Config), (18 bytes).
    Removing hc32f4xx_tim.o(i.TIM_ForcedOC3Config), (16 bytes).
    Removing hc32f4xx_tim.o(i.TIM_ForcedOC4Config), (18 bytes).
    Removing hc32f4xx_tim.o(i.TIM_GenerateEvent), (4 bytes).
    Removing hc32f4xx_tim.o(i.TIM_GetCapture1), (6 bytes).
    Removing hc32f4xx_tim.o(i.TIM_GetCapture2), (6 bytes).
    Removing hc32f4xx_tim.o(i.TIM_GetCapture3), (6 bytes).
    Removing hc32f4xx_tim.o(i.TIM_GetCapture4), (6 bytes).
    Removing hc32f4xx_tim.o(i.TIM_GetCounter), (6 bytes).
    Removing hc32f4xx_tim.o(i.TIM_GetFlagStatus), (18 bytes).
    Removing hc32f4xx_tim.o(i.TIM_GetITStatus), (34 bytes).
    Removing hc32f4xx_tim.o(i.TIM_GetPrescaler), (8 bytes).
    Removing hc32f4xx_tim.o(i.TIM_ICInit), (110 bytes).
    Removing hc32f4xx_tim.o(i.TIM_ICStructInit), (18 bytes).
    Removing hc32f4xx_tim.o(i.TIM_ITConfig), (24 bytes).
    Removing hc32f4xx_tim.o(i.TIM_ITRxExternalClockConfig), (24 bytes).
    Removing hc32f4xx_tim.o(i.TIM_InternalClockConfig), (12 bytes).
    Removing hc32f4xx_tim.o(i.TIM_OC1FastConfig), (16 bytes).
    Removing hc32f4xx_tim.o(i.TIM_OC1Init), (116 bytes).
    Removing hc32f4xx_tim.o(i.TIM_OC1NPolarityConfig), (20 bytes).
    Removing hc32f4xx_tim.o(i.TIM_OC1PolarityConfig), (20 bytes).
    Removing hc32f4xx_tim.o(i.TIM_OC1PreloadConfig), (16 bytes).
    Removing hc32f4xx_tim.o(i.TIM_OC2FastConfig), (18 bytes).
    Removing hc32f4xx_tim.o(i.TIM_OC2Init), (128 bytes).
    Removing hc32f4xx_tim.o(i.TIM_OC2NPolarityConfig), (28 bytes).
    Removing hc32f4xx_tim.o(i.TIM_OC2PolarityConfig), (28 bytes).
    Removing hc32f4xx_tim.o(i.TIM_OC2PreloadConfig), (18 bytes).
    Removing hc32f4xx_tim.o(i.TIM_OC3FastConfig), (16 bytes).
    Removing hc32f4xx_tim.o(i.TIM_OC3Init), (128 bytes).
    Removing hc32f4xx_tim.o(i.TIM_OC3NPolarityConfig), (28 bytes).
    Removing hc32f4xx_tim.o(i.TIM_OC3PolarityConfig), (28 bytes).
    Removing hc32f4xx_tim.o(i.TIM_OC3PreloadConfig), (16 bytes).
    Removing hc32f4xx_tim.o(i.TIM_OC4FastConfig), (18 bytes).
    Removing hc32f4xx_tim.o(i.TIM_OC4Init), (100 bytes).
    Removing hc32f4xx_tim.o(i.TIM_OC4PolarityConfig), (28 bytes).
    Removing hc32f4xx_tim.o(i.TIM_OC4PreloadConfig), (18 bytes).
    Removing hc32f4xx_tim.o(i.TIM_OCStructInit), (20 bytes).
    Removing hc32f4xx_tim.o(i.TIM_PWMIConfig), (124 bytes).
    Removing hc32f4xx_tim.o(i.TIM_PrescalerConfig), (6 bytes).
    Removing hc32f4xx_tim.o(i.TIM_SelectCCDMA), (24 bytes).
    Removing hc32f4xx_tim.o(i.TIM_SelectCOM), (24 bytes).
    Removing hc32f4xx_tim.o(i.TIM_SelectHallSensor), (24 bytes).
    Removing hc32f4xx_tim.o(i.TIM_SelectInputTrigger), (20 bytes).
    Removing hc32f4xx_tim.o(i.TIM_SelectMasterSlaveMode), (18 bytes).
    Removing hc32f4xx_tim.o(i.TIM_SelectOCxM), (90 bytes).
    Removing hc32f4xx_tim.o(i.TIM_SelectOnePulseMode), (18 bytes).
    Removing hc32f4xx_tim.o(i.TIM_SelectOutputTrigger), (18 bytes).
    Removing hc32f4xx_tim.o(i.TIM_SelectSlaveMode), (18 bytes).
    Removing hc32f4xx_tim.o(i.TIM_SetAutoreload), (4 bytes).
    Removing hc32f4xx_tim.o(i.TIM_SetClockDivision), (18 bytes).
    Removing hc32f4xx_tim.o(i.TIM_SetCompare1), (4 bytes).
    Removing hc32f4xx_tim.o(i.TIM_SetCompare2), (4 bytes).
    Removing hc32f4xx_tim.o(i.TIM_SetCompare3), (4 bytes).
    Removing hc32f4xx_tim.o(i.TIM_SetCompare4), (4 bytes).
    Removing hc32f4xx_tim.o(i.TIM_SetCounter), (4 bytes).
    Removing hc32f4xx_tim.o(i.TIM_SetIC1Prescaler), (18 bytes).
    Removing hc32f4xx_tim.o(i.TIM_SetIC2Prescaler), (26 bytes).
    Removing hc32f4xx_tim.o(i.TIM_SetIC3Prescaler), (18 bytes).
    Removing hc32f4xx_tim.o(i.TIM_SetIC4Prescaler), (26 bytes).
    Removing hc32f4xx_tim.o(i.TIM_TIxExternalClockConfig), (62 bytes).
    Removing hc32f4xx_tim.o(i.TIM_TimeBaseInit), (68 bytes).
    Removing hc32f4xx_tim.o(i.TIM_TimeBaseStructInit), (18 bytes).
    Removing hc32f4xx_tim.o(i.TIM_UpdateDisableConfig), (24 bytes).
    Removing hc32f4xx_tim.o(i.TIM_UpdateRequestConfig), (24 bytes).
    Removing hc32f4xx_tim10.o(.rev16_text), (4 bytes).
    Removing hc32f4xx_tim10.o(.revsh_text), (4 bytes).
    Removing hc32f4xx_tim10.o(.rrx_text), (6 bytes).
    Removing hc32f4xx_tim10.o(i.BTIM_ClearITPendingBit), (8 bytes).
    Removing hc32f4xx_tim10.o(i.BTIM_Cmd), (24 bytes).
    Removing hc32f4xx_tim10.o(i.BTIM_DeInit), (22 bytes).
    Removing hc32f4xx_tim10.o(i.BTIM_ETRClockModeConfig), (38 bytes).
    Removing hc32f4xx_tim10.o(i.BTIM_ETRConfig), (24 bytes).
    Removing hc32f4xx_tim10.o(i.BTIM_ETRResetConfig), (28 bytes).
    Removing hc32f4xx_tim10.o(i.BTIM_GetITStatus), (34 bytes).
    Removing hc32f4xx_tim10.o(i.BTIM_ITConfig), (24 bytes).
    Removing hc32f4xx_tim10.o(i.BTIM_ITRxExternalClockConfig), (24 bytes).
    Removing hc32f4xx_tim10.o(i.BTIM_SelectInputResetConfig), (28 bytes).
    Removing hc32f4xx_tim10.o(i.BTIM_SelectInputTrigger), (18 bytes).
    Removing hc32f4xx_tim10.o(i.BTIM_SelectOnePulseMode), (18 bytes).
    Removing hc32f4xx_tim10.o(i.BTIM_SelectOutputTrigger), (18 bytes).
    Removing hc32f4xx_tim10.o(i.BTIM_TOGMutexConfig), (22 bytes).
    Removing hc32f4xx_tim10.o(i.BTIM_TimeBaseInit), (14 bytes).
    Removing hc32f4xx_tim10.o(i.BTIM_UpdateDisableConfig), (24 bytes).
    Removing hc32f4xx_usart.o(.rev16_text), (4 bytes).
    Removing hc32f4xx_usart.o(.revsh_text), (4 bytes).
    Removing hc32f4xx_usart.o(.rrx_text), (6 bytes).
    Removing hc32f4xx_usart.o(i.USART_AddressCmd), (22 bytes).
    Removing hc32f4xx_usart.o(i.USART_ClearRCNT), (6 bytes).
    Removing hc32f4xx_usart.o(i.USART_ClockInit), (34 bytes).
    Removing hc32f4xx_usart.o(i.USART_DMACmd), (18 bytes).
    Removing hc32f4xx_usart.o(i.USART_DeInit), (152 bytes).
    Removing hc32f4xx_usart.o(i.USART_GetITStatus), (18 bytes).
    Removing hc32f4xx_usart.o(i.USART_ITConfig), (18 bytes).
    Removing hc32f4xx_usart.o(i.USART_LINBreakDetectLengthConfig), (12 bytes).
    Removing hc32f4xx_usart.o(i.USART_LINCmd), (22 bytes).
    Removing hc32f4xx_usart.o(i.USART_RCNT_Config), (4 bytes).
    Removing hc32f4xx_usart.o(i.USART_RX_INVConfig), (22 bytes).
    Removing hc32f4xx_usart.o(i.USART_ReceiveData), (88 bytes).
    Removing hc32f4xx_usart.o(i.USART_SYNCCmd), (22 bytes).
    Removing hc32f4xx_usart.o(i.USART_SendBreak), (8 bytes).
    Removing hc32f4xx_usart.o(i.USART_SendData), (8 bytes).
    Removing hc32f4xx_usart.o(i.USART_SendIdle), (8 bytes).
    Removing hc32f4xx_usart.o(i.USART_SetAddress), (4 bytes).
    Removing hc32f4xx_usart.o(i.USART_SetAddressMASK), (4 bytes).
    Removing hc32f4xx_usart.o(i.USART_TX_INVConfig), (22 bytes).
    Removing hc32f4xx_vc.o(.rev16_text), (4 bytes).
    Removing hc32f4xx_vc.o(.revsh_text), (4 bytes).
    Removing hc32f4xx_vc.o(.rrx_text), (6 bytes).
    Removing hc32f4xx_vc.o(i.VC_BlankConfig), (32 bytes).
    Removing hc32f4xx_vc.o(i.VC_ClearFlag), (6 bytes).
    Removing hc32f4xx_vc.o(i.VC_Cmd), (22 bytes).
    Removing hc32f4xx_vc.o(i.VC_DeInit), (96 bytes).
    Removing hc32f4xx_vc.o(i.VC_GetFlagStatus), (18 bytes).
    Removing hc32f4xx_vc.o(i.VC_ITConfig), (34 bytes).
    Removing hc32f4xx_vc.o(i.VC_Init), (42 bytes).
    Removing hc32f4xx_vc.o(i.VC_WindowCmd), (22 bytes).
    Removing hc32f4xx_wwdg.o(.rev16_text), (4 bytes).
    Removing hc32f4xx_wwdg.o(.revsh_text), (4 bytes).
    Removing hc32f4xx_wwdg.o(.rrx_text), (6 bytes).
    Removing hc32f4xx_wwdg.o(i.WWDG_ClearFlag), (12 bytes).
    Removing hc32f4xx_wwdg.o(i.WWDG_DeInit), (22 bytes).
    Removing hc32f4xx_wwdg.o(i.WWDG_Enable), (16 bytes).
    Removing hc32f4xx_wwdg.o(i.WWDG_EnableIT), (12 bytes).
    Removing hc32f4xx_wwdg.o(i.WWDG_GetFlagStatus), (20 bytes).
    Removing hc32f4xx_wwdg.o(i.WWDG_SetCounter), (16 bytes).
    Removing hc32f4xx_wwdg.o(i.WWDG_SetPrescaler), (24 bytes).
    Removing hc32f4xx_wwdg.o(i.WWDG_SetWindowValue), (40 bytes).
    Removing misc.o(.rev16_text), (4 bytes).
    Removing misc.o(.revsh_text), (4 bytes).
    Removing misc.o(.rrx_text), (6 bytes).
    Removing misc.o(i.NVIC_Init), (120 bytes).
    Removing misc.o(i.NVIC_SetVectorTable), (20 bytes).
    Removing misc.o(i.NVIC_SystemLPConfig), (32 bytes).
    Removing misc.o(i.SysTick_CLKSourceConfig), (40 bytes).
    Removing hc32f4xx_it.o(.rev16_text), (4 bytes).
    Removing hc32f4xx_it.o(.revsh_text), (4 bytes).
    Removing hc32f4xx_it.o(.rrx_text), (6 bytes).
    Removing main.o(.rev16_text), (4 bytes).
    Removing main.o(.revsh_text), (4 bytes).
    Removing main.o(.rrx_text), (6 bytes).
    Removing bsp.o(.rev16_text), (4 bytes).
    Removing bsp.o(.revsh_text), (4 bytes).
    Removing bsp.o(.rrx_text), (6 bytes).
    Removing bsp.o(i.bsp_Idle), (2 bytes).
    Removing bsp.o(i.bsp_RunPer10ms), (2 bytes).
    Removing bsp.o(i.bsp_RunPer1ms), (2 bytes).
    Removing bsp_led.o(.rev16_text), (4 bytes).
    Removing bsp_led.o(.revsh_text), (4 bytes).
    Removing bsp_led.o(.rrx_text), (6 bytes).
    Removing bsp_uart.o(.rev16_text), (4 bytes).
    Removing bsp_uart.o(.revsh_text), (4 bytes).
    Removing bsp_uart.o(.rrx_text), (6 bytes).
    Removing bsp_printf.o(.rev16_text), (4 bytes).
    Removing bsp_printf.o(.revsh_text), (4 bytes).
    Removing bsp_printf.o(.rrx_text), (6 bytes).
    Removing bsp_printf.o(i.fgetc), (32 bytes).
    Removing bsp_printf.o(i.fputc), (44 bytes).
    Removing event_groups.o(i.prvTestWaitCondition), (30 bytes).
    Removing event_groups.o(i.uxEventGroupGetNumber), (14 bytes).
    Removing event_groups.o(i.vEventGroupClearBitsCallback), (16 bytes).
    Removing event_groups.o(i.vEventGroupDelete), (106 bytes).
    Removing event_groups.o(i.vEventGroupSetBitsCallback), (16 bytes).
    Removing event_groups.o(i.vEventGroupSetNumber), (4 bytes).
    Removing event_groups.o(i.xEventGroupClearBits), (92 bytes).
    Removing event_groups.o(i.xEventGroupCreate), (26 bytes).
    Removing event_groups.o(i.xEventGroupGetBitsFromISR), (44 bytes).
    Removing event_groups.o(i.xEventGroupSetBits), (212 bytes).
    Removing event_groups.o(i.xEventGroupSync), (236 bytes).
    Removing event_groups.o(i.xEventGroupWaitBits), (300 bytes).
    Removing list.o(i.vListInsertEnd), (24 bytes).
    Removing queue.o(i.prvCopyDataFromQueue), (42 bytes).
    Removing queue.o(i.prvCopyDataToQueue), (106 bytes).
    Removing queue.o(i.prvInitialiseNewQueue), (42 bytes).
    Removing queue.o(i.prvIsQueueEmpty), (26 bytes).
    Removing queue.o(i.prvIsQueueFull), (30 bytes).
    Removing queue.o(i.prvUnlockQueue), (126 bytes).
    Removing queue.o(i.ucQueueGetQueueType), (8 bytes).
    Removing queue.o(i.uxQueueGetQueueItemSize), (6 bytes).
    Removing queue.o(i.uxQueueGetQueueLength), (6 bytes).
    Removing queue.o(i.uxQueueGetQueueNumber), (6 bytes).
    Removing queue.o(i.uxQueueMessagesWaiting), (42 bytes).
    Removing queue.o(i.uxQueueMessagesWaitingFromISR), (34 bytes).
    Removing queue.o(i.uxQueueSpacesAvailable), (48 bytes).
    Removing queue.o(i.vQueueDelete), (38 bytes).
    Removing queue.o(i.vQueueSetQueueNumber), (4 bytes).
    Removing queue.o(i.xQueueGenericCreate), (102 bytes).
    Removing queue.o(i.xQueueGenericReset), (220 bytes).
    Removing queue.o(i.xQueueGenericSend), (384 bytes).
    Removing queue.o(i.xQueueGenericSendFromISR), (278 bytes).
    Removing queue.o(i.xQueueGiveFromISR), (254 bytes).
    Removing queue.o(i.xQueueIsQueueEmptyFromISR), (42 bytes).
    Removing queue.o(i.xQueueIsQueueFullFromISR), (46 bytes).
    Removing queue.o(i.xQueuePeek), (304 bytes).
    Removing queue.o(i.xQueuePeekFromISR), (156 bytes).
    Removing queue.o(i.xQueueReceive), (320 bytes).
    Removing queue.o(i.xQueueReceiveFromISR), (254 bytes).
    Removing queue.o(i.xQueueSemaphoreTake), (296 bytes).
    Removing stream_buffer.o(i.prvBytesInBuffer), (24 bytes).
    Removing stream_buffer.o(i.prvInitialiseNewStreamBuffer), (90 bytes).
    Removing stream_buffer.o(i.prvReadBytesFromBuffer), (180 bytes).
    Removing stream_buffer.o(i.prvReadMessageFromBuffer), (90 bytes).
    Removing stream_buffer.o(i.prvWriteBytesToBuffer), (184 bytes).
    Removing stream_buffer.o(i.prvWriteMessageToBuffer), (124 bytes).
    Removing stream_buffer.o(i.ucStreamBufferGetStreamBufferType), (10 bytes).
    Removing stream_buffer.o(i.uxStreamBufferGetStreamBufferNotificationIndex), (32 bytes).
    Removing stream_buffer.o(i.uxStreamBufferGetStreamBufferNumber), (6 bytes).
    Removing stream_buffer.o(i.vStreamBufferDelete), (56 bytes).
    Removing stream_buffer.o(i.vStreamBufferSetStreamBufferNotificationIndex), (114 bytes).
    Removing stream_buffer.o(i.vStreamBufferSetStreamBufferNumber), (4 bytes).
    Removing stream_buffer.o(i.xStreamBufferBytesAvailable), (42 bytes).
    Removing stream_buffer.o(i.xStreamBufferGenericCreate), (222 bytes).
    Removing stream_buffer.o(i.xStreamBufferIsEmpty), (46 bytes).
    Removing stream_buffer.o(i.xStreamBufferIsFull), (64 bytes).
    Removing stream_buffer.o(i.xStreamBufferNextMessageLengthBytes), (108 bytes).
    Removing stream_buffer.o(i.xStreamBufferReceive), (278 bytes).
    Removing stream_buffer.o(i.xStreamBufferReceiveCompletedFromISR), (104 bytes).
    Removing stream_buffer.o(i.xStreamBufferReceiveFromISR), (186 bytes).
    Removing stream_buffer.o(i.xStreamBufferReset), (84 bytes).
    Removing stream_buffer.o(i.xStreamBufferResetFromISR), (112 bytes).
    Removing stream_buffer.o(i.xStreamBufferSend), (348 bytes).
    Removing stream_buffer.o(i.xStreamBufferSendCompletedFromISR), (104 bytes).
    Removing stream_buffer.o(i.xStreamBufferSendFromISR), (218 bytes).
    Removing stream_buffer.o(i.xStreamBufferSetTriggerLevel), (50 bytes).
    Removing stream_buffer.o(i.xStreamBufferSpacesAvailable), (64 bytes).
    Removing tasks.o(i.eTaskGetState), (188 bytes).
    Removing tasks.o(i.pcTaskGetName), (56 bytes).
    Removing tasks.o(i.prvListTasksWithinSingleList), (62 bytes).
    Removing tasks.o(i.prvTaskCheckFreeStackSpace), (20 bytes).
    Removing tasks.o(i.prvTaskIsTaskSuspended), (120 bytes).
    Removing tasks.o(i.ulTaskGenericNotifyTake), (216 bytes).
    Removing tasks.o(i.ulTaskGenericNotifyValueClear), (128 bytes).
    Removing tasks.o(i.uxTaskGetNumberOfTasks), (12 bytes).
    Removing tasks.o(i.uxTaskGetSystemState), (176 bytes).
    Removing tasks.o(i.uxTaskGetTaskNumber), (14 bytes).
    Removing tasks.o(i.uxTaskPriorityGet), (68 bytes).
    Removing tasks.o(i.uxTaskPriorityGetFromISR), (100 bytes).
    Removing tasks.o(i.uxTaskResetEventItemValue), (28 bytes).
    Removing tasks.o(i.vTaskDelete), (308 bytes).
    Removing tasks.o(i.vTaskEndScheduler), (64 bytes).
    Removing tasks.o(i.vTaskGenericNotifyGiveFromISR), (408 bytes).
    Removing tasks.o(i.vTaskGetInfo), (236 bytes).
    Removing tasks.o(i.vTaskInternalSetTimeOutState), (24 bytes).
    Removing tasks.o(i.vTaskMissedYield), (12 bytes).
    Removing tasks.o(i.vTaskPlaceOnEventList), (56 bytes).
    Removing tasks.o(i.vTaskPlaceOnUnorderedEventList), (148 bytes).
    Removing tasks.o(i.vTaskPrioritySet), (368 bytes).
    Removing tasks.o(i.vTaskRemoveFromUnorderedEventList), (288 bytes).
    Removing tasks.o(i.vTaskResetState), (116 bytes).
    Removing tasks.o(i.vTaskResume), (212 bytes).
    Removing tasks.o(i.vTaskSetTaskNumber), (8 bytes).
    Removing tasks.o(i.vTaskSetTimeOutState), (60 bytes).
    Removing tasks.o(i.vTaskSuspend), (292 bytes).
    Removing tasks.o(i.xTaskCatchUpTicks), (80 bytes).
    Removing tasks.o(i.xTaskCheckForTimeOut), (144 bytes).
    Removing tasks.o(i.xTaskDelayUntil), (216 bytes).
    Removing tasks.o(i.xTaskGenericNotify), (480 bytes).
    Removing tasks.o(i.xTaskGenericNotifyFromISR), (560 bytes).
    Removing tasks.o(i.xTaskGenericNotifyStateClear), (128 bytes).
    Removing tasks.o(i.xTaskGenericNotifyWait), (252 bytes).
    Removing tasks.o(i.xTaskGetCurrentTaskHandle), (12 bytes).
    Removing tasks.o(i.xTaskGetCurrentTaskHandleForCore), (32 bytes).
    Removing tasks.o(i.xTaskGetTickCount), (12 bytes).
    Removing tasks.o(i.xTaskGetTickCountFromISR), (20 bytes).
    Removing tasks.o(i.xTaskRemoveFromEventList), (304 bytes).
    Removing tasks.o(i.xTaskResumeFromISR), (248 bytes).
    Removing heap_4.o(i.pvPortCalloc), (54 bytes).
    Removing heap_4.o(i.vPortGetHeapStats), (128 bytes).
    Removing heap_4.o(i.vPortHeapResetState), (44 bytes).
    Removing heap_4.o(i.vPortInitialiseBlocks), (2 bytes).
    Removing heap_4.o(i.xPortGetFreeHeapSize), (12 bytes).
    Removing heap_4.o(i.xPortGetMinimumEverFreeHeapSize), (12 bytes).
    Removing heap_4.o(i.xPortResetHeapMinimumEverFreeHeapSize), (20 bytes).
    Removing port.o(i.vPortEndScheduler), (48 bytes).
    Removing port.o(i.vPortValidateInterruptPriority), (120 bytes).

613 unused section(s) (total 27510 bytes) removed from the image.

==============================================================================

Image Symbol Table

    Local Symbols

    Symbol Name                              Value     Ov Type        Size  Object(Section)

    ../clib/microlib/init/entry.s            0x00000000   Number         0  entry7b.o ABSOLUTE
    ../clib/microlib/init/entry.s            0x00000000   Number         0  entry7a.o ABSOLUTE
    ../clib/microlib/init/entry.s            0x00000000   Number         0  entry8b.o ABSOLUTE
    ../clib/microlib/init/entry.s            0x00000000   Number         0  entry12b.o ABSOLUTE
    ../clib/microlib/init/entry.s            0x00000000   Number         0  entry2.o ABSOLUTE
    ../clib/microlib/init/entry.s            0x00000000   Number         0  entry5.o ABSOLUTE
    ../clib/microlib/init/entry.s            0x00000000   Number         0  entry.o ABSOLUTE
    ../clib/microlib/init/entry.s            0x00000000   Number         0  entry12a.o ABSOLUTE
    ../clib/microlib/init/entry.s            0x00000000   Number         0  entry11b.o ABSOLUTE
    ../clib/microlib/init/entry.s            0x00000000   Number         0  entry11a.o ABSOLUTE
    ../clib/microlib/init/entry.s            0x00000000   Number         0  entry10b.o ABSOLUTE
    ../clib/microlib/init/entry.s            0x00000000   Number         0  entry10a.o ABSOLUTE
    ../clib/microlib/init/entry.s            0x00000000   Number         0  entry9b.o ABSOLUTE
    ../clib/microlib/init/entry.s            0x00000000   Number         0  entry9a.o ABSOLUTE
    ../clib/microlib/init/entry.s            0x00000000   Number         0  entry8a.o ABSOLUTE
    ../clib/microlib/string/memcpy.c         0x00000000   Number         0  memcpyb.o ABSOLUTE
    ../clib/microlib/string/memcpy.c         0x00000000   Number         0  memcpya.o ABSOLUTE
    ../clib/microlib/string/memset.c         0x00000000   Number         0  memseta.o ABSOLUTE
    ../clib/microlib/string/memset.c         0x00000000   Number         0  memset.o ABSOLUTE
    ..\..\FreeRTOS\croutine.c                0x00000000   Number         0  croutine.o ABSOLUTE
    ..\..\FreeRTOS\event_groups.c            0x00000000   Number         0  event_groups.o ABSOLUTE
    ..\..\FreeRTOS\list.c                    0x00000000   Number         0  list.o ABSOLUTE
    ..\..\FreeRTOS\portable\heap_4.c         0x00000000   Number         0  heap_4.o ABSOLUTE
    ..\..\FreeRTOS\portable\port.c           0x00000000   Number         0  port.o ABSOLUTE
    ..\..\FreeRTOS\queue.c                   0x00000000   Number         0  queue.o ABSOLUTE
    ..\..\FreeRTOS\stream_buffer.c           0x00000000   Number         0  stream_buffer.o ABSOLUTE
    ..\..\FreeRTOS\tasks.c                   0x00000000   Number         0  tasks.o ABSOLUTE
    ..\..\FreeRTOS\timers.c                  0x00000000   Number         0  timers.o ABSOLUTE
    ..\..\Libraries\CMSIS\startup\startup_hc32f40_41xxx.s 0x00000000   Number         0  startup_hc32f40_41xxx.o ABSOLUTE
    ..\..\Libraries\CMSIS\system_hc32f4xx.c  0x00000000   Number         0  system_hc32f4xx.o ABSOLUTE
    ..\..\Libraries\FWlib\src\hc32f4xx_adc.c 0x00000000   Number         0  hc32f4xx_adc.o ABSOLUTE
    ..\..\Libraries\FWlib\src\hc32f4xx_canfd.c 0x00000000   Number         0  hc32f4xx_canfd.o ABSOLUTE
    ..\..\Libraries\FWlib\src\hc32f4xx_crc.c 0x00000000   Number         0  hc32f4xx_crc.o ABSOLUTE
    ..\..\Libraries\FWlib\src\hc32f4xx_dac.c 0x00000000   Number         0  hc32f4xx_dac.o ABSOLUTE
    ..\..\Libraries\FWlib\src\hc32f4xx_dbgmcu.c 0x00000000   Number         0  hc32f4xx_dbgmcu.o ABSOLUTE
    ..\..\Libraries\FWlib\src\hc32f4xx_dma.c 0x00000000   Number         0  hc32f4xx_dma.o ABSOLUTE
    ..\..\Libraries\FWlib\src\hc32f4xx_exti.c 0x00000000   Number         0  hc32f4xx_exti.o ABSOLUTE
    ..\..\Libraries\FWlib\src\hc32f4xx_fda.c 0x00000000   Number         0  hc32f4xx_fda.o ABSOLUTE
    ..\..\Libraries\FWlib\src\hc32f4xx_flash.c 0x00000000   Number         0  hc32f4xx_flash.o ABSOLUTE
    ..\..\Libraries\FWlib\src\hc32f4xx_gpio.c 0x00000000   Number         0  hc32f4xx_gpio.o ABSOLUTE
    ..\..\Libraries\FWlib\src\hc32f4xx_i2c.c 0x00000000   Number         0  hc32f4xx_i2c.o ABSOLUTE
    ..\..\Libraries\FWlib\src\hc32f4xx_i2s.c 0x00000000   Number         0  hc32f4xx_i2s.o ABSOLUTE
    ..\..\Libraries\FWlib\src\hc32f4xx_iwdg.c 0x00000000   Number         0  hc32f4xx_iwdg.o ABSOLUTE
    ..\..\Libraries\FWlib\src\hc32f4xx_mou.c 0x00000000   Number         0  hc32f4xx_mou.o ABSOLUTE
    ..\..\Libraries\FWlib\src\hc32f4xx_pwr.c 0x00000000   Number         0  hc32f4xx_pwr.o ABSOLUTE
    ..\..\Libraries\FWlib\src\hc32f4xx_rcc.c 0x00000000   Number         0  hc32f4xx_rcc.o ABSOLUTE
    ..\..\Libraries\FWlib\src\hc32f4xx_rtc.c 0x00000000   Number         0  hc32f4xx_rtc.o ABSOLUTE
    ..\..\Libraries\FWlib\src\hc32f4xx_spi.c 0x00000000   Number         0  hc32f4xx_spi.o ABSOLUTE
    ..\..\Libraries\FWlib\src\hc32f4xx_syscfg.c 0x00000000   Number         0  hc32f4xx_syscfg.o ABSOLUTE
    ..\..\Libraries\FWlib\src\hc32f4xx_tim.c 0x00000000   Number         0  hc32f4xx_tim.o ABSOLUTE
    ..\..\Libraries\FWlib\src\hc32f4xx_tim10.c 0x00000000   Number         0  hc32f4xx_tim10.o ABSOLUTE
    ..\..\Libraries\FWlib\src\hc32f4xx_usart.c 0x00000000   Number         0  hc32f4xx_usart.o ABSOLUTE
    ..\..\Libraries\FWlib\src\hc32f4xx_vc.c  0x00000000   Number         0  hc32f4xx_vc.o ABSOLUTE
    ..\..\Libraries\FWlib\src\hc32f4xx_wwdg.c 0x00000000   Number         0  hc32f4xx_wwdg.o ABSOLUTE
    ..\..\Libraries\FWlib\src\misc.c         0x00000000   Number         0  misc.o ABSOLUTE
    ..\..\User\bsp.c                         0x00000000   Number         0  bsp.o ABSOLUTE
    ..\..\User\hc32f4xx_it.c                 0x00000000   Number         0  hc32f4xx_it.o ABSOLUTE
    ..\..\User\main.c                        0x00000000   Number         0  main.o ABSOLUTE
    ..\..\User\src\bsp_led.c                 0x00000000   Number         0  bsp_led.o ABSOLUTE
    ..\..\User\src\bsp_printf.c              0x00000000   Number         0  bsp_printf.o ABSOLUTE
    ..\..\User\src\bsp_uart.c                0x00000000   Number         0  bsp_uart.o ABSOLUTE
    ..\\..\\FreeRTOS\\portable\\port.c       0x00000000   Number         0  port.o ABSOLUTE
    ..\\..\\Libraries\\CMSIS\\system_hc32f4xx.c 0x00000000   Number         0  system_hc32f4xx.o ABSOLUTE
    ..\\..\\Libraries\\FWlib\\src\\hc32f4xx_adc.c 0x00000000   Number         0  hc32f4xx_adc.o ABSOLUTE
    ..\\..\\Libraries\\FWlib\\src\\hc32f4xx_canfd.c 0x00000000   Number         0  hc32f4xx_canfd.o ABSOLUTE
    ..\\..\\Libraries\\FWlib\\src\\hc32f4xx_crc.c 0x00000000   Number         0  hc32f4xx_crc.o ABSOLUTE
    ..\\..\\Libraries\\FWlib\\src\\hc32f4xx_dac.c 0x00000000   Number         0  hc32f4xx_dac.o ABSOLUTE
    ..\\..\\Libraries\\FWlib\\src\\hc32f4xx_dbgmcu.c 0x00000000   Number         0  hc32f4xx_dbgmcu.o ABSOLUTE
    ..\\..\\Libraries\\FWlib\\src\\hc32f4xx_dma.c 0x00000000   Number         0  hc32f4xx_dma.o ABSOLUTE
    ..\\..\\Libraries\\FWlib\\src\\hc32f4xx_exti.c 0x00000000   Number         0  hc32f4xx_exti.o ABSOLUTE
    ..\\..\\Libraries\\FWlib\\src\\hc32f4xx_fda.c 0x00000000   Number         0  hc32f4xx_fda.o ABSOLUTE
    ..\\..\\Libraries\\FWlib\\src\\hc32f4xx_flash.c 0x00000000   Number         0  hc32f4xx_flash.o ABSOLUTE
    ..\\..\\Libraries\\FWlib\\src\\hc32f4xx_gpio.c 0x00000000   Number         0  hc32f4xx_gpio.o ABSOLUTE
    ..\\..\\Libraries\\FWlib\\src\\hc32f4xx_i2c.c 0x00000000   Number         0  hc32f4xx_i2c.o ABSOLUTE
    ..\\..\\Libraries\\FWlib\\src\\hc32f4xx_i2s.c 0x00000000   Number         0  hc32f4xx_i2s.o ABSOLUTE
    ..\\..\\Libraries\\FWlib\\src\\hc32f4xx_iwdg.c 0x00000000   Number         0  hc32f4xx_iwdg.o ABSOLUTE
    ..\\..\\Libraries\\FWlib\\src\\hc32f4xx_mou.c 0x00000000   Number         0  hc32f4xx_mou.o ABSOLUTE
    ..\\..\\Libraries\\FWlib\\src\\hc32f4xx_pwr.c 0x00000000   Number         0  hc32f4xx_pwr.o ABSOLUTE
    ..\\..\\Libraries\\FWlib\\src\\hc32f4xx_rcc.c 0x00000000   Number         0  hc32f4xx_rcc.o ABSOLUTE
    ..\\..\\Libraries\\FWlib\\src\\hc32f4xx_rtc.c 0x00000000   Number         0  hc32f4xx_rtc.o ABSOLUTE
    ..\\..\\Libraries\\FWlib\\src\\hc32f4xx_spi.c 0x00000000   Number         0  hc32f4xx_spi.o ABSOLUTE
    ..\\..\\Libraries\\FWlib\\src\\hc32f4xx_syscfg.c 0x00000000   Number         0  hc32f4xx_syscfg.o ABSOLUTE
    ..\\..\\Libraries\\FWlib\\src\\hc32f4xx_tim.c 0x00000000   Number         0  hc32f4xx_tim.o ABSOLUTE
    ..\\..\\Libraries\\FWlib\\src\\hc32f4xx_tim10.c 0x00000000   Number         0  hc32f4xx_tim10.o ABSOLUTE
    ..\\..\\Libraries\\FWlib\\src\\hc32f4xx_usart.c 0x00000000   Number         0  hc32f4xx_usart.o ABSOLUTE
    ..\\..\\Libraries\\FWlib\\src\\hc32f4xx_vc.c 0x00000000   Number         0  hc32f4xx_vc.o ABSOLUTE
    ..\\..\\Libraries\\FWlib\\src\\hc32f4xx_wwdg.c 0x00000000   Number         0  hc32f4xx_wwdg.o ABSOLUTE
    ..\\..\\Libraries\\FWlib\\src\\misc.c    0x00000000   Number         0  misc.o ABSOLUTE
    ..\\..\\User\\bsp.c                      0x00000000   Number         0  bsp.o ABSOLUTE
    ..\\..\\User\\hc32f4xx_it.c              0x00000000   Number         0  hc32f4xx_it.o ABSOLUTE
    ..\\..\\User\\main.c                     0x00000000   Number         0  main.o ABSOLUTE
    ..\\..\\User\\src\\bsp_led.c             0x00000000   Number         0  bsp_led.o ABSOLUTE
    ..\\..\\User\\src\\bsp_printf.c          0x00000000   Number         0  bsp_printf.o ABSOLUTE
    ..\\..\\User\\src\\bsp_uart.c            0x00000000   Number         0  bsp_uart.o ABSOLUTE
    dc.s                                     0x00000000   Number         0  dc.o ABSOLUTE
    handlers.s                               0x00000000   Number         0  handlers.o ABSOLUTE
    init.s                                   0x00000000   Number         0  init.o ABSOLUTE
    RESET                                    0x08000000   Section      392  startup_hc32f40_41xxx.o(RESET)
    .ARM.Collect$$$$00000000                 0x08000188   Section        0  entry.o(.ARM.Collect$$$$00000000)
    .ARM.Collect$$$$00000001                 0x08000188   Section        4  entry2.o(.ARM.Collect$$$$00000001)
    .ARM.Collect$$$$00000004                 0x0800018c   Section        4  entry5.o(.ARM.Collect$$$$00000004)
    .ARM.Collect$$$$00000008                 0x08000190   Section        0  entry7b.o(.ARM.Collect$$$$00000008)
    .ARM.Collect$$$$0000000A                 0x08000190   Section        0  entry8b.o(.ARM.Collect$$$$0000000A)
    .ARM.Collect$$$$0000000B                 0x08000190   Section        8  entry9a.o(.ARM.Collect$$$$0000000B)
    .ARM.Collect$$$$0000000E                 0x08000198   Section        4  entry12b.o(.ARM.Collect$$$$0000000E)
    .ARM.Collect$$$$0000000F                 0x0800019c   Section        0  entry10a.o(.ARM.Collect$$$$0000000F)
    .ARM.Collect$$$$00000011                 0x0800019c   Section        0  entry11a.o(.ARM.Collect$$$$00000011)
    .ARM.Collect$$$$00002712                 0x0800019c   Section        4  entry2.o(.ARM.Collect$$$$00002712)
    __lit__00000000                          0x0800019c   Data           4  entry2.o(.ARM.Collect$$$$00002712)
    .emb_text                                0x080001a0   Section      190  port.o(.emb_text)
    $v0                                      0x080001a0   Number         0  port.o(.emb_text)
    .text                                    0x08000260   Section       36  startup_hc32f40_41xxx.o(.text)
    $v0                                      0x08000260   Number         0  startup_hc32f40_41xxx.o(.text)
    .text                                    0x08000284   Section        0  memseta.o(.text)
    .text                                    0x080002a8   Section       36  init.o(.text)
    i.AppTaskCreate                          0x080002cc   Section        0  main.o(i.AppTaskCreate)
    AppTaskCreate                            0x080002cd   Thumb Code    44  main.o(i.AppTaskCreate)
    i.BusFault_Handler                       0x08000320   Section        0  hc32f4xx_it.o(i.BusFault_Handler)
    i.DebugMon_Handler                       0x08000324   Section        0  hc32f4xx_it.o(i.DebugMon_Handler)
    i.GPIO_Init                              0x08000326   Section        0  hc32f4xx_gpio.o(i.GPIO_Init)
    i.GPIO_PinAFConfig                       0x080003b6   Section        0  hc32f4xx_gpio.o(i.GPIO_PinAFConfig)
    i.GPIO_ResetBits                         0x080003fc   Section        0  hc32f4xx_gpio.o(i.GPIO_ResetBits)
    i.GPIO_StructInit                        0x08000400   Section        0  hc32f4xx_gpio.o(i.GPIO_StructInit)
    i.HardFault_Handler                      0x08000412   Section        0  hc32f4xx_it.o(i.HardFault_Handler)
    i.MemManage_Handler                      0x08000416   Section        0  hc32f4xx_it.o(i.MemManage_Handler)
    i.NMI_Handler                            0x0800041a   Section        0  hc32f4xx_it.o(i.NMI_Handler)
    i.NVIC_PriorityGroupConfig               0x0800041c   Section        0  misc.o(i.NVIC_PriorityGroupConfig)
    i.RCC_AHB1PeriphClockCmd                 0x08000430   Section        0  hc32f4xx_rcc.o(i.RCC_AHB1PeriphClockCmd)
    i.RCC_APB2PeriphClockCmd                 0x08000450   Section        0  hc32f4xx_rcc.o(i.RCC_APB2PeriphClockCmd)
    i.RCC_GetClocksFreq                      0x08000470   Section        0  hc32f4xx_rcc.o(i.RCC_GetClocksFreq)
    i.RCC_GetFlagStatus                      0x08000558   Section        0  hc32f4xx_rcc.o(i.RCC_GetFlagStatus)
    i.RCC_GetSYSCLKSource                    0x08000598   Section        0  hc32f4xx_rcc.o(i.RCC_GetSYSCLKSource)
    i.RCC_HCLKConfig                         0x080005a8   Section        0  hc32f4xx_rcc.o(i.RCC_HCLKConfig)
    i.RCC_HSEConfig                          0x080005c0   Section        0  hc32f4xx_rcc.o(i.RCC_HSEConfig)
    i.RCC_PCLK1Config                        0x080005d0   Section        0  hc32f4xx_rcc.o(i.RCC_PCLK1Config)
    i.RCC_PCLK2Config                        0x080005e8   Section        0  hc32f4xx_rcc.o(i.RCC_PCLK2Config)
    i.RCC_PLLCmd                             0x08000600   Section        0  hc32f4xx_rcc.o(i.RCC_PLLCmd)
    i.RCC_PLLConfig                          0x0800060c   Section        0  hc32f4xx_rcc.o(i.RCC_PLLConfig)
    i.RCC_SYSCLKConfig                       0x08000630   Section        0  hc32f4xx_rcc.o(i.RCC_SYSCLKConfig)
    i.SYS_Configuration                      0x08000648   Section        0  main.o(i.SYS_Configuration)
    i.SysTick_Handler                        0x080006b0   Section        0  port.o(i.SysTick_Handler)
    i.SystemInit                             0x080006e4   Section        0  system_hc32f4xx.o(i.SystemInit)
    i.USART_ClearFlag                        0x080006e6   Section        0  hc32f4xx_usart.o(i.USART_ClearFlag)
    i.USART_Cmd                              0x080006ee   Section        0  hc32f4xx_usart.o(i.USART_Cmd)
    i.USART_Init                             0x08000700   Section        0  hc32f4xx_usart.o(i.USART_Init)
    i.UsageFault_Handler                     0x08000724   Section        0  hc32f4xx_it.o(i.UsageFault_Handler)
    i.__scatterload_copy                     0x08000728   Section       14  handlers.o(i.__scatterload_copy)
    i.__scatterload_null                     0x08000736   Section        2  handlers.o(i.__scatterload_null)
    i.__scatterload_zeroinit                 0x08000738   Section       14  handlers.o(i.__scatterload_zeroinit)
    i.bsp_Init                               0x08000746   Section        0  bsp.o(i.bsp_Init)
    i.bsp_InitLed                            0x0800075c   Section        0  bsp_led.o(i.bsp_InitLed)
    i.bsp_InitUart                           0x080007a0   Section        0  bsp_uart.o(i.bsp_InitUart)
    i.bsp_LedToggle                          0x080008c0   Section        0  bsp_led.o(i.bsp_LedToggle)
    i.main                                   0x080008d4   Section        0  main.o(i.main)
    i.prvAddCurrentTaskToDelayedList         0x080008f0   Section        0  tasks.o(i.prvAddCurrentTaskToDelayedList)
    prvAddCurrentTaskToDelayedList           0x080008f1   Thumb Code   174  tasks.o(i.prvAddCurrentTaskToDelayedList)
    i.prvAddNewTaskToReadyList               0x080009bc   Section        0  tasks.o(i.prvAddNewTaskToReadyList)
    prvAddNewTaskToReadyList                 0x080009bd   Thumb Code   218  tasks.o(i.prvAddNewTaskToReadyList)
    i.prvCheckTasksWaitingTermination        0x08000ab4   Section        0  tasks.o(i.prvCheckTasksWaitingTermination)
    prvCheckTasksWaitingTermination          0x08000ab5   Thumb Code    60  tasks.o(i.prvCheckTasksWaitingTermination)
    i.prvCreateIdleTasks                     0x08000afc   Section        0  tasks.o(i.prvCreateIdleTasks)
    prvCreateIdleTasks                       0x08000afd   Thumb Code   104  tasks.o(i.prvCreateIdleTasks)
    i.prvCreateTask                          0x08000b74   Section        0  tasks.o(i.prvCreateTask)
    prvCreateTask                            0x08000b75   Thumb Code    90  tasks.o(i.prvCreateTask)
    i.prvDeleteTCB                           0x08000bce   Section        0  tasks.o(i.prvDeleteTCB)
    prvDeleteTCB                             0x08000bcf   Thumb Code    18  tasks.o(i.prvDeleteTCB)
    i.prvHeapInit                            0x08000be0   Section        0  heap_4.o(i.prvHeapInit)
    prvHeapInit                              0x08000be1   Thumb Code    88  heap_4.o(i.prvHeapInit)
    i.prvIdleTask                            0x08000c4c   Section        0  tasks.o(i.prvIdleTask)
    prvIdleTask                              0x08000c4d   Thumb Code    32  tasks.o(i.prvIdleTask)
    i.prvInitialiseNewTask                   0x08000c74   Section        0  tasks.o(i.prvInitialiseNewTask)
    prvInitialiseNewTask                     0x08000c75   Thumb Code   250  tasks.o(i.prvInitialiseNewTask)
    i.prvInitialiseTaskLists                 0x08000d70   Section        0  tasks.o(i.prvInitialiseTaskLists)
    prvInitialiseTaskLists                   0x08000d71   Thumb Code    70  tasks.o(i.prvInitialiseTaskLists)
    i.prvInsertBlockIntoFreeList             0x08000dd8   Section        0  heap_4.o(i.prvInsertBlockIntoFreeList)
    prvInsertBlockIntoFreeList               0x08000dd9   Thumb Code   144  heap_4.o(i.prvInsertBlockIntoFreeList)
    i.prvResetNextTaskUnblockTime            0x08000e78   Section        0  tasks.o(i.prvResetNextTaskUnblockTime)
    prvResetNextTaskUnblockTime              0x08000e79   Thumb Code    40  tasks.o(i.prvResetNextTaskUnblockTime)
    i.prvTaskExitError                       0x08000ea8   Section        0  port.o(i.prvTaskExitError)
    prvTaskExitError                         0x08000ea9   Thumb Code    60  port.o(i.prvTaskExitError)
    i.pvPortMalloc                           0x08000ee8   Section        0  heap_4.o(i.pvPortMalloc)
    i.pxPortInitialiseStack                  0x080010e4   Section        0  port.o(i.pxPortInitialiseStack)
    i.uxListRemove                           0x08001110   Section        0  list.o(i.uxListRemove)
    i.vListInitialise                        0x08001138   Section        0  list.o(i.vListInitialise)
    i.vListInitialiseItem                    0x08001152   Section        0  list.o(i.vListInitialiseItem)
    i.vListInsert                            0x08001158   Section        0  list.o(i.vListInsert)
    i.vPortEnterCritical                     0x0800118c   Section        0  port.o(i.vPortEnterCritical)
    i.vPortExitCritical                      0x080011e0   Section        0  port.o(i.vPortExitCritical)
    i.vPortFree                              0x0800121c   Section        0  heap_4.o(i.vPortFree)
    i.vPortSetupTimerInterrupt               0x080012dc   Section        0  port.o(i.vPortSetupTimerInterrupt)
    i.vTaskDelay                             0x080012f4   Section        0  tasks.o(i.vTaskDelay)
    i.vTaskLED                               0x08001350   Section        0  main.o(i.vTaskLED)
    vTaskLED                                 0x08001351   Thumb Code    14  main.o(i.vTaskLED)
    i.vTaskStart                             0x0800135e   Section        0  main.o(i.vTaskStart)
    vTaskStart                               0x0800135f   Thumb Code    12  main.o(i.vTaskStart)
    i.vTaskStartScheduler                    0x0800136c   Section        0  tasks.o(i.vTaskStartScheduler)
    i.vTaskSuspendAll                        0x080013dc   Section        0  tasks.o(i.vTaskSuspendAll)
    i.vTaskSwitchContext                     0x080013ec   Section        0  tasks.o(i.vTaskSwitchContext)
    i.xPortStartScheduler                    0x08001480   Section        0  port.o(i.xPortStartScheduler)
    i.xTaskCreate                            0x080015e8   Section        0  tasks.o(i.xTaskCreate)
    i.xTaskIncrementTick                     0x08001620   Section        0  tasks.o(i.xTaskIncrementTick)
    i.xTaskResumeAll                         0x080017ec   Section        0  tasks.o(i.xTaskResumeAll)
    .data                                    0x20000000   Section       16  hc32f4xx_rcc.o(.data)
    APBAHBPrescTable                         0x20000000   Data          16  hc32f4xx_rcc.o(.data)
    .data                                    0x20000010   Section        8  main.o(.data)
    xHandleTaskLED                           0x20000010   Data           4  main.o(.data)
    xHandleTaskStart                         0x20000014   Data           4  main.o(.data)
    .data                                    0x20000018   Section       64  tasks.o(.data)
    pxDelayedTaskList                        0x2000001c   Data           4  tasks.o(.data)
    pxOverflowDelayedTaskList                0x20000020   Data           4  tasks.o(.data)
    uxDeletedTasksWaitingCleanUp             0x20000024   Data           4  tasks.o(.data)
    uxCurrentNumberOfTasks                   0x20000028   Data           4  tasks.o(.data)
    xTickCount                               0x2000002c   Data           4  tasks.o(.data)
    uxTopReadyPriority                       0x20000030   Data           4  tasks.o(.data)
    xSchedulerRunning                        0x20000034   Data           4  tasks.o(.data)
    xPendedTicks                             0x20000038   Data           4  tasks.o(.data)
    xYieldPendings                           0x2000003c   Data           4  tasks.o(.data)
    xNumOfOverflows                          0x20000040   Data           4  tasks.o(.data)
    uxTaskNumber                             0x20000044   Data           4  tasks.o(.data)
    xNextTaskUnblockTime                     0x20000048   Data           4  tasks.o(.data)
    xIdleTaskHandles                         0x2000004c   Data           4  tasks.o(.data)
    uxTopUsedPriority                        0x20000050   Data           4  tasks.o(.data)
    uxSchedulerSuspended                     0x20000054   Data           4  tasks.o(.data)
    .data                                    0x20000058   Section       28  heap_4.o(.data)
    xStart                                   0x20000058   Data           8  heap_4.o(.data)
    pxEnd                                    0x20000060   Data           4  heap_4.o(.data)
    xFreeBytesRemaining                      0x20000064   Data           4  heap_4.o(.data)
    xMinimumEverFreeBytesRemaining           0x20000068   Data           4  heap_4.o(.data)
    xNumberOfSuccessfulAllocations           0x2000006c   Data           4  heap_4.o(.data)
    xNumberOfSuccessfulFrees                 0x20000070   Data           4  heap_4.o(.data)
    .data                                    0x20000074   Section       12  port.o(.data)
    uxCriticalNesting                        0x20000074   Data           4  port.o(.data)
    ucMaxSysCallPriority                     0x20000078   Data           1  port.o(.data)
    ulMaxPRIGROUPValue                       0x2000007c   Data           4  port.o(.data)
    .bss                                     0x20000080   Section      200  tasks.o(.bss)
    pxReadyTasksLists                        0x20000080   Data         100  tasks.o(.bss)
    xDelayedTaskList1                        0x200000e4   Data          20  tasks.o(.bss)
    xDelayedTaskList2                        0x200000f8   Data          20  tasks.o(.bss)
    xPendingReadyList                        0x2000010c   Data          20  tasks.o(.bss)
    xTasksWaitingTermination                 0x20000120   Data          20  tasks.o(.bss)
    xSuspendedTaskList                       0x20000134   Data          20  tasks.o(.bss)
    .bss                                     0x20000148   Section    30720  heap_4.o(.bss)
    ucHeap                                   0x20000148   Data       30720  heap_4.o(.bss)
    STACK                                    0x20007948   Section    16384  startup_hc32f40_41xxx.o(STACK)

    Global Symbols

    Symbol Name                              Value     Ov Type        Size  Object(Section)

    BuildAttributes$$THM_ISAv4$E$P$D$K$B$S$7EM$VFPi3$EXTD16$VFPS$VFMA$PE$A:L22UL41UL21$X:L11$S22US41US21$IEEE1$IW$USESV6$~STKCKD$USESV7$~SHL$OSPACE$EBA8$MICROLIB$REQ8$PRES8$EABIv2 0x00000000   Number         0  anon$$obj.o ABSOLUTE
    __ARM_use_no_argv                        0x00000000   Number         0  main.o ABSOLUTE
    __arm_fini_                               - Undefined Weak Reference
    __cpp_initialize__aeabi_                  - Undefined Weak Reference
    __cxa_finalize                            - Undefined Weak Reference
    __decompress                              - Undefined Weak Reference
    _clock_init                               - Undefined Weak Reference
    _microlib_exit                            - Undefined Weak Reference
    __Vectors_Size                           0x00000188   Number         0  startup_hc32f40_41xxx.o ABSOLUTE
    __Vectors                                0x08000000   Data           4  startup_hc32f40_41xxx.o(RESET)
    __Vectors_End                            0x08000188   Data           0  startup_hc32f40_41xxx.o(RESET)
    __main                                   0x08000189   Thumb Code     0  entry.o(.ARM.Collect$$$$00000000)
    _main_stk                                0x08000189   Thumb Code     0  entry2.o(.ARM.Collect$$$$00000001)
    _main_scatterload                        0x0800018d   Thumb Code     0  entry5.o(.ARM.Collect$$$$00000004)
    __main_after_scatterload                 0x08000191   Thumb Code     0  entry5.o(.ARM.Collect$$$$00000004)
    _main_clock                              0x08000191   Thumb Code     0  entry7b.o(.ARM.Collect$$$$00000008)
    _main_cpp_init                           0x08000191   Thumb Code     0  entry8b.o(.ARM.Collect$$$$0000000A)
    _main_init                               0x08000191   Thumb Code     0  entry9a.o(.ARM.Collect$$$$0000000B)
    __rt_lib_shutdown_fini                   0x08000199   Thumb Code     0  entry12b.o(.ARM.Collect$$$$0000000E)
    __rt_final_cpp                           0x0800019d   Thumb Code     0  entry10a.o(.ARM.Collect$$$$0000000F)
    __rt_final_exit                          0x0800019d   Thumb Code     0  entry11a.o(.ARM.Collect$$$$00000011)
    SVC_Handler                              0x080001a1   Thumb Code    28  port.o(.emb_text)
    __asm___6_port_c_39a90d8d__prvStartFirstTask 0x080001c1   Thumb Code    36  port.o(.emb_text)
    __asm___6_port_c_39a90d8d__prvEnableVFP  0x080001e9   Thumb Code    16  port.o(.emb_text)
    PendSV_Handler                           0x080001fd   Thumb Code    88  port.o(.emb_text)
    vPortGetIPSR                             0x08000259   Thumb Code     6  port.o(.emb_text)
    Reset_Handler                            0x08000261   Thumb Code     8  startup_hc32f40_41xxx.o(.text)
    ADC_IRQHandler                           0x0800027b   Thumb Code     0  startup_hc32f40_41xxx.o(.text)
    CAN1_INT0_IRQHandler                     0x0800027b   Thumb Code     0  startup_hc32f40_41xxx.o(.text)
    CAN1_INT1_IRQHandler                     0x0800027b   Thumb Code     0  startup_hc32f40_41xxx.o(.text)
    DMA1_Stream0_IRQHandler                  0x0800027b   Thumb Code     0  startup_hc32f40_41xxx.o(.text)
    DMA1_Stream1_IRQHandler                  0x0800027b   Thumb Code     0  startup_hc32f40_41xxx.o(.text)
    DMA1_Stream2_IRQHandler                  0x0800027b   Thumb Code     0  startup_hc32f40_41xxx.o(.text)
    DMA1_Stream3_IRQHandler                  0x0800027b   Thumb Code     0  startup_hc32f40_41xxx.o(.text)
    DMA1_Stream4_IRQHandler                  0x0800027b   Thumb Code     0  startup_hc32f40_41xxx.o(.text)
    DMA1_Stream5_IRQHandler                  0x0800027b   Thumb Code     0  startup_hc32f40_41xxx.o(.text)
    DMA1_Stream6_IRQHandler                  0x0800027b   Thumb Code     0  startup_hc32f40_41xxx.o(.text)
    DMA1_Stream7_IRQHandler                  0x0800027b   Thumb Code     0  startup_hc32f40_41xxx.o(.text)
    EXTI0_IRQHandler                         0x0800027b   Thumb Code     0  startup_hc32f40_41xxx.o(.text)
    EXTI15_10_IRQHandler                     0x0800027b   Thumb Code     0  startup_hc32f40_41xxx.o(.text)
    EXTI1_IRQHandler                         0x0800027b   Thumb Code     0  startup_hc32f40_41xxx.o(.text)
    EXTI2_IRQHandler                         0x0800027b   Thumb Code     0  startup_hc32f40_41xxx.o(.text)
    EXTI3_IRQHandler                         0x0800027b   Thumb Code     0  startup_hc32f40_41xxx.o(.text)
    EXTI4_IRQHandler                         0x0800027b   Thumb Code     0  startup_hc32f40_41xxx.o(.text)
    EXTI9_5_IRQHandler                       0x0800027b   Thumb Code     0  startup_hc32f40_41xxx.o(.text)
    FLASH_IRQHandler                         0x0800027b   Thumb Code     0  startup_hc32f40_41xxx.o(.text)
    FPU_IRQHandler                           0x0800027b   Thumb Code     0  startup_hc32f40_41xxx.o(.text)
    FSMC_IRQHandler                          0x0800027b   Thumb Code     0  startup_hc32f40_41xxx.o(.text)
    I2C1_EV_IRQHandler                       0x0800027b   Thumb Code     0  startup_hc32f40_41xxx.o(.text)
    I2C2_EV_IRQHandler                       0x0800027b   Thumb Code     0  startup_hc32f40_41xxx.o(.text)
    MOU_IRQHandler                           0x0800027b   Thumb Code     0  startup_hc32f40_41xxx.o(.text)
    PVD_IRQHandler                           0x0800027b   Thumb Code     0  startup_hc32f40_41xxx.o(.text)
    RCC_IRQHandler                           0x0800027b   Thumb Code     0  startup_hc32f40_41xxx.o(.text)
    RFU10_IRQHandler                         0x0800027b   Thumb Code     0  startup_hc32f40_41xxx.o(.text)
    RFU11_IRQHandler                         0x0800027b   Thumb Code     0  startup_hc32f40_41xxx.o(.text)
    RFU12_IRQHandler                         0x0800027b   Thumb Code     0  startup_hc32f40_41xxx.o(.text)
    RFU13_IRQHandler                         0x0800027b   Thumb Code     0  startup_hc32f40_41xxx.o(.text)
    RFU14_IRQHandler                         0x0800027b   Thumb Code     0  startup_hc32f40_41xxx.o(.text)
    RFU15_IRQHandler                         0x0800027b   Thumb Code     0  startup_hc32f40_41xxx.o(.text)
    RFU16_IRQHandler                         0x0800027b   Thumb Code     0  startup_hc32f40_41xxx.o(.text)
    RFU17_IRQHandler                         0x0800027b   Thumb Code     0  startup_hc32f40_41xxx.o(.text)
    RFU18_IRQHandler                         0x0800027b   Thumb Code     0  startup_hc32f40_41xxx.o(.text)
    RFU19_IRQHandler                         0x0800027b   Thumb Code     0  startup_hc32f40_41xxx.o(.text)
    RFU1_IRQHandler                          0x0800027b   Thumb Code     0  startup_hc32f40_41xxx.o(.text)
    RFU20_IRQHandler                         0x0800027b   Thumb Code     0  startup_hc32f40_41xxx.o(.text)
    RFU2_IRQHandler                          0x0800027b   Thumb Code     0  startup_hc32f40_41xxx.o(.text)
    RFU3_IRQHandler                          0x0800027b   Thumb Code     0  startup_hc32f40_41xxx.o(.text)
    RFU4_IRQHandler                          0x0800027b   Thumb Code     0  startup_hc32f40_41xxx.o(.text)
    RFU5_IRQHandler                          0x0800027b   Thumb Code     0  startup_hc32f40_41xxx.o(.text)
    RFU6_IRQHandler                          0x0800027b   Thumb Code     0  startup_hc32f40_41xxx.o(.text)
    RFU7_IRQHandler                          0x0800027b   Thumb Code     0  startup_hc32f40_41xxx.o(.text)
    RFU8_IRQHandler                          0x0800027b   Thumb Code     0  startup_hc32f40_41xxx.o(.text)
    RFU9_IRQHandler                          0x0800027b   Thumb Code     0  startup_hc32f40_41xxx.o(.text)
    RTC_Alarm_IRQHandler                     0x0800027b   Thumb Code     0  startup_hc32f40_41xxx.o(.text)
    RTC_WKUP_IRQHandler                      0x0800027b   Thumb Code     0  startup_hc32f40_41xxx.o(.text)
    SDIO_IRQHandler                          0x0800027b   Thumb Code     0  startup_hc32f40_41xxx.o(.text)
    SPI1_IRQHandler                          0x0800027b   Thumb Code     0  startup_hc32f40_41xxx.o(.text)
    SPI2_IRQHandler                          0x0800027b   Thumb Code     0  startup_hc32f40_41xxx.o(.text)
    SPI3_IRQHandler                          0x0800027b   Thumb Code     0  startup_hc32f40_41xxx.o(.text)
    TAMP_STAMP_IRQHandler                    0x0800027b   Thumb Code     0  startup_hc32f40_41xxx.o(.text)
    TIM10_IRQHandler                         0x0800027b   Thumb Code     0  startup_hc32f40_41xxx.o(.text)
    TIM1_BRK_IRQHandler                      0x0800027b   Thumb Code     0  startup_hc32f40_41xxx.o(.text)
    TIM1_CC_IRQHandler                       0x0800027b   Thumb Code     0  startup_hc32f40_41xxx.o(.text)
    TIM1_TRG_COM_IRQHandler                  0x0800027b   Thumb Code     0  startup_hc32f40_41xxx.o(.text)
    TIM1_UP_IRQHandler                       0x0800027b   Thumb Code     0  startup_hc32f40_41xxx.o(.text)
    TIM2_IRQHandler                          0x0800027b   Thumb Code     0  startup_hc32f40_41xxx.o(.text)
    TIM3_IRQHandler                          0x0800027b   Thumb Code     0  startup_hc32f40_41xxx.o(.text)
    TIM4_IRQHandler                          0x0800027b   Thumb Code     0  startup_hc32f40_41xxx.o(.text)
    TIM5_IRQHandler                          0x0800027b   Thumb Code     0  startup_hc32f40_41xxx.o(.text)
    TIM6_IRQHandler                          0x0800027b   Thumb Code     0  startup_hc32f40_41xxx.o(.text)
    TIM7_IRQHandler                          0x0800027b   Thumb Code     0  startup_hc32f40_41xxx.o(.text)
    TIM8_BRK_IRQHandler                      0x0800027b   Thumb Code     0  startup_hc32f40_41xxx.o(.text)
    TIM8_CC_IRQHandler                       0x0800027b   Thumb Code     0  startup_hc32f40_41xxx.o(.text)
    TIM8_TRG_COM_IRQHandler                  0x0800027b   Thumb Code     0  startup_hc32f40_41xxx.o(.text)
    TIM8_UP_IRQHandler                       0x0800027b   Thumb Code     0  startup_hc32f40_41xxx.o(.text)
    TIM9_IRQHandler                          0x0800027b   Thumb Code     0  startup_hc32f40_41xxx.o(.text)
    UART4_IRQHandler                         0x0800027b   Thumb Code     0  startup_hc32f40_41xxx.o(.text)
    UART5_IRQHandler                         0x0800027b   Thumb Code     0  startup_hc32f40_41xxx.o(.text)
    USART1_IRQHandler                        0x0800027b   Thumb Code     0  startup_hc32f40_41xxx.o(.text)
    USART2_IRQHandler                        0x0800027b   Thumb Code     0  startup_hc32f40_41xxx.o(.text)
    USART3_IRQHandler                        0x0800027b   Thumb Code     0  startup_hc32f40_41xxx.o(.text)
    USBWakeUp_IRQHandler                     0x0800027b   Thumb Code     0  startup_hc32f40_41xxx.o(.text)
    USB_HP_IRQHandler                        0x0800027b   Thumb Code     0  startup_hc32f40_41xxx.o(.text)
    USB_LP_IRQHandler                        0x0800027b   Thumb Code     0  startup_hc32f40_41xxx.o(.text)
    VC0_IRQHandler                           0x0800027b   Thumb Code     0  startup_hc32f40_41xxx.o(.text)
    VC1_IRQHandler                           0x0800027b   Thumb Code     0  startup_hc32f40_41xxx.o(.text)
    VC2_IRQHandler                           0x0800027b   Thumb Code     0  startup_hc32f40_41xxx.o(.text)
    VC_Wakeup_IRQHandler                     0x0800027b   Thumb Code     0  startup_hc32f40_41xxx.o(.text)
    WWDG_IRQHandler                          0x0800027b   Thumb Code     0  startup_hc32f40_41xxx.o(.text)
    __aeabi_memset                           0x08000285   Thumb Code    14  memseta.o(.text)
    __aeabi_memset4                          0x08000285   Thumb Code     0  memseta.o(.text)
    __aeabi_memset8                          0x08000285   Thumb Code     0  memseta.o(.text)
    __aeabi_memclr                           0x08000293   Thumb Code     4  memseta.o(.text)
    __aeabi_memclr4                          0x08000293   Thumb Code     0  memseta.o(.text)
    __aeabi_memclr8                          0x08000293   Thumb Code     0  memseta.o(.text)
    memset                                   0x08000297   Thumb Code    18  memseta.o(.text)
    __scatterload                            0x080002a9   Thumb Code    28  init.o(.text)
    __scatterload_rt2                        0x080002a9   Thumb Code     0  init.o(.text)
    BusFault_Handler                         0x08000321   Thumb Code     4  hc32f4xx_it.o(i.BusFault_Handler)
    DebugMon_Handler                         0x08000325   Thumb Code     2  hc32f4xx_it.o(i.DebugMon_Handler)
    GPIO_Init                                0x08000327   Thumb Code   144  hc32f4xx_gpio.o(i.GPIO_Init)
    GPIO_PinAFConfig                         0x080003b7   Thumb Code    70  hc32f4xx_gpio.o(i.GPIO_PinAFConfig)
    GPIO_ResetBits                           0x080003fd   Thumb Code     4  hc32f4xx_gpio.o(i.GPIO_ResetBits)
    GPIO_StructInit                          0x08000401   Thumb Code    18  hc32f4xx_gpio.o(i.GPIO_StructInit)
    HardFault_Handler                        0x08000413   Thumb Code     4  hc32f4xx_it.o(i.HardFault_Handler)
    MemManage_Handler                        0x08000417   Thumb Code     4  hc32f4xx_it.o(i.MemManage_Handler)
    NMI_Handler                              0x0800041b   Thumb Code     2  hc32f4xx_it.o(i.NMI_Handler)
    NVIC_PriorityGroupConfig                 0x0800041d   Thumb Code    10  misc.o(i.NVIC_PriorityGroupConfig)
    RCC_AHB1PeriphClockCmd                   0x08000431   Thumb Code    26  hc32f4xx_rcc.o(i.RCC_AHB1PeriphClockCmd)
    RCC_APB2PeriphClockCmd                   0x08000451   Thumb Code    26  hc32f4xx_rcc.o(i.RCC_APB2PeriphClockCmd)
    RCC_GetClocksFreq                        0x08000471   Thumb Code   214  hc32f4xx_rcc.o(i.RCC_GetClocksFreq)
    RCC_GetFlagStatus                        0x08000559   Thumb Code    60  hc32f4xx_rcc.o(i.RCC_GetFlagStatus)
    RCC_GetSYSCLKSource                      0x08000599   Thumb Code    10  hc32f4xx_rcc.o(i.RCC_GetSYSCLKSource)
    RCC_HCLKConfig                           0x080005a9   Thumb Code    18  hc32f4xx_rcc.o(i.RCC_HCLKConfig)
    RCC_HSEConfig                            0x080005c1   Thumb Code    12  hc32f4xx_rcc.o(i.RCC_HSEConfig)
    RCC_PCLK1Config                          0x080005d1   Thumb Code    18  hc32f4xx_rcc.o(i.RCC_PCLK1Config)
    RCC_PCLK2Config                          0x080005e9   Thumb Code    20  hc32f4xx_rcc.o(i.RCC_PCLK2Config)
    RCC_PLLCmd                               0x08000601   Thumb Code     6  hc32f4xx_rcc.o(i.RCC_PLLCmd)
    RCC_PLLConfig                            0x0800060d   Thumb Code    30  hc32f4xx_rcc.o(i.RCC_PLLConfig)
    RCC_SYSCLKConfig                         0x08000631   Thumb Code    18  hc32f4xx_rcc.o(i.RCC_SYSCLKConfig)
    SYS_Configuration                        0x08000649   Thumb Code   102  main.o(i.SYS_Configuration)
    SysTick_Handler                          0x080006b1   Thumb Code    46  port.o(i.SysTick_Handler)
    SystemInit                               0x080006e5   Thumb Code     2  system_hc32f4xx.o(i.SystemInit)
    USART_ClearFlag                          0x080006e7   Thumb Code     8  hc32f4xx_usart.o(i.USART_ClearFlag)
    USART_Cmd                                0x080006ef   Thumb Code    18  hc32f4xx_usart.o(i.USART_Cmd)
    USART_Init                               0x08000701   Thumb Code    36  hc32f4xx_usart.o(i.USART_Init)
    UsageFault_Handler                       0x08000725   Thumb Code     4  hc32f4xx_it.o(i.UsageFault_Handler)
    __scatterload_copy                       0x08000729   Thumb Code    14  handlers.o(i.__scatterload_copy)
    __scatterload_null                       0x08000737   Thumb Code     2  handlers.o(i.__scatterload_null)
    __scatterload_zeroinit                   0x08000739   Thumb Code    14  handlers.o(i.__scatterload_zeroinit)
    bsp_Init                                 0x08000747   Thumb Code    20  bsp.o(i.bsp_Init)
    bsp_InitLed                              0x0800075d   Thumb Code    64  bsp_led.o(i.bsp_InitLed)
    bsp_InitUart                             0x080007a1   Thumb Code   278  bsp_uart.o(i.bsp_InitUart)
    bsp_LedToggle                            0x080008c1   Thumb Code    14  bsp_led.o(i.bsp_LedToggle)
    main                                     0x080008d5   Thumb Code    28  main.o(i.main)
    pvPortMalloc                             0x08000ee9   Thumb Code   480  heap_4.o(i.pvPortMalloc)
    pxPortInitialiseStack                    0x080010e5   Thumb Code    38  port.o(i.pxPortInitialiseStack)
    uxListRemove                             0x08001111   Thumb Code    40  list.o(i.uxListRemove)
    vListInitialise                          0x08001139   Thumb Code    26  list.o(i.vListInitialise)
    vListInitialiseItem                      0x08001153   Thumb Code     6  list.o(i.vListInitialiseItem)
    vListInsert                              0x08001159   Thumb Code    52  list.o(i.vListInsert)
    vPortEnterCritical                       0x0800118d   Thumb Code    76  port.o(i.vPortEnterCritical)
    vPortExitCritical                        0x080011e1   Thumb Code    56  port.o(i.vPortExitCritical)
    vPortFree                                0x0800121d   Thumb Code   174  heap_4.o(i.vPortFree)
    vPortSetupTimerInterrupt                 0x080012dd   Thumb Code    20  port.o(i.vPortSetupTimerInterrupt)
    vTaskDelay                               0x080012f5   Thumb Code    82  tasks.o(i.vTaskDelay)
    vTaskStartScheduler                      0x0800136d   Thumb Code    96  tasks.o(i.vTaskStartScheduler)
    vTaskSuspendAll                          0x080013dd   Thumb Code    12  tasks.o(i.vTaskSuspendAll)
    vTaskSwitchContext                       0x080013ed   Thumb Code   126  tasks.o(i.vTaskSwitchContext)
    xPortStartScheduler                      0x08001481   Thumb Code   330  port.o(i.xPortStartScheduler)
    xTaskCreate                              0x080015e9   Thumb Code    56  tasks.o(i.xTaskCreate)
    xTaskIncrementTick                       0x08001621   Thumb Code   414  tasks.o(i.xTaskIncrementTick)
    xTaskResumeAll                           0x080017ed   Thumb Code   376  tasks.o(i.xTaskResumeAll)
    Region$$Table$$Base                      0x08001988   Number         0  anon$$obj.o(Region$$Table)
    Region$$Table$$Limit                     0x080019a8   Number         0  anon$$obj.o(Region$$Table)
    pxCurrentTCB                             0x20000018   Data           4  tasks.o(.data)
    __initial_sp                             0x2000b948   Data           0  startup_hc32f40_41xxx.o(STACK)



==============================================================================

Memory Map of the image

  Image Entry point : 0x08000189

  Load Region LR_IROM1 (Base: 0x08000000, Size: 0x00001a28, Max: 0x00010000, ABSOLUTE)

    Execution Region ER_IROM1 (Exec base: 0x08000000, Load base: 0x08000000, Size: 0x000019a8, Max: 0x00010000, ABSOLUTE)

    Exec Addr    Load Addr    Size         Type   Attr      Idx    E Section Name        Object

    0x08000000   0x08000000   0x00000188   Data   RO            3    RESET               startup_hc32f40_41xxx.o
    0x08000188   0x08000188   0x00000000   Code   RO         4401  * .ARM.Collect$$$$00000000  mc_w.l(entry.o)
    0x08000188   0x08000188   0x00000004   Code   RO         4412    .ARM.Collect$$$$00000001  mc_w.l(entry2.o)
    0x0800018c   0x0800018c   0x00000004   Code   RO         4415    .ARM.Collect$$$$00000004  mc_w.l(entry5.o)
    0x08000190   0x08000190   0x00000000   Code   RO         4417    .ARM.Collect$$$$00000008  mc_w.l(entry7b.o)
    0x08000190   0x08000190   0x00000000   Code   RO         4419    .ARM.Collect$$$$0000000A  mc_w.l(entry8b.o)
    0x08000190   0x08000190   0x00000008   Code   RO         4420    .ARM.Collect$$$$0000000B  mc_w.l(entry9a.o)
    0x08000198   0x08000198   0x00000004   Code   RO         4427    .ARM.Collect$$$$0000000E  mc_w.l(entry12b.o)
    0x0800019c   0x0800019c   0x00000000   Code   RO         4422    .ARM.Collect$$$$0000000F  mc_w.l(entry10a.o)
    0x0800019c   0x0800019c   0x00000000   Code   RO         4424    .ARM.Collect$$$$00000011  mc_w.l(entry11a.o)
    0x0800019c   0x0800019c   0x00000004   Code   RO         4413    .ARM.Collect$$$$00002712  mc_w.l(entry2.o)
    0x080001a0   0x080001a0   0x000000be   Code   RO         4324    .emb_text           port.o
    0x0800025e   0x0800025e   0x00000002   PAD
    0x08000260   0x08000260   0x00000024   Code   RO            4    .text               startup_hc32f40_41xxx.o
    0x08000284   0x08000284   0x00000024   Code   RO         4408    .text               mc_w.l(memseta.o)
    0x080002a8   0x080002a8   0x00000024   Code   RO         4428    .text               mc_w.l(init.o)
    0x080002cc   0x080002cc   0x00000054   Code   RO         3206    i.AppTaskCreate     main.o
    0x08000320   0x08000320   0x00000004   Code   RO         3094    i.BusFault_Handler  hc32f4xx_it.o
    0x08000324   0x08000324   0x00000002   Code   RO         3095    i.DebugMon_Handler  hc32f4xx_it.o
    0x08000326   0x08000326   0x00000090   Code   RO         1005    i.GPIO_Init         hc32f4xx_gpio.o
    0x080003b6   0x080003b6   0x00000046   Code   RO         1006    i.GPIO_PinAFConfig  hc32f4xx_gpio.o
    0x080003fc   0x080003fc   0x00000004   Code   RO         1012    i.GPIO_ResetBits    hc32f4xx_gpio.o
    0x08000400   0x08000400   0x00000012   Code   RO         1014    i.GPIO_StructInit   hc32f4xx_gpio.o
    0x08000412   0x08000412   0x00000004   Code   RO         3096    i.HardFault_Handler  hc32f4xx_it.o
    0x08000416   0x08000416   0x00000004   Code   RO         3097    i.MemManage_Handler  hc32f4xx_it.o
    0x0800041a   0x0800041a   0x00000002   Code   RO         3098    i.NMI_Handler       hc32f4xx_it.o
    0x0800041c   0x0800041c   0x00000014   Code   RO         3047    i.NVIC_PriorityGroupConfig  misc.o
    0x08000430   0x08000430   0x00000020   Code   RO         1520    i.RCC_AHB1PeriphClockCmd  hc32f4xx_rcc.o
    0x08000450   0x08000450   0x00000020   Code   RO         1528    i.RCC_APB2PeriphClockCmd  hc32f4xx_rcc.o
    0x08000470   0x08000470   0x000000e8   Code   RO         1537    i.RCC_GetClocksFreq  hc32f4xx_rcc.o
    0x08000558   0x08000558   0x00000040   Code   RO         1538    i.RCC_GetFlagStatus  hc32f4xx_rcc.o
    0x08000598   0x08000598   0x00000010   Code   RO         1540    i.RCC_GetSYSCLKSource  hc32f4xx_rcc.o
    0x080005a8   0x080005a8   0x00000018   Code   RO         1541    i.RCC_HCLKConfig    hc32f4xx_rcc.o
    0x080005c0   0x080005c0   0x00000010   Code   RO         1542    i.RCC_HSEConfig     hc32f4xx_rcc.o
    0x080005d0   0x080005d0   0x00000018   Code   RO         1549    i.RCC_PCLK1Config   hc32f4xx_rcc.o
    0x080005e8   0x080005e8   0x00000018   Code   RO         1550    i.RCC_PCLK2Config   hc32f4xx_rcc.o
    0x08000600   0x08000600   0x0000000c   Code   RO         1551    i.RCC_PLLCmd        hc32f4xx_rcc.o
    0x0800060c   0x0800060c   0x00000024   Code   RO         1552    i.RCC_PLLConfig     hc32f4xx_rcc.o
    0x08000630   0x08000630   0x00000018   Code   RO         1558    i.RCC_SYSCLKConfig  hc32f4xx_rcc.o
    0x08000648   0x08000648   0x00000066   Code   RO         3207    i.SYS_Configuration  main.o
    0x080006ae   0x080006ae   0x00000002   PAD
    0x080006b0   0x080006b0   0x00000034   Code   RO         4325    i.SysTick_Handler   port.o
    0x080006e4   0x080006e4   0x00000002   Code   RO           13    i.SystemInit        system_hc32f4xx.o
    0x080006e6   0x080006e6   0x00000008   Code   RO         2749    i.USART_ClearFlag   hc32f4xx_usart.o
    0x080006ee   0x080006ee   0x00000012   Code   RO         2752    i.USART_Cmd         hc32f4xx_usart.o
    0x08000700   0x08000700   0x00000024   Code   RO         2757    i.USART_Init        hc32f4xx_usart.o
    0x08000724   0x08000724   0x00000004   Code   RO         3099    i.UsageFault_Handler  hc32f4xx_it.o
    0x08000728   0x08000728   0x0000000e   Code   RO         4432    i.__scatterload_copy  mc_w.l(handlers.o)
    0x08000736   0x08000736   0x00000002   Code   RO         4433    i.__scatterload_null  mc_w.l(handlers.o)
    0x08000738   0x08000738   0x0000000e   Code   RO         4434    i.__scatterload_zeroinit  mc_w.l(handlers.o)
    0x08000746   0x08000746   0x00000014   Code   RO         3257    i.bsp_Init          bsp.o
    0x0800075a   0x0800075a   0x00000002   PAD
    0x0800075c   0x0800075c   0x00000044   Code   RO         3298    i.bsp_InitLed       bsp_led.o
    0x080007a0   0x080007a0   0x00000120   Code   RO         3328    i.bsp_InitUart      bsp_uart.o
    0x080008c0   0x080008c0   0x00000014   Code   RO         3299    i.bsp_LedToggle     bsp_led.o
    0x080008d4   0x080008d4   0x0000001c   Code   RO         3208    i.main              main.o
    0x080008f0   0x080008f0   0x000000cc   Code   RO         3869    i.prvAddCurrentTaskToDelayedList  tasks.o
    0x080009bc   0x080009bc   0x000000f8   Code   RO         3870    i.prvAddNewTaskToReadyList  tasks.o
    0x08000ab4   0x08000ab4   0x00000048   Code   RO         3871    i.prvCheckTasksWaitingTermination  tasks.o
    0x08000afc   0x08000afc   0x00000078   Code   RO         3872    i.prvCreateIdleTasks  tasks.o
    0x08000b74   0x08000b74   0x0000005a   Code   RO         3873    i.prvCreateTask     tasks.o
    0x08000bce   0x08000bce   0x00000012   Code   RO         3874    i.prvDeleteTCB      tasks.o
    0x08000be0   0x08000be0   0x0000006c   Code   RO         4239    i.prvHeapInit       heap_4.o
    0x08000c4c   0x08000c4c   0x00000028   Code   RO         3875    i.prvIdleTask       tasks.o
    0x08000c74   0x08000c74   0x000000fa   Code   RO         3876    i.prvInitialiseNewTask  tasks.o
    0x08000d6e   0x08000d6e   0x00000002   PAD
    0x08000d70   0x08000d70   0x00000068   Code   RO         3877    i.prvInitialiseTaskLists  tasks.o
    0x08000dd8   0x08000dd8   0x000000a0   Code   RO         4240    i.prvInsertBlockIntoFreeList  heap_4.o
    0x08000e78   0x08000e78   0x00000030   Code   RO         3879    i.prvResetNextTaskUnblockTime  tasks.o
    0x08000ea8   0x08000ea8   0x00000040   Code   RO         4326    i.prvTaskExitError  port.o
    0x08000ee8   0x08000ee8   0x000001fc   Code   RO         4242    i.pvPortMalloc      heap_4.o
    0x080010e4   0x080010e4   0x0000002c   Code   RO         4327    i.pxPortInitialiseStack  port.o
    0x08001110   0x08001110   0x00000028   Code   RO         3486    i.uxListRemove      list.o
    0x08001138   0x08001138   0x0000001a   Code   RO         3487    i.vListInitialise   list.o
    0x08001152   0x08001152   0x00000006   Code   RO         3488    i.vListInitialiseItem  list.o
    0x08001158   0x08001158   0x00000034   Code   RO         3489    i.vListInsert       list.o
    0x0800118c   0x0800118c   0x00000054   Code   RO         4329    i.vPortEnterCritical  port.o
    0x080011e0   0x080011e0   0x0000003c   Code   RO         4330    i.vPortExitCritical  port.o
    0x0800121c   0x0800121c   0x000000c0   Code   RO         4243    i.vPortFree         heap_4.o
    0x080012dc   0x080012dc   0x00000018   Code   RO         4331    i.vPortSetupTimerInterrupt  port.o
    0x080012f4   0x080012f4   0x0000005c   Code   RO         3890    i.vTaskDelay        tasks.o
    0x08001350   0x08001350   0x0000000e   Code   RO         3209    i.vTaskLED          main.o
    0x0800135e   0x0800135e   0x0000000c   Code   RO         3210    i.vTaskStart        main.o
    0x0800136a   0x0800136a   0x00000002   PAD
    0x0800136c   0x0800136c   0x00000070   Code   RO         3905    i.vTaskStartScheduler  tasks.o
    0x080013dc   0x080013dc   0x00000010   Code   RO         3907    i.vTaskSuspendAll   tasks.o
    0x080013ec   0x080013ec   0x00000094   Code   RO         3908    i.vTaskSwitchContext  tasks.o
    0x08001480   0x08001480   0x00000168   Code   RO         4333    i.xPortStartScheduler  port.o
    0x080015e8   0x080015e8   0x00000038   Code   RO         3911    i.xTaskCreate       tasks.o
    0x08001620   0x08001620   0x000001cc   Code   RO         3921    i.xTaskIncrementTick  tasks.o
    0x080017ec   0x080017ec   0x0000019c   Code   RO         3923    i.xTaskResumeAll    tasks.o
    0x08001988   0x08001988   0x00000020   Data   RO         4430    Region$$Table       anon$$obj.o


    Execution Region RW_IRAM1 (Exec base: 0x20000000, Load base: 0x080019a8, Size: 0x0000b948, Max: 0x00010000, ABSOLUTE)

    Exec Addr    Load Addr    Size         Type   Attr      Idx    E Section Name        Object

    0x20000000   0x080019a8   0x00000010   Data   RW         1561    .data               hc32f4xx_rcc.o
    0x20000010   0x080019b8   0x00000008   Data   RW         3211    .data               main.o
    0x20000018   0x080019c0   0x00000040   Data   RW         3926    .data               tasks.o
    0x20000058   0x08001a00   0x0000001c   Data   RW         4251    .data               heap_4.o
    0x20000074   0x08001a1c   0x0000000c   Data   RW         4334    .data               port.o
    0x20000080        -       0x000000c8   Zero   RW         3925    .bss                tasks.o
    0x20000148        -       0x00007800   Zero   RW         4250    .bss                heap_4.o
    0x20007948        -       0x00004000   Zero   RW            1    STACK               startup_hc32f40_41xxx.o


==============================================================================

Image component sizes


      Code (inc. data)   RO Data    RW Data    ZI Data      Debug   Object Name

        20          0          0          0          0        475   bsp.o
        88         10          0          0          0       1010   bsp_led.o
       288         10          0          0          0        927   bsp_uart.o
         0          0          0          0          0       8844   event_groups.o
       236          0          0          0          0       2942   hc32f4xx_gpio.o
        20          0          0          0          0      18309   hc32f4xx_it.o
       536         78          0         16          0      24529   hc32f4xx_rcc.o
        62          0          0          0          0       2155   hc32f4xx_usart.o
       968         82          0         28      30720       8459   heap_4.o
       124          0          0          0          0       2745   list.o
       240         40          0          8          0       4227   main.o
        20         10          0          0          0        551   misc.o
       878         78          0         12          0      10600   port.o
        36          8        392          0      16384        908   startup_hc32f40_41xxx.o
         2          0          0          0          0     135609   system_hc32f4xx.o
      2490        272          0         64        200      24553   tasks.o

    ----------------------------------------------------------------------
      6018        588        424        128      47304     246843   Object Totals
         0          0         32          0          0          0   (incl. Generated)
        10          0          0          0          0          0   (incl. Padding)

    ----------------------------------------------------------------------

      Code (inc. data)   RO Data    RW Data    ZI Data      Debug   Library Member Name

         0          0          0          0          0          0   entry.o
         0          0          0          0          0          0   entry10a.o
         0          0          0          0          0          0   entry11a.o
         4          0          0          0          0          0   entry12b.o
         8          4          0          0          0          0   entry2.o
         4          0          0          0          0          0   entry5.o
         0          0          0          0          0          0   entry7b.o
         0          0          0          0          0          0   entry8b.o
         8          4          0          0          0          0   entry9a.o
        30          0          0          0          0          0   handlers.o
        36          8          0          0          0         68   init.o
        36          0          0          0          0        108   memseta.o

    ----------------------------------------------------------------------
       126         16          0          0          0        176   Library Totals
         0          0          0          0          0          0   (incl. Padding)

    ----------------------------------------------------------------------

      Code (inc. data)   RO Data    RW Data    ZI Data      Debug   Library Name

       126         16          0          0          0        176   mc_w.l

    ----------------------------------------------------------------------
       126         16          0          0          0        176   Library Totals

    ----------------------------------------------------------------------

==============================================================================


      Code (inc. data)   RO Data    RW Data    ZI Data      Debug   

      6144        604        424        128      47304     240923   Grand Totals
      6144        604        424        128      47304     240923   ELF Image Totals
      6144        604        424        128          0          0   ROM Totals

==============================================================================

    Total RO  Size (Code + RO Data)                 6568 (   6.41kB)
    Total RW  Size (RW Data + ZI Data)             47432 (  46.32kB)
    Total ROM Size (Code + RO Data + RW Data)       6696 (   6.54kB)

==============================================================================

